[info] Input #0, avi, from '/Users/admin/docs/911-worktrees/sherlock-wtc7-investigation/research/sherlock-wtc7-investigation/cbs-vince-source-screen/stage2/raw/clip3-attempt1.avi':
[info]   Duration: 00:00:06.31, start: 0.000000, bitrate: 29964 kb/s
[info]   Stream #0:0: Video: dvvideo (dvsd / 0x64737664), yuv411p, 720x480 [SAR 8:9 DAR 4:3], 28771 kb/s, 29.97 fps, 29.97 tbr, 29.97 tbn
[info]   Stream #0:1: Audio: pcm_s16le ([1][0][0][0] / 0x0001), 32000 Hz, 2 channels, s16, 1024 kb/s
[info] Stream mapping:
[info]   Stream #0:0 -> #0:0 (dvvideo (native) -> png (native))
[Parsed_showinfo_1 @ 0x95f034f00] [info] config in time_base: 333673/10000000, frame_rate: 10000000/333673
[Parsed_showinfo_1 @ 0x95f034f00] [info] config out time_base: 0/0, frame_rate: 0/0
[Parsed_showinfo_1 @ 0x95f034f00] [info] n:   0 pts:      0 pts_time:0       duration:      1 duration_time:0.0333673 fmt:yuv411p cl:topleft sar:8/9 s:720x480 i:B iskey:0 type:? checksum:0AA85D96 plane_checksum:[4A38B0C2 F6BD0E9D D6859E28] mean:[141 132 123] stdev:[46.6 13.8 11.0]
[Parsed_showinfo_1 @ 0x95f034f00] [info] color_range:unknown color_space:unknown color_primaries:unknown color_trc:unknown
[info] Output #0, image2, to '/Users/admin/docs/911-worktrees/sherlock-wtc7-investigation/research/sherlock-wtc7-investigation/cbs-frame-correspondence/dense-clip3/v2/extract02/vince-clip3/native/frame-%06d.png':
[info]   Metadata:
[info]     encoder         : Lavf61.7.100
[info]   Stream #0:0: Video: png, rgb24(pc, gbr/unknown/unknown, bottom coded first (swapped)), 720x480 [SAR 8:9 DAR 4:3], q=2-31, 200 kb/s, 29.97 fps, 29.97 tbn
[info]       Metadata:
[info]         encoder         : Lavc61.19.101 png
[Parsed_showinfo_1 @ 0x95f034f00] [info] n:   1 pts:      1 pts_time:0.0333673 duration:      1 duration_time:0.0333673 fmt:yuv411p cl:topleft sar:8/9 s:720x480 i:B iskey:0 type:? checksum:142D1D8E plane_checksum:[1C69D294 5FBA7772 CBEAD36A] mean:[144 134 122] stdev:[46.9 15.7 11.7]
[Parsed_showinfo_1 @ 0x95f034f00] [info] color_range:unknown color_space:unknown color_primaries:unknown color_trc:unknown
[Parsed_showinfo_1 @ 0x95f034f00] [info] n:   2 pts:      2 pts_time:0.0667346 duration:      1 duration_time:0.0333673 fmt:yuv411p cl:topleft sar:8/9 s:720x480 i:B iskey:0 type:? checksum:7810D215 plane_checksum:[24FAFB2B AE17AFF5 5BE026E6] mean:[148 136 121] stdev:[47.6 17.9 12.6]
[Parsed_showinfo_1 @ 0x95f034f00] [info] color_range:unknown color_space:unknown color_primaries:unknown color_trc:unknown
[Parsed_showinfo_1 @ 0x95f034f00] [info] n:   3 pts:      3 pts_time:0.100102 duration:      1 duration_time:0.0333673 fmt:yuv411p cl:topleft sar:8/9 s:720x480 i:B iskey:0 type:? checksum:1D296A7B plane_checksum:[C664EC0C 76C8E718 C2E39739] mean:[151 137 121] stdev:[48.5 20.3 13.5]
[Parsed_showinfo_1 @ 0x95f034f00] [info] color_range:unknown color_space:unknown color_primaries:unknown color_trc:unknown
[Parsed_showinfo_1 @ 0x95f034f00] [info] n:   4 pts:      4 pts_time:0.133469 duration:      1 duration_time:0.0333673 fmt:yuv411p cl:topleft sar:8/9 s:720x480 i:B iskey:0 type:? checksum:4D5D5440 plane_checksum:[7C6350EB 7CCCE2F4 FADE2052] mean:[155 139 121] stdev:[50.0 22.7 14.5]
[Parsed_showinfo_1 @ 0x95f034f00] [info] color_range:unknown color_space:unknown color_primaries:unknown color_trc:unknown
[Parsed_showinfo_1 @ 0x95f034f00] [info] n:   5 pts:      5 pts_time:0.166836 duration:      1 duration_time:0.0333673 fmt:yuv411p cl:topleft sar:8/9 s:720x480 i:B iskey:0 type:? checksum:33164C0E plane_checksum:[9DA4D29C 6055D6DC B174A278] mean:[156 140 120] stdev:[50.7 24.4 15.0]
[Parsed_showinfo_1 @ 0x95f034f00] [info] color_range:unknown color_space:unknown color_primaries:unknown color_trc:unknown
[Parsed_showinfo_1 @ 0x95f034f00] [info] n:   6 pts:      6 pts_time:0.200204 duration:      1 duration_time:0.0333673 fmt:yuv411p cl:topleft sar:8/9 s:720x480 i:B iskey:0 type:? checksum:C5537F45 plane_checksum:[9EDB4D20 22A7B729 045F7AED] mean:[157 142 120] stdev:[50.9 25.2 15.1]
[Parsed_showinfo_1 @ 0x95f034f00] [info] color_range:unknown color_space:unknown color_primaries:unknown color_trc:unknown
[Parsed_showinfo_1 @ 0x95f034f00] [info] n:   7 pts:      7 pts_time:0.233571 duration:      1 duration_time:0.0333673 fmt:yuv411p cl:topleft sar:8/9 s:720x480 i:B iskey:0 type:? checksum:2F587ECA plane_checksum:[2EBF41FC F192F0E2 D8F34BDD] mean:[157 143 120] stdev:[51.0 25.4 15.1]
[Parsed_showinfo_1 @ 0x95f034f00] [info] color_range:unknown color_space:unknown color_primaries:unknown color_trc:unknown
[Parsed_showinfo_1 @ 0x95f034f00] [info] n:   8 pts:      8 pts_time:0.266938 duration:      1 duration_time:0.0333673 fmt:yuv411p cl:topleft sar:8/9 s:720x480 i:B iskey:0 type:? checksum:140B11A0 plane_checksum:[884A2EFC CF0DE62F 4668FC57] mean:[157 143 120] stdev:[51.2 25.4 14.7]
[Parsed_showinfo_1 @ 0x95f034f00] [info] color_range:unknown color_space:unknown color_primaries:unknown color_trc:unknown
[Parsed_showinfo_1 @ 0x95f034f00] [info] n:   9 pts:      9 pts_time:0.300306 duration:      1 duration_time:0.0333673 fmt:yuv411p cl:topleft sar:8/9 s:720x480 i:B iskey:0 type:? checksum:E854748B plane_checksum:[E91AE258 8F936CF5 02D6252F] mean:[157 144 120] stdev:[51.3 25.3 14.5]
[Parsed_showinfo_1 @ 0x95f034f00] [info] color_range:unknown color_space:unknown color_primaries:unknown color_trc:unknown
[Parsed_showinfo_1 @ 0x95f034f00] [info] n:  10 pts:     10 pts_time:0.333673 duration:      1 duration_time:0.0333673 fmt:yuv411p cl:topleft sar:8/9 s:720x480 i:B iskey:0 type:? checksum:F9A565C2 plane_checksum:[C22B55AF DFE7B196 B33B5E6E] mean:[157 144 120] stdev:[51.2 25.3 14.3]
[Parsed_showinfo_1 @ 0x95f034f00] [info] color_range:unknown color_space:unknown color_primaries:unknown color_trc:unknown
[Parsed_showinfo_1 @ 0x95f034f00] [info] n:  11 pts:     11 pts_time:0.36704 duration:      1 duration_time:0.0333673 fmt:yuv411p cl:topleft sar:8/9 s:720x480 i:B iskey:0 type:? checksum:52AF9F00 plane_checksum:[6D3B0321 2C331525 50B486BA] mean:[157 144 120] stdev:[51.2 25.3 14.3]
[Parsed_showinfo_1 @ 0x95f034f00] [info] color_range:unknown color_space:unknown color_primaries:unknown color_trc:unknown
[Parsed_showinfo_1 @ 0x95f034f00] [info] n:  12 pts:     12 pts_time:0.400408 duration:      1 duration_time:0.0333673 fmt:yuv411p cl:topleft sar:8/9 s:720x480 i:B iskey:0 type:? checksum:1841AD4C plane_checksum:[F3B0A8C2 BF9B7F05 E2D98576] mean:[157 144 120] stdev:[51.1 25.4 14.3]
[Parsed_showinfo_1 @ 0x95f034f00] [info] color_range:unknown color_space:unknown color_primaries:unknown color_trc:unknown
[Parsed_showinfo_1 @ 0x95f034f00] [info] n:  13 pts:     13 pts_time:0.433775 duration:      1 duration_time:0.0333673 fmt:yuv411p cl:topleft sar:8/9 s:720x480 i:B iskey:0 type:? checksum:407402F2 plane_checksum:[0BE1E736 F8658D13 AC7E8E8B] mean:[156 145 120] stdev:[51.1 25.3 14.4]
[Parsed_showinfo_1 @ 0x95f034f00] [info] color_range:unknown color_space:unknown color_primaries:unknown color_trc:unknown
[Parsed_showinfo_1 @ 0x95f034f00] [info] n:  14 pts:     14 pts_time:0.467142 duration:      1 duration_time:0.0333673 fmt:yuv411p cl:topleft sar:8/9 s:720x480 i:B iskey:0 type:? checksum:67E9C118 plane_checksum:[7A657A03 32C7A4CD F7A8A239] mean:[156 145 120] stdev:[51.0 25.3 14.4]
[Parsed_showinfo_1 @ 0x95f034f00] [info] color_range:unknown color_space:unknown color_primaries:unknown color_trc:unknown
[Parsed_showinfo_1 @ 0x95f034f00] [info] n:  15 pts:     15 pts_time:0.50051 duration:      1 duration_time:0.0333673 fmt:yuv411p cl:topleft sar:8/9 s:720x480 i:B iskey:0 type:? checksum:D9D08B21 plane_checksum:[A21C80B4 7AEA7A46 81B69018] mean:[158 144 120] stdev:[51.2 25.2 14.5]
[Parsed_showinfo_1 @ 0x95f034f00] [info] color_range:unknown color_space:unknown color_primaries:unknown color_trc:unknown
[Parsed_showinfo_1 @ 0x95f034f00] [info] n:  16 pts:     16 pts_time:0.533877 duration:      1 duration_time:0.0333673 fmt:yuv411p cl:topleft sar:8/9 s:720x480 i:B iskey:0 type:? checksum:8D8DC3A5 plane_checksum:[0CB04097 CCC80D97 F48A7577] mean:[158 144 120] stdev:[51.2 25.2 14.7]
[Parsed_showinfo_1 @ 0x95f034f00] [info] color_range:unknown color_space:unknown color_primaries:unknown color_trc:unknown
[Parsed_showinfo_1 @ 0x95f034f00] [info] n:  17 pts:     17 pts_time:0.567244 duration:      1 duration_time:0.0333673 fmt:yuv411p cl:topleft sar:8/9 s:720x480 i:B iskey:0 type:? checksum:1CD141C9 plane_checksum:[11779592 E374FB07 F504B112] mean:[158 144 120] stdev:[51.1 25.6 14.9]
[Parsed_showinfo_1 @ 0x95f034f00] [info] color_range:unknown color_space:unknown color_primaries:unknown color_trc:unknown
[Parsed_showinfo_1 @ 0x95f034f00] [info] n:  18 pts:     18 pts_time:0.600611 duration:      1 duration_time:0.0333673 fmt:yuv411p cl:topleft sar:8/9 s:720x480 i:B iskey:0 type:? checksum:2FF324FE plane_checksum:[23B57239 D66AC778 26ABEB2F] mean:[159 144 121] stdev:[51.2 25.8 15.0]
[Parsed_showinfo_1 @ 0x95f034f00] [info] color_range:unknown color_space:unknown color_primaries:unknown color_trc:unknown
[Parsed_showinfo_1 @ 0x95f034f00] [info] n:  19 pts:     19 pts_time:0.633979 duration:      1 duration_time:0.0333673 fmt:yuv411p cl:topleft sar:8/9 s:720x480 i:B iskey:0 type:? checksum:2F8A435B plane_checksum:[10485B1B D895CF93 AB2D189E] mean:[159 144 121] stdev:[51.2 25.9 15.0]
[Parsed_showinfo_1 @ 0x95f034f00] [info] color_range:unknown color_space:unknown color_primaries:unknown color_trc:unknown
[Parsed_showinfo_1 @ 0x95f034f00] [info] n:  20 pts:     20 pts_time:0.667346 duration:      1 duration_time:0.0333673 fmt:yuv411p cl:topleft sar:8/9 s:720x480 i:B iskey:0 type:? checksum:5DEDB286 plane_checksum:[DF538FDD 2CBFDB6F 94B2472B] mean:[159 144 121] stdev:[51.2 25.7 14.7]
[Parsed_showinfo_1 @ 0x95f034f00] [info] color_range:unknown color_space:unknown color_primaries:unknown color_trc:unknown
[Parsed_showinfo_1 @ 0x95f034f00] [info] n:  21 pts:     21 pts_time:0.700713 duration:      1 duration_time:0.0333673 fmt:yuv411p cl:topleft sar:8/9 s:720x480 i:B iskey:0 type:? checksum:E9E9A45F plane_checksum:[130136AC 4BFC2587 3358482C] mean:[159 144 121] stdev:[51.2 25.6 14.5]
[Parsed_showinfo_1 @ 0x95f034f00] [info] color_range:unknown color_space:unknown color_primaries:unknown color_trc:unknown
[Parsed_showinfo_1 @ 0x95f034f00] [info] n:  22 pts:     22 pts_time:0.734081 duration:      1 duration_time:0.0333673 fmt:yuv411p cl:topleft sar:8/9 s:720x480 i:B iskey:0 type:? checksum:6404B05C plane_checksum:[F590411C D4562728 73C94818] mean:[159 144 121] stdev:[51.3 25.5 14.4]
[Parsed_showinfo_1 @ 0x95f034f00] [info] color_range:unknown color_space:unknown color_primaries:unknown color_trc:unknown
[Parsed_showinfo_1 @ 0x95f034f00] [info] n:  23 pts:     23 pts_time:0.767448 duration:      1 duration_time:0.0333673 fmt:yuv411p cl:topleft sar:8/9 s:720x480 i:B iskey:0 type:? checksum:13831819 plane_checksum:[80FD2245 0A000148 C869F47D] mean:[159 144 121] stdev:[51.3 25.6 14.5]
[Parsed_showinfo_1 @ 0x95f034f00] [info] color_range:unknown color_space:unknown color_primaries:unknown color_trc:unknown
[Parsed_showinfo_1 @ 0x95f034f00] [info] n:  24 pts:     24 pts_time:0.800815 duration:      1 duration_time:0.0333673 fmt:yuv411p cl:topleft sar:8/9 s:720x480 i:B iskey:0 type:? checksum:F1591CA2 plane_checksum:[50240B42 79BC3A48 F745D709] mean:[159 144 120] stdev:[51.3 25.5 14.4]
[Parsed_showinfo_1 @ 0x95f034f00] [info] color_range:unknown color_space:unknown color_primaries:unknown color_trc:unknown
[Parsed_showinfo_1 @ 0x95f034f00] [info] n:  25 pts:     25 pts_time:0.834183 duration:      1 duration_time:0.0333673 fmt:yuv411p cl:topleft sar:8/9 s:720x480 i:B iskey:0 type:? checksum:E0986908 plane_checksum:[65882DD0 B2ED79D3 2D9BC156] mean:[159 144 120] stdev:[51.4 25.5 14.3]
[Parsed_showinfo_1 @ 0x95f034f00] [info] color_range:unknown color_space:unknown color_primaries:unknown color_trc:unknown
[Parsed_showinfo_1 @ 0x95f034f00] [info] n:  26 pts:     26 pts_time:0.86755 duration:      1 duration_time:0.0333673 fmt:yuv411p cl:topleft sar:8/9 s:720x480 i:B iskey:0 type:? checksum:8BA8AD85 plane_checksum:[7A9D9341 B37B5C86 6A0EBDAF] mean:[159 144 120] stdev:[51.4 25.6 14.3]
[Parsed_showinfo_1 @ 0x95f034f00] [info] color_range:unknown color_space:unknown color_primaries:unknown color_trc:unknown
[Parsed_showinfo_1 @ 0x95f034f00] [info] n:  27 pts:     27 pts_time:0.900917 duration:      1 duration_time:0.0333673 fmt:yuv411p cl:topleft sar:8/9 s:720x480 i:B iskey:0 type:? checksum:0319157E plane_checksum:[D196FDB5 2AC54E03 977AC9A8] mean:[158 144 120] stdev:[51.3 25.6 14.3]
[Parsed_showinfo_1 @ 0x95f034f00] [info] color_range:unknown color_space:unknown color_primaries:unknown color_trc:unknown
[Parsed_showinfo_1 @ 0x95f034f00] [info] n:  28 pts:     28 pts_time:0.934284 duration:      1 duration_time:0.0333673 fmt:yuv411p cl:topleft sar:8/9 s:720x480 i:B iskey:0 type:? checksum:EDCAA432 plane_checksum:[557F42A0 7CF55E66 2B77032C] mean:[157 144 121] stdev:[51.0 25.4 14.3]
[Parsed_showinfo_1 @ 0x95f034f00] [info] color_range:unknown color_space:unknown color_primaries:unknown color_trc:unknown
[Parsed_showinfo_1 @ 0x95f034f00] [info] n:  29 pts:     29 pts_time:0.967652 duration:      1 duration_time:0.0333673 fmt:yuv411p cl:topleft sar:8/9 s:720x480 i:B iskey:0 type:? checksum:EDCAA432 plane_checksum:[557F42A0 7CF55E66 2B77032C] mean:[157 144 121] stdev:[51.0 25.4 14.3]
[Parsed_showinfo_1 @ 0x95f034f00] [info] color_range:unknown color_space:unknown color_primaries:unknown color_trc:unknown
[Parsed_showinfo_1 @ 0x95f034f00] [info] n:  30 pts:     30 pts_time:1.001019 duration:      1 duration_time:0.0333673 fmt:yuv411p cl:topleft sar:8/9 s:720x480 i:B iskey:0 type:? checksum:4E17AB98 plane_checksum:[F2DA2910 26E5838D 1E4DFEEC] mean:[155 144 121] stdev:[50.8 25.2 14.4]
[Parsed_showinfo_1 @ 0x95f034f00] [info] color_range:unknown color_space:unknown color_primaries:unknown color_trc:unknown
[Parsed_showinfo_1 @ 0x95f034f00] [info] n:  31 pts:     31 pts_time:1.034386 duration:      1 duration_time:0.0333673 fmt:yuv411p cl:topleft sar:8/9 s:720x480 i:B iskey:0 type:? checksum:5E4A913D plane_checksum:[D7D412ED 44936E8A F4A20FC6] mean:[155 144 121] stdev:[50.5 25.1 14.3]
[Parsed_showinfo_1 @ 0x95f034f00] [info] color_range:unknown color_space:unknown color_primaries:unknown color_trc:unknown
[Parsed_showinfo_1 @ 0x95f034f00] [info] n:  32 pts:     32 pts_time:1.067754 duration:      1 duration_time:0.0333673 fmt:yuv411p cl:topleft sar:8/9 s:720x480 i:B iskey:0 type:? checksum:A51BAE01 plane_checksum:[8ECC249C D2F65779 7F5031EC] mean:[155 144 121] stdev:[50.4 25.2 14.2]
[Parsed_showinfo_1 @ 0x95f034f00] [info] color_range:unknown color_space:unknown color_primaries:unknown color_trc:unknown
[Parsed_showinfo_1 @ 0x95f034f00] [info] n:  33 pts:     33 pts_time:1.101121 duration:      1 duration_time:0.0333673 fmt:yuv411p cl:topleft sar:8/9 s:720x480 i:B iskey:0 type:? checksum:CB617483 plane_checksum:[DD240CD7 BBCA4D39 B4761A73] mean:[155 144 121] stdev:[50.6 25.2 14.5]
[Parsed_showinfo_1 @ 0x95f034f00] [info] color_range:unknown color_space:unknown color_primaries:unknown color_trc:unknown
[Parsed_showinfo_1 @ 0x95f034f00] [info] n:  34 pts:     34 pts_time:1.134488 duration:      1 duration_time:0.0333673 fmt:yuv411p cl:topleft sar:8/9 s:720x480 i:B iskey:0 type:? checksum:2DE6C3E0 plane_checksum:[1D9EB119 2469250A 1747EDAE] mean:[155 144 121] stdev:[50.3 25.1 14.6]
[Parsed_showinfo_1 @ 0x95f034f00] [info] color_range:unknown color_space:unknown color_primaries:unknown color_trc:unknown
[Parsed_showinfo_1 @ 0x95f034f00] [info] n:  35 pts:     35 pts_time:1.167856 duration:      1 duration_time:0.0333673 fmt:yuv411p cl:topleft sar:8/9 s:720x480 i:B iskey:0 type:? checksum:FF26D131 plane_checksum:[ECBDF92C CBE31981 374EBE75] mean:[154 144 120] stdev:[50.4 25.0 14.6]
[Parsed_showinfo_1 @ 0x95f034f00] [info] color_range:unknown color_space:unknown color_primaries:unknown color_trc:unknown
[Parsed_showinfo_1 @ 0x95f034f00] [info] n:  36 pts:     36 pts_time:1.201223 duration:      1 duration_time:0.0333673 fmt:yuv411p cl:topleft sar:8/9 s:720x480 i:B iskey:0 type:? checksum:DF04EE0F plane_checksum:[52E014A3 4DF0138F BB6CC5DD] mean:[154 144 120] stdev:[49.9 24.8 14.7]
[Parsed_showinfo_1 @ 0x95f034f00] [info] color_range:unknown color_space:unknown color_primaries:unknown color_trc:unknown
[Parsed_showinfo_1 @ 0x95f034f00] [info] n:  37 pts:     37 pts_time:1.23459 duration:      1 duration_time:0.0333673 fmt:yuv411p cl:topleft sar:8/9 s:720x480 i:B iskey:0 type:? checksum:B33B41AC plane_checksum:[5819F91F F3EF81E4 0BBFC68B] mean:[154 144 120] stdev:[50.1 24.6 14.4]
[Parsed_showinfo_1 @ 0x95f034f00] [info] color_range:unknown color_space:unknown color_primaries:unknown color_trc:unknown
[Parsed_showinfo_1 @ 0x95f034f00] [info] n:  38 pts:     38 pts_time:1.267957 duration:      1 duration_time:0.0333673 fmt:yuv411p cl:topleft sar:8/9 s:720x480 i:B iskey:0 type:? checksum:1D6C245B plane_checksum:[9C87A47F BEA6A104 42D8DEBA] mean:[154 145 120] stdev:[50.1 24.8 14.1]
[Parsed_showinfo_1 @ 0x95f034f00] [info] color_range:unknown color_space:unknown color_primaries:unknown color_trc:unknown
[Parsed_showinfo_1 @ 0x95f034f00] [info] n:  39 pts:     39 pts_time:1.301325 duration:      1 duration_time:0.0333673 fmt:yuv411p cl:topleft sar:8/9 s:720x480 i:B iskey:0 type:? checksum:8654FB09 plane_checksum:[D27A950D 3E49AA2E 5AF3BBBF] mean:[154 145 120] stdev:[50.1 24.7 14.2]
[Parsed_showinfo_1 @ 0x95f034f00] [info] color_range:unknown color_space:unknown color_primaries:unknown color_trc:unknown
[Parsed_showinfo_1 @ 0x95f034f00] [info] n:  40 pts:     40 pts_time:1.334692 duration:      1 duration_time:0.0333673 fmt:yuv411p cl:topleft sar:8/9 s:720x480 i:B iskey:0 type:? checksum:3687E5DF plane_checksum:[8D6CB61E 72209C94 C143931E] mean:[154 145 120] stdev:[49.9 24.9 14.3]
[Parsed_showinfo_1 @ 0x95f034f00] [info] color_range:unknown color_space:unknown color_primaries:unknown color_trc:unknown
[Parsed_showinfo_1 @ 0x95f034f00] [info] n:  41 pts:     41 pts_time:1.368059 duration:      1 duration_time:0.0333673 fmt:yuv411p cl:topleft sar:8/9 s:720x480 i:B iskey:0 type:? checksum:18F5360A plane_checksum:[21611717 E39D96BC 5DF28828] mean:[154 145 120] stdev:[49.9 24.9 14.2]
[Parsed_showinfo_1 @ 0x95f034f00] [info] color_range:unknown color_space:unknown color_primaries:unknown color_trc:unknown
[Parsed_showinfo_1 @ 0x95f034f00] [info] n:  42 pts:     42 pts_time:1.401427 duration:      1 duration_time:0.0333673 fmt:yuv411p cl:topleft sar:8/9 s:720x480 i:B iskey:0 type:? checksum:78F218C9 plane_checksum:[FB2311A4 35CF7737 E97C8FDF] mean:[154 144 120] stdev:[49.8 25.0 14.3]
[Parsed_showinfo_1 @ 0x95f034f00] [info] color_range:unknown color_space:unknown color_primaries:unknown color_trc:unknown
[Parsed_showinfo_1 @ 0x95f034f00] [info] n:  43 pts:     43 pts_time:1.434794 duration:      1 duration_time:0.0333673 fmt:yuv411p cl:topleft sar:8/9 s:720x480 i:B iskey:0 type:? checksum:93B6F67C plane_checksum:[65F278DF 82D9B539 5A2BC855] mean:[154 145 120] stdev:[49.9 25.1 14.3]
[Parsed_showinfo_1 @ 0x95f034f00] [info] color_range:unknown color_space:unknown color_primaries:unknown color_trc:unknown
[Parsed_showinfo_1 @ 0x95f034f00] [info] n:  44 pts:     44 pts_time:1.468161 duration:      1 duration_time:0.0333673 fmt:yuv411p cl:topleft sar:8/9 s:720x480 i:B iskey:0 type:? checksum:C8769E55 plane_checksum:[AF5A10BC 4496B0FE 009DDC8C] mean:[154 145 120] stdev:[49.8 25.0 14.2]
[Parsed_showinfo_1 @ 0x95f034f00] [info] color_range:unknown color_space:unknown color_primaries:unknown color_trc:unknown
[Parsed_showinfo_1 @ 0x95f034f00] [info] n:  45 pts:     45 pts_time:1.501529 duration:      1 duration_time:0.0333673 fmt:yuv411p cl:topleft sar:8/9 s:720x480 i:B iskey:0 type:? checksum:65EB1B93 plane_checksum:[81C49E09 B75C90FB E9A5EC71] mean:[154 145 121] stdev:[49.8 25.1 14.2]
[Parsed_showinfo_1 @ 0x95f034f00] [info] color_range:unknown color_space:unknown color_primaries:unknown color_trc:unknown
[Parsed_showinfo_1 @ 0x95f034f00] [info] n:  46 pts:     46 pts_time:1.534896 duration:      1 duration_time:0.0333673 fmt:yuv411p cl:topleft sar:8/9 s:720x480 i:B iskey:0 type:? checksum:0161381C plane_checksum:[BAA86C35 67910746 0E91C492] mean:[154 144 120] stdev:[49.9 25.2 14.5]
[Parsed_showinfo_1 @ 0x95f034f00] [info] color_range:unknown color_space:unknown color_primaries:unknown color_trc:unknown
[Parsed_showinfo_1 @ 0x95f034f00] [info] n:  47 pts:     47 pts_time:1.568263 duration:      1 duration_time:0.0333673 fmt:yuv411p cl:topleft sar:8/9 s:720x480 i:B iskey:0 type:? checksum:AE503AFB plane_checksum:[3FC68496 27AD809B FF7035BB] mean:[155 144 121] stdev:[49.9 25.5 14.4]
[Parsed_showinfo_1 @ 0x95f034f00] [info] color_range:unknown color_space:unknown color_primaries:unknown color_trc:unknown
[Parsed_showinfo_1 @ 0x95f034f00] [info] n:  48 pts:     48 pts_time:1.60163 duration:      1 duration_time:0.0333673 fmt:yuv411p cl:topleft sar:8/9 s:720x480 i:B iskey:0 type:? checksum:8456E15A plane_checksum:[E7AD0F09 733E44D2 EF448D7F] mean:[155 144 121] stdev:[49.9 25.9 14.5]
[Parsed_showinfo_1 @ 0x95f034f00] [info] color_range:unknown color_space:unknown color_primaries:unknown color_trc:unknown
[Parsed_showinfo_1 @ 0x95f034f00] [info] n:  49 pts:     49 pts_time:1.634998 duration:      1 duration_time:0.0333673 fmt:yuv411p cl:topleft sar:8/9 s:720x480 i:B iskey:0 type:? checksum:68FEC28C plane_checksum:[4447F077 9AD8221B 60F8AFEB] mean:[155 143 121] stdev:[49.9 26.4 14.7]
[Parsed_showinfo_1 @ 0x95f034f00] [info] color_range:unknown color_space:unknown color_primaries:unknown color_trc:unknown
[Parsed_showinfo_1 @ 0x95f034f00] [info] n:  50 pts:     50 pts_time:1.668365 duration:      1 duration_time:0.0333673 fmt:yuv411p cl:topleft sar:8/9 s:720x480 i:B iskey:0 type:? checksum:6E7355F3 plane_checksum:[E3ADD998 24AAF71C 7C458521] mean:[154 143 121] stdev:[49.9 26.7 14.8]
[Parsed_showinfo_1 @ 0x95f034f00] [info] color_range:unknown color_space:unknown color_primaries:unknown color_trc:unknown
[Parsed_showinfo_1 @ 0x95f034f00] [info] n:  51 pts:     51 pts_time:1.701732 duration:      1 duration_time:0.0333673 fmt:yuv411p cl:topleft sar:8/9 s:720x480 i:B iskey:0 type:? checksum:49313AD0 plane_checksum:[EA2DDCE9 D295CB4F B236927A] mean:[154 143 121] stdev:[49.7 26.7 15.2]
[Parsed_showinfo_1 @ 0x95f034f00] [info] color_range:unknown color_space:unknown color_primaries:unknown color_trc:unknown
[Parsed_showinfo_1 @ 0x95f034f00] [info] n:  52 pts:     52 pts_time:1.7351  duration:      1 duration_time:0.0333673 fmt:yuv411p cl:topleft sar:8/9 s:720x480 i:B iskey:0 type:? checksum:6BDBA567 plane_checksum:[778A4933 2CEFF84F A88F63D6] mean:[153 143 121] stdev:[49.6 26.2 15.1]
[Parsed_showinfo_1 @ 0x95f034f00] [info] color_range:unknown color_space:unknown color_primaries:unknown color_trc:unknown
[Parsed_showinfo_1 @ 0x95f034f00] [info] n:  53 pts:     53 pts_time:1.768467 duration:      1 duration_time:0.0333673 fmt:yuv411p cl:topleft sar:8/9 s:720x480 i:B iskey:0 type:? checksum:65EA6385 plane_checksum:[6E15AC69 113C60F2 DE74561B] mean:[153 144 121] stdev:[49.6 26.0 14.7]
[Parsed_showinfo_1 @ 0x95f034f00] [info] color_range:unknown color_space:unknown color_primaries:unknown color_trc:unknown
[Parsed_showinfo_1 @ 0x95f034f00] [info] n:  54 pts:     54 pts_time:1.801834 duration:      1 duration_time:0.0333673 fmt:yuv411p cl:topleft sar:8/9 s:720x480 i:B iskey:0 type:? checksum:56676775 plane_checksum:[7219883C 15899B82 A66143A8] mean:[153 144 121] stdev:[49.6 25.9 14.8]
[Parsed_showinfo_1 @ 0x95f034f00] [info] color_range:unknown color_space:unknown color_primaries:unknown color_trc:unknown
[Parsed_showinfo_1 @ 0x95f034f00] [info] n:  55 pts:     55 pts_time:1.835202 duration:      1 duration_time:0.0333673 fmt:yuv411p cl:topleft sar:8/9 s:720x480 i:B iskey:0 type:? checksum:27BF0E31 plane_checksum:[7F805CD4 E9A25E5B 276C52F3] mean:[153 144 121] stdev:[49.5 26.0 14.6]
[Parsed_showinfo_1 @ 0x95f034f00] [info] color_range:unknown color_space:unknown color_primaries:unknown color_trc:unknown
[Parsed_showinfo_1 @ 0x95f034f00] [info] n:  56 pts:     56 pts_time:1.868569 duration:      1 duration_time:0.0333673 fmt:yuv411p cl:topleft sar:8/9 s:720x480 i:B iskey:0 type:? checksum:AD64997B plane_checksum:[3B95F54C 7C892A9C B4847984] mean:[153 143 121] stdev:[49.4 26.0 14.7]
[Parsed_showinfo_1 @ 0x95f034f00] [info] color_range:unknown color_space:unknown color_primaries:unknown color_trc:unknown
[Parsed_showinfo_1 @ 0x95f034f00] [info] n:  57 pts:     57 pts_time:1.901936 duration:      1 duration_time:0.0333673 fmt:yuv411p cl:topleft sar:8/9 s:720x480 i:B iskey:0 type:? checksum:599C2C9F plane_checksum:[D879B86E CEA2C244 7FD5B1CF] mean:[153 143 121] stdev:[49.4 26.4 14.7]
[Parsed_showinfo_1 @ 0x95f034f00] [info] color_range:unknown color_space:unknown color_primaries:unknown color_trc:unknown
[Parsed_showinfo_1 @ 0x95f034f00] [info] n:  58 pts:     58 pts_time:1.935303 duration:      1 duration_time:0.0333673 fmt:yuv411p cl:topleft sar:8/9 s:720x480 i:B iskey:0 type:? checksum:354B4256 plane_checksum:[2EAF1FB7 781C44F7 2C36DD99] mean:[153 143 121] stdev:[49.3 26.3 14.6]
[Parsed_showinfo_1 @ 0x95f034f00] [info] color_range:unknown color_space:unknown color_primaries:unknown color_trc:unknown
[Parsed_showinfo_1 @ 0x95f034f00] [info] n:  59 pts:     59 pts_time:1.968671 duration:      1 duration_time:0.0333673 fmt:yuv411p cl:topleft sar:8/9 s:720x480 i:B iskey:0 type:? checksum:E43FD585 plane_checksum:[B19DFFE3 2976C59C 869C0FF7] mean:[153 142 121] stdev:[49.2 26.5 14.5]
[Parsed_showinfo_1 @ 0x95f034f00] [info] color_range:unknown color_space:unknown color_primaries:unknown color_trc:unknown
[Parsed_showinfo_1 @ 0x95f034f00] [info] n:  60 pts:     60 pts_time:2.002038 duration:      1 duration_time:0.0333673 fmt:yuv411p cl:topleft sar:8/9 s:720x480 i:B iskey:0 type:? checksum:14BE959F plane_checksum:[2A021848 A73D321C E1AE4B3B] mean:[153 142 122] stdev:[49.3 26.7 14.6]
[Parsed_showinfo_1 @ 0x95f034f00] [info] color_range:unknown color_space:unknown color_primaries:unknown color_trc:unknown
[Parsed_showinfo_1 @ 0x95f034f00] [info] n:  61 pts:     61 pts_time:2.035405 duration:      1 duration_time:0.0333673 fmt:yuv411p cl:topleft sar:8/9 s:720x480 i:B iskey:0 type:? checksum:4AB8C56C plane_checksum:[ABADD4F0 38DF9DE2 0874528B] mean:[153 141 122] stdev:[49.4 26.8 14.8]
[Parsed_showinfo_1 @ 0x95f034f00] [info] color_range:unknown color_space:unknown color_primaries:unknown color_trc:unknown
[Parsed_showinfo_1 @ 0x95f034f00] [info] n:  62 pts:     62 pts_time:2.068773 duration:      1 duration_time:0.0333673 fmt:yuv411p cl:topleft sar:8/9 s:720x480 i:B iskey:0 type:? checksum:CD0BF967 plane_checksum:[69555A03 6955F505 228EAA50] mean:[154 141 122] stdev:[49.5 27.1 14.8]
[Parsed_showinfo_1 @ 0x95f034f00] [info] color_range:unknown color_space:unknown color_primaries:unknown color_trc:unknown
[Parsed_showinfo_1 @ 0x95f034f00] [info] n:  63 pts:     63 pts_time:2.10214 duration:      1 duration_time:0.0333673 fmt:yuv411p cl:topleft sar:8/9 s:720x480 i:B iskey:0 type:? checksum:39F799B7 plane_checksum:[85E13694 37303DA1 4D3C2582] mean:[154 140 122] stdev:[49.6 27.6 14.6]
[Parsed_showinfo_1 @ 0x95f034f00] [info] color_range:unknown color_space:unknown color_primaries:unknown color_trc:unknown
[Parsed_showinfo_1 @ 0x95f034f00] [info] n:  64 pts:     64 pts_time:2.135507 duration:      1 duration_time:0.0333673 fmt:yuv411p cl:topleft sar:8/9 s:720x480 i:B iskey:0 type:? checksum:0BDBD342 plane_checksum:[3E0BE9A7 A8705D62 CAED8C2A] mean:[155 140 123] stdev:[49.7 28.0 14.6]
[Parsed_showinfo_1 @ 0x95f034f00] [info] color_range:unknown color_space:unknown color_primaries:unknown color_trc:unknown
[Parsed_showinfo_1 @ 0x95f034f00] [info] n:  65 pts:     65 pts_time:2.168875 duration:      1 duration_time:0.0333673 fmt:yuv411p cl:topleft sar:8/9 s:720x480 i:B iskey:0 type:? checksum:3543DF00 plane_checksum:[BE4B721C 7C55843A D5F3E89B] mean:[155 139 123] stdev:[49.9 28.1 14.5]
[Parsed_showinfo_1 @ 0x95f034f00] [info] color_range:unknown color_space:unknown color_primaries:unknown color_trc:unknown
[Parsed_showinfo_1 @ 0x95f034f00] [info] n:  66 pts:     66 pts_time:2.202242 duration:      1 duration_time:0.0333673 fmt:yuv411p cl:topleft sar:8/9 s:720x480 i:B iskey:0 type:? checksum:FC6C1256 plane_checksum:[A31CAB69 5A1EE4C6 F1108209] mean:[156 139 123] stdev:[50.1 28.4 14.4]
[Parsed_showinfo_1 @ 0x95f034f00] [info] color_range:unknown color_space:unknown color_primaries:unknown color_trc:unknown
[Parsed_showinfo_1 @ 0x95f034f00] [info] n:  67 pts:     67 pts_time:2.235609 duration:      1 duration_time:0.0333673 fmt:yuv411p cl:topleft sar:8/9 s:720x480 i:B iskey:0 type:? checksum:20F42200 plane_checksum:[A780FBEF A9766BD5 100FBA1E] mean:[156 138 123] stdev:[50.2 28.3 14.4]
[Parsed_showinfo_1 @ 0x95f034f00] [info] color_range:unknown color_space:unknown color_primaries:unknown color_trc:unknown
[Parsed_showinfo_1 @ 0x95f034f00] [info] n:  68 pts:     68 pts_time:2.268976 duration:      1 duration_time:0.0333673 fmt:yuv411p cl:topleft sar:8/9 s:720x480 i:B iskey:0 type:? checksum:88D6FF5A plane_checksum:[EFAB1FD5 B092012E 21ECDE57] mean:[157 138 124] stdev:[50.6 27.8 14.2]
[Parsed_showinfo_1 @ 0x95f034f00] [info] color_range:unknown color_space:unknown color_primaries:unknown color_trc:unknown
[Parsed_showinfo_1 @ 0x95f034f00] [info] n:  69 pts:     69 pts_time:2.302344 duration:      1 duration_time:0.0333673 fmt:yuv411p cl:topleft sar:8/9 s:720x480 i:B iskey:0 type:? checksum:58C771AC plane_checksum:[4C4D8D52 81A8E7D7 A1E0FC65] mean:[157 138 124] stdev:[50.6 27.4 14.0]
[Parsed_showinfo_1 @ 0x95f034f00] [info] color_range:unknown color_space:unknown color_primaries:unknown color_trc:unknown
[Parsed_showinfo_1 @ 0x95f034f00] [info] n:  70 pts:     70 pts_time:2.335711 duration:      1 duration_time:0.0333673 fmt:yuv411p cl:topleft sar:8/9 s:720x480 i:B iskey:0 type:? checksum:AF20E2C8 plane_checksum:[9BAEF1BA 71FBE38A D5070D75] mean:[158 138 124] stdev:[50.7 27.1 14.1]
[Parsed_showinfo_1 @ 0x95f034f00] [info] color_range:unknown color_space:unknown color_primaries:unknown color_trc:unknown
[Parsed_showinfo_1 @ 0x95f034f00] [info] n:  71 pts:     71 pts_time:2.369078 duration:      1 duration_time:0.0333673 fmt:yuv411p cl:topleft sar:8/9 s:720x480 i:B iskey:0 type:? checksum:065E08B7 plane_checksum:[2597DE89 C17EF0F8 EE623918] mean:[158 138 124] stdev:[50.8 27.1 13.9]
[Parsed_showinfo_1 @ 0x95f034f00] [info] color_range:unknown color_space:unknown color_primaries:unknown color_trc:unknown
[Parsed_showinfo_1 @ 0x95f034f00] [info] n:  72 pts:     72 pts_time:2.402446 duration:      1 duration_time:0.0333673 fmt:yuv411p cl:topleft sar:8/9 s:720x480 i:B iskey:0 type:? checksum:5D85B0FE plane_checksum:[21D98C86 46C8E931 CDC03B38] mean:[159 138 124] stdev:[51.0 27.0 13.6]
[Parsed_showinfo_1 @ 0x95f034f00] [info] color_range:unknown color_space:unknown color_primaries:unknown color_trc:unknown
[Parsed_showinfo_1 @ 0x95f034f00] [info] n:  73 pts:     73 pts_time:2.435813 duration:      1 duration_time:0.0333673 fmt:yuv411p cl:topleft sar:8/9 s:720x480 i:B iskey:0 type:? checksum:476A4704 plane_checksum:[8C3741A6 84ADA4E8 C58F6067] mean:[159 138 124] stdev:[51.0 26.9 13.5]
[Parsed_showinfo_1 @ 0x95f034f00] [info] color_range:unknown color_space:unknown color_primaries:unknown color_trc:unknown
[Parsed_showinfo_1 @ 0x95f034f00] [info] n:  74 pts:     74 pts_time:2.46918 duration:      1 duration_time:0.0333673 fmt:yuv411p cl:topleft sar:8/9 s:720x480 i:B iskey:0 type:? checksum:B8176964 plane_checksum:[DBF15B1F D9096C17 84C8A21F] mean:[160 138 124] stdev:[51.1 26.8 13.4]
[Parsed_showinfo_1 @ 0x95f034f00] [info] color_range:unknown color_space:unknown color_primaries:unknown color_trc:unknown
[Parsed_showinfo_1 @ 0x95f034f00] [info] n:  75 pts:     75 pts_time:2.502548 duration:      1 duration_time:0.0333673 fmt:yuv411p cl:topleft sar:8/9 s:720x480 i:B iskey:0 type:? checksum:4448CAFA plane_checksum:[F8A2BE88 1EBC31E4 32A3DA7F] mean:[161 137 124] stdev:[51.2 26.6 13.4]
[Parsed_showinfo_1 @ 0x95f034f00] [info] color_range:unknown color_space:unknown color_primaries:unknown color_trc:unknown
[Parsed_showinfo_1 @ 0x95f034f00] [info] n:  76 pts:     76 pts_time:2.535915 duration:      1 duration_time:0.0333673 fmt:yuv411p cl:topleft sar:8/9 s:720x480 i:B iskey:0 type:? checksum:3828ABFD plane_checksum:[8386F38A 88CFD87F 829BDFD6] mean:[162 137 124] stdev:[51.2 26.1 13.4]
[Parsed_showinfo_1 @ 0x95f034f00] [info] color_range:unknown color_space:unknown color_primaries:unknown color_trc:unknown
[Parsed_showinfo_1 @ 0x95f034f00] [info] n:  77 pts:     77 pts_time:2.569282 duration:      1 duration_time:0.0333673 fmt:yuv411p cl:topleft sar:8/9 s:720x480 i:B iskey:0 type:? checksum:959088A0 plane_checksum:[1E8BE59B 89A99F4C C04703AA] mean:[162 137 124] stdev:[51.3 25.9 13.2]
[Parsed_showinfo_1 @ 0x95f034f00] [info] color_range:unknown color_space:unknown color_primaries:unknown color_trc:unknown
[Parsed_showinfo_1 @ 0x95f034f00] [info] n:  78 pts:     78 pts_time:2.602649 duration:      1 duration_time:0.0333673 fmt:yuv411p cl:topleft sar:8/9 s:720x480 i:B iskey:0 type:? checksum:11291DBF plane_checksum:[D30BF27D 93D8F3A0 577F3784] mean:[163 136 125] stdev:[51.4 25.9 13.0]
[Parsed_showinfo_1 @ 0x95f034f00] [info] color_range:unknown color_space:unknown color_primaries:unknown color_trc:unknown
[Parsed_showinfo_1 @ 0x95f034f00] [info] n:  79 pts:     79 pts_time:2.636017 duration:      1 duration_time:0.0333673 fmt:yuv411p cl:topleft sar:8/9 s:720x480 i:B iskey:0 type:? checksum:509E537D plane_checksum:[5A5A878A 0DFC4061 3D738B83] mean:[164 136 125] stdev:[51.6 26.1 13.0]
[Parsed_showinfo_1 @ 0x95f034f00] [info] color_range:unknown color_space:unknown color_primaries:unknown color_trc:unknown
[Parsed_showinfo_1 @ 0x95f034f00] [info] n:  80 pts:     80 pts_time:2.669384 duration:      1 duration_time:0.0333673 fmt:yuv411p cl:topleft sar:8/9 s:720x480 i:B iskey:0 type:? checksum:F07501F3 plane_checksum:[3E3F8768 25CE9738 64ACE335] mean:[164 135 125] stdev:[51.6 26.2 13.0]
[Parsed_showinfo_1 @ 0x95f034f00] [info] color_range:unknown color_space:unknown color_primaries:unknown color_trc:unknown
[Parsed_showinfo_1 @ 0x95f034f00] [info] n:  81 pts:     81 pts_time:2.702751 duration:      1 duration_time:0.0333673 fmt:yuv411p cl:topleft sar:8/9 s:720x480 i:B iskey:0 type:? checksum:31A6DC9E plane_checksum:[8FD792A7 215B50CA F4D3F91E] mean:[164 135 125] stdev:[51.7 26.5 13.1]
[Parsed_showinfo_1 @ 0x95f034f00] [info] color_range:unknown color_space:unknown color_primaries:unknown color_trc:unknown
[Parsed_showinfo_1 @ 0x95f034f00] [info] n:  82 pts:     82 pts_time:2.736119 duration:      1 duration_time:0.0333673 fmt:yuv411p cl:topleft sar:8/9 s:720x480 i:B iskey:0 type:? checksum:B9DD1E5B plane_checksum:[33C996C8 397A7184 5C631600] mean:[164 135 125] stdev:[51.7 26.5 13.1]
[Parsed_showinfo_1 @ 0x95f034f00] [info] color_range:unknown color_space:unknown color_primaries:unknown color_trc:unknown
[Parsed_showinfo_1 @ 0x95f034f00] [info] n:  83 pts:     83 pts_time:2.769486 duration:      1 duration_time:0.0333673 fmt:yuv411p cl:topleft sar:8/9 s:720x480 i:B iskey:0 type:? checksum:2E4CAE14 plane_checksum:[4AA8A007 A4E4F776 DF3E1688] mean:[164 136 125] stdev:[51.8 26.5 13.0]
[Parsed_showinfo_1 @ 0x95f034f00] [info] color_range:unknown color_space:unknown color_primaries:unknown color_trc:unknown
[Parsed_showinfo_1 @ 0x95f034f00] [info] n:  84 pts:     84 pts_time:2.802853 duration:      1 duration_time:0.0333673 fmt:yuv411p cl:topleft sar:8/9 s:720x480 i:B iskey:0 type:? checksum:5CE08BE5 plane_checksum:[0D182885 BC0D8FD3 D861D37E] mean:[164 136 125] stdev:[51.8 26.2 12.9]
[Parsed_showinfo_1 @ 0x95f034f00] [info] color_range:unknown color_space:unknown color_primaries:unknown color_trc:unknown
[Parsed_showinfo_1 @ 0x95f034f00] [info] n:  85 pts:     85 pts_time:2.836221 duration:      1 duration_time:0.0333673 fmt:yuv411p cl:topleft sar:8/9 s:720x480 i:B iskey:0 type:? checksum:3F30BD08 plane_checksum:[60EF61BA 547EDEEE 03287C51] mean:[163 136 125] stdev:[51.9 26.0 12.8]
[Parsed_showinfo_1 @ 0x95f034f00] [info] color_range:unknown color_space:unknown color_primaries:unknown color_trc:unknown
[Parsed_showinfo_1 @ 0x95f034f00] [info] n:  86 pts:     86 pts_time:2.869588 duration:      1 duration_time:0.0333673 fmt:yuv411p cl:topleft sar:8/9 s:720x480 i:B iskey:0 type:? checksum:974F0C66 plane_checksum:[970A4B73 94785F4E D7D76196] mean:[163 137 125] stdev:[51.9 25.9 12.8]
[Parsed_showinfo_1 @ 0x95f034f00] [info] color_range:unknown color_space:unknown color_primaries:unknown color_trc:unknown
[Parsed_showinfo_1 @ 0x95f034f00] [info] n:  87 pts:     87 pts_time:2.902955 duration:      1 duration_time:0.0333673 fmt:yuv411p cl:topleft sar:8/9 s:720x480 i:B iskey:0 type:? checksum:2517F5DB plane_checksum:[407C3C52 89ADEC32 A7ABCD48] mean:[162 136 124] stdev:[51.9 25.9 13.3]
[Parsed_showinfo_1 @ 0x95f034f00] [info] color_range:unknown color_space:unknown color_primaries:unknown color_trc:unknown
[Parsed_showinfo_1 @ 0x95f034f00] [info] n:  88 pts:     88 pts_time:2.936322 duration:      1 duration_time:0.0333673 fmt:yuv411p cl:topleft sar:8/9 s:720x480 i:B iskey:0 type:? checksum:E56F27D7 plane_checksum:[76515A9A 36E3066A EC23C6C4] mean:[162 137 124] stdev:[51.8 25.9 13.1]
[Parsed_showinfo_1 @ 0x95f034f00] [info] color_range:unknown color_space:unknown color_primaries:unknown color_trc:unknown
[Parsed_showinfo_1 @ 0x95f034f00] [info] n:  89 pts:     89 pts_time:2.96969 duration:      1 duration_time:0.0333673 fmt:yuv411p cl:topleft sar:8/9 s:720x480 i:B iskey:0 type:? checksum:C154713F plane_checksum:[2AB401A8 BFB8E798 D46C87F0] mean:[161 138 124] stdev:[51.7 25.6 12.9]
[Parsed_showinfo_1 @ 0x95f034f00] [info] color_range:unknown color_space:unknown color_primaries:unknown color_trc:unknown
[Parsed_showinfo_1 @ 0x95f034f00] [info] n:  90 pts:     90 pts_time:3.003057 duration:      1 duration_time:0.0333673 fmt:yuv411p cl:topleft sar:8/9 s:720x480 i:B iskey:0 type:? checksum:5D5F851F plane_checksum:[26B0F902 5A6254E2 9993372C] mean:[160 138 124] stdev:[51.6 25.7 12.9]
[Parsed_showinfo_1 @ 0x95f034f00] [info] color_range:unknown color_space:unknown color_primaries:unknown color_trc:unknown
[Parsed_showinfo_1 @ 0x95f034f00] [info] n:  91 pts:     91 pts_time:3.036424 duration:      1 duration_time:0.0333673 fmt:yuv411p cl:topleft sar:8/9 s:720x480 i:B iskey:0 type:? checksum:EE966C37 plane_checksum:[43F6683A 8450138E E54BF060] mean:[160 139 124] stdev:[51.4 26.3 13.2]
[Parsed_showinfo_1 @ 0x95f034f00] [info] color_range:unknown color_space:unknown color_primaries:unknown color_trc:unknown
[Parsed_showinfo_1 @ 0x95f034f00] [info] n:  92 pts:     92 pts_time:3.069792 duration:      1 duration_time:0.0333673 fmt:yuv411p cl:topleft sar:8/9 s:720x480 i:B iskey:0 type:? checksum:F7EF2761 plane_checksum:[3C92FE31 6D983FB6 75CBE95C] mean:[159 139 124] stdev:[51.3 26.5 13.5]
[Parsed_showinfo_1 @ 0x95f034f00] [info] color_range:unknown color_space:unknown color_primaries:unknown color_trc:unknown
[Parsed_showinfo_1 @ 0x95f034f00] [info] n:  93 pts:     93 pts_time:3.103159 duration:      1 duration_time:0.0333673 fmt:yuv411p cl:topleft sar:8/9 s:720x480 i:B iskey:0 type:? checksum:7D6EC3D9 plane_checksum:[5152A50C 71B87A2E 7F6AA490] mean:[159 139 123] stdev:[51.3 26.5 13.5]
[Parsed_showinfo_1 @ 0x95f034f00] [info] color_range:unknown color_space:unknown color_primaries:unknown color_trc:unknown
[Parsed_showinfo_1 @ 0x95f034f00] [info] n:  94 pts:     94 pts_time:3.136526 duration:      1 duration_time:0.0333673 fmt:yuv411p cl:topleft sar:8/9 s:720x480 i:B iskey:0 type:? checksum:3A8D98DC plane_checksum:[E8ED79D4 E6BEB4DD 46506A1C] mean:[158 139 123] stdev:[51.3 26.3 13.7]
[Parsed_showinfo_1 @ 0x95f034f00] [info] color_range:unknown color_space:unknown color_primaries:unknown color_trc:unknown
[Parsed_showinfo_1 @ 0x95f034f00] [info] n:  95 pts:     95 pts_time:3.169894 duration:      1 duration_time:0.0333673 fmt:yuv411p cl:topleft sar:8/9 s:720x480 i:B iskey:0 type:? checksum:42E9A884 plane_checksum:[D1B7FE3D 791E2F46 674E7AF2] mean:[157 140 123] stdev:[51.2 26.4 13.8]
[Parsed_showinfo_1 @ 0x95f034f00] [info] color_range:unknown color_space:unknown color_primaries:unknown color_trc:unknown
[Parsed_showinfo_1 @ 0x95f034f00] [info] n:  96 pts:     96 pts_time:3.203261 duration:      1 duration_time:0.0333673 fmt:yuv411p cl:topleft sar:8/9 s:720x480 i:B iskey:0 type:? checksum:8564C58D plane_checksum:[4738F29F F72553FF 5FFA7EE0] mean:[157 140 123] stdev:[51.1 26.5 13.9]
[Parsed_showinfo_1 @ 0x95f034f00] [info] color_range:unknown color_space:unknown color_primaries:unknown color_trc:unknown
[Parsed_showinfo_1 @ 0x95f034f00] [info] n:  97 pts:     97 pts_time:3.236628 duration:      1 duration_time:0.0333673 fmt:yuv411p cl:topleft sar:8/9 s:720x480 i:B iskey:0 type:? checksum:DEB860D0 plane_checksum:[E1A49722 2FD3789B 22615104] mean:[157 140 123] stdev:[51.2 26.4 14.1]
[Parsed_showinfo_1 @ 0x95f034f00] [info] color_range:unknown color_space:unknown color_primaries:unknown color_trc:unknown
[Parsed_showinfo_1 @ 0x95f034f00] [info] n:  98 pts:     98 pts_time:3.269995 duration:      1 duration_time:0.0333673 fmt:yuv411p cl:topleft sar:8/9 s:720x480 i:B iskey:0 type:? checksum:D6BB4D93 plane_checksum:[D33B8F57 4A4F9736 CDB026F7] mean:[157 140 123] stdev:[51.2 26.3 14.0]
[Parsed_showinfo_1 @ 0x95f034f00] [info] color_range:unknown color_space:unknown color_primaries:unknown color_trc:unknown
[Parsed_showinfo_1 @ 0x95f034f00] [info] n:  99 pts:     99 pts_time:3.303363 duration:      1 duration_time:0.0333673 fmt:yuv411p cl:topleft sar:8/9 s:720x480 i:B iskey:0 type:? checksum:3897212D plane_checksum:[38DC43E6 66A69618 6C244720] mean:[157 140 123] stdev:[51.0 26.3 14.0]
[Parsed_showinfo_1 @ 0x95f034f00] [info] color_range:unknown color_space:unknown color_primaries:unknown color_trc:unknown
[Parsed_showinfo_1 @ 0x95f034f00] [info] n: 100 pts:    100 pts_time:3.33673 duration:      1 duration_time:0.0333673 fmt:yuv411p cl:topleft sar:8/9 s:720x480 i:B iskey:0 type:? checksum:4A3EDCE9 plane_checksum:[53214A69 32CC4D3C D7E94544] mean:[157 140 123] stdev:[51.0 26.4 13.8]
[Parsed_showinfo_1 @ 0x95f034f00] [info] color_range:unknown color_space:unknown color_primaries:unknown color_trc:unknown
[Parsed_showinfo_1 @ 0x95f034f00] [info] n: 101 pts:    101 pts_time:3.370097 duration:      1 duration_time:0.0333673 fmt:yuv411p cl:topleft sar:8/9 s:720x480 i:B iskey:0 type:? checksum:D4B1F5B1 plane_checksum:[DB73A483 DDF12815 7DD82919] mean:[156 140 123] stdev:[50.9 26.4 13.8]
[Parsed_showinfo_1 @ 0x95f034f00] [info] color_range:unknown color_space:unknown color_primaries:unknown color_trc:unknown
[Parsed_showinfo_1 @ 0x95f034f00] [info] n: 102 pts:    102 pts_time:3.403465 duration:      1 duration_time:0.0333673 fmt:yuv411p cl:topleft sar:8/9 s:720x480 i:B iskey:0 type:? checksum:080E9F1C plane_checksum:[7F6ED2E7 BC0690AF 3BED3B77] mean:[156 140 123] stdev:[51.1 26.5 13.6]
[Parsed_showinfo_1 @ 0x95f034f00] [info] color_range:unknown color_space:unknown color_primaries:unknown color_trc:unknown
[Parsed_showinfo_1 @ 0x95f034f00] [info] n: 103 pts:    103 pts_time:3.436832 duration:      1 duration_time:0.0333673 fmt:yuv411p cl:topleft sar:8/9 s:720x480 i:B iskey:0 type:? checksum:9FF78698 plane_checksum:[3380AC86 4C46AFC9 12AE2A3A] mean:[156 140 123] stdev:[51.0 26.5 13.7]
[Parsed_showinfo_1 @ 0x95f034f00] [info] color_range:unknown color_space:unknown color_primaries:unknown color_trc:unknown
[Parsed_showinfo_1 @ 0x95f034f00] [info] n: 104 pts:    104 pts_time:3.470199 duration:      1 duration_time:0.0333673 fmt:yuv411p cl:topleft sar:8/9 s:720x480 i:B iskey:0 type:? checksum:7D8C6322 plane_checksum:[984FBAE0 7DDF7B41 2F202CF2] mean:[156 140 123] stdev:[51.0 26.4 13.7]
[Parsed_showinfo_1 @ 0x95f034f00] [info] color_range:unknown color_space:unknown color_primaries:unknown color_trc:unknown
[Parsed_showinfo_1 @ 0x95f034f00] [info] n: 105 pts:    105 pts_time:3.503567 duration:      1 duration_time:0.0333673 fmt:yuv411p cl:topleft sar:8/9 s:720x480 i:B iskey:0 type:? checksum:FE8CE363 plane_checksum:[CEF26300 E8D85B1E E2F32545] mean:[156 140 123] stdev:[51.0 26.5 13.8]
[Parsed_showinfo_1 @ 0x95f034f00] [info] color_range:unknown color_space:unknown color_primaries:unknown color_trc:unknown
[Parsed_showinfo_1 @ 0x95f034f00] [info] n: 106 pts:    106 pts_time:3.536934 duration:      1 duration_time:0.0333673 fmt:yuv411p cl:topleft sar:8/9 s:720x480 i:B iskey:0 type:? checksum:2C37AA60 plane_checksum:[E223CC07 41EF7980 688464CA] mean:[156 140 123] stdev:[50.9 26.6 13.8]
[Parsed_showinfo_1 @ 0x95f034f00] [info] color_range:unknown color_space:unknown color_primaries:unknown color_trc:unknown
[Parsed_showinfo_1 @ 0x95f034f00] [info] n: 107 pts:    107 pts_time:3.570301 duration:      1 duration_time:0.0333673 fmt:yuv411p cl:topleft sar:8/9 s:720x480 i:B iskey:0 type:? checksum:B5AFFBEC plane_checksum:[09C73A44 18EE504B 3155715D] mean:[156 140 123] stdev:[51.0 26.8 13.8]
[Parsed_showinfo_1 @ 0x95f034f00] [info] color_range:unknown color_space:unknown color_primaries:unknown color_trc:unknown
[Parsed_showinfo_1 @ 0x95f034f00] [info] n: 108 pts:    108 pts_time:3.603668 duration:      1 duration_time:0.0333673 fmt:yuv411p cl:topleft sar:8/9 s:720x480 i:B iskey:0 type:? checksum:7162CCD5 plane_checksum:[29250CD7 ACAE5F15 325E60E9] mean:[156 140 123] stdev:[51.1 26.9 13.9]
[Parsed_showinfo_1 @ 0x95f034f00] [info] color_range:unknown color_space:unknown color_primaries:unknown color_trc:unknown
[Parsed_showinfo_1 @ 0x95f034f00] [info] n: 109 pts:    109 pts_time:3.637036 duration:      1 duration_time:0.0333673 fmt:yuv411p cl:topleft sar:8/9 s:720x480 i:B iskey:0 type:? checksum:67EEE062 plane_checksum:[679F25C2 2E6249D1 B89970CF] mean:[156 140 123] stdev:[51.0 27.0 14.3]
[Parsed_showinfo_1 @ 0x95f034f00] [info] color_range:unknown color_space:unknown color_primaries:unknown color_trc:unknown
[Parsed_showinfo_1 @ 0x95f034f00] [info] n: 110 pts:    110 pts_time:3.670403 duration:      1 duration_time:0.0333673 fmt:yuv411p cl:topleft sar:8/9 s:720x480 i:B iskey:0 type:? checksum:DAA41298 plane_checksum:[A246A750 48302FC6 EB503B73] mean:[156 140 123] stdev:[50.9 26.9 14.3]
[Parsed_showinfo_1 @ 0x95f034f00] [info] color_range:unknown color_space:unknown color_primaries:unknown color_trc:unknown
[Parsed_showinfo_1 @ 0x95f034f00] [info] n: 111 pts:    111 pts_time:3.70377 duration:      1 duration_time:0.0333673 fmt:yuv411p cl:topleft sar:8/9 s:720x480 i:B iskey:0 type:? checksum:6A76BAD9 plane_checksum:[12704BAF FB71422C 1EA22CFE] mean:[156 140 123] stdev:[51.0 27.1 14.3]
[Parsed_showinfo_1 @ 0x95f034f00] [info] color_range:unknown color_space:unknown color_primaries:unknown color_trc:unknown
[Parsed_showinfo_1 @ 0x95f034f00] [info] n: 112 pts:    112 pts_time:3.737138 duration:      1 duration_time:0.0333673 fmt:yuv411p cl:topleft sar:8/9 s:720x480 i:B iskey:0 type:? checksum:0B780A4F plane_checksum:[1D10982B 183A257E 6ED04C97] mean:[156 140 123] stdev:[51.1 27.2 14.1]
[Parsed_showinfo_1 @ 0x95f034f00] [info] color_range:unknown color_space:unknown color_primaries:unknown color_trc:unknown
[Parsed_showinfo_1 @ 0x95f034f00] [info] n: 113 pts:    113 pts_time:3.770505 duration:      1 duration_time:0.0333673 fmt:yuv411p cl:topleft sar:8/9 s:720x480 i:B iskey:0 type:? checksum:648E565D plane_checksum:[867B6490 2D6F8C8D B6C36531] mean:[156 139 123] stdev:[51.0 27.5 14.2]
[Parsed_showinfo_1 @ 0x95f034f00] [info] color_range:unknown color_space:unknown color_primaries:unknown color_trc:unknown
[Parsed_showinfo_1 @ 0x95f034f00] [info] n: 114 pts:    114 pts_time:3.803872 duration:      1 duration_time:0.0333673 fmt:yuv411p cl:topleft sar:8/9 s:720x480 i:B iskey:0 type:? checksum:5145C7AD plane_checksum:[5F1CF42F 10704727 CEEB8C48] mean:[155 139 123] stdev:[51.0 27.5 14.7]
[Parsed_showinfo_1 @ 0x95f034f00] [info] color_range:unknown color_space:unknown color_primaries:unknown color_trc:unknown
[Parsed_showinfo_1 @ 0x95f034f00] [info] n: 115 pts:    115 pts_time:3.83724 duration:      1 duration_time:0.0333673 fmt:yuv411p cl:topleft sar:8/9 s:720x480 i:B iskey:0 type:? checksum:89A4DC4E plane_checksum:[B58F9D51 CE5A1441 E1172ABC] mean:[154 140 123] stdev:[51.0 27.0 14.6]
[Parsed_showinfo_1 @ 0x95f034f00] [info] color_range:unknown color_space:unknown color_primaries:unknown color_trc:unknown
[Parsed_showinfo_1 @ 0x95f034f00] [info] n: 116 pts:    116 pts_time:3.870607 duration:      1 duration_time:0.0333673 fmt:yuv411p cl:topleft sar:8/9 s:720x480 i:B iskey:0 type:? checksum:FCE945BF plane_checksum:[9BA7DBA6 A2F28BB5 3023DE46] mean:[153 140 123] stdev:[51.0 26.8 14.4]
[Parsed_showinfo_1 @ 0x95f034f00] [info] color_range:unknown color_space:unknown color_primaries:unknown color_trc:unknown
[Parsed_showinfo_1 @ 0x95f034f00] [info] n: 117 pts:    117 pts_time:3.903974 duration:      1 duration_time:0.0333673 fmt:yuv411p cl:topleft sar:8/9 s:720x480 i:B iskey:0 type:? checksum:987B288C plane_checksum:[FB907AA0 2E3CF821 EE1AB5AD] mean:[153 140 123] stdev:[50.9 26.9 14.3]
[Parsed_showinfo_1 @ 0x95f034f00] [info] color_range:unknown color_space:unknown color_primaries:unknown color_trc:unknown
[Parsed_showinfo_1 @ 0x95f034f00] [info] n: 118 pts:    118 pts_time:3.937341 duration:      1 duration_time:0.0333673 fmt:yuv411p cl:topleft sar:8/9 s:720x480 i:B iskey:0 type:? checksum:991FF0F1 plane_checksum:[61832161 58744530 D31D8A60] mean:[152 140 123] stdev:[50.9 27.0 14.3]
[Parsed_showinfo_1 @ 0x95f034f00] [info] color_range:unknown color_space:unknown color_primaries:unknown color_trc:unknown
[Parsed_showinfo_1 @ 0x95f034f00] [info] n: 119 pts:    119 pts_time:3.970709 duration:      1 duration_time:0.0333673 fmt:yuv411p cl:topleft sar:8/9 s:720x480 i:B iskey:0 type:? checksum:BB5BE1AC plane_checksum:[36C0FBC3 FD857545 EF457095] mean:[152 141 122] stdev:[50.9 27.0 14.6]
[Parsed_showinfo_1 @ 0x95f034f00] [info] color_range:unknown color_space:unknown color_primaries:unknown color_trc:unknown
[Parsed_showinfo_1 @ 0x95f034f00] [info] n: 120 pts:    120 pts_time:4.004076 duration:      1 duration_time:0.0333673 fmt:yuv411p cl:topleft sar:8/9 s:720x480 i:B iskey:0 type:? checksum:7B3BBD32 plane_checksum:[5B500554 CFD94E2A 982369B4] mean:[152 141 122] stdev:[50.8 27.2 14.6]
[Parsed_showinfo_1 @ 0x95f034f00] [info] color_range:unknown color_space:unknown color_primaries:unknown color_trc:unknown
[Parsed_showinfo_1 @ 0x95f034f00] [info] n: 121 pts:    121 pts_time:4.037443 duration:      1 duration_time:0.0333673 fmt:yuv411p cl:topleft sar:8/9 s:720x480 i:B iskey:0 type:? checksum:4857B416 plane_checksum:[85DB73D2 A84FF38A 3E184CAB] mean:[153 140 122] stdev:[50.9 28.0 14.7]
[Parsed_showinfo_1 @ 0x95f034f00] [info] color_range:unknown color_space:unknown color_primaries:unknown color_trc:unknown
[Parsed_showinfo_1 @ 0x95f034f00] [info] n: 122 pts:    122 pts_time:4.070811 duration:      1 duration_time:0.0333673 fmt:yuv411p cl:topleft sar:8/9 s:720x480 i:B iskey:0 type:? checksum:1D321286 plane_checksum:[349B0AFD A9A25B69 779BAC11] mean:[153 140 123] stdev:[51.0 28.5 14.8]
[Parsed_showinfo_1 @ 0x95f034f00] [info] color_range:unknown color_space:unknown color_primaries:unknown color_trc:unknown
[Parsed_showinfo_1 @ 0x95f034f00] [info] n: 123 pts:    123 pts_time:4.104178 duration:      1 duration_time:0.0333673 fmt:yuv411p cl:topleft sar:8/9 s:720x480 i:B iskey:0 type:? checksum:406B7E80 plane_checksum:[FAA9D87C 1571A6F0 7A25FEF6] mean:[154 139 123] stdev:[51.0 28.9 15.1]
[Parsed_showinfo_1 @ 0x95f034f00] [info] color_range:unknown color_space:unknown color_primaries:unknown color_trc:unknown
[Parsed_showinfo_1 @ 0x95f034f00] [info] n: 124 pts:    124 pts_time:4.137545 duration:      1 duration_time:0.0333673 fmt:yuv411p cl:topleft sar:8/9 s:720x480 i:B iskey:0 type:? checksum:24F74C1B plane_checksum:[6D9A3272 2AABBD38 38515C62] mean:[154 139 123] stdev:[51.0 29.3 15.0]
[Parsed_showinfo_1 @ 0x95f034f00] [info] color_range:unknown color_space:unknown color_primaries:unknown color_trc:unknown
[Parsed_showinfo_1 @ 0x95f034f00] [info] n: 125 pts:    125 pts_time:4.170913 duration:      1 duration_time:0.0333673 fmt:yuv411p cl:topleft sar:8/9 s:720x480 i:B iskey:0 type:? checksum:65195949 plane_checksum:[32FBDF58 8EF98F9A 783AEA39] mean:[154 138 124] stdev:[50.9 29.7 15.1]
[Parsed_showinfo_1 @ 0x95f034f00] [info] color_range:unknown color_space:unknown color_primaries:unknown color_trc:unknown
[Parsed_showinfo_1 @ 0x95f034f00] [info] n: 126 pts:    126 pts_time:4.20428 duration:      1 duration_time:0.0333673 fmt:yuv411p cl:topleft sar:8/9 s:720x480 i:B iskey:0 type:? checksum:83A7A9FA plane_checksum:[875F1578 90794ABD C09D49C5] mean:[154 137 124] stdev:[50.8 29.4 15.4]
[Parsed_showinfo_1 @ 0x95f034f00] [info] color_range:unknown color_space:unknown color_primaries:unknown color_trc:unknown
[Parsed_showinfo_1 @ 0x95f034f00] [info] n: 127 pts:    127 pts_time:4.237647 duration:      1 duration_time:0.0333673 fmt:yuv411p cl:topleft sar:8/9 s:720x480 i:B iskey:0 type:? checksum:235ADA78 plane_checksum:[1246AB00 D540BCED C292727C] mean:[153 138 124] stdev:[50.9 29.3 15.5]
[Parsed_showinfo_1 @ 0x95f034f00] [info] color_range:unknown color_space:unknown color_primaries:unknown color_trc:unknown
[Parsed_showinfo_1 @ 0x95f034f00] [info] n: 128 pts:    128 pts_time:4.271014 duration:      1 duration_time:0.0333673 fmt:yuv411p cl:topleft sar:8/9 s:720x480 i:B iskey:0 type:? checksum:3AFAC31A plane_checksum:[B2CA1313 89588139 51AE2ECE] mean:[152 138 124] stdev:[51.0 28.8 15.2]
[Parsed_showinfo_1 @ 0x95f034f00] [info] color_range:unknown color_space:unknown color_primaries:unknown color_trc:unknown
[Parsed_showinfo_1 @ 0x95f034f00] [info] n: 129 pts:    129 pts_time:4.304382 duration:      1 duration_time:0.0333673 fmt:yuv411p cl:topleft sar:8/9 s:720x480 i:B iskey:0 type:? checksum:5A8ED1D6 plane_checksum:[5FDF2D40 85DCD57F 4942CF08] mean:[151 139 123] stdev:[50.9 28.7 15.3]
[Parsed_showinfo_1 @ 0x95f034f00] [info] color_range:unknown color_space:unknown color_primaries:unknown color_trc:unknown
[Parsed_showinfo_1 @ 0x95f034f00] [info] n: 130 pts:    130 pts_time:4.337749 duration:      1 duration_time:0.0333673 fmt:yuv411p cl:topleft sar:8/9 s:720x480 i:B iskey:0 type:? checksum:56AE9120 plane_checksum:[697E927A A09B593E D9B3A559] mean:[150 139 123] stdev:[51.0 28.4 15.4]
[Parsed_showinfo_1 @ 0x95f034f00] [info] color_range:unknown color_space:unknown color_primaries:unknown color_trc:unknown
[Parsed_showinfo_1 @ 0x95f034f00] [info] n: 131 pts:    131 pts_time:4.371116 duration:      1 duration_time:0.0333673 fmt:yuv411p cl:topleft sar:8/9 s:720x480 i:B iskey:0 type:? checksum:C66B5806 plane_checksum:[C30F9482 A1C47F66 D7A2440F] mean:[149 139 123] stdev:[51.0 28.2 15.6]
[Parsed_showinfo_1 @ 0x95f034f00] [info] color_range:unknown color_space:unknown color_primaries:unknown color_trc:unknown
[Parsed_showinfo_1 @ 0x95f034f00] [info] n: 132 pts:    132 pts_time:4.404484 duration:      1 duration_time:0.0333673 fmt:yuv411p cl:topleft sar:8/9 s:720x480 i:B iskey:0 type:? checksum:B1A0591A plane_checksum:[30FA4442 9A0E0A38 B6270AA0] mean:[148 140 123] stdev:[51.0 27.8 15.5]
[Parsed_showinfo_1 @ 0x95f034f00] [info] color_range:unknown color_space:unknown color_primaries:unknown color_trc:unknown
[Parsed_showinfo_1 @ 0x95f034f00] [info] n: 133 pts:    133 pts_time:4.437851 duration:      1 duration_time:0.0333673 fmt:yuv411p cl:topleft sar:8/9 s:720x480 i:B iskey:0 type:? checksum:44189B00 plane_checksum:[D4CC31B7 775689DF 9E93DF5B] mean:[148 140 123] stdev:[50.9 27.5 15.5]
[Parsed_showinfo_1 @ 0x95f034f00] [info] color_range:unknown color_space:unknown color_primaries:unknown color_trc:unknown
[Parsed_showinfo_1 @ 0x95f034f00] [info] n: 134 pts:    134 pts_time:4.471218 duration:      1 duration_time:0.0333673 fmt:yuv411p cl:topleft sar:8/9 s:720x480 i:B iskey:0 type:? checksum:3B4BC19F plane_checksum:[43D95896 5FBED62A 7A0F92D0] mean:[148 140 123] stdev:[50.8 27.1 15.2]
[Parsed_showinfo_1 @ 0x95f034f00] [info] color_range:unknown color_space:unknown color_primaries:unknown color_trc:unknown
[Parsed_showinfo_1 @ 0x95f034f00] [info] n: 135 pts:    135 pts_time:4.504586 duration:      1 duration_time:0.0333673 fmt:yuv411p cl:topleft sar:8/9 s:720x480 i:B iskey:0 type:? checksum:DFBCF922 plane_checksum:[AE586567 2A1C2D44 21776677] mean:[148 140 122] stdev:[50.6 27.3 15.0]
[Parsed_showinfo_1 @ 0x95f034f00] [info] color_range:unknown color_space:unknown color_primaries:unknown color_trc:unknown
[Parsed_showinfo_1 @ 0x95f034f00] [info] n: 136 pts:    136 pts_time:4.537953 duration:      1 duration_time:0.0333673 fmt:yuv411p cl:topleft sar:8/9 s:720x480 i:B iskey:0 type:? checksum:523391E5 plane_checksum:[9A551205 C9B225D8 C5AB5A08] mean:[147 140 122] stdev:[50.7 27.4 14.9]
[Parsed_showinfo_1 @ 0x95f034f00] [info] color_range:unknown color_space:unknown color_primaries:unknown color_trc:unknown
[Parsed_showinfo_1 @ 0x95f034f00] [info] n: 137 pts:    137 pts_time:4.57132 duration:      1 duration_time:0.0333673 fmt:yuv411p cl:topleft sar:8/9 s:720x480 i:B iskey:0 type:? checksum:338071FC plane_checksum:[272421D1 5A38F1B4 EA6E5E68] mean:[147 140 122] stdev:[50.7 27.6 15.2]
[Parsed_showinfo_1 @ 0x95f034f00] [info] color_range:unknown color_space:unknown color_primaries:unknown color_trc:unknown
[Parsed_showinfo_1 @ 0x95f034f00] [info] n: 138 pts:    138 pts_time:4.604687 duration:      1 duration_time:0.0333673 fmt:yuv411p cl:topleft sar:8/9 s:720x480 i:B iskey:0 type:? checksum:007CB0EC plane_checksum:[8607BEAB 42B476E3 6BD27B4F] mean:[147 140 122] stdev:[50.6 28.0 15.4]
[Parsed_showinfo_1 @ 0x95f034f00] [info] color_range:unknown color_space:unknown color_primaries:unknown color_trc:unknown
[Parsed_showinfo_1 @ 0x95f034f00] [info] n: 139 pts:    139 pts_time:4.638055 duration:      1 duration_time:0.0333673 fmt:yuv411p cl:topleft sar:8/9 s:720x480 i:B iskey:0 type:? checksum:662D54EF plane_checksum:[F3ED7B31 B0FB0B20 F8A8CE8F] mean:[146 140 123] stdev:[50.4 28.8 15.5]
[Parsed_showinfo_1 @ 0x95f034f00] [info] color_range:unknown color_space:unknown color_primaries:unknown color_trc:unknown
[Parsed_showinfo_1 @ 0x95f034f00] [info] n: 140 pts:    140 pts_time:4.671422 duration:      1 duration_time:0.0333673 fmt:yuv411p cl:topleft sar:8/9 s:720x480 i:B iskey:0 type:? checksum:F1206CB5 plane_checksum:[A052772A 62F31D5F C23DD81D] mean:[145 140 123] stdev:[50.3 28.3 15.6]
[Parsed_showinfo_1 @ 0x95f034f00] [info] color_range:unknown color_space:unknown color_primaries:unknown color_trc:unknown
[Parsed_showinfo_1 @ 0x95f034f00] [info] n: 141 pts:    141 pts_time:4.704789 duration:      1 duration_time:0.0333673 fmt:yuv411p cl:topleft sar:8/9 s:720x480 i:B iskey:0 type:? checksum:BE132184 plane_checksum:[9DE9D52E 4D23C2CC 9890896C] mean:[144 140 123] stdev:[50.2 27.8 15.6]
[Parsed_showinfo_1 @ 0x95f034f00] [info] color_range:unknown color_space:unknown color_primaries:unknown color_trc:unknown
[Parsed_showinfo_1 @ 0x95f034f00] [info] n: 142 pts:    142 pts_time:4.738157 duration:      1 duration_time:0.0333673 fmt:yuv411p cl:topleft sar:8/9 s:720x480 i:B iskey:0 type:? checksum:72B576E2 plane_checksum:[EE1E0CFA A44E290B 848340DD] mean:[144 140 122] stdev:[50.1 27.9 15.7]
[Parsed_showinfo_1 @ 0x95f034f00] [info] color_range:unknown color_space:unknown color_primaries:unknown color_trc:unknown
[Parsed_showinfo_1 @ 0x95f034f00] [info] n: 143 pts:    143 pts_time:4.771524 duration:      1 duration_time:0.0333673 fmt:yuv411p cl:topleft sar:8/9 s:720x480 i:B iskey:0 type:? checksum:194F3359 plane_checksum:[D8F5C07D BF1743FA D3C02ED3] mean:[144 140 122] stdev:[50.1 28.0 15.7]
[Parsed_showinfo_1 @ 0x95f034f00] [info] color_range:unknown color_space:unknown color_primaries:unknown color_trc:unknown
[Parsed_showinfo_1 @ 0x95f034f00] [info] n: 144 pts:    144 pts_time:4.804891 duration:      1 duration_time:0.0333673 fmt:yuv411p cl:topleft sar:8/9 s:720x480 i:B iskey:0 type:? checksum:20E57AB2 plane_checksum:[6BB72CB8 F8993AB8 8DF51342] mean:[144 140 122] stdev:[50.1 27.8 15.8]
[Parsed_showinfo_1 @ 0x95f034f00] [info] color_range:unknown color_space:unknown color_primaries:unknown color_trc:unknown
[Parsed_showinfo_1 @ 0x95f034f00] [info] n: 145 pts:    145 pts_time:4.838259 duration:      1 duration_time:0.0333673 fmt:yuv411p cl:topleft sar:8/9 s:720x480 i:B iskey:0 type:? checksum:101854E2 plane_checksum:[9D1B29F2 BB8B0469 61442687] mean:[144 140 122] stdev:[50.0 27.7 15.5]
[Parsed_showinfo_1 @ 0x95f034f00] [info] color_range:unknown color_space:unknown color_primaries:unknown color_trc:unknown
[Parsed_showinfo_1 @ 0x95f034f00] [info] n: 146 pts:    146 pts_time:4.871626 duration:      1 duration_time:0.0333673 fmt:yuv411p cl:topleft sar:8/9 s:720x480 i:B iskey:0 type:? checksum:736C2F9D plane_checksum:[A13D2D04 7D19CDDE BF2834AC] mean:[144 140 122] stdev:[49.8 28.2 15.5]
[Parsed_showinfo_1 @ 0x95f034f00] [info] color_range:unknown color_space:unknown color_primaries:unknown color_trc:unknown
[Parsed_showinfo_1 @ 0x95f034f00] [info] n: 147 pts:    147 pts_time:4.904993 duration:      1 duration_time:0.0333673 fmt:yuv411p cl:topleft sar:8/9 s:720x480 i:B iskey:0 type:? checksum:97FE593C plane_checksum:[7BC36D63 C00E833A 51266890] mean:[143 140 122] stdev:[49.7 28.6 15.6]
[Parsed_showinfo_1 @ 0x95f034f00] [info] color_range:unknown color_space:unknown color_primaries:unknown color_trc:unknown
[Parsed_showinfo_1 @ 0x95f034f00] [info] n: 148 pts:    148 pts_time:4.93836 duration:      1 duration_time:0.0333673 fmt:yuv411p cl:topleft sar:8/9 s:720x480 i:B iskey:0 type:? checksum:CB748F33 plane_checksum:[6DBCAFEC 5D8EB303 435F2C35] mean:[143 140 122] stdev:[49.6 28.1 15.4]
[Parsed_showinfo_1 @ 0x95f034f00] [info] color_range:unknown color_space:unknown color_primaries:unknown color_trc:unknown
[Parsed_showinfo_1 @ 0x95f034f00] [info] n: 149 pts:    149 pts_time:4.971728 duration:      1 duration_time:0.0333673 fmt:yuv411p cl:topleft sar:8/9 s:720x480 i:B iskey:0 type:? checksum:5F4C0CB8 plane_checksum:[E2030C2A 49230E6A B8BEF215] mean:[142 140 122] stdev:[49.3 27.8 15.4]
[Parsed_showinfo_1 @ 0x95f034f00] [info] color_range:unknown color_space:unknown color_primaries:unknown color_trc:unknown
[Parsed_showinfo_1 @ 0x95f034f00] [info] n: 150 pts:    150 pts_time:5.005095 duration:      1 duration_time:0.0333673 fmt:yuv411p cl:topleft sar:8/9 s:720x480 i:B iskey:0 type:? checksum:9E3FFB4D plane_checksum:[383379D9 E5386C02 861C1572] mean:[143 141 122] stdev:[49.4 28.1 15.8]
[Parsed_showinfo_1 @ 0x95f034f00] [info] color_range:unknown color_space:unknown color_primaries:unknown color_trc:unknown
[Parsed_showinfo_1 @ 0x95f034f00] [info] n: 151 pts:    151 pts_time:5.038462 duration:      1 duration_time:0.0333673 fmt:yuv411p cl:topleft sar:8/9 s:720x480 i:B iskey:0 type:? checksum:2B694270 plane_checksum:[1BA4D308 DE9462AE 77E10CAB] mean:[143 141 122] stdev:[49.3 28.1 16.0]
[Parsed_showinfo_1 @ 0x95f034f00] [info] color_range:unknown color_space:unknown color_primaries:unknown color_trc:unknown
[Parsed_showinfo_1 @ 0x95f034f00] [info] n: 152 pts:    152 pts_time:5.07183 duration:      1 duration_time:0.0333673 fmt:yuv411p cl:topleft sar:8/9 s:720x480 i:B iskey:0 type:? checksum:5F7EC0E3 plane_checksum:[ED9DFB80 33DBB316 8958123E] mean:[142 141 122] stdev:[49.2 28.1 15.8]
[Parsed_showinfo_1 @ 0x95f034f00] [info] color_range:unknown color_space:unknown color_primaries:unknown color_trc:unknown
[Parsed_showinfo_1 @ 0x95f034f00] [info] n: 153 pts:    153 pts_time:5.105197 duration:      1 duration_time:0.0333673 fmt:yuv411p cl:topleft sar:8/9 s:720x480 i:B iskey:0 type:? checksum:45AD2F67 plane_checksum:[D0E74BBB B9061E58 9A8FC545] mean:[142 141 122] stdev:[49.5 27.7 15.7]
[Parsed_showinfo_1 @ 0x95f034f00] [info] color_range:unknown color_space:unknown color_primaries:unknown color_trc:unknown
[Parsed_showinfo_1 @ 0x95f034f00] [info] n: 154 pts:    154 pts_time:5.138564 duration:      1 duration_time:0.0333673 fmt:yuv411p cl:topleft sar:8/9 s:720x480 i:B iskey:0 type:? checksum:F63B44E5 plane_checksum:[A56A3812 EE264C9E 0A04C026] mean:[142 141 122] stdev:[49.5 27.4 15.8]
[Parsed_showinfo_1 @ 0x95f034f00] [info] color_range:unknown color_space:unknown color_primaries:unknown color_trc:unknown
[Parsed_showinfo_1 @ 0x95f034f00] [info] n: 155 pts:    155 pts_time:5.171932 duration:      1 duration_time:0.0333673 fmt:yuv411p cl:topleft sar:8/9 s:720x480 i:B iskey:0 type:? checksum:E2FBE0F9 plane_checksum:[ED51CBEC F5206F35 422FA5C9] mean:[142 141 122] stdev:[49.5 27.6 15.9]
[Parsed_showinfo_1 @ 0x95f034f00] [info] color_range:unknown color_space:unknown color_primaries:unknown color_trc:unknown
[Parsed_showinfo_1 @ 0x95f034f00] [info] n: 156 pts:    156 pts_time:5.205299 duration:      1 duration_time:0.0333673 fmt:yuv411p cl:topleft sar:8/9 s:720x480 i:B iskey:0 type:? checksum:2DF94AC7 plane_checksum:[6CAFB64F D7DBFE08 438A9652] mean:[141 141 122] stdev:[49.7 27.5 15.9]
[Parsed_showinfo_1 @ 0x95f034f00] [info] color_range:unknown color_space:unknown color_primaries:unknown color_trc:unknown
[Parsed_showinfo_1 @ 0x95f034f00] [info] n: 157 pts:    157 pts_time:5.238666 duration:      1 duration_time:0.0333673 fmt:yuv411p cl:topleft sar:8/9 s:720x480 i:B iskey:0 type:? checksum:10FBAF95 plane_checksum:[FE5A796C 5064CDCE 3EEC684C] mean:[141 141 122] stdev:[49.8 27.6 15.7]
[Parsed_showinfo_1 @ 0x95f034f00] [info] color_range:unknown color_space:unknown color_primaries:unknown color_trc:unknown
[Parsed_showinfo_1 @ 0x95f034f00] [info] n: 158 pts:    158 pts_time:5.272033 duration:      1 duration_time:0.0333673 fmt:yuv411p cl:topleft sar:8/9 s:720x480 i:B iskey:0 type:? checksum:D5D910A7 plane_checksum:[34773679 AA5857E0 E6E5823F] mean:[141 141 122] stdev:[49.8 27.6 15.9]
[Parsed_showinfo_1 @ 0x95f034f00] [info] color_range:unknown color_space:unknown color_primaries:unknown color_trc:unknown
[Parsed_showinfo_1 @ 0x95f034f00] [info] n: 159 pts:    159 pts_time:5.305401 duration:      1 duration_time:0.0333673 fmt:yuv411p cl:topleft sar:8/9 s:720x480 i:B iskey:0 type:? checksum:D63459DE plane_checksum:[B813CCCE 7578103A 20A27CC7] mean:[141 140 122] stdev:[49.6 27.8 16.1]
[Parsed_showinfo_1 @ 0x95f034f00] [info] color_range:unknown color_space:unknown color_primaries:unknown color_trc:unknown
[Parsed_showinfo_1 @ 0x95f034f00] [info] n: 160 pts:    160 pts_time:5.338768 duration:      1 duration_time:0.0333673 fmt:yuv411p cl:topleft sar:8/9 s:720x480 i:B iskey:0 type:? checksum:EFA8D8C3 plane_checksum:[00465FD2 EC92E565 1D44937D] mean:[140 140 122] stdev:[49.5 28.1 16.1]
[Parsed_showinfo_1 @ 0x95f034f00] [info] color_range:unknown color_space:unknown color_primaries:unknown color_trc:unknown
[Parsed_showinfo_1 @ 0x95f034f00] [info] n: 161 pts:    161 pts_time:5.372135 duration:      1 duration_time:0.0333673 fmt:yuv411p cl:topleft sar:8/9 s:720x480 i:B iskey:0 type:? checksum:7C67F681 plane_checksum:[6B777C38 28B3ECBC E9858D7E] mean:[140 140 122] stdev:[49.4 28.5 16.2]
[Parsed_showinfo_1 @ 0x95f034f00] [info] color_range:unknown color_space:unknown color_primaries:unknown color_trc:unknown
[Parsed_showinfo_1 @ 0x95f034f00] [info] n: 162 pts:    162 pts_time:5.405503 duration:      1 duration_time:0.0333673 fmt:yuv411p cl:topleft sar:8/9 s:720x480 i:B iskey:0 type:? checksum:026B5D2A plane_checksum:[B970254F 3091BAD3 6B8C7CF9] mean:[140 140 122] stdev:[49.3 28.5 16.3]
[Parsed_showinfo_1 @ 0x95f034f00] [info] color_range:unknown color_space:unknown color_primaries:unknown color_trc:unknown
[Parsed_showinfo_1 @ 0x95f034f00] [info] n: 163 pts:    163 pts_time:5.43887 duration:      1 duration_time:0.0333673 fmt:yuv411p cl:topleft sar:8/9 s:720x480 i:B iskey:0 type:? checksum:9AAD2132 plane_checksum:[03EFA575 A4BBF719 54778486] mean:[139 140 122] stdev:[49.1 28.4 16.4]
[Parsed_showinfo_1 @ 0x95f034f00] [info] color_range:unknown color_space:unknown color_primaries:unknown color_trc:unknown
[Parsed_showinfo_1 @ 0x95f034f00] [info] n: 164 pts:    164 pts_time:5.472237 duration:      1 duration_time:0.0333673 fmt:yuv411p cl:topleft sar:8/9 s:720x480 i:B iskey:0 type:? checksum:92EDB738 plane_checksum:[B2AC3B22 83551624 67A365F2] mean:[139 140 122] stdev:[49.1 28.5 16.5]
[Parsed_showinfo_1 @ 0x95f034f00] [info] color_range:unknown color_space:unknown color_primaries:unknown color_trc:unknown
[Parsed_showinfo_1 @ 0x95f034f00] [info] n: 165 pts:    165 pts_time:5.505605 duration:      1 duration_time:0.0333673 fmt:yuv411p cl:topleft sar:8/9 s:720x480 i:B iskey:0 type:? checksum:117BE8C3 plane_checksum:[DA7E263D 535239DB 730088AB] mean:[139 140 122] stdev:[49.0 29.1 16.4]
[Parsed_showinfo_1 @ 0x95f034f00] [info] color_range:unknown color_space:unknown color_primaries:unknown color_trc:unknown
[Parsed_showinfo_1 @ 0x95f034f00] [info] n: 166 pts:    166 pts_time:5.538972 duration:      1 duration_time:0.0333673 fmt:yuv411p cl:topleft sar:8/9 s:720x480 i:B iskey:0 type:? checksum:452533DD plane_checksum:[02E5EF4A 248C959C 4C32AED9] mean:[139 141 122] stdev:[49.2 29.3 16.5]
[Parsed_showinfo_1 @ 0x95f034f00] [info] color_range:unknown color_space:unknown color_primaries:unknown color_trc:unknown
[Parsed_showinfo_1 @ 0x95f034f00] [info] n: 167 pts:    167 pts_time:5.572339 duration:      1 duration_time:0.0333673 fmt:yuv411p cl:topleft sar:8/9 s:720x480 i:B iskey:0 type:? checksum:E4BCA2E8 plane_checksum:[4B094CFA 66FCEFE8 3A3565F7] mean:[139 141 122] stdev:[49.3 29.3 16.3]
[Parsed_showinfo_1 @ 0x95f034f00] [info] color_range:unknown color_space:unknown color_primaries:unknown color_trc:unknown
[Parsed_showinfo_1 @ 0x95f034f00] [info] n: 168 pts:    168 pts_time:5.605706 duration:      1 duration_time:0.0333673 fmt:yuv411p cl:topleft sar:8/9 s:720x480 i:B iskey:0 type:? checksum:269E194C plane_checksum:[852815D3 0BBAE012 D2352358] mean:[139 141 121] stdev:[49.3 29.2 16.2]
[Parsed_showinfo_1 @ 0x95f034f00] [info] color_range:unknown color_space:unknown color_primaries:unknown color_trc:unknown
[Parsed_showinfo_1 @ 0x95f034f00] [info] n: 169 pts:    169 pts_time:5.639074 duration:      1 duration_time:0.0333673 fmt:yuv411p cl:topleft sar:8/9 s:720x480 i:B iskey:0 type:? checksum:9FBB04E0 plane_checksum:[BE2370C7 6759D34D 00C0C0AE] mean:[139 141 121] stdev:[49.3 29.2 16.3]
[Parsed_showinfo_1 @ 0x95f034f00] [info] color_range:unknown color_space:unknown color_primaries:unknown color_trc:unknown
[Parsed_showinfo_1 @ 0x95f034f00] [info] n: 170 pts:    170 pts_time:5.672441 duration:      1 duration_time:0.0333673 fmt:yuv411p cl:topleft sar:8/9 s:720x480 i:B iskey:0 type:? checksum:76765CB8 plane_checksum:[C674CE2F F8C0C418 22DECA53] mean:[139 141 121] stdev:[49.3 29.2 16.3]
[Parsed_showinfo_1 @ 0x95f034f00] [info] color_range:unknown color_space:unknown color_primaries:unknown color_trc:unknown
[Parsed_showinfo_1 @ 0x95f034f00] [info] n: 171 pts:    171 pts_time:5.705808 duration:      1 duration_time:0.0333673 fmt:yuv411p cl:topleft sar:8/9 s:720x480 i:B iskey:0 type:? checksum:935000B3 plane_checksum:[94C3F033 D64117B0 3475F8B2] mean:[139 141 121] stdev:[49.4 29.0 15.8]
[Parsed_showinfo_1 @ 0x95f034f00] [info] color_range:unknown color_space:unknown color_primaries:unknown color_trc:unknown
[Parsed_showinfo_1 @ 0x95f034f00] [info] n: 172 pts:    172 pts_time:5.739176 duration:      1 duration_time:0.0333673 fmt:yuv411p cl:topleft sar:8/9 s:720x480 i:B iskey:0 type:? checksum:3C6DE3A3 plane_checksum:[AB5CC418 D6FB1A05 8A610586] mean:[139 141 121] stdev:[49.4 28.5 15.6]
[Parsed_showinfo_1 @ 0x95f034f00] [info] color_range:unknown color_space:unknown color_primaries:unknown color_trc:unknown
[Parsed_showinfo_1 @ 0x95f034f00] [info] n: 173 pts:    173 pts_time:5.772543 duration:      1 duration_time:0.0333673 fmt:yuv411p cl:topleft sar:8/9 s:720x480 i:B iskey:0 type:? checksum:D41BCC58 plane_checksum:[7D80DA7B F2A70F7A C6B2E254] mean:[139 141 121] stdev:[49.6 28.4 15.5]
[Parsed_showinfo_1 @ 0x95f034f00] [info] color_range:unknown color_space:unknown color_primaries:unknown color_trc:unknown
[Parsed_showinfo_1 @ 0x95f034f00] [info] n: 174 pts:    174 pts_time:5.80591 duration:      1 duration_time:0.0333673 fmt:yuv411p cl:topleft sar:8/9 s:720x480 i:B iskey:0 type:? checksum:FE6CF04F plane_checksum:[19701E71 B778E5B2 9BE1EC1D] mean:[139 141 121] stdev:[49.7 28.1 15.5]
[Parsed_showinfo_1 @ 0x95f034f00] [info] color_range:unknown color_space:unknown color_primaries:unknown color_trc:unknown
[Parsed_showinfo_1 @ 0x95f034f00] [info] n: 175 pts:    175 pts_time:5.839278 duration:      1 duration_time:0.0333673 fmt:yuv411p cl:topleft sar:8/9 s:720x480 i:B iskey:0 type:? checksum:9F424F48 plane_checksum:[CEF49F8A 602FCB01 69D3E49F] mean:[139 141 121] stdev:[49.8 28.1 15.8]
[Parsed_showinfo_1 @ 0x95f034f00] [info] color_range:unknown color_space:unknown color_primaries:unknown color_trc:unknown
[Parsed_showinfo_1 @ 0x95f034f00] [info] n: 176 pts:    176 pts_time:5.872645 duration:      1 duration_time:0.0333673 fmt:yuv411p cl:topleft sar:8/9 s:720x480 i:B iskey:0 type:? checksum:3011E5E0 plane_checksum:[CAD813A3 D32FE51E FF27ED10] mean:[139 141 121] stdev:[49.8 28.3 15.8]
[Parsed_showinfo_1 @ 0x95f034f00] [info] color_range:unknown color_space:unknown color_primaries:unknown color_trc:unknown
[Parsed_showinfo_1 @ 0x95f034f00] [info] n: 177 pts:    177 pts_time:5.906012 duration:      1 duration_time:0.0333673 fmt:yuv411p cl:topleft sar:8/9 s:720x480 i:B iskey:0 type:? checksum:7D92C52D plane_checksum:[A6AAF041 C85DCD35 509607A8] mean:[140 141 121] stdev:[50.0 28.4 16.2]
[Parsed_showinfo_1 @ 0x95f034f00] [info] color_range:unknown color_space:unknown color_primaries:unknown color_trc:unknown
[Parsed_showinfo_1 @ 0x95f034f00] [info] n: 178 pts:    178 pts_time:5.939379 duration:      1 duration_time:0.0333673 fmt:yuv411p cl:topleft sar:8/9 s:720x480 i:B iskey:0 type:? checksum:AA967AC3 plane_checksum:[0DD093CE 7788C3DA 1B30230C] mean:[141 141 121] stdev:[50.3 28.6 16.2]
[Parsed_showinfo_1 @ 0x95f034f00] [info] color_range:unknown color_space:unknown color_primaries:unknown color_trc:unknown
[Parsed_showinfo_1 @ 0x95f034f00] [info] n: 179 pts:    179 pts_time:5.972747 duration:      1 duration_time:0.0333673 fmt:yuv411p cl:topleft sar:8/9 s:720x480 i:B iskey:0 type:? checksum:DA3CE674 plane_checksum:[D59FA973 0311D358 C0C2699A] mean:[141 141 122] stdev:[50.3 28.7 16.1]
[Parsed_showinfo_1 @ 0x95f034f00] [info] color_range:unknown color_space:unknown color_primaries:unknown color_trc:unknown
[Parsed_showinfo_1 @ 0x95f034f00] [info] n: 180 pts:    180 pts_time:6.006114 duration:      1 duration_time:0.0333673 fmt:yuv411p cl:topleft sar:8/9 s:720x480 i:B iskey:0 type:? checksum:2D66B037 plane_checksum:[47B24F95 E2283BF2 AB7C24B0] mean:[142 141 121] stdev:[50.4 28.7 15.8]
[Parsed_showinfo_1 @ 0x95f034f00] [info] color_range:unknown color_space:unknown color_primaries:unknown color_trc:unknown
[Parsed_showinfo_1 @ 0x95f034f00] [info] n: 181 pts:    181 pts_time:6.039481 duration:      1 duration_time:0.0333673 fmt:yuv411p cl:topleft sar:8/9 s:720x480 i:B iskey:0 type:? checksum:DAA0D1BC plane_checksum:[22966B4F FF0A4B0F C3AD1B5E] mean:[142 141 121] stdev:[50.4 29.0 16.0]
[Parsed_showinfo_1 @ 0x95f034f00] [info] color_range:unknown color_space:unknown color_primaries:unknown color_trc:unknown
[Parsed_showinfo_1 @ 0x95f034f00] [info] n: 182 pts:    182 pts_time:6.072849 duration:      1 duration_time:0.0333673 fmt:yuv411p cl:topleft sar:8/9 s:720x480 i:B iskey:0 type:? checksum:DE46922A plane_checksum:[B6623889 D6047654 77C4E33E] mean:[141 141 121] stdev:[50.4 29.2 16.0]
[Parsed_showinfo_1 @ 0x95f034f00] [info] color_range:unknown color_space:unknown color_primaries:unknown color_trc:unknown
[Parsed_showinfo_1 @ 0x95f034f00] [info] n: 183 pts:    183 pts_time:6.106216 duration:      1 duration_time:0.0333673 fmt:yuv411p cl:topleft sar:8/9 s:720x480 i:B iskey:0 type:? checksum:6E46F92E plane_checksum:[030559A4 EFBCE0D5 06A9BEA6] mean:[141 142 121] stdev:[50.3 29.1 16.3]
[Parsed_showinfo_1 @ 0x95f034f00] [info] color_range:unknown color_space:unknown color_primaries:unknown color_trc:unknown
[Parsed_showinfo_1 @ 0x95f034f00] [info] n: 184 pts:    184 pts_time:6.139583 duration:      1 duration_time:0.0333673 fmt:yuv411p cl:topleft sar:8/9 s:720x480 i:B iskey:0 type:? checksum:9CE8F470 plane_checksum:[E42F1CDB 20E4123C 2E9BC559] mean:[141 142 121] stdev:[50.4 28.9 16.2]
[Parsed_showinfo_1 @ 0x95f034f00] [info] color_range:unknown color_space:unknown color_primaries:unknown color_trc:unknown
[Parsed_showinfo_1 @ 0x95f034f00] [info] n: 185 pts:    185 pts_time:6.172951 duration:      1 duration_time:0.0333673 fmt:yuv411p cl:topleft sar:8/9 s:720x480 i:B iskey:0 type:? checksum:289F158E plane_checksum:[0041090B DFEE427D F2F8C9F7] mean:[142 142 121] stdev:[50.4 29.3 16.1]
[Parsed_showinfo_1 @ 0x95f034f00] [info] color_range:unknown color_space:unknown color_primaries:unknown color_trc:unknown
[Parsed_showinfo_1 @ 0x95f034f00] [info] n: 186 pts:    186 pts_time:6.206318 duration:      1 duration_time:0.0333673 fmt:yuv411p cl:topleft sar:8/9 s:720x480 i:B iskey:0 type:? checksum:E63D46C6 plane_checksum:[F226171C 22883D0F 6D16F28C] mean:[142 142 121] stdev:[50.6 29.3 16.2]
[Parsed_showinfo_1 @ 0x95f034f00] [info] color_range:unknown color_space:unknown color_primaries:unknown color_trc:unknown
[Parsed_showinfo_1 @ 0x95f034f00] [info] n: 187 pts:    187 pts_time:6.239685 duration:      1 duration_time:0.0333673 fmt:yuv411p cl:topleft sar:8/9 s:720x480 i:B iskey:0 type:? checksum:E63E7E9F plane_checksum:[543000A5 1F60842F 1D1FF9BC] mean:[142 142 121] stdev:[50.7 29.3 16.2]
[Parsed_showinfo_1 @ 0x95f034f00] [info] color_range:unknown color_space:unknown color_primaries:unknown color_trc:unknown
[Parsed_showinfo_1 @ 0x95f034f00] [info] n: 188 pts:    188 pts_time:6.273052 duration:      1 duration_time:0.0333673 fmt:yuv411p cl:topleft sar:8/9 s:720x480 i:B iskey:0 type:? checksum:91CDFAFD plane_checksum:[AAAD8089 5EC54A41 02433033] mean:[142 142 121] stdev:[50.7 29.3 16.2]
[Parsed_showinfo_1 @ 0x95f034f00] [info] color_range:unknown color_space:unknown color_primaries:unknown color_trc:unknown
[out#0/image2 @ 0x95f0349c0] [info] video:127673KiB audio:0KiB subtitle:0KiB other streams:0KiB global headers:0KiB muxing overhead: unknown
[info] frame=  189 fps= 87 q=-0.0 Lsize=N/A time=00:00:00.00 bitrate=N/A speed=   0x    
