[info] Input #0, rawvideo, from 'pipe:0':
[info]   Duration: N/A, start: 0.000000, bitrate: 4423 kb/s
[info]   Stream #0:0: Video: rawvideo (RGB[24] / 0x18424752), rgb24, 96x64, 4423 kb/s, 30 tbr, 30 tbn
[info] Input #1, lavfi, from 'anullsrc=r=48000:cl=stereo':
[info]   Duration: N/A, start: 0.000000, bitrate: 768 kb/s
[info]   Stream #1:0: Audio: pcm_u8, 48000 Hz, stereo, u8, 768 kb/s
[info] Stream mapping:
[info]   Stream #0:0 -> #0:0 (rawvideo (native) -> ffv1 (native))
[info]   Stream #1:0 -> #0:1 (pcm_u8 (native) -> pcm_s16le (native))
[info] Output #0, avi, to '/Users/admin/docs/911-worktrees/sherlock-wtc7-investigation/research/sherlock-wtc7-investigation/late-fire-catalog-join/control01/synthetic.avi':
[info]   Metadata:
[info]     ISFT            : Lavf61.7.100
[info]   Stream #0:0: Video: ffv1 (FFV1 / 0x31564646), bgr0(pc, gbr/unknown/unknown, progressive), 96x64 [SAR 4:3 DAR 2:1], q=2-31, 200 kb/s, 30 fps, 30 tbn
[info]       Metadata:
[info]         encoder         : Lavc61.19.101 ffv1
[info]   Stream #0:1: Audio: pcm_s16le ([1][0][0][0] / 0x0001), 48000 Hz, stereo, s16, 1536 kb/s
[info]       Metadata:
[info]         encoder         : Lavc61.19.101 pcm_s16le
[out#0/avi @ 0xc42c18600] [info] video:8KiB audio:836KiB subtitle:0KiB other streams:0KiB global headers:0KiB muxing overhead: 2.085984%
[info] frame=  125 fps=0.0 q=-0.0 Lsize=     861KiB time=00:00:04.16 bitrate=1693.3kbits/s speed= 230x    
