[aist#0:1/pcm_s16le @ 0xca5040480] [warning] Guessed Channel Layout: stereo
[info] Input #0, mov,mp4,m4a,3gp,3g2,mj2, from '/Users/admin/docs/911/research/wtc7-video-comparison/media/analysis-source/NIST Camera 2_CBS-Net Dub6 48 (Converted).mov':
[info]   Metadata:
[info]     major_brand     : qt  
[info]     minor_version   : 0
[info]     compatible_brands: qt  
[info]     creation_time   : 2019-04-10T23:22:40.000000Z
[info]     encoder         : Mac OS X v? (AVF 889.210, CM 1562.238, x86_64)
[info]     encoder-eng     : Mac OS X v? (AVF 889.210, CM 1562.238, x86_64)
[info]   Duration: 00:04:28.34, start: 0.000000, bitrate: 6225 kb/s
[info]   Stream #0:0[0x1](und): Video: h264 (High) (avc1 / 0x31637661), yuv420p(tv, smpte170m/smpte170m/bt709, progressive), 640x480 [SAR 1:1 DAR 4:3], 4687 kb/s, 29.97 fps, 29.97 tbr, 2997 tbn (default)
[info]       Metadata:
[info]         creation_time   : 2019-04-10T23:22:40.000000Z
[info]         handler_name    : Core Media Video
[info]         vendor_id       : [0][0][0][0]
[info]         encoder         : H.264
[info]   Stream #0:1[0x2](und): Audio: pcm_s16le (sowt / 0x74776F73), 48000 Hz, stereo, s16, 1536 kb/s (default)
[info]       Metadata:
[info]         creation_time   : 2019-04-10T23:22:40.000000Z
[info]         handler_name    : Core Media Audio
[info]         vendor_id       : [0][0][0][0]
[info] Stream mapping:
[info]   Stream #0:0 -> #0:0 (h264 (native) -> png (native))
[Parsed_showinfo_1 @ 0xca5057900] [info] config in time_base: 1/2997, frame_rate: 30000/1001
[Parsed_showinfo_1 @ 0xca5057900] [info] config out time_base: 0/0, frame_rate: 0/0
[swscaler @ 0xca2e2c000] [swscaler @ 0xca2f28000] [warning] No accelerated colorspace conversion found from yuv420p to rgb24.
[swscaler @ 0xca2e2c000] [swscaler @ 0xca2f38000] [warning] No accelerated colorspace conversion found from yuv420p to rgb24.
[swscaler @ 0xca2e2c000] [swscaler @ 0xca2f48000] [warning] No accelerated colorspace conversion found from yuv420p to rgb24.
[swscaler @ 0xca2e2c000] [swscaler @ 0xca2f58000] [warning] No accelerated colorspace conversion found from yuv420p to rgb24.
[swscaler @ 0xca2e2c000] [swscaler @ 0xca2f68000] [warning] No accelerated colorspace conversion found from yuv420p to rgb24.
[swscaler @ 0xca2e2c000] [swscaler @ 0xca2f78000] [warning] No accelerated colorspace conversion found from yuv420p to rgb24.
[swscaler @ 0xca2e2c000] [swscaler @ 0xca2f88000] [warning] No accelerated colorspace conversion found from yuv420p to rgb24.
[swscaler @ 0xca2e2c000] [swscaler @ 0xca2f98000] [warning] No accelerated colorspace conversion found from yuv420p to rgb24.
[swscaler @ 0xca2e2c000] [swscaler @ 0xca2fa8000] [warning] No accelerated colorspace conversion found from yuv420p to rgb24.
[swscaler @ 0xca2e2c000] [swscaler @ 0xca2280000] [warning] No accelerated colorspace conversion found from yuv420p to rgb24.
[swscaler @ 0xca2e2c000] [swscaler @ 0xca2290000] [warning] No accelerated colorspace conversion found from yuv420p to rgb24.
[swscaler @ 0xca2e2c000] [swscaler @ 0xca22a0000] [warning] No accelerated colorspace conversion found from yuv420p to rgb24.
[swscaler @ 0xca2e2c000] [swscaler @ 0xca22b0000] [warning] No accelerated colorspace conversion found from yuv420p to rgb24.
[Parsed_showinfo_1 @ 0xca5057900] [info] n:   0 pts:      0 pts_time:0       duration:    100 duration_time:0.0333667 fmt:yuv420p cl:left sar:1/1 s:640x480 i:P iskey:1 type:I checksum:71463B37 plane_checksum:[6722F981 B1B5C4A2 61847CF6] mean:[126 129 130] stdev:[51.5 3.3 2.6]
[Parsed_showinfo_1 @ 0xca5057900] [info]   side data - H.26[45] User Data Unregistered SEI message: UUID=0387f44e-cd0a-4bdc-a194-3ac3d49b171f
[Parsed_showinfo_1 @ 0xca5057900] [info] User Data=00
[Parsed_showinfo_1 @ 0xca5057900] [info] 
[Parsed_showinfo_1 @ 0xca5057900] [info] color_range:tv color_space:smpte170m color_primaries:smpte170m color_trc:bt709
[info] Output #0, image2, to '/Users/admin/docs/911-worktrees/sherlock-wtc7-investigation/research/sherlock-wtc7-investigation/late-fire-video-lineage/v2-run01-VID-WTC7-001/VID-WTC7-001/native/frame-%06d.png':
[info]   Metadata:
[info]     encoder         : Lavf61.7.100
[info]   Stream #0:0: Video: png, rgb24(pc, gbr/smpte170m/bt709, progressive), 640x480 [SAR 1:1 DAR 4:3], q=2-31, 200 kb/s, 29.97 fps, 2997 tbn (default)
[info]       Metadata:
[info]         encoder         : Lavc61.19.101 png
[Parsed_showinfo_1 @ 0xca5057900] [info] n:   1 pts:   6004 pts_time:2.003337 duration:    100 duration_time:0.0333667 fmt:yuv420p cl:left sar:1/1 s:640x480 i:P iskey:0 type:P checksum:F70FB7BE plane_checksum:[EBDAD057 BF285D5F 083889F9] mean:[128 129 132] stdev:[52.1 4.3 3.1]
[Parsed_showinfo_1 @ 0xca5057900] [info]   side data - H.26[45] User Data Unregistered SEI message: UUID=0387f44e-cd0a-4bdc-a194-3ac3d49b171f
[Parsed_showinfo_1 @ 0xca5057900] [info] User Data=00
[Parsed_showinfo_1 @ 0xca5057900] [info] 
[Parsed_showinfo_1 @ 0xca5057900] [info] color_range:tv color_space:smpte170m color_primaries:smpte170m color_trc:bt709
[Parsed_showinfo_1 @ 0xca5057900] [info] n:   2 pts:  12003 pts_time:4.005005 duration:    100 duration_time:0.0333667 fmt:yuv420p cl:left sar:1/1 s:640x480 i:P iskey:0 type:P checksum:5E4787F8 plane_checksum:[9A9B3FF7 7EE82F55 B73418AC] mean:[128 130 132] stdev:[52.1 4.8 3.3]
[Parsed_showinfo_1 @ 0xca5057900] [info]   side data - H.26[45] User Data Unregistered SEI message: UUID=0387f44e-cd0a-4bdc-a194-3ac3d49b171f
[Parsed_showinfo_1 @ 0xca5057900] [info] User Data=00
[Parsed_showinfo_1 @ 0xca5057900] [info] 
[Parsed_showinfo_1 @ 0xca5057900] [info] color_range:tv color_space:smpte170m color_primaries:smpte170m color_trc:bt709
[Parsed_showinfo_1 @ 0xca5057900] [info] n:   3 pts:  18002 pts_time:6.006673 duration:    100 duration_time:0.0333667 fmt:yuv420p cl:left sar:1/1 s:640x480 i:P iskey:0 type:P checksum:F80E15B5 plane_checksum:[21E3071F 9A1D7C99 BEEC91EE] mean:[127 128 131] stdev:[51.9 3.9 3.5]
[Parsed_showinfo_1 @ 0xca5057900] [info]   side data - H.26[45] User Data Unregistered SEI message: UUID=0387f44e-cd0a-4bdc-a194-3ac3d49b171f
[Parsed_showinfo_1 @ 0xca5057900] [info] User Data=00
[Parsed_showinfo_1 @ 0xca5057900] [info] 
[Parsed_showinfo_1 @ 0xca5057900] [info] color_range:tv color_space:smpte170m color_primaries:smpte170m color_trc:bt709
[Parsed_showinfo_1 @ 0xca5057900] [info] n:   4 pts:  24001 pts_time:8.008342 duration:    100 duration_time:0.0333667 fmt:yuv420p cl:left sar:1/1 s:640x480 i:P iskey:0 type:P checksum:36203B35 plane_checksum:[2C6991F4 E135C756 C352E1CD] mean:[127 130 133] stdev:[52.1 5.5 3.6]
[Parsed_showinfo_1 @ 0xca5057900] [info]   side data - H.26[45] User Data Unregistered SEI message: UUID=0387f44e-cd0a-4bdc-a194-3ac3d49b171f
[Parsed_showinfo_1 @ 0xca5057900] [info] User Data=00
[Parsed_showinfo_1 @ 0xca5057900] [info] 
[Parsed_showinfo_1 @ 0xca5057900] [info] color_range:tv color_space:smpte170m color_primaries:smpte170m color_trc:bt709
[Parsed_showinfo_1 @ 0xca5057900] [info] n:   5 pts:  30000 pts_time:10.01001 duration:    100 duration_time:0.0333667 fmt:yuv420p cl:left sar:1/1 s:640x480 i:P iskey:0 type:P checksum:21BB8A80 plane_checksum:[41E4FF8B 6814E119 D3FEA9BE] mean:[127 130 133] stdev:[51.7 5.3 3.7]
[Parsed_showinfo_1 @ 0xca5057900] [info]   side data - H.26[45] User Data Unregistered SEI message: UUID=0387f44e-cd0a-4bdc-a194-3ac3d49b171f
[Parsed_showinfo_1 @ 0xca5057900] [info] User Data=00
[Parsed_showinfo_1 @ 0xca5057900] [info] 
[Parsed_showinfo_1 @ 0xca5057900] [info] color_range:tv color_space:smpte170m color_primaries:smpte170m color_trc:bt709
[Parsed_showinfo_1 @ 0xca5057900] [info] n:   6 pts:  36004 pts_time:12.013347 duration:    100 duration_time:0.0333667 fmt:yuv420p cl:left sar:1/1 s:640x480 i:P iskey:0 type:P checksum:4F544450 plane_checksum:[0DCC1191 9EDFD805 AECD5AAB] mean:[126 129 130] stdev:[51.2 3.1 2.6]
[Parsed_showinfo_1 @ 0xca5057900] [info]   side data - H.26[45] User Data Unregistered SEI message: UUID=0387f44e-cd0a-4bdc-a194-3ac3d49b171f
[Parsed_showinfo_1 @ 0xca5057900] [info] User Data=00
[Parsed_showinfo_1 @ 0xca5057900] [info] 
[Parsed_showinfo_1 @ 0xca5057900] [info] color_range:tv color_space:smpte170m color_primaries:smpte170m color_trc:bt709
[Parsed_showinfo_1 @ 0xca5057900] [info] n:   7 pts:  42003 pts_time:14.015015 duration:    100 duration_time:0.0333667 fmt:yuv420p cl:left sar:1/1 s:640x480 i:P iskey:0 type:P checksum:4AE810CE plane_checksum:[571D9885 71485D30 30CB1B0A] mean:[126 131 132] stdev:[51.3 5.1 3.4]
[Parsed_showinfo_1 @ 0xca5057900] [info]   side data - H.26[45] User Data Unregistered SEI message: UUID=0387f44e-cd0a-4bdc-a194-3ac3d49b171f
[Parsed_showinfo_1 @ 0xca5057900] [info] User Data=00
[Parsed_showinfo_1 @ 0xca5057900] [info] 
[Parsed_showinfo_1 @ 0xca5057900] [info] color_range:tv color_space:smpte170m color_primaries:smpte170m color_trc:bt709
[Parsed_showinfo_1 @ 0xca5057900] [info] n:   8 pts:  48002 pts_time:16.016683 duration:    100 duration_time:0.0333667 fmt:yuv420p cl:left sar:1/1 s:640x480 i:P iskey:0 type:P checksum:8FB4309B plane_checksum:[C5136FF7 DF9A9419 29EA2C7C] mean:[126 130 132] stdev:[51.4 3.9 2.6]
[Parsed_showinfo_1 @ 0xca5057900] [info]   side data - H.26[45] User Data Unregistered SEI message: UUID=0387f44e-cd0a-4bdc-a194-3ac3d49b171f
[Parsed_showinfo_1 @ 0xca5057900] [info] User Data=00
[Parsed_showinfo_1 @ 0xca5057900] [info] 
[Parsed_showinfo_1 @ 0xca5057900] [info] color_range:tv color_space:smpte170m color_primaries:smpte170m color_trc:bt709
[Parsed_showinfo_1 @ 0xca5057900] [info] n:   9 pts:  54001 pts_time:18.018352 duration:    100 duration_time:0.0333667 fmt:yuv420p cl:left sar:1/1 s:640x480 i:P iskey:0 type:P checksum:19AC4DF3 plane_checksum:[9D8696AD 9BA5D6EE 0B1AE03A] mean:[126 129 131] stdev:[51.3 4.1 3.0]
[Parsed_showinfo_1 @ 0xca5057900] [info]   side data - H.26[45] User Data Unregistered SEI message: UUID=0387f44e-cd0a-4bdc-a194-3ac3d49b171f
[Parsed_showinfo_1 @ 0xca5057900] [info] User Data=00
[Parsed_showinfo_1 @ 0xca5057900] [info] 
[Parsed_showinfo_1 @ 0xca5057900] [info] color_range:tv color_space:smpte170m color_primaries:smpte170m color_trc:bt709
[Parsed_showinfo_1 @ 0xca5057900] [info] n:  10 pts:  60000 pts_time:20.02002 duration:    100 duration_time:0.0333667 fmt:yuv420p cl:left sar:1/1 s:640x480 i:P iskey:0 type:P checksum:DD9640D4 plane_checksum:[8519FBF2 9CE96ACC 8A55D9F8] mean:[127 130 132] stdev:[51.5 4.5 3.4]
[Parsed_showinfo_1 @ 0xca5057900] [info]   side data - H.26[45] User Data Unregistered SEI message: UUID=0387f44e-cd0a-4bdc-a194-3ac3d49b171f
[Parsed_showinfo_1 @ 0xca5057900] [info] User Data=00
[Parsed_showinfo_1 @ 0xca5057900] [info] 
[Parsed_showinfo_1 @ 0xca5057900] [info] color_range:tv color_space:smpte170m color_primaries:smpte170m color_trc:bt709
[Parsed_showinfo_1 @ 0xca5057900] [info] n:  11 pts:  66004 pts_time:22.023357 duration:    100 duration_time:0.0333667 fmt:yuv420p cl:left sar:1/1 s:640x480 i:P iskey:0 type:P checksum:CB3EF909 plane_checksum:[0C9E268D B637D2E0 4926FF8D] mean:[127 130 133] stdev:[51.4 5.3 3.8]
[Parsed_showinfo_1 @ 0xca5057900] [info]   side data - H.26[45] User Data Unregistered SEI message: UUID=0387f44e-cd0a-4bdc-a194-3ac3d49b171f
[Parsed_showinfo_1 @ 0xca5057900] [info] User Data=00
[Parsed_showinfo_1 @ 0xca5057900] [info] 
[Parsed_showinfo_1 @ 0xca5057900] [info] color_range:tv color_space:smpte170m color_primaries:smpte170m color_trc:bt709
[Parsed_showinfo_1 @ 0xca5057900] [info] n:  12 pts:  72003 pts_time:24.025025 duration:    100 duration_time:0.0333667 fmt:yuv420p cl:left sar:1/1 s:640x480 i:P iskey:0 type:P checksum:DDEEE56D plane_checksum:[853940E1 A20B90F5 648C1397] mean:[128 128 131] stdev:[51.4 4.2 3.2]
[Parsed_showinfo_1 @ 0xca5057900] [info]   side data - H.26[45] User Data Unregistered SEI message: UUID=0387f44e-cd0a-4bdc-a194-3ac3d49b171f
[Parsed_showinfo_1 @ 0xca5057900] [info] User Data=00
[Parsed_showinfo_1 @ 0xca5057900] [info] 
[Parsed_showinfo_1 @ 0xca5057900] [info] color_range:tv color_space:smpte170m color_primaries:smpte170m color_trc:bt709
[Parsed_showinfo_1 @ 0xca5057900] [info] n:  13 pts:  78002 pts_time:26.026693 duration:    100 duration_time:0.0333667 fmt:yuv420p cl:left sar:1/1 s:640x480 i:P iskey:0 type:P checksum:66C79E91 plane_checksum:[A4490840 9907B71F 1FA4DF23] mean:[128 129 132] stdev:[51.5 4.9 3.5]
[Parsed_showinfo_1 @ 0xca5057900] [info]   side data - H.26[45] User Data Unregistered SEI message: UUID=0387f44e-cd0a-4bdc-a194-3ac3d49b171f
[Parsed_showinfo_1 @ 0xca5057900] [info] User Data=00
[Parsed_showinfo_1 @ 0xca5057900] [info] 
[Parsed_showinfo_1 @ 0xca5057900] [info] color_range:tv color_space:smpte170m color_primaries:smpte170m color_trc:bt709
[Parsed_showinfo_1 @ 0xca5057900] [info] n:  14 pts:  84001 pts_time:28.028362 duration:    100 duration_time:0.0333667 fmt:yuv420p cl:left sar:1/1 s:640x480 i:P iskey:0 type:P checksum:C5E0EA2A plane_checksum:[2510FABA C2933A78 D98DB4E9] mean:[129 129 130] stdev:[51.7 2.5 2.3]
[Parsed_showinfo_1 @ 0xca5057900] [info]   side data - H.26[45] User Data Unregistered SEI message: UUID=0387f44e-cd0a-4bdc-a194-3ac3d49b171f
[Parsed_showinfo_1 @ 0xca5057900] [info] User Data=00
[Parsed_showinfo_1 @ 0xca5057900] [info] 
[Parsed_showinfo_1 @ 0xca5057900] [info] color_range:tv color_space:smpte170m color_primaries:smpte170m color_trc:bt709
[Parsed_showinfo_1 @ 0xca5057900] [info] n:  15 pts:  90000 pts_time:30.03003 duration:    100 duration_time:0.0333667 fmt:yuv420p cl:left sar:1/1 s:640x480 i:P iskey:0 type:P checksum:3912DFEA plane_checksum:[4AEE31D8 8F79C624 7A25E7DF] mean:[129 130 132] stdev:[52.2 3.9 3.2]
[Parsed_showinfo_1 @ 0xca5057900] [info]   side data - H.26[45] User Data Unregistered SEI message: UUID=0387f44e-cd0a-4bdc-a194-3ac3d49b171f
[Parsed_showinfo_1 @ 0xca5057900] [info] User Data=00
[Parsed_showinfo_1 @ 0xca5057900] [info] 
[Parsed_showinfo_1 @ 0xca5057900] [info] color_range:tv color_space:smpte170m color_primaries:smpte170m color_trc:bt709
[Parsed_showinfo_1 @ 0xca5057900] [info] n:  16 pts:  96004 pts_time:32.033367 duration:    100 duration_time:0.0333667 fmt:yuv420p cl:left sar:1/1 s:640x480 i:P iskey:0 type:P checksum:5B743C09 plane_checksum:[F86EF0E3 6C6578FD 0CB8D20B] mean:[129 130 132] stdev:[52.7 4.2 3.3]
[Parsed_showinfo_1 @ 0xca5057900] [info]   side data - H.26[45] User Data Unregistered SEI message: UUID=0387f44e-cd0a-4bdc-a194-3ac3d49b171f
[Parsed_showinfo_1 @ 0xca5057900] [info] User Data=00
[Parsed_showinfo_1 @ 0xca5057900] [info] 
[Parsed_showinfo_1 @ 0xca5057900] [info] color_range:tv color_space:smpte170m color_primaries:smpte170m color_trc:bt709
[Parsed_showinfo_1 @ 0xca5057900] [info] n:  17 pts: 101903 pts_time:34.001668 duration:    100 duration_time:0.0333667 fmt:yuv420p cl:left sar:1/1 s:640x480 i:P iskey:0 type:P checksum:C4528E72 plane_checksum:[EA84B4FE 90331579 D784C3EC] mean:[129 127 131] stdev:[52.9 4.0 3.7]
[Parsed_showinfo_1 @ 0xca5057900] [info]   side data - H.26[45] User Data Unregistered SEI message: UUID=0387f44e-cd0a-4bdc-a194-3ac3d49b171f
[Parsed_showinfo_1 @ 0xca5057900] [info] User Data=00
[Parsed_showinfo_1 @ 0xca5057900] [info] 
[Parsed_showinfo_1 @ 0xca5057900] [info] color_range:tv color_space:smpte170m color_primaries:smpte170m color_trc:bt709
[Parsed_showinfo_1 @ 0xca5057900] [info] n:  18 pts: 107902 pts_time:36.003337 duration:    100 duration_time:0.0333667 fmt:yuv420p cl:left sar:1/1 s:640x480 i:P iskey:0 type:P checksum:41F2AA36 plane_checksum:[0B23E568 2D1FE1D6 7C12E2DA] mean:[129 130 133] stdev:[53.1 5.5 3.7]
[Parsed_showinfo_1 @ 0xca5057900] [info]   side data - H.26[45] User Data Unregistered SEI message: UUID=0387f44e-cd0a-4bdc-a194-3ac3d49b171f
[Parsed_showinfo_1 @ 0xca5057900] [info] User Data=00
[Parsed_showinfo_1 @ 0xca5057900] [info] 
[Parsed_showinfo_1 @ 0xca5057900] [info] color_range:tv color_space:smpte170m color_primaries:smpte170m color_trc:bt709
[Parsed_showinfo_1 @ 0xca5057900] [info] n:  19 pts: 113901 pts_time:38.005005 duration:    100 duration_time:0.0333667 fmt:yuv420p cl:left sar:1/1 s:640x480 i:P iskey:0 type:P checksum:21F08A73 plane_checksum:[0EA41017 4FF5C4CE B93FB57F] mean:[129 129 130] stdev:[53.3 3.2 1.9]
[Parsed_showinfo_1 @ 0xca5057900] [info]   side data - H.26[45] User Data Unregistered SEI message: UUID=0387f44e-cd0a-4bdc-a194-3ac3d49b171f
[Parsed_showinfo_1 @ 0xca5057900] [info] User Data=00
[Parsed_showinfo_1 @ 0xca5057900] [info] 
[Parsed_showinfo_1 @ 0xca5057900] [info] color_range:tv color_space:smpte170m color_primaries:smpte170m color_trc:bt709
[Parsed_showinfo_1 @ 0xca5057900] [info] n:  20 pts: 119900 pts_time:40.006673 duration:    100 duration_time:0.0333667 fmt:yuv420p cl:left sar:1/1 s:640x480 i:P iskey:0 type:P checksum:DDEFF502 plane_checksum:[313500CB 11C72727 52B3CD10] mean:[130 130 131] stdev:[53.5 3.9 3.1]
[Parsed_showinfo_1 @ 0xca5057900] [info]   side data - H.26[45] User Data Unregistered SEI message: UUID=0387f44e-cd0a-4bdc-a194-3ac3d49b171f
[Parsed_showinfo_1 @ 0xca5057900] [info] User Data=00
[Parsed_showinfo_1 @ 0xca5057900] [info] 
[Parsed_showinfo_1 @ 0xca5057900] [info] color_range:tv color_space:smpte170m color_primaries:smpte170m color_trc:bt709
[Parsed_showinfo_1 @ 0xca5057900] [info] n:  21 pts: 125904 pts_time:42.01001 duration:    100 duration_time:0.0333667 fmt:yuv420p cl:left sar:1/1 s:640x480 i:P iskey:0 type:P checksum:9BF9D415 plane_checksum:[EA63207B F7C56336 E3325064] mean:[130 129 131] stdev:[53.6 4.0 2.8]
[Parsed_showinfo_1 @ 0xca5057900] [info]   side data - H.26[45] User Data Unregistered SEI message: UUID=0387f44e-cd0a-4bdc-a194-3ac3d49b171f
[Parsed_showinfo_1 @ 0xca5057900] [info] User Data=00
[Parsed_showinfo_1 @ 0xca5057900] [info] 
[Parsed_showinfo_1 @ 0xca5057900] [info] color_range:tv color_space:smpte170m color_primaries:smpte170m color_trc:bt709
[Parsed_showinfo_1 @ 0xca5057900] [info] n:  22 pts: 131903 pts_time:44.011678 duration:    100 duration_time:0.0333667 fmt:yuv420p cl:left sar:1/1 s:640x480 i:P iskey:0 type:P checksum:752A32CA plane_checksum:[B86239E2 CD972832 F0F2D0A7] mean:[130 129 131] stdev:[53.3 5.2 3.5]
[Parsed_showinfo_1 @ 0xca5057900] [info]   side data - H.26[45] User Data Unregistered SEI message: UUID=0387f44e-cd0a-4bdc-a194-3ac3d49b171f
[Parsed_showinfo_1 @ 0xca5057900] [info] User Data=00
[Parsed_showinfo_1 @ 0xca5057900] [info] 
[Parsed_showinfo_1 @ 0xca5057900] [info] color_range:tv color_space:smpte170m color_primaries:smpte170m color_trc:bt709
[Parsed_showinfo_1 @ 0xca5057900] [info] n:  23 pts: 137902 pts_time:46.013347 duration:    100 duration_time:0.0333667 fmt:yuv420p cl:left sar:1/1 s:640x480 i:P iskey:0 type:P checksum:5105FCDD plane_checksum:[E7DCF61B 84686012 1D6FA6A1] mean:[130 128 129] stdev:[53.2 2.8 1.9]
[Parsed_showinfo_1 @ 0xca5057900] [info]   side data - H.26[45] User Data Unregistered SEI message: UUID=0387f44e-cd0a-4bdc-a194-3ac3d49b171f
[Parsed_showinfo_1 @ 0xca5057900] [info] User Data=00
[Parsed_showinfo_1 @ 0xca5057900] [info] 
[Parsed_showinfo_1 @ 0xca5057900] [info] color_range:tv color_space:smpte170m color_primaries:smpte170m color_trc:bt709
[Parsed_showinfo_1 @ 0xca5057900] [info] n:  24 pts: 143901 pts_time:48.015015 duration:    100 duration_time:0.0333667 fmt:yuv420p cl:left sar:1/1 s:640x480 i:P iskey:0 type:P checksum:5BE83E73 plane_checksum:[92BBA460 585A9DF2 6B9EFC03] mean:[130 131 132] stdev:[53.2 4.3 3.5]
[Parsed_showinfo_1 @ 0xca5057900] [info]   side data - H.26[45] User Data Unregistered SEI message: UUID=0387f44e-cd0a-4bdc-a194-3ac3d49b171f
[Parsed_showinfo_1 @ 0xca5057900] [info] User Data=00
[Parsed_showinfo_1 @ 0xca5057900] [info] 
[Parsed_showinfo_1 @ 0xca5057900] [info] color_range:tv color_space:smpte170m color_primaries:smpte170m color_trc:bt709
[Parsed_showinfo_1 @ 0xca5057900] [info] n:  25 pts: 149900 pts_time:50.016683 duration:    100 duration_time:0.0333667 fmt:yuv420p cl:left sar:1/1 s:640x480 i:P iskey:0 type:P checksum:396EBE6D plane_checksum:[61F4F90F B8BFE9C8 5250DB78] mean:[130 130 131] stdev:[52.9 3.7 3.0]
[Parsed_showinfo_1 @ 0xca5057900] [info]   side data - H.26[45] User Data Unregistered SEI message: UUID=0387f44e-cd0a-4bdc-a194-3ac3d49b171f
[Parsed_showinfo_1 @ 0xca5057900] [info] User Data=00
[Parsed_showinfo_1 @ 0xca5057900] [info] 
[Parsed_showinfo_1 @ 0xca5057900] [info] color_range:tv color_space:smpte170m color_primaries:smpte170m color_trc:bt709
[Parsed_showinfo_1 @ 0xca5057900] [info] n:  26 pts: 155904 pts_time:52.02002 duration:    100 duration_time:0.0333667 fmt:yuv420p cl:left sar:1/1 s:640x480 i:P iskey:0 type:P checksum:E0AE28DA plane_checksum:[2CB338C4 BD0E73A1 2DC97C66] mean:[130 129 133] stdev:[52.5 5.0 3.3]
[Parsed_showinfo_1 @ 0xca5057900] [info]   side data - H.26[45] User Data Unregistered SEI message: UUID=0387f44e-cd0a-4bdc-a194-3ac3d49b171f
[Parsed_showinfo_1 @ 0xca5057900] [info] User Data=00
[Parsed_showinfo_1 @ 0xca5057900] [info] 
[Parsed_showinfo_1 @ 0xca5057900] [info] color_range:tv color_space:smpte170m color_primaries:smpte170m color_trc:bt709
[Parsed_showinfo_1 @ 0xca5057900] [info] n:  27 pts: 161903 pts_time:54.021688 duration:    100 duration_time:0.0333667 fmt:yuv420p cl:left sar:1/1 s:640x480 i:P iskey:0 type:P checksum:9DEB51C1 plane_checksum:[2CD90A20 1313D030 6D927762] mean:[129 130 133] stdev:[52.2 4.8 3.3]
[Parsed_showinfo_1 @ 0xca5057900] [info]   side data - H.26[45] User Data Unregistered SEI message: UUID=0387f44e-cd0a-4bdc-a194-3ac3d49b171f
[Parsed_showinfo_1 @ 0xca5057900] [info] User Data=00
[Parsed_showinfo_1 @ 0xca5057900] [info] 
[Parsed_showinfo_1 @ 0xca5057900] [info] color_range:tv color_space:smpte170m color_primaries:smpte170m color_trc:bt709
[Parsed_showinfo_1 @ 0xca5057900] [info] n:  28 pts: 167902 pts_time:56.023357 duration:    100 duration_time:0.0333667 fmt:yuv420p cl:left sar:1/1 s:640x480 i:P iskey:0 type:P checksum:2EEFE7F6 plane_checksum:[5D305C8E C5A079C9 9C2A119F] mean:[129 130 133] stdev:[52.2 5.3 3.7]
[Parsed_showinfo_1 @ 0xca5057900] [info]   side data - H.26[45] User Data Unregistered SEI message: UUID=0387f44e-cd0a-4bdc-a194-3ac3d49b171f
[Parsed_showinfo_1 @ 0xca5057900] [info] User Data=00
[Parsed_showinfo_1 @ 0xca5057900] [info] 
[Parsed_showinfo_1 @ 0xca5057900] [info] color_range:tv color_space:smpte170m color_primaries:smpte170m color_trc:bt709
[Parsed_showinfo_1 @ 0xca5057900] [info] n:  29 pts: 173901 pts_time:58.025025 duration:    100 duration_time:0.0333667 fmt:yuv420p cl:left sar:1/1 s:640x480 i:P iskey:0 type:P checksum:5104D4C3 plane_checksum:[AC194C3B 3BA24F98 113A38F0] mean:[129 129 132] stdev:[52.0 4.1 3.1]
[Parsed_showinfo_1 @ 0xca5057900] [info]   side data - H.26[45] User Data Unregistered SEI message: UUID=0387f44e-cd0a-4bdc-a194-3ac3d49b171f
[Parsed_showinfo_1 @ 0xca5057900] [info] User Data=00
[Parsed_showinfo_1 @ 0xca5057900] [info] 
[Parsed_showinfo_1 @ 0xca5057900] [info] color_range:tv color_space:smpte170m color_primaries:smpte170m color_trc:bt709
[Parsed_showinfo_1 @ 0xca5057900] [info] n:  30 pts: 179900 pts_time:60.026693 duration:    100 duration_time:0.0333667 fmt:yuv420p cl:left sar:1/1 s:640x480 i:P iskey:0 type:P checksum:11047807 plane_checksum:[416713FA C9280693 A0505D7A] mean:[129 130 133] stdev:[51.8 4.7 3.2]
[Parsed_showinfo_1 @ 0xca5057900] [info]   side data - H.26[45] User Data Unregistered SEI message: UUID=0387f44e-cd0a-4bdc-a194-3ac3d49b171f
[Parsed_showinfo_1 @ 0xca5057900] [info] User Data=00
[Parsed_showinfo_1 @ 0xca5057900] [info] 
[Parsed_showinfo_1 @ 0xca5057900] [info] color_range:tv color_space:smpte170m color_primaries:smpte170m color_trc:bt709
[Parsed_showinfo_1 @ 0xca5057900] [info] n:  31 pts: 185904 pts_time:62.03003 duration:    100 duration_time:0.0333667 fmt:yuv420p cl:left sar:1/1 s:640x480 i:P iskey:0 type:P checksum:66A04808 plane_checksum:[9B8DBC85 ADC6BF0A A92DCC5B] mean:[129 129 130] stdev:[51.8 2.7 2.1]
[Parsed_showinfo_1 @ 0xca5057900] [info]   side data - H.26[45] User Data Unregistered SEI message: UUID=0387f44e-cd0a-4bdc-a194-3ac3d49b171f
[Parsed_showinfo_1 @ 0xca5057900] [info] User Data=00
[Parsed_showinfo_1 @ 0xca5057900] [info] 
[Parsed_showinfo_1 @ 0xca5057900] [info] color_range:tv color_space:smpte170m color_primaries:smpte170m color_trc:bt709
[Parsed_showinfo_1 @ 0xca5057900] [info] n:  32 pts: 191903 pts_time:64.031698 duration:    100 duration_time:0.0333667 fmt:yuv420p cl:left sar:1/1 s:640x480 i:P iskey:0 type:P checksum:7E740899 plane_checksum:[B07FD2B3 F2C7D1BA 0294640E] mean:[129 129 130] stdev:[51.6 4.2 2.7]
[Parsed_showinfo_1 @ 0xca5057900] [info]   side data - H.26[45] User Data Unregistered SEI message: UUID=0387f44e-cd0a-4bdc-a194-3ac3d49b171f
[Parsed_showinfo_1 @ 0xca5057900] [info] User Data=00
[Parsed_showinfo_1 @ 0xca5057900] [info] 
[Parsed_showinfo_1 @ 0xca5057900] [info] color_range:tv color_space:smpte170m color_primaries:smpte170m color_trc:bt709
[Parsed_showinfo_1 @ 0xca5057900] [info] n:  33 pts: 197802 pts_time:66      duration:    100 duration_time:0.0333667 fmt:yuv420p cl:left sar:1/1 s:640x480 i:P iskey:0 type:P checksum:0E2DEEFD plane_checksum:[E576A823 103BA428 D1C1A2A3] mean:[129 129 130] stdev:[51.4 3.1 2.8]
[Parsed_showinfo_1 @ 0xca5057900] [info]   side data - H.26[45] User Data Unregistered SEI message: UUID=0387f44e-cd0a-4bdc-a194-3ac3d49b171f
[Parsed_showinfo_1 @ 0xca5057900] [info] User Data=00
[Parsed_showinfo_1 @ 0xca5057900] [info] 
[Parsed_showinfo_1 @ 0xca5057900] [info] color_range:tv color_space:smpte170m color_primaries:smpte170m color_trc:bt709
[Parsed_showinfo_1 @ 0xca5057900] [info] n:  34 pts: 203801 pts_time:68.001668 duration:    100 duration_time:0.0333667 fmt:yuv420p cl:left sar:1/1 s:640x480 i:P iskey:0 type:P checksum:A628618B plane_checksum:[88AC49FE FAFA5BD5 BDEDBBA9] mean:[128 128 129] stdev:[51.6 2.8 2.3]
[Parsed_showinfo_1 @ 0xca5057900] [info]   side data - H.26[45] User Data Unregistered SEI message: UUID=0387f44e-cd0a-4bdc-a194-3ac3d49b171f
[Parsed_showinfo_1 @ 0xca5057900] [info] User Data=00
[Parsed_showinfo_1 @ 0xca5057900] [info] 
[Parsed_showinfo_1 @ 0xca5057900] [info] color_range:tv color_space:smpte170m color_primaries:smpte170m color_trc:bt709
[Parsed_showinfo_1 @ 0xca5057900] [info] n:  35 pts: 209800 pts_time:70.003337 duration:    100 duration_time:0.0333667 fmt:yuv420p cl:left sar:1/1 s:640x480 i:P iskey:0 type:P checksum:38FE35A2 plane_checksum:[17332302 6EB1DC63 0D2F362E] mean:[128 130 132] stdev:[51.8 4.4 3.1]
[Parsed_showinfo_1 @ 0xca5057900] [info]   side data - H.26[45] User Data Unregistered SEI message: UUID=0387f44e-cd0a-4bdc-a194-3ac3d49b171f
[Parsed_showinfo_1 @ 0xca5057900] [info] User Data=00
[Parsed_showinfo_1 @ 0xca5057900] [info] 
[Parsed_showinfo_1 @ 0xca5057900] [info] color_range:tv color_space:smpte170m color_primaries:smpte170m color_trc:bt709
[Parsed_showinfo_1 @ 0xca5057900] [info] n:  36 pts: 215804 pts_time:72.006673 duration:    100 duration_time:0.0333667 fmt:yuv420p cl:left sar:1/1 s:640x480 i:P iskey:0 type:P checksum:914D1FD8 plane_checksum:[DF532434 7D2A467C 346EB519] mean:[129 130 133] stdev:[51.9 5.4 3.7]
[Parsed_showinfo_1 @ 0xca5057900] [info]   side data - H.26[45] User Data Unregistered SEI message: UUID=0387f44e-cd0a-4bdc-a194-3ac3d49b171f
[Parsed_showinfo_1 @ 0xca5057900] [info] User Data=00
[Parsed_showinfo_1 @ 0xca5057900] [info] 
[Parsed_showinfo_1 @ 0xca5057900] [info] color_range:tv color_space:smpte170m color_primaries:smpte170m color_trc:bt709
[Parsed_showinfo_1 @ 0xca5057900] [info] n:  37 pts: 221803 pts_time:74.008342 duration:    100 duration_time:0.0333667 fmt:yuv420p cl:left sar:1/1 s:640x480 i:P iskey:0 type:P checksum:32FCC666 plane_checksum:[868C260A 7FD1D8E4 6D87C769] mean:[129 130 132] stdev:[52.1 4.8 3.3]
[Parsed_showinfo_1 @ 0xca5057900] [info]   side data - H.26[45] User Data Unregistered SEI message: UUID=0387f44e-cd0a-4bdc-a194-3ac3d49b171f
[Parsed_showinfo_1 @ 0xca5057900] [info] User Data=00
[Parsed_showinfo_1 @ 0xca5057900] [info] 
[Parsed_showinfo_1 @ 0xca5057900] [info] color_range:tv color_space:smpte170m color_primaries:smpte170m color_trc:bt709
[Parsed_showinfo_1 @ 0xca5057900] [info] n:  38 pts: 227802 pts_time:76.01001 duration:    100 duration_time:0.0333667 fmt:yuv420p cl:left sar:1/1 s:640x480 i:P iskey:0 type:P checksum:F7C5983B plane_checksum:[C0CE2EBC 5F0B395C 0C073023] mean:[129 129 132] stdev:[52.3 4.9 3.3]
[Parsed_showinfo_1 @ 0xca5057900] [info]   side data - H.26[45] User Data Unregistered SEI message: UUID=0387f44e-cd0a-4bdc-a194-3ac3d49b171f
[Parsed_showinfo_1 @ 0xca5057900] [info] User Data=00
[Parsed_showinfo_1 @ 0xca5057900] [info] 
[Parsed_showinfo_1 @ 0xca5057900] [info] color_range:tv color_space:smpte170m color_primaries:smpte170m color_trc:bt709
[Parsed_showinfo_1 @ 0xca5057900] [info] n:  39 pts: 233801 pts_time:78.011678 duration:    100 duration_time:0.0333667 fmt:yuv420p cl:left sar:1/1 s:640x480 i:P iskey:0 type:P checksum:1F4B54AE plane_checksum:[784F97FF AB5A1C7F A9ADA021] mean:[129 130 133] stdev:[52.3 5.4 3.2]
[Parsed_showinfo_1 @ 0xca5057900] [info]   side data - H.26[45] User Data Unregistered SEI message: UUID=0387f44e-cd0a-4bdc-a194-3ac3d49b171f
[Parsed_showinfo_1 @ 0xca5057900] [info] User Data=00
[Parsed_showinfo_1 @ 0xca5057900] [info] 
[Parsed_showinfo_1 @ 0xca5057900] [info] color_range:tv color_space:smpte170m color_primaries:smpte170m color_trc:bt709
[Parsed_showinfo_1 @ 0xca5057900] [info] n:  40 pts: 239800 pts_time:80.013347 duration:    100 duration_time:0.0333667 fmt:yuv420p cl:left sar:1/1 s:640x480 i:P iskey:0 type:P checksum:8B6950F8 plane_checksum:[6EFB61D7 621F71CF FCC47D43] mean:[129 130 132] stdev:[52.1 3.5 3.0]
[Parsed_showinfo_1 @ 0xca5057900] [info]   side data - H.26[45] User Data Unregistered SEI message: UUID=0387f44e-cd0a-4bdc-a194-3ac3d49b171f
[Parsed_showinfo_1 @ 0xca5057900] [info] User Data=00
[Parsed_showinfo_1 @ 0xca5057900] [info] 
[Parsed_showinfo_1 @ 0xca5057900] [info] color_range:tv color_space:smpte170m color_primaries:smpte170m color_trc:bt709
[Parsed_showinfo_1 @ 0xca5057900] [info] n:  41 pts: 245804 pts_time:82.016683 duration:    100 duration_time:0.0333667 fmt:yuv420p cl:left sar:1/1 s:640x480 i:P iskey:0 type:P checksum:D6BF7632 plane_checksum:[82198349 43D7FBE5 4766F6E6] mean:[128 129 132] stdev:[52.1 4.1 3.3]
[Parsed_showinfo_1 @ 0xca5057900] [info]   side data - H.26[45] User Data Unregistered SEI message: UUID=0387f44e-cd0a-4bdc-a194-3ac3d49b171f
[Parsed_showinfo_1 @ 0xca5057900] [info] User Data=00
[Parsed_showinfo_1 @ 0xca5057900] [info] 
[Parsed_showinfo_1 @ 0xca5057900] [info] color_range:tv color_space:smpte170m color_primaries:smpte170m color_trc:bt709
[Parsed_showinfo_1 @ 0xca5057900] [info] n:  42 pts: 251803 pts_time:84.018352 duration:    100 duration_time:0.0333667 fmt:yuv420p cl:left sar:1/1 s:640x480 i:P iskey:0 type:P checksum:D702C8B2 plane_checksum:[97393C4E 4676609B 9A2F2BC9] mean:[128 128 130] stdev:[51.8 2.9 3.2]
[Parsed_showinfo_1 @ 0xca5057900] [info]   side data - H.26[45] User Data Unregistered SEI message: UUID=0387f44e-cd0a-4bdc-a194-3ac3d49b171f
[Parsed_showinfo_1 @ 0xca5057900] [info] User Data=00
[Parsed_showinfo_1 @ 0xca5057900] [info] 
[Parsed_showinfo_1 @ 0xca5057900] [info] color_range:tv color_space:smpte170m color_primaries:smpte170m color_trc:bt709
[Parsed_showinfo_1 @ 0xca5057900] [info] n:  43 pts: 257802 pts_time:86.02002 duration:    100 duration_time:0.0333667 fmt:yuv420p cl:left sar:1/1 s:640x480 i:P iskey:0 type:P checksum:9A27AE1D plane_checksum:[2A9CB20C BC2C69AE F4549254] mean:[128 128 130] stdev:[51.7 3.7 3.2]
[Parsed_showinfo_1 @ 0xca5057900] [info]   side data - H.26[45] User Data Unregistered SEI message: UUID=0387f44e-cd0a-4bdc-a194-3ac3d49b171f
[Parsed_showinfo_1 @ 0xca5057900] [info] User Data=00
[Parsed_showinfo_1 @ 0xca5057900] [info] 
[Parsed_showinfo_1 @ 0xca5057900] [info] color_range:tv color_space:smpte170m color_primaries:smpte170m color_trc:bt709
[Parsed_showinfo_1 @ 0xca5057900] [info] n:  44 pts: 263801 pts_time:88.021688 duration:    100 duration_time:0.0333667 fmt:yuv420p cl:left sar:1/1 s:640x480 i:P iskey:0 type:P checksum:EA4ED0AE plane_checksum:[64F8821C BBDBBA90 BA0D93F3] mean:[128 130 133] stdev:[51.7 4.7 3.4]
[Parsed_showinfo_1 @ 0xca5057900] [info]   side data - H.26[45] User Data Unregistered SEI message: UUID=0387f44e-cd0a-4bdc-a194-3ac3d49b171f
[Parsed_showinfo_1 @ 0xca5057900] [info] User Data=00
[Parsed_showinfo_1 @ 0xca5057900] [info] 
[Parsed_showinfo_1 @ 0xca5057900] [info] color_range:tv color_space:smpte170m color_primaries:smpte170m color_trc:bt709
[Parsed_showinfo_1 @ 0xca5057900] [info] n:  45 pts: 269800 pts_time:90.023357 duration:    100 duration_time:0.0333667 fmt:yuv420p cl:left sar:1/1 s:640x480 i:P iskey:0 type:P checksum:2ACADE16 plane_checksum:[59C0F8A8 4BE78D63 E35A57FC] mean:[128 129 131] stdev:[51.7 3.8 2.3]
[Parsed_showinfo_1 @ 0xca5057900] [info]   side data - H.26[45] User Data Unregistered SEI message: UUID=0387f44e-cd0a-4bdc-a194-3ac3d49b171f
[Parsed_showinfo_1 @ 0xca5057900] [info] User Data=00
[Parsed_showinfo_1 @ 0xca5057900] [info] 
[Parsed_showinfo_1 @ 0xca5057900] [info] color_range:tv color_space:smpte170m color_primaries:smpte170m color_trc:bt709
[Parsed_showinfo_1 @ 0xca5057900] [info] n:  46 pts: 275804 pts_time:92.026693 duration:    100 duration_time:0.0333667 fmt:yuv420p cl:left sar:1/1 s:640x480 i:P iskey:0 type:P checksum:91A282E0 plane_checksum:[169C27A2 EFD41D4E FE363DF0] mean:[128 130 132] stdev:[51.8 4.6 3.6]
[Parsed_showinfo_1 @ 0xca5057900] [info]   side data - H.26[45] User Data Unregistered SEI message: UUID=0387f44e-cd0a-4bdc-a194-3ac3d49b171f
[Parsed_showinfo_1 @ 0xca5057900] [info] User Data=00
[Parsed_showinfo_1 @ 0xca5057900] [info] 
[Parsed_showinfo_1 @ 0xca5057900] [info] color_range:tv color_space:smpte170m color_primaries:smpte170m color_trc:bt709
[Parsed_showinfo_1 @ 0xca5057900] [info] n:  47 pts: 281803 pts_time:94.028362 duration:    100 duration_time:0.0333667 fmt:yuv420p cl:left sar:1/1 s:640x480 i:P iskey:0 type:P checksum:5BDC7487 plane_checksum:[9FAAC198 7E4E80BD 12C23223] mean:[128 129 132] stdev:[52.0 3.8 3.1]
[Parsed_showinfo_1 @ 0xca5057900] [info]   side data - H.26[45] User Data Unregistered SEI message: UUID=0387f44e-cd0a-4bdc-a194-3ac3d49b171f
[Parsed_showinfo_1 @ 0xca5057900] [info] User Data=00
[Parsed_showinfo_1 @ 0xca5057900] [info] 
[Parsed_showinfo_1 @ 0xca5057900] [info] color_range:tv color_space:smpte170m color_primaries:smpte170m color_trc:bt709
[Parsed_showinfo_1 @ 0xca5057900] [info] n:  48 pts: 287802 pts_time:96.03003 duration:    100 duration_time:0.0333667 fmt:yuv420p cl:left sar:1/1 s:640x480 i:P iskey:0 type:P checksum:C59FF2B9 plane_checksum:[C5B2A58D 09AE0D7C 83A73FB0] mean:[128 131 133] stdev:[52.1 5.2 3.6]
[Parsed_showinfo_1 @ 0xca5057900] [info]   side data - H.26[45] User Data Unregistered SEI message: UUID=0387f44e-cd0a-4bdc-a194-3ac3d49b171f
[Parsed_showinfo_1 @ 0xca5057900] [info] User Data=00
[Parsed_showinfo_1 @ 0xca5057900] [info] 
[Parsed_showinfo_1 @ 0xca5057900] [info] color_range:tv color_space:smpte170m color_primaries:smpte170m color_trc:bt709
[Parsed_showinfo_1 @ 0xca5057900] [info] n:  49 pts: 293801 pts_time:98.031698 duration:    100 duration_time:0.0333667 fmt:yuv420p cl:left sar:1/1 s:640x480 i:P iskey:0 type:P checksum:4553B91C plane_checksum:[639999E8 B2990559 A10419DB] mean:[128 130 132] stdev:[52.0 4.9 3.4]
[Parsed_showinfo_1 @ 0xca5057900] [info]   side data - H.26[45] User Data Unregistered SEI message: UUID=0387f44e-cd0a-4bdc-a194-3ac3d49b171f
[Parsed_showinfo_1 @ 0xca5057900] [info] User Data=00
[Parsed_showinfo_1 @ 0xca5057900] [info] 
[Parsed_showinfo_1 @ 0xca5057900] [info] color_range:tv color_space:smpte170m color_primaries:smpte170m color_trc:bt709
[Parsed_showinfo_1 @ 0xca5057900] [info] n:  50 pts: 299700 pts_time:100     duration:    100 duration_time:0.0333667 fmt:yuv420p cl:left sar:1/1 s:640x480 i:P iskey:0 type:P checksum:F5E18E00 plane_checksum:[5FC01828 2C8E33D9 7C8A41FF] mean:[128 130 131] stdev:[51.8 3.2 2.4]
[Parsed_showinfo_1 @ 0xca5057900] [info]   side data - H.26[45] User Data Unregistered SEI message: UUID=0387f44e-cd0a-4bdc-a194-3ac3d49b171f
[Parsed_showinfo_1 @ 0xca5057900] [info] User Data=00
[Parsed_showinfo_1 @ 0xca5057900] [info] 
[Parsed_showinfo_1 @ 0xca5057900] [info] color_range:tv color_space:smpte170m color_primaries:smpte170m color_trc:bt709
[Parsed_showinfo_1 @ 0xca5057900] [info] n:  51 pts: 305704 pts_time:102.003337 duration:    100 duration_time:0.0333667 fmt:yuv420p cl:left sar:1/1 s:640x480 i:P iskey:0 type:P checksum:289035F6 plane_checksum:[8778E36B E40F7073 3ADBE1FA] mean:[128 130 133] stdev:[52.2 4.9 3.3]
[Parsed_showinfo_1 @ 0xca5057900] [info]   side data - H.26[45] User Data Unregistered SEI message: UUID=0387f44e-cd0a-4bdc-a194-3ac3d49b171f
[Parsed_showinfo_1 @ 0xca5057900] [info] User Data=00
[Parsed_showinfo_1 @ 0xca5057900] [info] 
[Parsed_showinfo_1 @ 0xca5057900] [info] color_range:tv color_space:smpte170m color_primaries:smpte170m color_trc:bt709
[Parsed_showinfo_1 @ 0xca5057900] [info] n:  52 pts: 311703 pts_time:104.005005 duration:    100 duration_time:0.0333667 fmt:yuv420p cl:left sar:1/1 s:640x480 i:P iskey:0 type:P checksum:994CE54B plane_checksum:[7D85BF02 E22428B3 BD50FD87] mean:[129 131 133] stdev:[52.2 5.3 3.6]
[Parsed_showinfo_1 @ 0xca5057900] [info]   side data - H.26[45] User Data Unregistered SEI message: UUID=0387f44e-cd0a-4bdc-a194-3ac3d49b171f
[Parsed_showinfo_1 @ 0xca5057900] [info] User Data=00
[Parsed_showinfo_1 @ 0xca5057900] [info] 
[Parsed_showinfo_1 @ 0xca5057900] [info] color_range:tv color_space:smpte170m color_primaries:smpte170m color_trc:bt709
[Parsed_showinfo_1 @ 0xca5057900] [info] n:  53 pts: 317702 pts_time:106.006673 duration:    100 duration_time:0.0333667 fmt:yuv420p cl:left sar:1/1 s:640x480 i:P iskey:0 type:P checksum:11F4A418 plane_checksum:[2F0F9A4D 3F3DB6A9 622D5313] mean:[128 129 133] stdev:[51.8 5.1 3.0]
[Parsed_showinfo_1 @ 0xca5057900] [info]   side data - H.26[45] User Data Unregistered SEI message: UUID=0387f44e-cd0a-4bdc-a194-3ac3d49b171f
[Parsed_showinfo_1 @ 0xca5057900] [info] User Data=00
[Parsed_showinfo_1 @ 0xca5057900] [info] 
[Parsed_showinfo_1 @ 0xca5057900] [info] color_range:tv color_space:smpte170m color_primaries:smpte170m color_trc:bt709
[Parsed_showinfo_1 @ 0xca5057900] [info] n:  54 pts: 323701 pts_time:108.008342 duration:    100 duration_time:0.0333667 fmt:yuv420p cl:left sar:1/1 s:640x480 i:P iskey:0 type:P checksum:37A878C6 plane_checksum:[91FEBE88 4C710B36 6027AEF9] mean:[128 130 132] stdev:[51.8 4.1 2.9]
[Parsed_showinfo_1 @ 0xca5057900] [info]   side data - H.26[45] User Data Unregistered SEI message: UUID=0387f44e-cd0a-4bdc-a194-3ac3d49b171f
[Parsed_showinfo_1 @ 0xca5057900] [info] User Data=00
[Parsed_showinfo_1 @ 0xca5057900] [info] 
[Parsed_showinfo_1 @ 0xca5057900] [info] color_range:tv color_space:smpte170m color_primaries:smpte170m color_trc:bt709
[Parsed_showinfo_1 @ 0xca5057900] [info] n:  55 pts: 329700 pts_time:110.01001 duration:    100 duration_time:0.0333667 fmt:yuv420p cl:left sar:1/1 s:640x480 i:P iskey:0 type:P checksum:7D52A758 plane_checksum:[9467B9A8 E8BE1A83 697DD31E] mean:[128 130 132] stdev:[51.7 4.7 3.3]
[Parsed_showinfo_1 @ 0xca5057900] [info]   side data - H.26[45] User Data Unregistered SEI message: UUID=0387f44e-cd0a-4bdc-a194-3ac3d49b171f
[Parsed_showinfo_1 @ 0xca5057900] [info] User Data=00
[Parsed_showinfo_1 @ 0xca5057900] [info] 
[Parsed_showinfo_1 @ 0xca5057900] [info] color_range:tv color_space:smpte170m color_primaries:smpte170m color_trc:bt709
[Parsed_showinfo_1 @ 0xca5057900] [info] n:  56 pts: 335704 pts_time:112.013347 duration:    100 duration_time:0.0333667 fmt:yuv420p cl:left sar:1/1 s:640x480 i:P iskey:0 type:P checksum:BFDF5841 plane_checksum:[F8EADF57 1C2C3F90 F78E394B] mean:[128 131 132] stdev:[51.5 3.7 2.9]
[Parsed_showinfo_1 @ 0xca5057900] [info]   side data - H.26[45] User Data Unregistered SEI message: UUID=0387f44e-cd0a-4bdc-a194-3ac3d49b171f
[Parsed_showinfo_1 @ 0xca5057900] [info] User Data=00
[Parsed_showinfo_1 @ 0xca5057900] [info] 
[Parsed_showinfo_1 @ 0xca5057900] [info] color_range:tv color_space:smpte170m color_primaries:smpte170m color_trc:bt709
[Parsed_showinfo_1 @ 0xca5057900] [info] n:  57 pts: 341703 pts_time:114.015015 duration:    100 duration_time:0.0333667 fmt:yuv420p cl:left sar:1/1 s:640x480 i:P iskey:0 type:P checksum:0F04F493 plane_checksum:[3115CC27 75714FA6 F523D8B7] mean:[128 131 130] stdev:[51.3 2.7 2.3]
[Parsed_showinfo_1 @ 0xca5057900] [info]   side data - H.26[45] User Data Unregistered SEI message: UUID=0387f44e-cd0a-4bdc-a194-3ac3d49b171f
[Parsed_showinfo_1 @ 0xca5057900] [info] User Data=00
[Parsed_showinfo_1 @ 0xca5057900] [info] 
[Parsed_showinfo_1 @ 0xca5057900] [info] color_range:tv color_space:smpte170m color_primaries:smpte170m color_trc:bt709
[Parsed_showinfo_1 @ 0xca5057900] [info] n:  58 pts: 347702 pts_time:116.016683 duration:    100 duration_time:0.0333667 fmt:yuv420p cl:left sar:1/1 s:640x480 i:P iskey:0 type:P checksum:8C491AD0 plane_checksum:[48A7E73B 144C0B70 1B302816] mean:[127 130 132] stdev:[51.6 5.1 3.4]
[Parsed_showinfo_1 @ 0xca5057900] [info]   side data - H.26[45] User Data Unregistered SEI message: UUID=0387f44e-cd0a-4bdc-a194-3ac3d49b171f
[Parsed_showinfo_1 @ 0xca5057900] [info] User Data=00
[Parsed_showinfo_1 @ 0xca5057900] [info] 
[Parsed_showinfo_1 @ 0xca5057900] [info] color_range:tv color_space:smpte170m color_primaries:smpte170m color_trc:bt709
[Parsed_showinfo_1 @ 0xca5057900] [info] n:  59 pts: 353701 pts_time:118.018352 duration:    100 duration_time:0.0333667 fmt:yuv420p cl:left sar:1/1 s:640x480 i:P iskey:0 type:P checksum:CE61804D plane_checksum:[FAAA8D4A 176A3207 405AC0ED] mean:[127 130 132] stdev:[51.5 4.5 3.4]
[Parsed_showinfo_1 @ 0xca5057900] [info]   side data - H.26[45] User Data Unregistered SEI message: UUID=0387f44e-cd0a-4bdc-a194-3ac3d49b171f
[Parsed_showinfo_1 @ 0xca5057900] [info] User Data=00
[Parsed_showinfo_1 @ 0xca5057900] [info] 
[Parsed_showinfo_1 @ 0xca5057900] [info] color_range:tv color_space:smpte170m color_primaries:smpte170m color_trc:bt709
[Parsed_showinfo_1 @ 0xca5057900] [info] n:  60 pts: 359700 pts_time:120.02002 duration:    100 duration_time:0.0333667 fmt:yuv420p cl:left sar:1/1 s:640x480 i:P iskey:0 type:P checksum:8A55AC73 plane_checksum:[BFB0571F D19F443F D5731115] mean:[128 130 132] stdev:[51.4 4.6 3.2]
[Parsed_showinfo_1 @ 0xca5057900] [info]   side data - H.26[45] User Data Unregistered SEI message: UUID=0387f44e-cd0a-4bdc-a194-3ac3d49b171f
[Parsed_showinfo_1 @ 0xca5057900] [info] User Data=00
[Parsed_showinfo_1 @ 0xca5057900] [info] 
[Parsed_showinfo_1 @ 0xca5057900] [info] color_range:tv color_space:smpte170m color_primaries:smpte170m color_trc:bt709
[Parsed_showinfo_1 @ 0xca5057900] [info] n:  61 pts: 365704 pts_time:122.023357 duration:    100 duration_time:0.0333667 fmt:yuv420p cl:left sar:1/1 s:640x480 i:P iskey:0 type:P checksum:F39E1F6B plane_checksum:[1CABFCC8 01DCEAC6 346E37BF] mean:[127 130 133] stdev:[51.4 5.3 3.6]
[Parsed_showinfo_1 @ 0xca5057900] [info]   side data - H.26[45] User Data Unregistered SEI message: UUID=0387f44e-cd0a-4bdc-a194-3ac3d49b171f
[Parsed_showinfo_1 @ 0xca5057900] [info] User Data=00
[Parsed_showinfo_1 @ 0xca5057900] [info] 
[Parsed_showinfo_1 @ 0xca5057900] [info] color_range:tv color_space:smpte170m color_primaries:smpte170m color_trc:bt709
[Parsed_showinfo_1 @ 0xca5057900] [info] n:  62 pts: 371703 pts_time:124.025025 duration:    100 duration_time:0.0333667 fmt:yuv420p cl:left sar:1/1 s:640x480 i:P iskey:0 type:P checksum:BADB3C1A plane_checksum:[E0170C3D 4CD702B5 9BEB2D28] mean:[128 131 133] stdev:[51.1 5.0 3.7]
[Parsed_showinfo_1 @ 0xca5057900] [info]   side data - H.26[45] User Data Unregistered SEI message: UUID=0387f44e-cd0a-4bdc-a194-3ac3d49b171f
[Parsed_showinfo_1 @ 0xca5057900] [info] User Data=00
[Parsed_showinfo_1 @ 0xca5057900] [info] 
[Parsed_showinfo_1 @ 0xca5057900] [info] color_range:tv color_space:smpte170m color_primaries:smpte170m color_trc:bt709
[Parsed_showinfo_1 @ 0xca5057900] [info] n:  63 pts: 377702 pts_time:126.026693 duration:    100 duration_time:0.0333667 fmt:yuv420p cl:left sar:1/1 s:640x480 i:P iskey:0 type:P checksum:7FB274FE plane_checksum:[14F59261 A0AD90C7 313B51C7] mean:[127 129 132] stdev:[50.6 4.0 3.3]
[Parsed_showinfo_1 @ 0xca5057900] [info]   side data - H.26[45] User Data Unregistered SEI message: UUID=0387f44e-cd0a-4bdc-a194-3ac3d49b171f
[Parsed_showinfo_1 @ 0xca5057900] [info] User Data=00
[Parsed_showinfo_1 @ 0xca5057900] [info] 
[Parsed_showinfo_1 @ 0xca5057900] [info] color_range:tv color_space:smpte170m color_primaries:smpte170m color_trc:bt709
[Parsed_showinfo_1 @ 0xca5057900] [info] n:  64 pts: 383701 pts_time:128.028362 duration:    100 duration_time:0.0333667 fmt:yuv420p cl:left sar:1/1 s:640x480 i:P iskey:0 type:P checksum:38401613 plane_checksum:[D6F4A3A3 4375750D 5598FD45] mean:[127 130 133] stdev:[50.7 5.0 3.6]
[Parsed_showinfo_1 @ 0xca5057900] [info]   side data - H.26[45] User Data Unregistered SEI message: UUID=0387f44e-cd0a-4bdc-a194-3ac3d49b171f
[Parsed_showinfo_1 @ 0xca5057900] [info] User Data=00
[Parsed_showinfo_1 @ 0xca5057900] [info] 
[Parsed_showinfo_1 @ 0xca5057900] [info] color_range:tv color_space:smpte170m color_primaries:smpte170m color_trc:bt709
[Parsed_showinfo_1 @ 0xca5057900] [info] n:  65 pts: 389700 pts_time:130.03003 duration:    100 duration_time:0.0333667 fmt:yuv420p cl:left sar:1/1 s:640x480 i:P iskey:0 type:P checksum:D79685E3 plane_checksum:[DF1429B9 E25860F9 4DF5FB22] mean:[127 130 133] stdev:[50.6 5.2 3.5]
[Parsed_showinfo_1 @ 0xca5057900] [info]   side data - H.26[45] User Data Unregistered SEI message: UUID=0387f44e-cd0a-4bdc-a194-3ac3d49b171f
[Parsed_showinfo_1 @ 0xca5057900] [info] User Data=00
[Parsed_showinfo_1 @ 0xca5057900] [info] 
[Parsed_showinfo_1 @ 0xca5057900] [info] color_range:tv color_space:smpte170m color_primaries:smpte170m color_trc:bt709
[Parsed_showinfo_1 @ 0xca5057900] [info] n:  66 pts: 395704 pts_time:132.033367 duration:    100 duration_time:0.0333667 fmt:yuv420p cl:left sar:1/1 s:640x480 i:P iskey:0 type:P checksum:91986059 plane_checksum:[DEB5E0D4 CDB293CA 44BDEB9D] mean:[128 130 131] stdev:[50.2 3.1 2.6]
[Parsed_showinfo_1 @ 0xca5057900] [info]   side data - H.26[45] User Data Unregistered SEI message: UUID=0387f44e-cd0a-4bdc-a194-3ac3d49b171f
[Parsed_showinfo_1 @ 0xca5057900] [info] User Data=00
[Parsed_showinfo_1 @ 0xca5057900] [info] 
[Parsed_showinfo_1 @ 0xca5057900] [info] color_range:tv color_space:smpte170m color_primaries:smpte170m color_trc:bt709
[Parsed_showinfo_1 @ 0xca5057900] [info] n:  67 pts: 401603 pts_time:134.001668 duration:    100 duration_time:0.0333667 fmt:yuv420p cl:left sar:1/1 s:640x480 i:P iskey:0 type:P checksum:E3EB10BC plane_checksum:[E2F66077 14DFF4C3 7080BB64] mean:[128 130 131] stdev:[50.4 3.1 2.1]
[Parsed_showinfo_1 @ 0xca5057900] [info]   side data - H.26[45] User Data Unregistered SEI message: UUID=0387f44e-cd0a-4bdc-a194-3ac3d49b171f
[Parsed_showinfo_1 @ 0xca5057900] [info] User Data=00
[Parsed_showinfo_1 @ 0xca5057900] [info] 
[Parsed_showinfo_1 @ 0xca5057900] [info] color_range:tv color_space:smpte170m color_primaries:smpte170m color_trc:bt709
[Parsed_showinfo_1 @ 0xca5057900] [info] n:  68 pts: 407602 pts_time:136.003337 duration:    100 duration_time:0.0333667 fmt:yuv420p cl:left sar:1/1 s:640x480 i:P iskey:0 type:P checksum:740A29C0 plane_checksum:[DC3A770A 7C0D61D7 A58350D0] mean:[128 130 132] stdev:[50.6 3.8 2.6]
[Parsed_showinfo_1 @ 0xca5057900] [info]   side data - H.26[45] User Data Unregistered SEI message: UUID=0387f44e-cd0a-4bdc-a194-3ac3d49b171f
[Parsed_showinfo_1 @ 0xca5057900] [info] User Data=00
[Parsed_showinfo_1 @ 0xca5057900] [info] 
[Parsed_showinfo_1 @ 0xca5057900] [info] color_range:tv color_space:smpte170m color_primaries:smpte170m color_trc:bt709
[Parsed_showinfo_1 @ 0xca5057900] [info] n:  69 pts: 413601 pts_time:138.005005 duration:    100 duration_time:0.0333667 fmt:yuv420p cl:left sar:1/1 s:640x480 i:P iskey:0 type:P checksum:D27B3ED6 plane_checksum:[FA8CA0F0 18D8C238 2D07DB90] mean:[128 129 132] stdev:[50.7 4.0 3.1]
[Parsed_showinfo_1 @ 0xca5057900] [info]   side data - H.26[45] User Data Unregistered SEI message: UUID=0387f44e-cd0a-4bdc-a194-3ac3d49b171f
[Parsed_showinfo_1 @ 0xca5057900] [info] User Data=00
[Parsed_showinfo_1 @ 0xca5057900] [info] 
[Parsed_showinfo_1 @ 0xca5057900] [info] color_range:tv color_space:smpte170m color_primaries:smpte170m color_trc:bt709
[Parsed_showinfo_1 @ 0xca5057900] [info] n:  70 pts: 419600 pts_time:140.006673 duration:    100 duration_time:0.0333667 fmt:yuv420p cl:left sar:1/1 s:640x480 i:P iskey:0 type:P checksum:E57EAD3A plane_checksum:[10A83502 2E642E87 486F49B1] mean:[128 130 132] stdev:[50.4 3.9 2.4]
[Parsed_showinfo_1 @ 0xca5057900] [info]   side data - H.26[45] User Data Unregistered SEI message: UUID=0387f44e-cd0a-4bdc-a194-3ac3d49b171f
[Parsed_showinfo_1 @ 0xca5057900] [info] User Data=00
[Parsed_showinfo_1 @ 0xca5057900] [info] 
[Parsed_showinfo_1 @ 0xca5057900] [info] color_range:tv color_space:smpte170m color_primaries:smpte170m color_trc:bt709
[Parsed_showinfo_1 @ 0xca5057900] [info] n:  71 pts: 425604 pts_time:142.01001 duration:    100 duration_time:0.0333667 fmt:yuv420p cl:left sar:1/1 s:640x480 i:P iskey:0 type:P checksum:3936B64C plane_checksum:[1EE3122E 2D069BF6 9FDB0828] mean:[129 129 132] stdev:[50.7 4.6 3.6]
[Parsed_showinfo_1 @ 0xca5057900] [info]   side data - H.26[45] User Data Unregistered SEI message: UUID=0387f44e-cd0a-4bdc-a194-3ac3d49b171f
[Parsed_showinfo_1 @ 0xca5057900] [info] User Data=00
[Parsed_showinfo_1 @ 0xca5057900] [info] 
[Parsed_showinfo_1 @ 0xca5057900] [info] color_range:tv color_space:smpte170m color_primaries:smpte170m color_trc:bt709
[Parsed_showinfo_1 @ 0xca5057900] [info] n:  72 pts: 431603 pts_time:144.011678 duration:    100 duration_time:0.0333667 fmt:yuv420p cl:left sar:1/1 s:640x480 i:P iskey:0 type:P checksum:F600C7DB plane_checksum:[4450D187 BC3FB399 23D642AC] mean:[128 129 132] stdev:[50.7 5.2 3.0]
[Parsed_showinfo_1 @ 0xca5057900] [info]   side data - H.26[45] User Data Unregistered SEI message: UUID=0387f44e-cd0a-4bdc-a194-3ac3d49b171f
[Parsed_showinfo_1 @ 0xca5057900] [info] User Data=00
[Parsed_showinfo_1 @ 0xca5057900] [info] 
[Parsed_showinfo_1 @ 0xca5057900] [info] color_range:tv color_space:smpte170m color_primaries:smpte170m color_trc:bt709
[Parsed_showinfo_1 @ 0xca5057900] [info] n:  73 pts: 437602 pts_time:146.013347 duration:    100 duration_time:0.0333667 fmt:yuv420p cl:left sar:1/1 s:640x480 i:P iskey:0 type:P checksum:32A2B37B plane_checksum:[345B1CFB 5B649701 D4C4FF70] mean:[128 130 131] stdev:[50.7 3.3 2.8]
[Parsed_showinfo_1 @ 0xca5057900] [info]   side data - H.26[45] User Data Unregistered SEI message: UUID=0387f44e-cd0a-4bdc-a194-3ac3d49b171f
[Parsed_showinfo_1 @ 0xca5057900] [info] User Data=00
[Parsed_showinfo_1 @ 0xca5057900] [info] 
[Parsed_showinfo_1 @ 0xca5057900] [info] color_range:tv color_space:smpte170m color_primaries:smpte170m color_trc:bt709
[Parsed_showinfo_1 @ 0xca5057900] [info] n:  74 pts: 443601 pts_time:148.015015 duration:    100 duration_time:0.0333667 fmt:yuv420p cl:left sar:1/1 s:640x480 i:P iskey:0 type:P checksum:297BED73 plane_checksum:[0B0AD6B5 88CF06C4 B8970FFA] mean:[128 128 131] stdev:[51.1 4.4 3.7]
[Parsed_showinfo_1 @ 0xca5057900] [info]   side data - H.26[45] User Data Unregistered SEI message: UUID=0387f44e-cd0a-4bdc-a194-3ac3d49b171f
[Parsed_showinfo_1 @ 0xca5057900] [info] User Data=00
[Parsed_showinfo_1 @ 0xca5057900] [info] 
[Parsed_showinfo_1 @ 0xca5057900] [info] color_range:tv color_space:smpte170m color_primaries:smpte170m color_trc:bt709
[Parsed_showinfo_1 @ 0xca5057900] [info] n:  75 pts: 449600 pts_time:150.016683 duration:    100 duration_time:0.0333667 fmt:yuv420p cl:left sar:1/1 s:640x480 i:P iskey:0 type:P checksum:8A29D13B plane_checksum:[58840D57 55BDD9C3 A60EEA12] mean:[128 130 133] stdev:[51.7 4.7 3.5]
[Parsed_showinfo_1 @ 0xca5057900] [info]   side data - H.26[45] User Data Unregistered SEI message: UUID=0387f44e-cd0a-4bdc-a194-3ac3d49b171f
[Parsed_showinfo_1 @ 0xca5057900] [info] User Data=00
[Parsed_showinfo_1 @ 0xca5057900] [info] 
[Parsed_showinfo_1 @ 0xca5057900] [info] color_range:tv color_space:smpte170m color_primaries:smpte170m color_trc:bt709
[Parsed_showinfo_1 @ 0xca5057900] [info] n:  76 pts: 455604 pts_time:152.02002 duration:    100 duration_time:0.0333667 fmt:yuv420p cl:left sar:1/1 s:640x480 i:P iskey:0 type:P checksum:D1206B55 plane_checksum:[C1102410 E269A9E8 2E2A9D4E] mean:[128 128 130] stdev:[51.7 2.9 3.4]
[Parsed_showinfo_1 @ 0xca5057900] [info]   side data - H.26[45] User Data Unregistered SEI message: UUID=0387f44e-cd0a-4bdc-a194-3ac3d49b171f
[Parsed_showinfo_1 @ 0xca5057900] [info] User Data=00
[Parsed_showinfo_1 @ 0xca5057900] [info] 
[Parsed_showinfo_1 @ 0xca5057900] [info] color_range:tv color_space:smpte170m color_primaries:smpte170m color_trc:bt709
[Parsed_showinfo_1 @ 0xca5057900] [info] n:  77 pts: 461603 pts_time:154.021688 duration:    100 duration_time:0.0333667 fmt:yuv420p cl:left sar:1/1 s:640x480 i:P iskey:0 type:P checksum:00CE95EA plane_checksum:[FC6DDACC E81FB2C1 7B67084E] mean:[128 130 133] stdev:[51.8 5.2 3.6]
[Parsed_showinfo_1 @ 0xca5057900] [info]   side data - H.26[45] User Data Unregistered SEI message: UUID=0387f44e-cd0a-4bdc-a194-3ac3d49b171f
[Parsed_showinfo_1 @ 0xca5057900] [info] User Data=00
[Parsed_showinfo_1 @ 0xca5057900] [info] 
[Parsed_showinfo_1 @ 0xca5057900] [info] color_range:tv color_space:smpte170m color_primaries:smpte170m color_trc:bt709
[Parsed_showinfo_1 @ 0xca5057900] [info] n:  78 pts: 467602 pts_time:156.023357 duration:    100 duration_time:0.0333667 fmt:yuv420p cl:left sar:1/1 s:640x480 i:P iskey:0 type:P checksum:A1971B32 plane_checksum:[1C8F4F73 3805D05F 37A1FB42] mean:[128 130 133] stdev:[51.8 5.2 3.7]
[Parsed_showinfo_1 @ 0xca5057900] [info]   side data - H.26[45] User Data Unregistered SEI message: UUID=0387f44e-cd0a-4bdc-a194-3ac3d49b171f
[Parsed_showinfo_1 @ 0xca5057900] [info] User Data=00
[Parsed_showinfo_1 @ 0xca5057900] [info] 
[Parsed_showinfo_1 @ 0xca5057900] [info] color_range:tv color_space:smpte170m color_primaries:smpte170m color_trc:bt709
[Parsed_showinfo_1 @ 0xca5057900] [info] n:  79 pts: 473601 pts_time:158.025025 duration:    100 duration_time:0.0333667 fmt:yuv420p cl:left sar:1/1 s:640x480 i:P iskey:0 type:P checksum:510391CF plane_checksum:[73D60676 79642387 4BE467D2] mean:[127 128 129] stdev:[51.2 2.5 2.2]
[Parsed_showinfo_1 @ 0xca5057900] [info]   side data - H.26[45] User Data Unregistered SEI message: UUID=0387f44e-cd0a-4bdc-a194-3ac3d49b171f
[Parsed_showinfo_1 @ 0xca5057900] [info] User Data=00
[Parsed_showinfo_1 @ 0xca5057900] [info] 
[Parsed_showinfo_1 @ 0xca5057900] [info] color_range:tv color_space:smpte170m color_primaries:smpte170m color_trc:bt709
[Parsed_showinfo_1 @ 0xca5057900] [info] n:  80 pts: 479600 pts_time:160.026693 duration:    100 duration_time:0.0333667 fmt:yuv420p cl:left sar:1/1 s:640x480 i:P iskey:0 type:P checksum:7F84D51E plane_checksum:[FBCFB611 17123464 C92EEA9A] mean:[126 130 132] stdev:[50.7 4.4 3.1]
[Parsed_showinfo_1 @ 0xca5057900] [info]   side data - H.26[45] User Data Unregistered SEI message: UUID=0387f44e-cd0a-4bdc-a194-3ac3d49b171f
[Parsed_showinfo_1 @ 0xca5057900] [info] User Data=00
[Parsed_showinfo_1 @ 0xca5057900] [info] 
[Parsed_showinfo_1 @ 0xca5057900] [info] color_range:tv color_space:smpte170m color_primaries:smpte170m color_trc:bt709
[Parsed_showinfo_1 @ 0xca5057900] [info] n:  81 pts: 485604 pts_time:162.03003 duration:    100 duration_time:0.0333667 fmt:yuv420p cl:left sar:1/1 s:640x480 i:P iskey:0 type:P checksum:7EBB4308 plane_checksum:[70298D81 BD43F9A9 57CDBBC0] mean:[125 129 131] stdev:[50.2 4.0 3.3]
[Parsed_showinfo_1 @ 0xca5057900] [info]   side data - H.26[45] User Data Unregistered SEI message: UUID=0387f44e-cd0a-4bdc-a194-3ac3d49b171f
[Parsed_showinfo_1 @ 0xca5057900] [info] User Data=00
[Parsed_showinfo_1 @ 0xca5057900] [info] 
[Parsed_showinfo_1 @ 0xca5057900] [info] color_range:tv color_space:smpte170m color_primaries:smpte170m color_trc:bt709
[Parsed_showinfo_1 @ 0xca5057900] [info] n:  82 pts: 491603 pts_time:164.031698 duration:    100 duration_time:0.0333667 fmt:yuv420p cl:left sar:1/1 s:640x480 i:P iskey:0 type:P checksum:8C0586E7 plane_checksum:[ED072C2F F35959A5 EDAF0113] mean:[125 131 133] stdev:[49.7 5.3 3.6]
[Parsed_showinfo_1 @ 0xca5057900] [info]   side data - H.26[45] User Data Unregistered SEI message: UUID=0387f44e-cd0a-4bdc-a194-3ac3d49b171f
[Parsed_showinfo_1 @ 0xca5057900] [info] User Data=00
[Parsed_showinfo_1 @ 0xca5057900] [info] 
[Parsed_showinfo_1 @ 0xca5057900] [info] color_range:tv color_space:smpte170m color_primaries:smpte170m color_trc:bt709
[Parsed_showinfo_1 @ 0xca5057900] [info] n:  83 pts: 497502 pts_time:166     duration:    100 duration_time:0.0333667 fmt:yuv420p cl:left sar:1/1 s:640x480 i:P iskey:0 type:P checksum:5357C86F plane_checksum:[4DB2EB71 8BA110AA EDCFCC45] mean:[124 130 132] stdev:[48.9 4.5 3.2]
[Parsed_showinfo_1 @ 0xca5057900] [info]   side data - H.26[45] User Data Unregistered SEI message: UUID=0387f44e-cd0a-4bdc-a194-3ac3d49b171f
[Parsed_showinfo_1 @ 0xca5057900] [info] User Data=00
[Parsed_showinfo_1 @ 0xca5057900] [info] 
[Parsed_showinfo_1 @ 0xca5057900] [info] color_range:tv color_space:smpte170m color_primaries:smpte170m color_trc:bt709
[Parsed_showinfo_1 @ 0xca5057900] [info] n:  84 pts: 503501 pts_time:168.001668 duration:    100 duration_time:0.0333667 fmt:yuv420p cl:left sar:1/1 s:640x480 i:P iskey:0 type:P checksum:E4298074 plane_checksum:[57210D72 C7FD1CC6 BA4B563C] mean:[124 131 133] stdev:[48.6 4.4 3.1]
[Parsed_showinfo_1 @ 0xca5057900] [info]   side data - H.26[45] User Data Unregistered SEI message: UUID=0387f44e-cd0a-4bdc-a194-3ac3d49b171f
[Parsed_showinfo_1 @ 0xca5057900] [info] User Data=00
[Parsed_showinfo_1 @ 0xca5057900] [info] 
[Parsed_showinfo_1 @ 0xca5057900] [info] color_range:tv color_space:smpte170m color_primaries:smpte170m color_trc:bt709
[Parsed_showinfo_1 @ 0xca5057900] [info] n:  85 pts: 509500 pts_time:170.003337 duration:    100 duration_time:0.0333667 fmt:yuv420p cl:left sar:1/1 s:640x480 i:P iskey:0 type:P checksum:DB035356 plane_checksum:[52DE24F4 1E4D55D8 7118D87B] mean:[123 131 133] stdev:[48.8 5.0 3.4]
[Parsed_showinfo_1 @ 0xca5057900] [info]   side data - H.26[45] User Data Unregistered SEI message: UUID=0387f44e-cd0a-4bdc-a194-3ac3d49b171f
[Parsed_showinfo_1 @ 0xca5057900] [info] User Data=00
[Parsed_showinfo_1 @ 0xca5057900] [info] 
[Parsed_showinfo_1 @ 0xca5057900] [info] color_range:tv color_space:smpte170m color_primaries:smpte170m color_trc:bt709
[Parsed_showinfo_1 @ 0xca5057900] [info] n:  86 pts: 515504 pts_time:172.006673 duration:    100 duration_time:0.0333667 fmt:yuv420p cl:left sar:1/1 s:640x480 i:P iskey:0 type:P checksum:60EA977A plane_checksum:[7B6F9987 AD2B6BB4 63E99230] mean:[124 129 131] stdev:[48.7 3.3 2.7]
[Parsed_showinfo_1 @ 0xca5057900] [info]   side data - H.26[45] User Data Unregistered SEI message: UUID=0387f44e-cd0a-4bdc-a194-3ac3d49b171f
[Parsed_showinfo_1 @ 0xca5057900] [info] User Data=00
[Parsed_showinfo_1 @ 0xca5057900] [info] 
[Parsed_showinfo_1 @ 0xca5057900] [info] color_range:tv color_space:smpte170m color_primaries:smpte170m color_trc:bt709
[Parsed_showinfo_1 @ 0xca5057900] [info] n:  87 pts: 521503 pts_time:174.008342 duration:    100 duration_time:0.0333667 fmt:yuv420p cl:left sar:1/1 s:640x480 i:P iskey:0 type:P checksum:A0D1E4CB plane_checksum:[D249E305 68CA06F2 6C96FAC5] mean:[124 130 131] stdev:[48.5 3.8 2.6]
[Parsed_showinfo_1 @ 0xca5057900] [info]   side data - H.26[45] User Data Unregistered SEI message: UUID=0387f44e-cd0a-4bdc-a194-3ac3d49b171f
[Parsed_showinfo_1 @ 0xca5057900] [info] User Data=00
[Parsed_showinfo_1 @ 0xca5057900] [info] 
[Parsed_showinfo_1 @ 0xca5057900] [info] color_range:tv color_space:smpte170m color_primaries:smpte170m color_trc:bt709
[Parsed_showinfo_1 @ 0xca5057900] [info] n:  88 pts: 527502 pts_time:176.01001 duration:    100 duration_time:0.0333667 fmt:yuv420p cl:left sar:1/1 s:640x480 i:P iskey:0 type:P checksum:B8159027 plane_checksum:[8F1E5252 54B2CAB2 D1A87314] mean:[124 130 133] stdev:[48.8 4.5 3.1]
[Parsed_showinfo_1 @ 0xca5057900] [info]   side data - H.26[45] User Data Unregistered SEI message: UUID=0387f44e-cd0a-4bdc-a194-3ac3d49b171f
[Parsed_showinfo_1 @ 0xca5057900] [info] User Data=00
[Parsed_showinfo_1 @ 0xca5057900] [info] 
[Parsed_showinfo_1 @ 0xca5057900] [info] color_range:tv color_space:smpte170m color_primaries:smpte170m color_trc:bt709
[Parsed_showinfo_1 @ 0xca5057900] [info] n:  89 pts: 533501 pts_time:178.011678 duration:    100 duration_time:0.0333667 fmt:yuv420p cl:left sar:1/1 s:640x480 i:P iskey:0 type:P checksum:110BE7FE plane_checksum:[E56ACAB8 52F51A2D 37E70319] mean:[124 130 132] stdev:[48.8 5.0 3.0]
[Parsed_showinfo_1 @ 0xca5057900] [info]   side data - H.26[45] User Data Unregistered SEI message: UUID=0387f44e-cd0a-4bdc-a194-3ac3d49b171f
[Parsed_showinfo_1 @ 0xca5057900] [info] User Data=00
[Parsed_showinfo_1 @ 0xca5057900] [info] 
[Parsed_showinfo_1 @ 0xca5057900] [info] color_range:tv color_space:smpte170m color_primaries:smpte170m color_trc:bt709
[Parsed_showinfo_1 @ 0xca5057900] [info] n:  90 pts: 539500 pts_time:180.013347 duration:    100 duration_time:0.0333667 fmt:yuv420p cl:left sar:1/1 s:640x480 i:P iskey:0 type:P checksum:3AAFC1AE plane_checksum:[C9A91A4D 8206EFBE BADDB794] mean:[124 130 133] stdev:[48.6 4.4 3.3]
[Parsed_showinfo_1 @ 0xca5057900] [info]   side data - H.26[45] User Data Unregistered SEI message: UUID=0387f44e-cd0a-4bdc-a194-3ac3d49b171f
[Parsed_showinfo_1 @ 0xca5057900] [info] User Data=00
[Parsed_showinfo_1 @ 0xca5057900] [info] 
[Parsed_showinfo_1 @ 0xca5057900] [info] color_range:tv color_space:smpte170m color_primaries:smpte170m color_trc:bt709
[Parsed_showinfo_1 @ 0xca5057900] [info] n:  91 pts: 545504 pts_time:182.016683 duration:    100 duration_time:0.0333667 fmt:yuv420p cl:left sar:1/1 s:640x480 i:P iskey:0 type:P checksum:923D1E17 plane_checksum:[E954F2B3 CCCE483B E3ACE30B] mean:[124 131 132] stdev:[48.8 4.3 3.2]
[Parsed_showinfo_1 @ 0xca5057900] [info]   side data - H.26[45] User Data Unregistered SEI message: UUID=0387f44e-cd0a-4bdc-a194-3ac3d49b171f
[Parsed_showinfo_1 @ 0xca5057900] [info] User Data=00
[Parsed_showinfo_1 @ 0xca5057900] [info] 
[Parsed_showinfo_1 @ 0xca5057900] [info] color_range:tv color_space:smpte170m color_primaries:smpte170m color_trc:bt709
[Parsed_showinfo_1 @ 0xca5057900] [info] n:  92 pts: 551503 pts_time:184.018352 duration:    100 duration_time:0.0333667 fmt:yuv420p cl:left sar:1/1 s:640x480 i:P iskey:0 type:P checksum:216ED127 plane_checksum:[44FF0E5A A422823C 0DCA4091] mean:[125 130 131] stdev:[48.8 2.8 2.4]
[Parsed_showinfo_1 @ 0xca5057900] [info]   side data - H.26[45] User Data Unregistered SEI message: UUID=0387f44e-cd0a-4bdc-a194-3ac3d49b171f
[Parsed_showinfo_1 @ 0xca5057900] [info] User Data=00
[Parsed_showinfo_1 @ 0xca5057900] [info] 
[Parsed_showinfo_1 @ 0xca5057900] [info] color_range:tv color_space:smpte170m color_primaries:smpte170m color_trc:bt709
[Parsed_showinfo_1 @ 0xca5057900] [info] n:  93 pts: 557502 pts_time:186.02002 duration:    100 duration_time:0.0333667 fmt:yuv420p cl:left sar:1/1 s:640x480 i:P iskey:0 type:P checksum:8450D135 plane_checksum:[C4E5F2FA 8A132C8A 1E19B1A2] mean:[126 130 133] stdev:[49.0 4.8 3.3]
[Parsed_showinfo_1 @ 0xca5057900] [info]   side data - H.26[45] User Data Unregistered SEI message: UUID=0387f44e-cd0a-4bdc-a194-3ac3d49b171f
[Parsed_showinfo_1 @ 0xca5057900] [info] User Data=00
[Parsed_showinfo_1 @ 0xca5057900] [info] 
[Parsed_showinfo_1 @ 0xca5057900] [info] color_range:tv color_space:smpte170m color_primaries:smpte170m color_trc:bt709
[Parsed_showinfo_1 @ 0xca5057900] [info] n:  94 pts: 563501 pts_time:188.021688 duration:    100 duration_time:0.0333667 fmt:yuv420p cl:left sar:1/1 s:640x480 i:P iskey:0 type:P checksum:66D5240C plane_checksum:[E43455F3 D65CF667 B586D794] mean:[126 128 131] stdev:[49.4 3.5 2.7]
[Parsed_showinfo_1 @ 0xca5057900] [info]   side data - H.26[45] User Data Unregistered SEI message: UUID=0387f44e-cd0a-4bdc-a194-3ac3d49b171f
[Parsed_showinfo_1 @ 0xca5057900] [info] User Data=00
[Parsed_showinfo_1 @ 0xca5057900] [info] 
[Parsed_showinfo_1 @ 0xca5057900] [info] color_range:tv color_space:smpte170m color_primaries:smpte170m color_trc:bt709
[Parsed_showinfo_1 @ 0xca5057900] [info] n:  95 pts: 569500 pts_time:190.023357 duration:    100 duration_time:0.0333667 fmt:yuv420p cl:left sar:1/1 s:640x480 i:P iskey:0 type:P checksum:03363427 plane_checksum:[11F8A96D 6D2E0CD3 A0C87DD8] mean:[127 129 130] stdev:[49.5 3.4 2.2]
[Parsed_showinfo_1 @ 0xca5057900] [info]   side data - H.26[45] User Data Unregistered SEI message: UUID=0387f44e-cd0a-4bdc-a194-3ac3d49b171f
[Parsed_showinfo_1 @ 0xca5057900] [info] User Data=00
[Parsed_showinfo_1 @ 0xca5057900] [info] 
[Parsed_showinfo_1 @ 0xca5057900] [info] color_range:tv color_space:smpte170m color_primaries:smpte170m color_trc:bt709
[Parsed_showinfo_1 @ 0xca5057900] [info] n:  96 pts: 575504 pts_time:192.026693 duration:    100 duration_time:0.0333667 fmt:yuv420p cl:left sar:1/1 s:640x480 i:P iskey:0 type:P checksum:796525A4 plane_checksum:[92FFEBB2 F833E8FD E19750D7] mean:[127 130 133] stdev:[49.5 5.2 3.5]
[Parsed_showinfo_1 @ 0xca5057900] [info]   side data - H.26[45] User Data Unregistered SEI message: UUID=0387f44e-cd0a-4bdc-a194-3ac3d49b171f
[Parsed_showinfo_1 @ 0xca5057900] [info] User Data=00
[Parsed_showinfo_1 @ 0xca5057900] [info] 
[Parsed_showinfo_1 @ 0xca5057900] [info] color_range:tv color_space:smpte170m color_primaries:smpte170m color_trc:bt709
[Parsed_showinfo_1 @ 0xca5057900] [info] n:  97 pts: 581503 pts_time:194.028362 duration:    100 duration_time:0.0333667 fmt:yuv420p cl:left sar:1/1 s:640x480 i:P iskey:0 type:P checksum:B70AE572 plane_checksum:[3C19DEEE E4CF1DFA 1FE2E87B] mean:[127 130 131] stdev:[49.7 3.8 2.7]
[Parsed_showinfo_1 @ 0xca5057900] [info]   side data - H.26[45] User Data Unregistered SEI message: UUID=0387f44e-cd0a-4bdc-a194-3ac3d49b171f
[Parsed_showinfo_1 @ 0xca5057900] [info] User Data=00
[Parsed_showinfo_1 @ 0xca5057900] [info] 
[Parsed_showinfo_1 @ 0xca5057900] [info] color_range:tv color_space:smpte170m color_primaries:smpte170m color_trc:bt709
[Parsed_showinfo_1 @ 0xca5057900] [info] n:  98 pts: 587502 pts_time:196.03003 duration:    100 duration_time:0.0333667 fmt:yuv420p cl:left sar:1/1 s:640x480 i:P iskey:0 type:P checksum:FFB2B6AE plane_checksum:[4E1329D1 FA120371 788E896C] mean:[127 129 131] stdev:[49.7 3.5 2.7]
[Parsed_showinfo_1 @ 0xca5057900] [info]   side data - H.26[45] User Data Unregistered SEI message: UUID=0387f44e-cd0a-4bdc-a194-3ac3d49b171f
[Parsed_showinfo_1 @ 0xca5057900] [info] User Data=00
[Parsed_showinfo_1 @ 0xca5057900] [info] 
[Parsed_showinfo_1 @ 0xca5057900] [info] color_range:tv color_space:smpte170m color_primaries:smpte170m color_trc:bt709
[Parsed_showinfo_1 @ 0xca5057900] [info] n:  99 pts: 593501 pts_time:198.031698 duration:    100 duration_time:0.0333667 fmt:yuv420p cl:left sar:1/1 s:640x480 i:P iskey:0 type:P checksum:C10995E2 plane_checksum:[2E55D06A 37D95B1E E00E6A4B] mean:[127 130 133] stdev:[49.7 5.2 2.9]
[Parsed_showinfo_1 @ 0xca5057900] [info]   side data - H.26[45] User Data Unregistered SEI message: UUID=0387f44e-cd0a-4bdc-a194-3ac3d49b171f
[Parsed_showinfo_1 @ 0xca5057900] [info] User Data=00
[Parsed_showinfo_1 @ 0xca5057900] [info] 
[Parsed_showinfo_1 @ 0xca5057900] [info] color_range:tv color_space:smpte170m color_primaries:smpte170m color_trc:bt709
[Parsed_showinfo_1 @ 0xca5057900] [info] n: 100 pts: 599400 pts_time:200     duration:    100 duration_time:0.0333667 fmt:yuv420p cl:left sar:1/1 s:640x480 i:P iskey:0 type:P checksum:789D354B plane_checksum:[8349E1DA 92B6FF25 8AA6542E] mean:[127 131 133] stdev:[50.0 5.0 3.5]
[Parsed_showinfo_1 @ 0xca5057900] [info]   side data - H.26[45] User Data Unregistered SEI message: UUID=0387f44e-cd0a-4bdc-a194-3ac3d49b171f
[Parsed_showinfo_1 @ 0xca5057900] [info] User Data=00
[Parsed_showinfo_1 @ 0xca5057900] [info] 
[Parsed_showinfo_1 @ 0xca5057900] [info] color_range:tv color_space:smpte170m color_primaries:smpte170m color_trc:bt709
[Parsed_showinfo_1 @ 0xca5057900] [info] n: 101 pts: 605404 pts_time:202.003337 duration:    100 duration_time:0.0333667 fmt:yuv420p cl:left sar:1/1 s:640x480 i:P iskey:0 type:P checksum:AD5F67DF plane_checksum:[53BF521B 9A6567E4 DD5DADD1] mean:[127 129 131] stdev:[49.9 3.8 3.0]
[Parsed_showinfo_1 @ 0xca5057900] [info]   side data - H.26[45] User Data Unregistered SEI message: UUID=0387f44e-cd0a-4bdc-a194-3ac3d49b171f
[Parsed_showinfo_1 @ 0xca5057900] [info] User Data=00
[Parsed_showinfo_1 @ 0xca5057900] [info] 
[Parsed_showinfo_1 @ 0xca5057900] [info] color_range:tv color_space:smpte170m color_primaries:smpte170m color_trc:bt709
[Parsed_showinfo_1 @ 0xca5057900] [info] n: 102 pts: 611403 pts_time:204.005005 duration:    100 duration_time:0.0333667 fmt:yuv420p cl:left sar:1/1 s:640x480 i:P iskey:0 type:P checksum:82950F7E plane_checksum:[DDBD0DDC EC22FF87 7089020C] mean:[127 129 131] stdev:[49.8 3.5 2.8]
[Parsed_showinfo_1 @ 0xca5057900] [info]   side data - H.26[45] User Data Unregistered SEI message: UUID=0387f44e-cd0a-4bdc-a194-3ac3d49b171f
[Parsed_showinfo_1 @ 0xca5057900] [info] User Data=00
[Parsed_showinfo_1 @ 0xca5057900] [info] 
[Parsed_showinfo_1 @ 0xca5057900] [info] color_range:tv color_space:smpte170m color_primaries:smpte170m color_trc:bt709
[Parsed_showinfo_1 @ 0xca5057900] [info] n: 103 pts: 617402 pts_time:206.006673 duration:    100 duration_time:0.0333667 fmt:yuv420p cl:left sar:1/1 s:640x480 i:P iskey:0 type:P checksum:C2CAB473 plane_checksum:[B2E71166 9534A71C BCAAFBE2] mean:[127 129 131] stdev:[50.0 4.2 2.4]
[Parsed_showinfo_1 @ 0xca5057900] [info]   side data - H.26[45] User Data Unregistered SEI message: UUID=0387f44e-cd0a-4bdc-a194-3ac3d49b171f
[Parsed_showinfo_1 @ 0xca5057900] [info] User Data=00
[Parsed_showinfo_1 @ 0xca5057900] [info] 
[Parsed_showinfo_1 @ 0xca5057900] [info] color_range:tv color_space:smpte170m color_primaries:smpte170m color_trc:bt709
[Parsed_showinfo_1 @ 0xca5057900] [info] n: 104 pts: 623401 pts_time:208.008342 duration:    100 duration_time:0.0333667 fmt:yuv420p cl:left sar:1/1 s:640x480 i:P iskey:0 type:P checksum:95A58E16 plane_checksum:[2009325B 259C3CAC 628A1F0F] mean:[127 129 131] stdev:[49.9 4.2 3.6]
[Parsed_showinfo_1 @ 0xca5057900] [info]   side data - H.26[45] User Data Unregistered SEI message: UUID=0387f44e-cd0a-4bdc-a194-3ac3d49b171f
[Parsed_showinfo_1 @ 0xca5057900] [info] User Data=00
[Parsed_showinfo_1 @ 0xca5057900] [info] 
[Parsed_showinfo_1 @ 0xca5057900] [info] color_range:tv color_space:smpte170m color_primaries:smpte170m color_trc:bt709
[Parsed_showinfo_1 @ 0xca5057900] [info] n: 105 pts: 629400 pts_time:210.01001 duration:    100 duration_time:0.0333667 fmt:yuv420p cl:left sar:1/1 s:640x480 i:P iskey:0 type:P checksum:7D678202 plane_checksum:[B05286EF 657D182A D5CFE2DA] mean:[127 130 132] stdev:[49.8 4.5 3.3]
[Parsed_showinfo_1 @ 0xca5057900] [info]   side data - H.26[45] User Data Unregistered SEI message: UUID=0387f44e-cd0a-4bdc-a194-3ac3d49b171f
[Parsed_showinfo_1 @ 0xca5057900] [info] User Data=00
[Parsed_showinfo_1 @ 0xca5057900] [info] 
[Parsed_showinfo_1 @ 0xca5057900] [info] color_range:tv color_space:smpte170m color_primaries:smpte170m color_trc:bt709
[Parsed_showinfo_1 @ 0xca5057900] [info] n: 106 pts: 635404 pts_time:212.013347 duration:    100 duration_time:0.0333667 fmt:yuv420p cl:left sar:1/1 s:640x480 i:P iskey:0 type:P checksum:4873FD76 plane_checksum:[1E1F2031 667B837C 280F59C9] mean:[127 130 133] stdev:[49.9 5.3 3.4]
[Parsed_showinfo_1 @ 0xca5057900] [info]   side data - H.26[45] User Data Unregistered SEI message: UUID=0387f44e-cd0a-4bdc-a194-3ac3d49b171f
[Parsed_showinfo_1 @ 0xca5057900] [info] User Data=00
[Parsed_showinfo_1 @ 0xca5057900] [info] 
[Parsed_showinfo_1 @ 0xca5057900] [info] color_range:tv color_space:smpte170m color_primaries:smpte170m color_trc:bt709
[Parsed_showinfo_1 @ 0xca5057900] [info] n: 107 pts: 641403 pts_time:214.015015 duration:    100 duration_time:0.0333667 fmt:yuv420p cl:left sar:1/1 s:640x480 i:P iskey:0 type:P checksum:DFDE3DBF plane_checksum:[F06E375B DB8937BC 0D61CE99] mean:[127 130 133] stdev:[49.3 4.4 3.2]
[Parsed_showinfo_1 @ 0xca5057900] [info]   side data - H.26[45] User Data Unregistered SEI message: UUID=0387f44e-cd0a-4bdc-a194-3ac3d49b171f
[Parsed_showinfo_1 @ 0xca5057900] [info] User Data=00
[Parsed_showinfo_1 @ 0xca5057900] [info] 
[Parsed_showinfo_1 @ 0xca5057900] [info] color_range:tv color_space:smpte170m color_primaries:smpte170m color_trc:bt709
[Parsed_showinfo_1 @ 0xca5057900] [info] n: 108 pts: 647402 pts_time:216.016683 duration:    100 duration_time:0.0333667 fmt:yuv420p cl:left sar:1/1 s:640x480 i:P iskey:0 type:P checksum:EC5360A2 plane_checksum:[CFEA833A C7DB595A C2FD83FF] mean:[126 130 131] stdev:[49.2 3.4 2.6]
[Parsed_showinfo_1 @ 0xca5057900] [info]   side data - H.26[45] User Data Unregistered SEI message: UUID=0387f44e-cd0a-4bdc-a194-3ac3d49b171f
[Parsed_showinfo_1 @ 0xca5057900] [info] User Data=00
[Parsed_showinfo_1 @ 0xca5057900] [info] 
[Parsed_showinfo_1 @ 0xca5057900] [info] color_range:tv color_space:smpte170m color_primaries:smpte170m color_trc:bt709
[Parsed_showinfo_1 @ 0xca5057900] [info] n: 109 pts: 653401 pts_time:218.018352 duration:    100 duration_time:0.0333667 fmt:yuv420p cl:left sar:1/1 s:640x480 i:P iskey:0 type:P checksum:1DA27880 plane_checksum:[88FF0342 58C4A13D 8A52D3F2] mean:[126 130 133] stdev:[49.2 4.7 3.4]
[Parsed_showinfo_1 @ 0xca5057900] [info]   side data - H.26[45] User Data Unregistered SEI message: UUID=0387f44e-cd0a-4bdc-a194-3ac3d49b171f
[Parsed_showinfo_1 @ 0xca5057900] [info] User Data=00
[Parsed_showinfo_1 @ 0xca5057900] [info] 
[Parsed_showinfo_1 @ 0xca5057900] [info] color_range:tv color_space:smpte170m color_primaries:smpte170m color_trc:bt709
[Parsed_showinfo_1 @ 0xca5057900] [info] n: 110 pts: 659400 pts_time:220.02002 duration:    100 duration_time:0.0333667 fmt:yuv420p cl:left sar:1/1 s:640x480 i:P iskey:0 type:P checksum:47C609B4 plane_checksum:[4F95D76B 7B880D9E 0630249C] mean:[126 130 133] stdev:[49.2 5.4 3.3]
[Parsed_showinfo_1 @ 0xca5057900] [info]   side data - H.26[45] User Data Unregistered SEI message: UUID=0387f44e-cd0a-4bdc-a194-3ac3d49b171f
[Parsed_showinfo_1 @ 0xca5057900] [info] User Data=00
[Parsed_showinfo_1 @ 0xca5057900] [info] 
[Parsed_showinfo_1 @ 0xca5057900] [info] color_range:tv color_space:smpte170m color_primaries:smpte170m color_trc:bt709
[Parsed_showinfo_1 @ 0xca5057900] [info] n: 111 pts: 665404 pts_time:222.023357 duration:    100 duration_time:0.0333667 fmt:yuv420p cl:left sar:1/1 s:640x480 i:P iskey:0 type:P checksum:E95D8384 plane_checksum:[9CC71D26 105957B2 8D5D0EAC] mean:[126 130 132] stdev:[49.6 4.5 2.9]
[Parsed_showinfo_1 @ 0xca5057900] [info]   side data - H.26[45] User Data Unregistered SEI message: UUID=0387f44e-cd0a-4bdc-a194-3ac3d49b171f
[Parsed_showinfo_1 @ 0xca5057900] [info] User Data=00
[Parsed_showinfo_1 @ 0xca5057900] [info] 
[Parsed_showinfo_1 @ 0xca5057900] [info] color_range:tv color_space:smpte170m color_primaries:smpte170m color_trc:bt709
[Parsed_showinfo_1 @ 0xca5057900] [info] n: 112 pts: 671403 pts_time:224.025025 duration:    100 duration_time:0.0333667 fmt:yuv420p cl:left sar:1/1 s:640x480 i:P iskey:0 type:P checksum:4559D992 plane_checksum:[601678F3 90FAF904 64E6678C] mean:[126 130 132] stdev:[49.6 3.8 2.5]
[Parsed_showinfo_1 @ 0xca5057900] [info]   side data - H.26[45] User Data Unregistered SEI message: UUID=0387f44e-cd0a-4bdc-a194-3ac3d49b171f
[Parsed_showinfo_1 @ 0xca5057900] [info] User Data=00
[Parsed_showinfo_1 @ 0xca5057900] [info] 
[Parsed_showinfo_1 @ 0xca5057900] [info] color_range:tv color_space:smpte170m color_primaries:smpte170m color_trc:bt709
[Parsed_showinfo_1 @ 0xca5057900] [info] n: 113 pts: 677402 pts_time:226.026693 duration:    100 duration_time:0.0333667 fmt:yuv420p cl:left sar:1/1 s:640x480 i:P iskey:0 type:P checksum:8A91123A plane_checksum:[7582DF33 9AE7A385 32728F64] mean:[125 129 132] stdev:[49.4 3.9 2.8]
[Parsed_showinfo_1 @ 0xca5057900] [info]   side data - H.26[45] User Data Unregistered SEI message: UUID=0387f44e-cd0a-4bdc-a194-3ac3d49b171f
[Parsed_showinfo_1 @ 0xca5057900] [info] User Data=00
[Parsed_showinfo_1 @ 0xca5057900] [info] 
[Parsed_showinfo_1 @ 0xca5057900] [info] color_range:tv color_space:smpte170m color_primaries:smpte170m color_trc:bt709
[Parsed_showinfo_1 @ 0xca5057900] [info] n: 114 pts: 683401 pts_time:228.028362 duration:    100 duration_time:0.0333667 fmt:yuv420p cl:left sar:1/1 s:640x480 i:P iskey:0 type:P checksum:7D2DE1AC plane_checksum:[D3FE549C 71376823 CDB324ED] mean:[125 130 133] stdev:[49.7 5.2 3.5]
[Parsed_showinfo_1 @ 0xca5057900] [info]   side data - H.26[45] User Data Unregistered SEI message: UUID=0387f44e-cd0a-4bdc-a194-3ac3d49b171f
[Parsed_showinfo_1 @ 0xca5057900] [info] User Data=00
[Parsed_showinfo_1 @ 0xca5057900] [info] 
[Parsed_showinfo_1 @ 0xca5057900] [info] color_range:tv color_space:smpte170m color_primaries:smpte170m color_trc:bt709
[Parsed_showinfo_1 @ 0xca5057900] [info] n: 115 pts: 689400 pts_time:230.03003 duration:    100 duration_time:0.0333667 fmt:yuv420p cl:left sar:1/1 s:640x480 i:P iskey:0 type:P checksum:2ABCB470 plane_checksum:[BF1932D2 88FE5D4F BAE9244F] mean:[125 129 132] stdev:[49.4 4.0 2.9]
[Parsed_showinfo_1 @ 0xca5057900] [info]   side data - H.26[45] User Data Unregistered SEI message: UUID=0387f44e-cd0a-4bdc-a194-3ac3d49b171f
[Parsed_showinfo_1 @ 0xca5057900] [info] User Data=00
[Parsed_showinfo_1 @ 0xca5057900] [info] 
[Parsed_showinfo_1 @ 0xca5057900] [info] color_range:tv color_space:smpte170m color_primaries:smpte170m color_trc:bt709
[Parsed_showinfo_1 @ 0xca5057900] [info] n: 116 pts: 695404 pts_time:232.033367 duration:    100 duration_time:0.0333667 fmt:yuv420p cl:left sar:1/1 s:640x480 i:P iskey:0 type:P checksum:81EA876C plane_checksum:[3AE2DED5 6D31B2A8 E0E3F5D1] mean:[126 128 130] stdev:[49.7 3.9 3.5]
[Parsed_showinfo_1 @ 0xca5057900] [info]   side data - H.26[45] User Data Unregistered SEI message: UUID=0387f44e-cd0a-4bdc-a194-3ac3d49b171f
[Parsed_showinfo_1 @ 0xca5057900] [info] User Data=00
[Parsed_showinfo_1 @ 0xca5057900] [info] 
[Parsed_showinfo_1 @ 0xca5057900] [info] color_range:tv color_space:smpte170m color_primaries:smpte170m color_trc:bt709
[Parsed_showinfo_1 @ 0xca5057900] [info] n: 117 pts: 701303 pts_time:234.001668 duration:    100 duration_time:0.0333667 fmt:yuv420p cl:left sar:1/1 s:640x480 i:P iskey:0 type:P checksum:CCF35EC2 plane_checksum:[A931EFFD 6085B7CB 50B6B6DC] mean:[129 129 133] stdev:[51.0 4.7 3.8]
[Parsed_showinfo_1 @ 0xca5057900] [info]   side data - H.26[45] User Data Unregistered SEI message: UUID=0387f44e-cd0a-4bdc-a194-3ac3d49b171f
[Parsed_showinfo_1 @ 0xca5057900] [info] User Data=00
[Parsed_showinfo_1 @ 0xca5057900] [info] 
[Parsed_showinfo_1 @ 0xca5057900] [info] color_range:tv color_space:smpte170m color_primaries:smpte170m color_trc:bt709
[Parsed_showinfo_1 @ 0xca5057900] [info] n: 118 pts: 707302 pts_time:236.003337 duration:    100 duration_time:0.0333667 fmt:yuv420p cl:left sar:1/1 s:640x480 i:P iskey:0 type:P checksum:9E4324AD plane_checksum:[F641588D 98B6BBC5 ABFC104C] mean:[131 129 131] stdev:[51.6 3.6 2.9]
[Parsed_showinfo_1 @ 0xca5057900] [info]   side data - H.26[45] User Data Unregistered SEI message: UUID=0387f44e-cd0a-4bdc-a194-3ac3d49b171f
[Parsed_showinfo_1 @ 0xca5057900] [info] User Data=00
[Parsed_showinfo_1 @ 0xca5057900] [info] 
[Parsed_showinfo_1 @ 0xca5057900] [info] color_range:tv color_space:smpte170m color_primaries:smpte170m color_trc:bt709
[Parsed_showinfo_1 @ 0xca5057900] [info] n: 119 pts: 713301 pts_time:238.005005 duration:    100 duration_time:0.0333667 fmt:yuv420p cl:left sar:1/1 s:640x480 i:P iskey:0 type:P checksum:5F3E6EE0 plane_checksum:[33600257 3AF92BCC A48840BD] mean:[133 128 133] stdev:[52.4 5.2 4.0]
[Parsed_showinfo_1 @ 0xca5057900] [info]   side data - H.26[45] User Data Unregistered SEI message: UUID=0387f44e-cd0a-4bdc-a194-3ac3d49b171f
[Parsed_showinfo_1 @ 0xca5057900] [info] User Data=00
[Parsed_showinfo_1 @ 0xca5057900] [info] 
[Parsed_showinfo_1 @ 0xca5057900] [info] color_range:tv color_space:smpte170m color_primaries:smpte170m color_trc:bt709
[Parsed_showinfo_1 @ 0xca5057900] [info] n: 120 pts: 719300 pts_time:240.006673 duration:    100 duration_time:0.0333667 fmt:yuv420p cl:left sar:1/1 s:640x480 i:P iskey:0 type:P checksum:F3B84DDF plane_checksum:[45321B61 B22D9C8F 8CEB95E0] mean:[133 128 133] stdev:[53.0 5.2 3.3]
[Parsed_showinfo_1 @ 0xca5057900] [info]   side data - H.26[45] User Data Unregistered SEI message: UUID=0387f44e-cd0a-4bdc-a194-3ac3d49b171f
[Parsed_showinfo_1 @ 0xca5057900] [info] User Data=00
[Parsed_showinfo_1 @ 0xca5057900] [info] 
[Parsed_showinfo_1 @ 0xca5057900] [info] color_range:tv color_space:smpte170m color_primaries:smpte170m color_trc:bt709
[Parsed_showinfo_1 @ 0xca5057900] [info] n: 121 pts: 725304 pts_time:242.01001 duration:    100 duration_time:0.0333667 fmt:yuv420p cl:left sar:1/1 s:640x480 i:P iskey:0 type:P checksum:C08F2F4C plane_checksum:[CE568E89 C0706272 2AB33E42] mean:[133 127 132] stdev:[53.1 4.3 3.7]
[Parsed_showinfo_1 @ 0xca5057900] [info]   side data - H.26[45] User Data Unregistered SEI message: UUID=0387f44e-cd0a-4bdc-a194-3ac3d49b171f
[Parsed_showinfo_1 @ 0xca5057900] [info] User Data=00
[Parsed_showinfo_1 @ 0xca5057900] [info] 
[Parsed_showinfo_1 @ 0xca5057900] [info] color_range:tv color_space:smpte170m color_primaries:smpte170m color_trc:bt709
[Parsed_showinfo_1 @ 0xca5057900] [info] n: 122 pts: 731303 pts_time:244.011678 duration:    100 duration_time:0.0333667 fmt:yuv420p cl:left sar:1/1 s:640x480 i:P iskey:0 type:P checksum:6DB47013 plane_checksum:[828C5A2C FFCFCCAD 9DC7492B] mean:[133 129 133] stdev:[53.5 5.4 3.8]
[Parsed_showinfo_1 @ 0xca5057900] [info]   side data - H.26[45] User Data Unregistered SEI message: UUID=0387f44e-cd0a-4bdc-a194-3ac3d49b171f
[Parsed_showinfo_1 @ 0xca5057900] [info] User Data=00
[Parsed_showinfo_1 @ 0xca5057900] [info] 
[Parsed_showinfo_1 @ 0xca5057900] [info] color_range:tv color_space:smpte170m color_primaries:smpte170m color_trc:bt709
[Parsed_showinfo_1 @ 0xca5057900] [info] n: 123 pts: 737302 pts_time:246.013347 duration:    100 duration_time:0.0333667 fmt:yuv420p cl:left sar:1/1 s:640x480 i:P iskey:0 type:P checksum:22E03394 plane_checksum:[0CA4E590 6EA038F6 6DAA14FF] mean:[134 129 130] stdev:[54.1 2.4 2.4]
[Parsed_showinfo_1 @ 0xca5057900] [info]   side data - H.26[45] User Data Unregistered SEI message: UUID=0387f44e-cd0a-4bdc-a194-3ac3d49b171f
[Parsed_showinfo_1 @ 0xca5057900] [info] User Data=00
[Parsed_showinfo_1 @ 0xca5057900] [info] 
[Parsed_showinfo_1 @ 0xca5057900] [info] color_range:tv color_space:smpte170m color_primaries:smpte170m color_trc:bt709
[Parsed_showinfo_1 @ 0xca5057900] [info] n: 124 pts: 743301 pts_time:248.015015 duration:    100 duration_time:0.0333667 fmt:yuv420p cl:left sar:1/1 s:640x480 i:P iskey:0 type:P checksum:0EC1406F plane_checksum:[4EF164E5 4126422F 4B15994C] mean:[135 130 134] stdev:[54.5 5.1 4.3]
[Parsed_showinfo_1 @ 0xca5057900] [info]   side data - H.26[45] User Data Unregistered SEI message: UUID=0387f44e-cd0a-4bdc-a194-3ac3d49b171f
[Parsed_showinfo_1 @ 0xca5057900] [info] User Data=00
[Parsed_showinfo_1 @ 0xca5057900] [info] 
[Parsed_showinfo_1 @ 0xca5057900] [info] color_range:tv color_space:smpte170m color_primaries:smpte170m color_trc:bt709
[Parsed_showinfo_1 @ 0xca5057900] [info] n: 125 pts: 749300 pts_time:250.016683 duration:    100 duration_time:0.0333667 fmt:yuv420p cl:left sar:1/1 s:640x480 i:P iskey:0 type:P checksum:014C9696 plane_checksum:[9F89805A 02A616C1 119EFF6C] mean:[136 127 133] stdev:[55.0 5.7 3.4]
[Parsed_showinfo_1 @ 0xca5057900] [info]   side data - H.26[45] User Data Unregistered SEI message: UUID=0387f44e-cd0a-4bdc-a194-3ac3d49b171f
[Parsed_showinfo_1 @ 0xca5057900] [info] User Data=00
[Parsed_showinfo_1 @ 0xca5057900] [info] 
[Parsed_showinfo_1 @ 0xca5057900] [info] color_range:tv color_space:smpte170m color_primaries:smpte170m color_trc:bt709
[Parsed_showinfo_1 @ 0xca5057900] [info] n: 126 pts: 755304 pts_time:252.02002 duration:    100 duration_time:0.0333667 fmt:yuv420p cl:left sar:1/1 s:640x480 i:P iskey:0 type:P checksum:61113B47 plane_checksum:[2AA6F1B5 BDF595F1 54A9B383] mean:[136 128 133] stdev:[55.5 5.5 3.5]
[Parsed_showinfo_1 @ 0xca5057900] [info]   side data - H.26[45] User Data Unregistered SEI message: UUID=0387f44e-cd0a-4bdc-a194-3ac3d49b171f
[Parsed_showinfo_1 @ 0xca5057900] [info] User Data=00
[Parsed_showinfo_1 @ 0xca5057900] [info] 
[Parsed_showinfo_1 @ 0xca5057900] [info] color_range:tv color_space:smpte170m color_primaries:smpte170m color_trc:bt709
[Parsed_showinfo_1 @ 0xca5057900] [info] n: 127 pts: 761303 pts_time:254.021688 duration:    100 duration_time:0.0333667 fmt:yuv420p cl:left sar:1/1 s:640x480 i:P iskey:0 type:P checksum:8FFDE96E plane_checksum:[744A1E7D E059CBEF FD8FFEF3] mean:[137 127 131] stdev:[55.4 3.9 4.1]
[Parsed_showinfo_1 @ 0xca5057900] [info]   side data - H.26[45] User Data Unregistered SEI message: UUID=0387f44e-cd0a-4bdc-a194-3ac3d49b171f
[Parsed_showinfo_1 @ 0xca5057900] [info] User Data=00
[Parsed_showinfo_1 @ 0xca5057900] [info] 
[Parsed_showinfo_1 @ 0xca5057900] [info] color_range:tv color_space:smpte170m color_primaries:smpte170m color_trc:bt709
[Parsed_showinfo_1 @ 0xca5057900] [info] n: 128 pts: 767302 pts_time:256.023357 duration:    100 duration_time:0.0333667 fmt:yuv420p cl:left sar:1/1 s:640x480 i:P iskey:0 type:P checksum:AD3F7308 plane_checksum:[9D8F0A43 48541E0D 0A244AB8] mean:[137 128 133] stdev:[55.6 5.0 4.3]
[Parsed_showinfo_1 @ 0xca5057900] [info]   side data - H.26[45] User Data Unregistered SEI message: UUID=0387f44e-cd0a-4bdc-a194-3ac3d49b171f
[Parsed_showinfo_1 @ 0xca5057900] [info] User Data=00
[Parsed_showinfo_1 @ 0xca5057900] [info] 
[Parsed_showinfo_1 @ 0xca5057900] [info] color_range:tv color_space:smpte170m color_primaries:smpte170m color_trc:bt709
[Parsed_showinfo_1 @ 0xca5057900] [info] n: 129 pts: 773301 pts_time:258.025025 duration:    100 duration_time:0.0333667 fmt:yuv420p cl:left sar:1/1 s:640x480 i:P iskey:0 type:P checksum:1F621DDC plane_checksum:[9D455CBA A7227A72 2D6346A1] mean:[137 128 133] stdev:[55.7 4.9 4.3]
[Parsed_showinfo_1 @ 0xca5057900] [info]   side data - H.26[45] User Data Unregistered SEI message: UUID=0387f44e-cd0a-4bdc-a194-3ac3d49b171f
[Parsed_showinfo_1 @ 0xca5057900] [info] User Data=00
[Parsed_showinfo_1 @ 0xca5057900] [info] 
[Parsed_showinfo_1 @ 0xca5057900] [info] color_range:tv color_space:smpte170m color_primaries:smpte170m color_trc:bt709
[Parsed_showinfo_1 @ 0xca5057900] [info] n: 130 pts: 779300 pts_time:260.026693 duration:    100 duration_time:0.0333667 fmt:yuv420p cl:left sar:1/1 s:640x480 i:P iskey:0 type:P checksum:43CD2D1F plane_checksum:[55225781 8369A1F0 AEF6339F] mean:[138 128 132] stdev:[55.9 5.7 4.0]
[Parsed_showinfo_1 @ 0xca5057900] [info]   side data - H.26[45] User Data Unregistered SEI message: UUID=0387f44e-cd0a-4bdc-a194-3ac3d49b171f
[Parsed_showinfo_1 @ 0xca5057900] [info] User Data=00
[Parsed_showinfo_1 @ 0xca5057900] [info] 
[Parsed_showinfo_1 @ 0xca5057900] [info] color_range:tv color_space:smpte170m color_primaries:smpte170m color_trc:bt709
[Parsed_showinfo_1 @ 0xca5057900] [info] n: 131 pts: 785304 pts_time:262.03003 duration:    100 duration_time:0.0333667 fmt:yuv420p cl:left sar:1/1 s:640x480 i:P iskey:0 type:P checksum:CC02A08B plane_checksum:[8A63494A 95392CD7 22D52A6A] mean:[139 128 133] stdev:[56.5 6.2 4.5]
[Parsed_showinfo_1 @ 0xca5057900] [info]   side data - H.26[45] User Data Unregistered SEI message: UUID=0387f44e-cd0a-4bdc-a194-3ac3d49b171f
[Parsed_showinfo_1 @ 0xca5057900] [info] User Data=00
[Parsed_showinfo_1 @ 0xca5057900] [info] 
[Parsed_showinfo_1 @ 0xca5057900] [info] color_range:tv color_space:smpte170m color_primaries:smpte170m color_trc:bt709
[Parsed_showinfo_1 @ 0xca5057900] [info] n: 132 pts: 791303 pts_time:264.031698 duration:    100 duration_time:0.0333667 fmt:yuv420p cl:left sar:1/1 s:640x480 i:P iskey:0 type:P checksum:9493EBDF plane_checksum:[9420DFEB 4742A8F7 207C62EE] mean:[139 129 134] stdev:[56.6 6.4 5.0]
[Parsed_showinfo_1 @ 0xca5057900] [info]   side data - H.26[45] User Data Unregistered SEI message: UUID=0387f44e-cd0a-4bdc-a194-3ac3d49b171f
[Parsed_showinfo_1 @ 0xca5057900] [info] User Data=00
[Parsed_showinfo_1 @ 0xca5057900] [info] 
[Parsed_showinfo_1 @ 0xca5057900] [info] color_range:tv color_space:smpte170m color_primaries:smpte170m color_trc:bt709
[Parsed_showinfo_1 @ 0xca5057900] [info] n: 133 pts: 797202 pts_time:266     duration:    100 duration_time:0.0333667 fmt:yuv420p cl:left sar:1/1 s:640x480 i:P iskey:0 type:P checksum:6BD31956 plane_checksum:[42182003 A715BEBC AB643A88] mean:[140 128 134] stdev:[56.7 6.8 4.8]
[Parsed_showinfo_1 @ 0xca5057900] [info]   side data - H.26[45] User Data Unregistered SEI message: UUID=0387f44e-cd0a-4bdc-a194-3ac3d49b171f
[Parsed_showinfo_1 @ 0xca5057900] [info] User Data=00
[Parsed_showinfo_1 @ 0xca5057900] [info] 
[Parsed_showinfo_1 @ 0xca5057900] [info] color_range:tv color_space:smpte170m color_primaries:smpte170m color_trc:bt709
[Parsed_showinfo_1 @ 0xca5057900] [info] n: 134 pts: 803201 pts_time:268.001668 duration:    100 duration_time:0.0333667 fmt:yuv420p cl:left sar:1/1 s:640x480 i:P iskey:0 type:P checksum:53D9A7E7 plane_checksum:[78D29798 98787BCF 1B009471] mean:[141 128 133] stdev:[57.0 5.3 3.5]
[Parsed_showinfo_1 @ 0xca5057900] [info]   side data - H.26[45] User Data Unregistered SEI message: UUID=0387f44e-cd0a-4bdc-a194-3ac3d49b171f
[Parsed_showinfo_1 @ 0xca5057900] [info] User Data=00
[Parsed_showinfo_1 @ 0xca5057900] [info] 
[Parsed_showinfo_1 @ 0xca5057900] [info] color_range:tv color_space:smpte170m color_primaries:smpte170m color_trc:bt709
[out#0/image2 @ 0xca5054300] [info] video:53272KiB audio:0KiB subtitle:0KiB other streams:0KiB global headers:0KiB muxing overhead: unknown
[info] frame=  135 fps= 57 q=-0.0 Lsize=N/A time=00:00:00.00 bitrate=N/A speed=   0x    
