{
    "programs": [

    ],
    "stream_groups": [

    ],
    "streams": [
        {
            "index": 0,
            "codec_name": "h264",
            "codec_type": "video",
            "width": 640,
            "height": 480,
            "sample_aspect_ratio": "1:1",
            "display_aspect_ratio": "4:3",
            "pix_fmt": "yuv420p",
            "color_range": "tv",
            "color_space": "smpte170m",
            "color_transfer": "bt709",
            "color_primaries": "smpte170m",
            "chroma_location": "left",
            "field_order": "progressive",
            "r_frame_rate": "30000/1001",
            "avg_frame_rate": "2997/100",
            "time_base": "1/2997",
            "start_pts": 0,
            "start_time": "0.000000",
            "duration": "268.335002",
            "nb_frames": "8042"
        },
        {
            "index": 1,
            "codec_name": "pcm_s16le",
            "codec_type": "audio",
            "r_frame_rate": "0/0",
            "avg_frame_rate": "0/0",
            "time_base": "1/48000",
            "start_pts": 0,
            "start_time": "0.000000",
            "duration": "268.333333",
            "nb_frames": "12880000"
        }
    ],
    "format": {
        "start_time": "0.000000",
        "duration": "268.335002",
        "size": "208810910"
    }
}
