{
    "programs": [

    ],
    "stream_groups": [

    ],
    "streams": [
        {
            "index": 0,
            "codec_name": "h264",
            "codec_type": "video",
            "width": 720,
            "height": 480,
            "sample_aspect_ratio": "1:1",
            "display_aspect_ratio": "3:2",
            "pix_fmt": "yuv420p",
            "color_range": "tv",
            "color_space": "smpte170m",
            "color_transfer": "smpte170m",
            "color_primaries": "smpte170m",
            "chroma_location": "left",
            "field_order": "progressive",
            "r_frame_rate": "15/1",
            "avg_frame_rate": "15/1",
            "time_base": "1/15000",
            "start_pts": 0,
            "start_time": "0.000000",
            "duration": "15.464467",
            "nb_frames": "232"
        },
        {
            "index": 1,
            "codec_name": "aac",
            "codec_type": "audio",
            "r_frame_rate": "0/0",
            "avg_frame_rate": "0/0",
            "time_base": "1/44100",
            "start_pts": 0,
            "start_time": "0.000000",
            "duration": "15.464444",
            "nb_frames": "666"
        }
    ],
    "format": {
        "start_time": "0.000000",
        "duration": "15.464467",
        "size": "331368"
    }
}
