[info] Input #0, mov,mp4,m4a,3gp,3g2,mj2, from '/Users/admin/docs/911/research/wtc7-video-comparison/media/broadcast-archive/CNN 2001-09-11 1545-1626 IA 512kb.mp4':
[info]   Metadata:
[info]     major_brand     : mp42
[info]     minor_version   : 0
[info]     compatible_brands: mp42isom
[info]     creation_time   : 2009-04-13T00:58:05.000000Z
[info]     encoder         : mp4creator 1.5.0.1
[info]   Duration: 00:41:41.94, start: 0.000000, bitrate: 576 kb/s
[info]   Stream #0:0[0x1](eng): Video: h264 (Constrained Baseline) (avc1 / 0x31637661), yuv420p(progressive), 320x240 [SAR 1:1 DAR 4:3], 512 kb/s, 29.97 fps, 29.97 tbr, 90k tbn (default)
[info]       Metadata:
[info]         creation_time   : 2009-04-13T00:58:05.000000Z
[info]         vendor_id       : [0][0][0][0]
[info]         encoder         : VC Coding
[info]   Stream #0:1[0x2](eng): Audio: aac (LC) (mp4a / 0x6134706D), 44100 Hz, stereo, fltp, 61 kb/s (default)
[info]       Metadata:
[info]         creation_time   : 2009-04-13T00:58:10.000000Z
[info]         vendor_id       : [0][0][0][0]
[info] Stream mapping:
[info]   Stream #0:0 -> #0:0 (h264 (native) -> png (native))
[Parsed_showinfo_1 @ 0x91ac6b900] [info] config in time_base: 1/90000, frame_rate: 30000/1001
[Parsed_showinfo_1 @ 0x91ac6b900] [info] config out time_base: 0/0, frame_rate: 0/0
[swscaler @ 0x91934c000] [swscaler @ 0x91935c000] [warning] No accelerated colorspace conversion found from yuv420p to rgb24.
[swscaler @ 0x91934c000] [swscaler @ 0x91936c000] [warning] No accelerated colorspace conversion found from yuv420p to rgb24.
[swscaler @ 0x91934c000] [swscaler @ 0x91937c000] [warning] No accelerated colorspace conversion found from yuv420p to rgb24.
[swscaler @ 0x91934c000] [swscaler @ 0x91938c000] [warning] No accelerated colorspace conversion found from yuv420p to rgb24.
[swscaler @ 0x91934c000] [swscaler @ 0x91939c000] [warning] No accelerated colorspace conversion found from yuv420p to rgb24.
[swscaler @ 0x91934c000] [swscaler @ 0x9193ac000] [warning] No accelerated colorspace conversion found from yuv420p to rgb24.
[swscaler @ 0x91934c000] [swscaler @ 0x9193bc000] [warning] No accelerated colorspace conversion found from yuv420p to rgb24.
[swscaler @ 0x91934c000] [swscaler @ 0x9193cc000] [warning] No accelerated colorspace conversion found from yuv420p to rgb24.
[swscaler @ 0x91934c000] [swscaler @ 0x9193dc000] [warning] No accelerated colorspace conversion found from yuv420p to rgb24.
[swscaler @ 0x91934c000] [swscaler @ 0x9193ec000] [warning] No accelerated colorspace conversion found from yuv420p to rgb24.
[swscaler @ 0x91934c000] [swscaler @ 0x918c00000] [warning] No accelerated colorspace conversion found from yuv420p to rgb24.
[swscaler @ 0x91934c000] [swscaler @ 0x918c10000] [warning] No accelerated colorspace conversion found from yuv420p to rgb24.
[swscaler @ 0x91934c000] [swscaler @ 0x918c20000] [warning] No accelerated colorspace conversion found from yuv420p to rgb24.
[Parsed_showinfo_1 @ 0x91ac6b900] [info] n:   0 pts:      0 pts_time:0       duration:   3003 duration_time:0.0333667 fmt:yuv420p cl:left sar:1/1 s:320x240 i:P iskey:1 type:I checksum:05213BA6 plane_checksum:[E30A3822 F166F6AC B6D20CC9] mean:[144 140 120] stdev:[71.3 10.1 8.9]
[Parsed_showinfo_1 @ 0x91ac6b900] [info] color_range:unknown color_space:unknown color_primaries:unknown color_trc:unknown
[info] Output #0, image2, to '/Users/admin/docs/911-worktrees/sherlock-wtc7-investigation/research/sherlock-wtc7-investigation/late-fire-video-lineage/run01-VID-WTC7-004/VID-WTC7-004/native/frame-%06d.png':
[info]   Metadata:
[info]     encoder         : Lavf61.7.100
[info]   Stream #0:0: Video: png, rgb24(pc, gbr/unknown/unknown, progressive), 320x240 [SAR 1:1 DAR 4:3], q=2-31, 200 kb/s, 29.97 fps, 90k tbn (default)
[info]       Metadata:
[info]         encoder         : Lavc61.19.101 png
[Parsed_showinfo_1 @ 0x91ac6b900] [info] n:   1 pts:1351351 pts_time:15.015011 duration:   3003 duration_time:0.0333667 fmt:yuv420p cl:left sar:1/1 s:320x240 i:P iskey:0 type:P checksum:3B35A71A plane_checksum:[07D868EB F42E0A96 D2383399] mean:[52 130 130] stdev:[42.4 11.8 10.2]
[Parsed_showinfo_1 @ 0x91ac6b900] [info] color_range:unknown color_space:unknown color_primaries:unknown color_trc:unknown
[Parsed_showinfo_1 @ 0x91ac6b900] [info] n:   2 pts:2702702 pts_time:30.030022 duration:   3003 duration_time:0.0333667 fmt:yuv420p cl:left sar:1/1 s:320x240 i:P iskey:1 type:I checksum:A0ED7F10 plane_checksum:[533A0513 82EF6B04 79BA0EF9] mean:[108 128 126] stdev:[84.2 8.4 8.6]
[Parsed_showinfo_1 @ 0x91ac6b900] [info] color_range:unknown color_space:unknown color_primaries:unknown color_trc:unknown
[Parsed_showinfo_1 @ 0x91ac6b900] [info] n:   3 pts:4051051 pts_time:45.011678 duration:   3003 duration_time:0.0333667 fmt:yuv420p cl:left sar:1/1 s:320x240 i:P iskey:0 type:P checksum:926FC624 plane_checksum:[9DE8655C 31F93A64 12D22664] mean:[50 130 130] stdev:[39.9 11.1 9.7]
[Parsed_showinfo_1 @ 0x91ac6b900] [info] color_range:unknown color_space:unknown color_primaries:unknown color_trc:unknown
[Parsed_showinfo_1 @ 0x91ac6b900] [info] n:   4 pts:5402402 pts_time:60.026689 duration:   3003 duration_time:0.0333667 fmt:yuv420p cl:left sar:1/1 s:320x240 i:P iskey:0 type:P checksum:9C0EA28B plane_checksum:[9FA1679B EF261ABD D7D72033] mean:[53 130 130] stdev:[42.5 11.7 10.0]
[Parsed_showinfo_1 @ 0x91ac6b900] [info] color_range:unknown color_space:unknown color_primaries:unknown color_trc:unknown
[Parsed_showinfo_1 @ 0x91ac6b900] [info] n:   5 pts:6750750 pts_time:75.008333 duration:   3003 duration_time:0.0333667 fmt:yuv420p cl:left sar:1/1 s:320x240 i:P iskey:0 type:P checksum:6DE82512 plane_checksum:[85A0B630 F2437D27 0139F19D] mean:[129 121 143] stdev:[66.7 11.9 15.2]
[Parsed_showinfo_1 @ 0x91ac6b900] [info] color_range:unknown color_space:unknown color_primaries:unknown color_trc:unknown
[Parsed_showinfo_1 @ 0x91ac6b900] [info] n:   6 pts:8102102 pts_time:90.023356 duration:   3003 duration_time:0.0333667 fmt:yuv420p cl:left sar:1/1 s:320x240 i:P iskey:0 type:P checksum:755ECCFF plane_checksum:[58E3CB88 A1D31F91 C792E1D7] mean:[97 120 133] stdev:[60.3 13.3 8.9]
[Parsed_showinfo_1 @ 0x91ac6b900] [info] color_range:unknown color_space:unknown color_primaries:unknown color_trc:unknown
[Parsed_showinfo_1 @ 0x91ac6b900] [info] n:   7 pts:9450450 pts_time:105.005 duration:   3003 duration_time:0.0333667 fmt:yuv420p cl:left sar:1/1 s:320x240 i:P iskey:0 type:P checksum:232682E4 plane_checksum:[76517DBD 6D250CAF B37AF869] mean:[105 137 119] stdev:[63.5 8.5 10.9]
[Parsed_showinfo_1 @ 0x91ac6b900] [info] color_range:unknown color_space:unknown color_primaries:unknown color_trc:unknown
[Parsed_showinfo_1 @ 0x91ac6b900] [info] n:   8 pts:10801801 pts_time:120.020011 duration:   3003 duration_time:0.0333667 fmt:yuv420p cl:left sar:1/1 s:320x240 i:P iskey:0 type:P checksum:3A2D746A plane_checksum:[BE855A2E C419CBCD 1BE34E60] mean:[53 129 131] stdev:[43.3 11.4 10.2]
[Parsed_showinfo_1 @ 0x91ac6b900] [info] color_range:unknown color_space:unknown color_primaries:unknown color_trc:unknown
[Parsed_showinfo_1 @ 0x91ac6b900] [info] n:   9 pts:12150150 pts_time:135.001667 duration:   3003 duration_time:0.0333667 fmt:yuv420p cl:left sar:1/1 s:320x240 i:P iskey:0 type:P checksum:FFEA3D9F plane_checksum:[1C2B33CC 553ED63E 67743386] mean:[53 129 130] stdev:[42.2 12.0 10.4]
[Parsed_showinfo_1 @ 0x91ac6b900] [info] color_range:unknown color_space:unknown color_primaries:unknown color_trc:unknown
[Parsed_showinfo_1 @ 0x91ac6b900] [info] n:  10 pts:13501501 pts_time:150.016678 duration:   3003 duration_time:0.0333667 fmt:yuv420p cl:left sar:1/1 s:320x240 i:P iskey:0 type:P checksum:5CA94153 plane_checksum:[ADC78E15 803D7815 C8AC3B1A] mean:[98 118 134] stdev:[39.0 11.2 8.1]
[Parsed_showinfo_1 @ 0x91ac6b900] [info] color_range:unknown color_space:unknown color_primaries:unknown color_trc:unknown
[Parsed_showinfo_1 @ 0x91ac6b900] [info] n:  11 pts:14852852 pts_time:165.031689 duration:   3003 duration_time:0.0333667 fmt:yuv420p cl:left sar:1/1 s:320x240 i:P iskey:0 type:P checksum:3652AEAA plane_checksum:[5E93574C AA9A6743 3EC2F00C] mean:[62 121 136] stdev:[41.9 11.8 12.3]
[Parsed_showinfo_1 @ 0x91ac6b900] [info] color_range:unknown color_space:unknown color_primaries:unknown color_trc:unknown
[Parsed_showinfo_1 @ 0x91ac6b900] [info] n:  12 pts:16201201 pts_time:180.013344 duration:   3003 duration_time:0.0333667 fmt:yuv420p cl:left sar:1/1 s:320x240 i:P iskey:0 type:P checksum:8854605D plane_checksum:[18CF0020 BDBC5FDC D7440061] mean:[68 121 137] stdev:[44.5 12.4 13.5]
[Parsed_showinfo_1 @ 0x91ac6b900] [info] color_range:unknown color_space:unknown color_primaries:unknown color_trc:unknown
[Parsed_showinfo_1 @ 0x91ac6b900] [info] n:  13 pts:17552552 pts_time:195.028356 duration:   3003 duration_time:0.0333667 fmt:yuv420p cl:left sar:1/1 s:320x240 i:P iskey:0 type:P checksum:40BA433E plane_checksum:[9645E79F DA64CFB4 64CF8BCD] mean:[73 122 135] stdev:[44.2 11.6 12.6]
[Parsed_showinfo_1 @ 0x91ac6b900] [info] color_range:unknown color_space:unknown color_primaries:unknown color_trc:unknown
[Parsed_showinfo_1 @ 0x91ac6b900] [info] n:  14 pts:18900900 pts_time:210.01  duration:   3003 duration_time:0.0333667 fmt:yuv420p cl:left sar:1/1 s:320x240 i:P iskey:0 type:P checksum:2EB412E2 plane_checksum:[B831FDBB 98CFDCC4 5EAB3845] mean:[103 133 124] stdev:[69.8 13.7 12.9]
[Parsed_showinfo_1 @ 0x91ac6b900] [info] color_range:unknown color_space:unknown color_primaries:unknown color_trc:unknown
[Parsed_showinfo_1 @ 0x91ac6b900] [info] n:  15 pts:20252252 pts_time:225.025022 duration:   3003 duration_time:0.0333667 fmt:yuv420p cl:left sar:1/1 s:320x240 i:P iskey:1 type:I checksum:C8F856F3 plane_checksum:[69875448 2F989AB6 20E467E6] mean:[104 132 124] stdev:[71.0 13.0 12.8]
[Parsed_showinfo_1 @ 0x91ac6b900] [info] color_range:unknown color_space:unknown color_primaries:unknown color_trc:unknown
[Parsed_showinfo_1 @ 0x91ac6b900] [info] n:  16 pts:21600600 pts_time:240.006667 duration:   3003 duration_time:0.0333667 fmt:yuv420p cl:left sar:1/1 s:320x240 i:P iskey:0 type:P checksum:76C55D65 plane_checksum:[CEC152B5 0F07980B DE857296] mean:[85 132 124] stdev:[51.0 12.5 12.7]
[Parsed_showinfo_1 @ 0x91ac6b900] [info] color_range:unknown color_space:unknown color_primaries:unknown color_trc:unknown
[Parsed_showinfo_1 @ 0x91ac6b900] [info] n:  17 pts:22951951 pts_time:255.021678 duration:   3003 duration_time:0.0333667 fmt:yuv420p cl:left sar:1/1 s:320x240 i:P iskey:0 type:P checksum:3C7AD237 plane_checksum:[AC99D59B B3B091C8 9B7B6AC5] mean:[79 132 124] stdev:[47.6 12.8 12.8]
[Parsed_showinfo_1 @ 0x91ac6b900] [info] color_range:unknown color_space:unknown color_primaries:unknown color_trc:unknown
[Parsed_showinfo_1 @ 0x91ac6b900] [info] n:  18 pts:24300300 pts_time:270.003333 duration:   3003 duration_time:0.0333667 fmt:yuv420p cl:left sar:1/1 s:320x240 i:P iskey:0 type:P checksum:E0A3A756 plane_checksum:[5F590C0A D4033446 FF986706] mean:[78 130 124] stdev:[46.1 14.9 12.9]
[Parsed_showinfo_1 @ 0x91ac6b900] [info] color_range:unknown color_space:unknown color_primaries:unknown color_trc:unknown
[Parsed_showinfo_1 @ 0x91ac6b900] [info] n:  19 pts:25651651 pts_time:285.018344 duration:   3003 duration_time:0.0333667 fmt:yuv420p cl:left sar:1/1 s:320x240 i:P iskey:0 type:P checksum:28041D76 plane_checksum:[2BD927C3 523B78CA C9647CDA] mean:[74 131 125] stdev:[44.6 13.5 13.0]
[Parsed_showinfo_1 @ 0x91ac6b900] [info] color_range:unknown color_space:unknown color_primaries:unknown color_trc:unknown
[Parsed_showinfo_1 @ 0x91ac6b900] [info] n:  20 pts:27000000 pts_time:300     duration:   3003 duration_time:0.0333667 fmt:yuv420p cl:left sar:1/1 s:320x240 i:P iskey:0 type:P checksum:C3F25152 plane_checksum:[21DD526F 7FDA950A C66869CA] mean:[87 132 124] stdev:[56.4 13.2 12.7]
[Parsed_showinfo_1 @ 0x91ac6b900] [info] color_range:unknown color_space:unknown color_primaries:unknown color_trc:unknown
[Parsed_showinfo_1 @ 0x91ac6b900] [info] n:  21 pts:28351351 pts_time:315.015011 duration:   3003 duration_time:0.0333667 fmt:yuv420p cl:left sar:1/1 s:320x240 i:P iskey:0 type:P checksum:1170E8AC plane_checksum:[4063DBCF C30CADB2 161B5F1C] mean:[102 132 124] stdev:[71.6 13.7 12.9]
[Parsed_showinfo_1 @ 0x91ac6b900] [info] color_range:unknown color_space:unknown color_primaries:unknown color_trc:unknown
[Parsed_showinfo_1 @ 0x91ac6b900] [info] n:  22 pts:29702702 pts_time:330.030022 duration:   3003 duration_time:0.0333667 fmt:yuv420p cl:left sar:1/1 s:320x240 i:P iskey:0 type:P checksum:95764D31 plane_checksum:[D7EB3522 D243F676 5EC6218A] mean:[85 133 123] stdev:[51.2 13.9 13.1]
[Parsed_showinfo_1 @ 0x91ac6b900] [info] color_range:unknown color_space:unknown color_primaries:unknown color_trc:unknown
[Parsed_showinfo_1 @ 0x91ac6b900] [info] n:  23 pts:31051051 pts_time:345.011678 duration:   3003 duration_time:0.0333667 fmt:yuv420p cl:left sar:1/1 s:320x240 i:P iskey:0 type:P checksum:EAF5E8F5 plane_checksum:[2B7D8B51 495FDFDC EB597DB9] mean:[51 133 125] stdev:[43.2 13.1 12.9]
[Parsed_showinfo_1 @ 0x91ac6b900] [info] color_range:unknown color_space:unknown color_primaries:unknown color_trc:unknown
[Parsed_showinfo_1 @ 0x91ac6b900] [info] n:  24 pts:32402402 pts_time:360.026689 duration:   3003 duration_time:0.0333667 fmt:yuv420p cl:left sar:1/1 s:320x240 i:P iskey:0 type:P checksum:6E905F64 plane_checksum:[710AA650 25E8A12B E41217DA] mean:[80 128 127] stdev:[45.0 16.5 14.0]
[Parsed_showinfo_1 @ 0x91ac6b900] [info] color_range:unknown color_space:unknown color_primaries:unknown color_trc:unknown
[Parsed_showinfo_1 @ 0x91ac6b900] [info] n:  25 pts:33750750 pts_time:375.008333 duration:   3003 duration_time:0.0333667 fmt:yuv420p cl:left sar:1/1 s:320x240 i:P iskey:0 type:P checksum:6F61A4EE plane_checksum:[328CFC05 2893860B F87E22CF] mean:[84 128 127] stdev:[49.6 17.0 14.3]
[Parsed_showinfo_1 @ 0x91ac6b900] [info] color_range:unknown color_space:unknown color_primaries:unknown color_trc:unknown
[Parsed_showinfo_1 @ 0x91ac6b900] [info] n:  26 pts:35102102 pts_time:390.023356 duration:   3003 duration_time:0.0333667 fmt:yuv420p cl:left sar:1/1 s:320x240 i:P iskey:0 type:P checksum:86A7A200 plane_checksum:[6397CCF1 E6ED7ED0 DEFA5630] mean:[66 131 124] stdev:[39.0 13.9 13.0]
[Parsed_showinfo_1 @ 0x91ac6b900] [info] color_range:unknown color_space:unknown color_primaries:unknown color_trc:unknown
[Parsed_showinfo_1 @ 0x91ac6b900] [info] n:  27 pts:36450450 pts_time:405.005 duration:   3003 duration_time:0.0333667 fmt:yuv420p cl:left sar:1/1 s:320x240 i:P iskey:0 type:P checksum:3E8FF811 plane_checksum:[D4A3A6B7 88830424 4F864D36] mean:[69 133 124] stdev:[42.7 12.8 12.9]
[Parsed_showinfo_1 @ 0x91ac6b900] [info] color_range:unknown color_space:unknown color_primaries:unknown color_trc:unknown
[Parsed_showinfo_1 @ 0x91ac6b900] [info] n:  28 pts:37801801 pts_time:420.020011 duration:   3003 duration_time:0.0333667 fmt:yuv420p cl:left sar:1/1 s:320x240 i:P iskey:1 type:I checksum:79DA4C02 plane_checksum:[31E018BC 6FFEA2BA 8D3B907D] mean:[67 132 125] stdev:[43.9 13.1 13.1]
[Parsed_showinfo_1 @ 0x91ac6b900] [info] color_range:unknown color_space:unknown color_primaries:unknown color_trc:unknown
[Parsed_showinfo_1 @ 0x91ac6b900] [info] n:  29 pts:39150150 pts_time:435.001667 duration:   3003 duration_time:0.0333667 fmt:yuv420p cl:left sar:1/1 s:320x240 i:P iskey:0 type:P checksum:09F1C966 plane_checksum:[45943B8A 15B2D981 402DB44C] mean:[70 133 125] stdev:[49.1 13.3 13.4]
[Parsed_showinfo_1 @ 0x91ac6b900] [info] color_range:unknown color_space:unknown color_primaries:unknown color_trc:unknown
[Parsed_showinfo_1 @ 0x91ac6b900] [info] n:  30 pts:40501501 pts_time:450.016678 duration:   3003 duration_time:0.0333667 fmt:yuv420p cl:left sar:1/1 s:320x240 i:P iskey:0 type:P checksum:514A2AFD plane_checksum:[3274B169 3CA1EF8C 23A189EA] mean:[77 133 125] stdev:[57.5 13.2 13.6]
[Parsed_showinfo_1 @ 0x91ac6b900] [info] color_range:unknown color_space:unknown color_primaries:unknown color_trc:unknown
[Parsed_showinfo_1 @ 0x91ac6b900] [info] n:  31 pts:41852852 pts_time:465.031689 duration:   3003 duration_time:0.0333667 fmt:yuv420p cl:left sar:1/1 s:320x240 i:P iskey:0 type:P checksum:90C9CBED plane_checksum:[BFE16F3E E5C4EA01 758A729F] mean:[72 133 124] stdev:[47.6 13.1 13.0]
[Parsed_showinfo_1 @ 0x91ac6b900] [info] color_range:unknown color_space:unknown color_primaries:unknown color_trc:unknown
[Parsed_showinfo_1 @ 0x91ac6b900] [info] n:  32 pts:43201201 pts_time:480.013344 duration:   3003 duration_time:0.0333667 fmt:yuv420p cl:left sar:1/1 s:320x240 i:P iskey:0 type:P checksum:EE2851B3 plane_checksum:[A599A034 EC9B7C0B 09523565] mean:[62 131 127] stdev:[39.2 11.1 9.6]
[Parsed_showinfo_1 @ 0x91ac6b900] [info] color_range:unknown color_space:unknown color_primaries:unknown color_trc:unknown
[Parsed_showinfo_1 @ 0x91ac6b900] [info] n:  33 pts:44552552 pts_time:495.028356 duration:   3003 duration_time:0.0333667 fmt:yuv420p cl:left sar:1/1 s:320x240 i:P iskey:0 type:P checksum:78D61B23 plane_checksum:[2364EC04 A3472AF1 E784041F] mean:[58 130 130] stdev:[41.8 13.3 11.0]
[Parsed_showinfo_1 @ 0x91ac6b900] [info] color_range:unknown color_space:unknown color_primaries:unknown color_trc:unknown
[Parsed_showinfo_1 @ 0x91ac6b900] [info] n:  34 pts:45900900 pts_time:510.01  duration:   3003 duration_time:0.0333667 fmt:yuv420p cl:left sar:1/1 s:320x240 i:P iskey:0 type:P checksum:C14F2E99 plane_checksum:[81180111 F8C3217F 7FC60C09] mean:[58 130 130] stdev:[42.7 13.4 11.0]
[Parsed_showinfo_1 @ 0x91ac6b900] [info] color_range:unknown color_space:unknown color_primaries:unknown color_trc:unknown
[Parsed_showinfo_1 @ 0x91ac6b900] [info] n:  35 pts:47252252 pts_time:525.025022 duration:   3003 duration_time:0.0333667 fmt:yuv420p cl:left sar:1/1 s:320x240 i:P iskey:0 type:P checksum:916D8763 plane_checksum:[23922325 6236E38D F16D80A2] mean:[64 136 121] stdev:[40.8 12.1 11.7]
[Parsed_showinfo_1 @ 0x91ac6b900] [info] color_range:unknown color_space:unknown color_primaries:unknown color_trc:unknown
[Parsed_showinfo_1 @ 0x91ac6b900] [info] n:  36 pts:48600600 pts_time:540.006667 duration:   3003 duration_time:0.0333667 fmt:yuv420p cl:left sar:1/1 s:320x240 i:P iskey:0 type:P checksum:B3A91668 plane_checksum:[4FDED2BB D1640D52 8340364C] mean:[61 133 124] stdev:[44.8 12.8 13.7]
[Parsed_showinfo_1 @ 0x91ac6b900] [info] color_range:unknown color_space:unknown color_primaries:unknown color_trc:unknown
[Parsed_showinfo_1 @ 0x91ac6b900] [info] n:  37 pts:49951951 pts_time:555.021678 duration:   3003 duration_time:0.0333667 fmt:yuv420p cl:left sar:1/1 s:320x240 i:P iskey:0 type:P checksum:F77FF5B6 plane_checksum:[A7B17ADD 8D7E98DB 434DE1EF] mean:[88 135 122] stdev:[66.3 12.1 12.0]
[Parsed_showinfo_1 @ 0x91ac6b900] [info] color_range:unknown color_space:unknown color_primaries:unknown color_trc:unknown
[Parsed_showinfo_1 @ 0x91ac6b900] [info] n:  38 pts:51300300 pts_time:570.003333 duration:   3003 duration_time:0.0333667 fmt:yuv420p cl:left sar:1/1 s:320x240 i:P iskey:0 type:P checksum:18E3B335 plane_checksum:[BCD15442 D047F098 516F6E4C] mean:[86 133 124] stdev:[65.4 13.3 12.9]
[Parsed_showinfo_1 @ 0x91ac6b900] [info] color_range:unknown color_space:unknown color_primaries:unknown color_trc:unknown
[Parsed_showinfo_1 @ 0x91ac6b900] [info] n:  39 pts:52651651 pts_time:585.018344 duration:   3003 duration_time:0.0333667 fmt:yuv420p cl:left sar:1/1 s:320x240 i:P iskey:0 type:P checksum:96C65385 plane_checksum:[536C8078 C157D3D8 DD63FF17] mean:[80 126 133] stdev:[58.8 10.4 11.2]
[Parsed_showinfo_1 @ 0x91ac6b900] [info] color_range:unknown color_space:unknown color_primaries:unknown color_trc:unknown
[Parsed_showinfo_1 @ 0x91ac6b900] [info] n:  40 pts:54000000 pts_time:600     duration:   3003 duration_time:0.0333667 fmt:yuv420p cl:left sar:1/1 s:320x240 i:P iskey:0 type:P checksum:DA500A5E plane_checksum:[AFB8402F 73D963A3 8180667D] mean:[84 124 134] stdev:[60.4 10.1 11.1]
[Parsed_showinfo_1 @ 0x91ac6b900] [info] color_range:unknown color_space:unknown color_primaries:unknown color_trc:unknown
[Parsed_showinfo_1 @ 0x91ac6b900] [info] n:  41 pts:55351351 pts_time:615.015011 duration:   3003 duration_time:0.0333667 fmt:yuv420p cl:left sar:1/1 s:320x240 i:P iskey:1 type:I checksum:EFEC4972 plane_checksum:[496852EA FB0FDB44 06BE1B35] mean:[85 126 133] stdev:[63.2 10.6 11.5]
[Parsed_showinfo_1 @ 0x91ac6b900] [info] color_range:unknown color_space:unknown color_primaries:unknown color_trc:unknown
[Parsed_showinfo_1 @ 0x91ac6b900] [info] n:  42 pts:56702702 pts_time:630.030022 duration:   3003 duration_time:0.0333667 fmt:yuv420p cl:left sar:1/1 s:320x240 i:P iskey:0 type:P checksum:14BAC590 plane_checksum:[8AE10317 D2545CEB B0D1658E] mean:[88 124 134] stdev:[64.6 9.7 10.7]
[Parsed_showinfo_1 @ 0x91ac6b900] [info] color_range:unknown color_space:unknown color_primaries:unknown color_trc:unknown
[Parsed_showinfo_1 @ 0x91ac6b900] [info] n:  43 pts:58051051 pts_time:645.011678 duration:   3003 duration_time:0.0333667 fmt:yuv420p cl:left sar:1/1 s:320x240 i:P iskey:0 type:P checksum:7ECF045D plane_checksum:[E5252CA6 77FAEB81 7EEFEC18] mean:[85 126 133] stdev:[62.3 9.3 10.4]
[Parsed_showinfo_1 @ 0x91ac6b900] [info] color_range:unknown color_space:unknown color_primaries:unknown color_trc:unknown
[Parsed_showinfo_1 @ 0x91ac6b900] [info] n:  44 pts:59402402 pts_time:660.026689 duration:   3003 duration_time:0.0333667 fmt:yuv420p cl:left sar:1/1 s:320x240 i:P iskey:0 type:P checksum:82AEC17D plane_checksum:[2955E740 58CFDE1D 4048FC02] mean:[90 126 133] stdev:[64.6 9.9 10.6]
[Parsed_showinfo_1 @ 0x91ac6b900] [info] color_range:unknown color_space:unknown color_primaries:unknown color_trc:unknown
[Parsed_showinfo_1 @ 0x91ac6b900] [info] n:  45 pts:60750750 pts_time:675.008333 duration:   3003 duration_time:0.0333667 fmt:yuv420p cl:left sar:1/1 s:320x240 i:P iskey:0 type:P checksum:EDB752D0 plane_checksum:[D8AE7666 8BF0CD5C 398B0EFF] mean:[93 126 133] stdev:[65.2 9.7 10.9]
[Parsed_showinfo_1 @ 0x91ac6b900] [info] color_range:unknown color_space:unknown color_primaries:unknown color_trc:unknown
[Parsed_showinfo_1 @ 0x91ac6b900] [info] n:  46 pts:62102102 pts_time:690.023356 duration:   3003 duration_time:0.0333667 fmt:yuv420p cl:left sar:1/1 s:320x240 i:P iskey:0 type:P checksum:BC0414E5 plane_checksum:[C73E5E2F 7515143E 36B3A269] mean:[79 127 132] stdev:[57.4 9.2 9.9]
[Parsed_showinfo_1 @ 0x91ac6b900] [info] color_range:unknown color_space:unknown color_primaries:unknown color_trc:unknown
[Parsed_showinfo_1 @ 0x91ac6b900] [info] n:  47 pts:63450450 pts_time:705.005 duration:   3003 duration_time:0.0333667 fmt:yuv420p cl:left sar:1/1 s:320x240 i:P iskey:0 type:P checksum:0B3B3FAA plane_checksum:[C77B6D02 19930D7F CF76C51A] mean:[96 126 132] stdev:[67.7 9.7 10.8]
[Parsed_showinfo_1 @ 0x91ac6b900] [info] color_range:unknown color_space:unknown color_primaries:unknown color_trc:unknown
[Parsed_showinfo_1 @ 0x91ac6b900] [info] n:  48 pts:64801801 pts_time:720.020011 duration:   3003 duration_time:0.0333667 fmt:yuv420p cl:left sar:1/1 s:320x240 i:P iskey:0 type:P checksum:80BE476F plane_checksum:[E3DCC09F 9742FAB4 343C8BFE] mean:[70 133 125] stdev:[49.0 13.5 13.3]
[Parsed_showinfo_1 @ 0x91ac6b900] [info] color_range:unknown color_space:unknown color_primaries:unknown color_trc:unknown
[Parsed_showinfo_1 @ 0x91ac6b900] [info] n:  49 pts:66150150 pts_time:735.001667 duration:   3003 duration_time:0.0333667 fmt:yuv420p cl:left sar:1/1 s:320x240 i:P iskey:0 type:P checksum:09130ABA plane_checksum:[303DCA74 E9C046DD 0CC2F94B] mean:[59 131 130] stdev:[42.8 14.1 11.4]
[Parsed_showinfo_1 @ 0x91ac6b900] [info] color_range:unknown color_space:unknown color_primaries:unknown color_trc:unknown
[Parsed_showinfo_1 @ 0x91ac6b900] [info] n:  50 pts:67501501 pts_time:750.016678 duration:   3003 duration_time:0.0333667 fmt:yuv420p cl:left sar:1/1 s:320x240 i:P iskey:0 type:P checksum:7806C92C plane_checksum:[2D6C11E1 27A6E495 1C0AD2A7] mean:[112 129 126] stdev:[67.3 10.1 9.3]
[Parsed_showinfo_1 @ 0x91ac6b900] [info] color_range:unknown color_space:unknown color_primaries:unknown color_trc:unknown
[Parsed_showinfo_1 @ 0x91ac6b900] [info] n:  51 pts:68852852 pts_time:765.031689 duration:   3003 duration_time:0.0333667 fmt:yuv420p cl:left sar:1/1 s:320x240 i:P iskey:0 type:P checksum:16B6EEC1 plane_checksum:[C4B85D69 13DE86DD 73150A7B] mean:[88 138 123] stdev:[52.9 12.2 13.5]
[Parsed_showinfo_1 @ 0x91ac6b900] [info] color_range:unknown color_space:unknown color_primaries:unknown color_trc:unknown
[Parsed_showinfo_1 @ 0x91ac6b900] [info] n:  52 pts:70201201 pts_time:780.013344 duration:   3003 duration_time:0.0333667 fmt:yuv420p cl:left sar:1/1 s:320x240 i:P iskey:0 type:P checksum:B2DCF797 plane_checksum:[B9735F21 CD8C7C5E E4D11C18] mean:[89 138 123] stdev:[53.4 11.8 13.4]
[Parsed_showinfo_1 @ 0x91ac6b900] [info] color_range:unknown color_space:unknown color_primaries:unknown color_trc:unknown
[Parsed_showinfo_1 @ 0x91ac6b900] [info] n:  53 pts:71552552 pts_time:795.028356 duration:   3003 duration_time:0.0333667 fmt:yuv420p cl:left sar:1/1 s:320x240 i:P iskey:0 type:P checksum:9FF7129C plane_checksum:[26CA8E43 4F739159 7332F2E2] mean:[88 138 123] stdev:[53.5 11.4 11.9]
[Parsed_showinfo_1 @ 0x91ac6b900] [info] color_range:unknown color_space:unknown color_primaries:unknown color_trc:unknown
[Parsed_showinfo_1 @ 0x91ac6b900] [info] n:  54 pts:72900900 pts_time:810.01  duration:   3003 duration_time:0.0333667 fmt:yuv420p cl:left sar:1/1 s:320x240 i:P iskey:1 type:I checksum:4FE645C0 plane_checksum:[847AF05A CE4534BA 9A59209D] mean:[90 137 123] stdev:[53.7 12.0 12.3]
[Parsed_showinfo_1 @ 0x91ac6b900] [info] color_range:unknown color_space:unknown color_primaries:unknown color_trc:unknown
[Parsed_showinfo_1 @ 0x91ac6b900] [info] n:  55 pts:74252252 pts_time:825.025022 duration:   3003 duration_time:0.0333667 fmt:yuv420p cl:left sar:1/1 s:320x240 i:P iskey:0 type:P checksum:55B7DE68 plane_checksum:[B7A06DF7 89EE7778 5E3FF8EA] mean:[88 138 123] stdev:[53.6 11.7 12.1]
[Parsed_showinfo_1 @ 0x91ac6b900] [info] color_range:unknown color_space:unknown color_primaries:unknown color_trc:unknown
[Parsed_showinfo_1 @ 0x91ac6b900] [info] n:  56 pts:75600600 pts_time:840.006667 duration:   3003 duration_time:0.0333667 fmt:yuv420p cl:left sar:1/1 s:320x240 i:P iskey:0 type:P checksum:43A81ECE plane_checksum:[8820C1F4 683A5E8F 2D90FE2D] mean:[89 138 123] stdev:[54.1 11.8 12.4]
[Parsed_showinfo_1 @ 0x91ac6b900] [info] color_range:unknown color_space:unknown color_primaries:unknown color_trc:unknown
[Parsed_showinfo_1 @ 0x91ac6b900] [info] n:  57 pts:76951951 pts_time:855.021678 duration:   3003 duration_time:0.0333667 fmt:yuv420p cl:left sar:1/1 s:320x240 i:P iskey:0 type:P checksum:AEAE34FF plane_checksum:[D5457B85 016E9620 B82E234B] mean:[80 139 123] stdev:[50.9 13.4 13.4]
[Parsed_showinfo_1 @ 0x91ac6b900] [info] color_range:unknown color_space:unknown color_primaries:unknown color_trc:unknown
[Parsed_showinfo_1 @ 0x91ac6b900] [info] n:  58 pts:78300300 pts_time:870.003333 duration:   3003 duration_time:0.0333667 fmt:yuv420p cl:left sar:1/1 s:320x240 i:P iskey:0 type:P checksum:79DD638B plane_checksum:[EFAAAC47 24B394C8 BAF2226D] mean:[80 138 123] stdev:[51.5 13.5 13.5]
[Parsed_showinfo_1 @ 0x91ac6b900] [info] color_range:unknown color_space:unknown color_primaries:unknown color_trc:unknown
[Parsed_showinfo_1 @ 0x91ac6b900] [info] n:  59 pts:79651651 pts_time:885.018344 duration:   3003 duration_time:0.0333667 fmt:yuv420p cl:left sar:1/1 s:320x240 i:P iskey:0 type:P checksum:6DCC55F7 plane_checksum:[C428B595 DA8A9933 B24C0720] mean:[80 139 123] stdev:[51.8 13.5 13.5]
[Parsed_showinfo_1 @ 0x91ac6b900] [info] color_range:unknown color_space:unknown color_primaries:unknown color_trc:unknown
[Parsed_showinfo_1 @ 0x91ac6b900] [info] n:  60 pts:81000000 pts_time:900     duration:   3003 duration_time:0.0333667 fmt:yuv420p cl:left sar:1/1 s:320x240 i:P iskey:0 type:P checksum:0F362130 plane_checksum:[2B72FEEF 8685FB32 9BE526F1] mean:[125 130 127] stdev:[73.8 8.7 8.2]
[Parsed_showinfo_1 @ 0x91ac6b900] [info] color_range:unknown color_space:unknown color_primaries:unknown color_trc:unknown
[Parsed_showinfo_1 @ 0x91ac6b900] [info] n:  61 pts:82351351 pts_time:915.015011 duration:   3003 duration_time:0.0333667 fmt:yuv420p cl:left sar:1/1 s:320x240 i:P iskey:0 type:P checksum:EF869D6F plane_checksum:[8968CB3D D2D5DFF7 A518F21D] mean:[139 126 129] stdev:[80.2 9.5 8.5]
[Parsed_showinfo_1 @ 0x91ac6b900] [info] color_range:unknown color_space:unknown color_primaries:unknown color_trc:unknown
[Parsed_showinfo_1 @ 0x91ac6b900] [info] n:  62 pts:83702702 pts_time:930.030022 duration:   3003 duration_time:0.0333667 fmt:yuv420p cl:left sar:1/1 s:320x240 i:P iskey:0 type:P checksum:8FD14506 plane_checksum:[4C936C6F 8E48B60C 4D7C227C] mean:[146 139 120] stdev:[73.7 8.9 8.9]
[Parsed_showinfo_1 @ 0x91ac6b900] [info] color_range:unknown color_space:unknown color_primaries:unknown color_trc:unknown
[Parsed_showinfo_1 @ 0x91ac6b900] [info] n:  63 pts:85051051 pts_time:945.011678 duration:   3003 duration_time:0.0333667 fmt:yuv420p cl:left sar:1/1 s:320x240 i:P iskey:0 type:P checksum:800DDBAE plane_checksum:[5A7EFA1F 0162CE5D 993D1323] mean:[146 139 120] stdev:[74.1 8.7 8.9]
[Parsed_showinfo_1 @ 0x91ac6b900] [info] color_range:unknown color_space:unknown color_primaries:unknown color_trc:unknown
[Parsed_showinfo_1 @ 0x91ac6b900] [info] n:  64 pts:86402402 pts_time:960.026689 duration:   3003 duration_time:0.0333667 fmt:yuv420p cl:left sar:1/1 s:320x240 i:P iskey:0 type:P checksum:2F162970 plane_checksum:[A9C380B9 DAE6974E 65A6115A] mean:[148 139 120] stdev:[74.5 8.6 8.9]
[Parsed_showinfo_1 @ 0x91ac6b900] [info] color_range:unknown color_space:unknown color_primaries:unknown color_trc:unknown
[Parsed_showinfo_1 @ 0x91ac6b900] [info] n:  65 pts:87750750 pts_time:975.008333 duration:   3003 duration_time:0.0333667 fmt:yuv420p cl:left sar:1/1 s:320x240 i:P iskey:0 type:P checksum:1FF303D4 plane_checksum:[3F035AD8 E961A368 02A00585] mean:[148 139 120] stdev:[75.5 8.6 9.0]
[Parsed_showinfo_1 @ 0x91ac6b900] [info] color_range:unknown color_space:unknown color_primaries:unknown color_trc:unknown
[Parsed_showinfo_1 @ 0x91ac6b900] [info] n:  66 pts:89102102 pts_time:990.023356 duration:   3003 duration_time:0.0333667 fmt:yuv420p cl:left sar:1/1 s:320x240 i:P iskey:0 type:P checksum:517465CB plane_checksum:[C618B7BE CC0383EB FF132A13] mean:[149 138 120] stdev:[74.9 8.5 8.8]
[Parsed_showinfo_1 @ 0x91ac6b900] [info] color_range:unknown color_space:unknown color_primaries:unknown color_trc:unknown
[Parsed_showinfo_1 @ 0x91ac6b900] [info] n:  67 pts:90450450 pts_time:1005.005 duration:   3003 duration_time:0.0333667 fmt:yuv420p cl:left sar:1/1 s:320x240 i:P iskey:1 type:I checksum:258A3857 plane_checksum:[24BF6025 E4D7A6C8 AB8E315B] mean:[148 139 120] stdev:[74.8 8.2 8.7]
[Parsed_showinfo_1 @ 0x91ac6b900] [info] color_range:unknown color_space:unknown color_primaries:unknown color_trc:unknown
[Parsed_showinfo_1 @ 0x91ac6b900] [info] n:  68 pts:91801801 pts_time:1020.020011 duration:   3003 duration_time:0.0333667 fmt:yuv420p cl:left sar:1/1 s:320x240 i:P iskey:0 type:P checksum:E7DE09E8 plane_checksum:[E1A86F3D 338562BA 12D137E2] mean:[150 138 120] stdev:[72.3 9.1 9.3]
[Parsed_showinfo_1 @ 0x91ac6b900] [info] color_range:unknown color_space:unknown color_primaries:unknown color_trc:unknown
[Parsed_showinfo_1 @ 0x91ac6b900] [info] n:  69 pts:93150150 pts_time:1035.001667 duration:   3003 duration_time:0.0333667 fmt:yuv420p cl:left sar:1/1 s:320x240 i:P iskey:0 type:P checksum:D92B6EA9 plane_checksum:[1E0EC277 2F1F9A52 781F11D1] mean:[147 139 120] stdev:[74.5 8.4 8.9]
[Parsed_showinfo_1 @ 0x91ac6b900] [info] color_range:unknown color_space:unknown color_primaries:unknown color_trc:unknown
[Parsed_showinfo_1 @ 0x91ac6b900] [info] n:  70 pts:94501501 pts_time:1050.016678 duration:   3003 duration_time:0.0333667 fmt:yuv420p cl:left sar:1/1 s:320x240 i:P iskey:0 type:P checksum:E13612E2 plane_checksum:[48BA531C C61AF672 EE70C936] mean:[65 130 132] stdev:[50.0 11.1 15.1]
[Parsed_showinfo_1 @ 0x91ac6b900] [info] color_range:unknown color_space:unknown color_primaries:unknown color_trc:unknown
[Parsed_showinfo_1 @ 0x91ac6b900] [info] n:  71 pts:95852852 pts_time:1065.031689 duration:   3003 duration_time:0.0333667 fmt:yuv420p cl:left sar:1/1 s:320x240 i:P iskey:0 type:P checksum:26C03D12 plane_checksum:[C4A7913A 8AEE5312 2B4158B7] mean:[93 127 127] stdev:[43.9 7.8 6.8]
[Parsed_showinfo_1 @ 0x91ac6b900] [info] color_range:unknown color_space:unknown color_primaries:unknown color_trc:unknown
[Parsed_showinfo_1 @ 0x91ac6b900] [info] n:  72 pts:97201201 pts_time:1080.013344 duration:   3003 duration_time:0.0333667 fmt:yuv420p cl:left sar:1/1 s:320x240 i:P iskey:0 type:P checksum:EC90E29C plane_checksum:[9A6ADDD9 D66C8C71 33177843] mean:[79 128 128] stdev:[41.9 7.0 6.7]
[Parsed_showinfo_1 @ 0x91ac6b900] [info] color_range:unknown color_space:unknown color_primaries:unknown color_trc:unknown
[Parsed_showinfo_1 @ 0x91ac6b900] [info] n:  73 pts:98552552 pts_time:1095.028356 duration:   3003 duration_time:0.0333667 fmt:yuv420p cl:left sar:1/1 s:320x240 i:P iskey:0 type:P checksum:08AB0D27 plane_checksum:[DBE8E347 1286D6A5 ABA8531D] mean:[78 129 127] stdev:[45.8 7.3 6.8]
[Parsed_showinfo_1 @ 0x91ac6b900] [info] color_range:unknown color_space:unknown color_primaries:unknown color_trc:unknown
[Parsed_showinfo_1 @ 0x91ac6b900] [info] n:  74 pts:99900900 pts_time:1110.01 duration:   3003 duration_time:0.0333667 fmt:yuv420p cl:left sar:1/1 s:320x240 i:P iskey:0 type:P checksum:E809E5D3 plane_checksum:[00EAD5CE 39492A1D 6A2BE5D9] mean:[103 137 123] stdev:[53.8 7.7 7.7]
[Parsed_showinfo_1 @ 0x91ac6b900] [info] color_range:unknown color_space:unknown color_primaries:unknown color_trc:unknown
[Parsed_showinfo_1 @ 0x91ac6b900] [info] n:  75 pts:101252252 pts_time:1125.025022 duration:   3003 duration_time:0.0333667 fmt:yuv420p cl:left sar:1/1 s:320x240 i:P iskey:0 type:P checksum:A2F4C1C9 plane_checksum:[7B32299B 7069A928 D7FEEEF7] mean:[89 135 123] stdev:[53.6 6.8 7.6]
[Parsed_showinfo_1 @ 0x91ac6b900] [info] color_range:unknown color_space:unknown color_primaries:unknown color_trc:unknown
[Parsed_showinfo_1 @ 0x91ac6b900] [info] n:  76 pts:102600600 pts_time:1140.006667 duration:   3003 duration_time:0.0333667 fmt:yuv420p cl:left sar:1/1 s:320x240 i:P iskey:0 type:P checksum:13DE4AE4 plane_checksum:[CAF6231C FDD167FB 5C45BFBE] mean:[49 138 125] stdev:[36.3 7.3 6.7]
[Parsed_showinfo_1 @ 0x91ac6b900] [info] color_range:unknown color_space:unknown color_primaries:unknown color_trc:unknown
[Parsed_showinfo_1 @ 0x91ac6b900] [info] n:  77 pts:103951951 pts_time:1155.021678 duration:   3003 duration_time:0.0333667 fmt:yuv420p cl:left sar:1/1 s:320x240 i:P iskey:0 type:P checksum:51858ACC plane_checksum:[651EBAF1 7B1135D0 F34C99FC] mean:[65 130 132] stdev:[49.6 11.0 14.9]
[Parsed_showinfo_1 @ 0x91ac6b900] [info] color_range:unknown color_space:unknown color_primaries:unknown color_trc:unknown
[Parsed_showinfo_1 @ 0x91ac6b900] [info] n:  78 pts:105300300 pts_time:1170.003333 duration:   3003 duration_time:0.0333667 fmt:yuv420p cl:left sar:1/1 s:320x240 i:P iskey:0 type:P checksum:77FB6CA8 plane_checksum:[7260A055 941E232F C245A915] mean:[106 130 125] stdev:[70.0 7.9 10.0]
[Parsed_showinfo_1 @ 0x91ac6b900] [info] color_range:unknown color_space:unknown color_primaries:unknown color_trc:unknown
[Parsed_showinfo_1 @ 0x91ac6b900] [info] n:  79 pts:106651651 pts_time:1185.018344 duration:   3003 duration_time:0.0333667 fmt:yuv420p cl:left sar:1/1 s:320x240 i:P iskey:0 type:P checksum:90E7A9ED plane_checksum:[C1514E76 F50B7106 51E7EA62] mean:[73 131 126] stdev:[61.4 9.7 10.0]
[Parsed_showinfo_1 @ 0x91ac6b900] [info] color_range:unknown color_space:unknown color_primaries:unknown color_trc:unknown
[Parsed_showinfo_1 @ 0x91ac6b900] [info] n:  80 pts:108000000 pts_time:1200    duration:   3003 duration_time:0.0333667 fmt:yuv420p cl:left sar:1/1 s:320x240 i:P iskey:1 type:I checksum:1A74C8C5 plane_checksum:[72012976 F48B0C59 DA0592F6] mean:[51 126 132] stdev:[43.3 10.3 10.8]
[Parsed_showinfo_1 @ 0x91ac6b900] [info] color_range:unknown color_space:unknown color_primaries:unknown color_trc:unknown
[Parsed_showinfo_1 @ 0x91ac6b900] [info] n:  81 pts:109351351 pts_time:1215.015011 duration:   3003 duration_time:0.0333667 fmt:yuv420p cl:left sar:1/1 s:320x240 i:P iskey:0 type:P checksum:69D6C2CC plane_checksum:[F06C5D39 C3EE2A99 8D9C3AFA] mean:[87 134 124] stdev:[63.1 12.2 12.0]
[Parsed_showinfo_1 @ 0x91ac6b900] [info] color_range:unknown color_space:unknown color_primaries:unknown color_trc:unknown
[Parsed_showinfo_1 @ 0x91ac6b900] [info] n:  82 pts:110702702 pts_time:1230.030022 duration:   3003 duration_time:0.0333667 fmt:yuv420p cl:left sar:1/1 s:320x240 i:P iskey:1 type:I checksum:E255FF73 plane_checksum:[1F0AE41A C3B7F7FA 6E4E2350] mean:[84 133 123] stdev:[64.3 12.7 12.1]
[Parsed_showinfo_1 @ 0x91ac6b900] [info] color_range:unknown color_space:unknown color_primaries:unknown color_trc:unknown
[Parsed_showinfo_1 @ 0x91ac6b900] [info] n:  83 pts:112051051 pts_time:1245.011678 duration:   3003 duration_time:0.0333667 fmt:yuv420p cl:left sar:1/1 s:320x240 i:P iskey:0 type:P checksum:690EF8BD plane_checksum:[50CC9AF7 8A49E47A D750793D] mean:[89 133 124] stdev:[68.3 12.6 12.7]
[Parsed_showinfo_1 @ 0x91ac6b900] [info] color_range:unknown color_space:unknown color_primaries:unknown color_trc:unknown
[Parsed_showinfo_1 @ 0x91ac6b900] [info] n:  84 pts:113402402 pts_time:1260.026689 duration:   3003 duration_time:0.0333667 fmt:yuv420p cl:left sar:1/1 s:320x240 i:P iskey:0 type:P checksum:37173155 plane_checksum:[9444CEAC 15A3C3DE 45569EAD] mean:[89 132 125] stdev:[70.2 13.6 12.9]
[Parsed_showinfo_1 @ 0x91ac6b900] [info] color_range:unknown color_space:unknown color_primaries:unknown color_trc:unknown
[Parsed_showinfo_1 @ 0x91ac6b900] [info] n:  85 pts:114750750 pts_time:1275.008333 duration:   3003 duration_time:0.0333667 fmt:yuv420p cl:left sar:1/1 s:320x240 i:P iskey:0 type:P checksum:CE303DE4 plane_checksum:[B826DBE7 5C8D53D3 90CF0E1B] mean:[100 134 123] stdev:[74.7 13.5 12.7]
[Parsed_showinfo_1 @ 0x91ac6b900] [info] color_range:unknown color_space:unknown color_primaries:unknown color_trc:unknown
[Parsed_showinfo_1 @ 0x91ac6b900] [info] n:  86 pts:116102102 pts_time:1290.023356 duration:   3003 duration_time:0.0333667 fmt:yuv420p cl:left sar:1/1 s:320x240 i:P iskey:0 type:P checksum:1C73D045 plane_checksum:[D21AA320 0C0AF55B 04C037BB] mean:[86 133 124] stdev:[64.7 13.7 12.3]
[Parsed_showinfo_1 @ 0x91ac6b900] [info] color_range:unknown color_space:unknown color_primaries:unknown color_trc:unknown
[Parsed_showinfo_1 @ 0x91ac6b900] [info] n:  87 pts:117450450 pts_time:1305.005 duration:   3003 duration_time:0.0333667 fmt:yuv420p cl:left sar:1/1 s:320x240 i:P iskey:0 type:P checksum:69DB4031 plane_checksum:[775C12D6 E276F44C 908B3900] mean:[80 133 124] stdev:[56.3 12.7 12.1]
[Parsed_showinfo_1 @ 0x91ac6b900] [info] color_range:unknown color_space:unknown color_primaries:unknown color_trc:unknown
[Parsed_showinfo_1 @ 0x91ac6b900] [info] n:  88 pts:118801801 pts_time:1320.020011 duration:   3003 duration_time:0.0333667 fmt:yuv420p cl:left sar:1/1 s:320x240 i:P iskey:0 type:P checksum:03FCBC3F plane_checksum:[BABA9A47 FF54E907 564438E2] mean:[81 133 124] stdev:[57.8 12.6 11.9]
[Parsed_showinfo_1 @ 0x91ac6b900] [info] color_range:unknown color_space:unknown color_primaries:unknown color_trc:unknown
[Parsed_showinfo_1 @ 0x91ac6b900] [info] n:  89 pts:120150150 pts_time:1335.001667 duration:   3003 duration_time:0.0333667 fmt:yuv420p cl:left sar:1/1 s:320x240 i:P iskey:0 type:P checksum:7115099F plane_checksum:[E712DADD 49E3F284 68073C20] mean:[81 133 124] stdev:[59.0 12.6 11.9]
[Parsed_showinfo_1 @ 0x91ac6b900] [info] color_range:unknown color_space:unknown color_primaries:unknown color_trc:unknown
[Parsed_showinfo_1 @ 0x91ac6b900] [info] n:  90 pts:121501501 pts_time:1350.016678 duration:   3003 duration_time:0.0333667 fmt:yuv420p cl:left sar:1/1 s:320x240 i:P iskey:0 type:P checksum:7E7367E0 plane_checksum:[A692F54F 6F506EF1 2F590391] mean:[90 135 123] stdev:[66.4 12.3 12.1]
[Parsed_showinfo_1 @ 0x91ac6b900] [info] color_range:unknown color_space:unknown color_primaries:unknown color_trc:unknown
[Parsed_showinfo_1 @ 0x91ac6b900] [info] n:  91 pts:122852852 pts_time:1365.031689 duration:   3003 duration_time:0.0333667 fmt:yuv420p cl:left sar:1/1 s:320x240 i:P iskey:0 type:P checksum:EADB8A02 plane_checksum:[CA1E4ECE 6253F74E 3C9243D7] mean:[92 133 124] stdev:[68.3 12.5 12.6]
[Parsed_showinfo_1 @ 0x91ac6b900] [info] color_range:unknown color_space:unknown color_primaries:unknown color_trc:unknown
[Parsed_showinfo_1 @ 0x91ac6b900] [info] n:  92 pts:124201201 pts_time:1380.013344 duration:   3003 duration_time:0.0333667 fmt:yuv420p cl:left sar:1/1 s:320x240 i:P iskey:0 type:P checksum:435229F8 plane_checksum:[457E1F24 704BD5B2 92693513] mean:[83 133 124] stdev:[62.7 12.0 12.0]
[Parsed_showinfo_1 @ 0x91ac6b900] [info] color_range:unknown color_space:unknown color_primaries:unknown color_trc:unknown
[Parsed_showinfo_1 @ 0x91ac6b900] [info] n:  93 pts:125552552 pts_time:1395.028356 duration:   3003 duration_time:0.0333667 fmt:yuv420p cl:left sar:1/1 s:320x240 i:P iskey:0 type:P checksum:45E1412A plane_checksum:[D9C66B09 8214ACD0 0F672942] mean:[63 132 123] stdev:[39.5 12.3 11.6]
[Parsed_showinfo_1 @ 0x91ac6b900] [info] color_range:unknown color_space:unknown color_primaries:unknown color_trc:unknown
[Parsed_showinfo_1 @ 0x91ac6b900] [info] n:  94 pts:126900900 pts_time:1410.01 duration:   3003 duration_time:0.0333667 fmt:yuv420p cl:left sar:1/1 s:320x240 i:P iskey:0 type:P checksum:35D0FC8C plane_checksum:[EB04BFBE 707D4CDF 49B7EFE0] mean:[70 134 123] stdev:[48.0 11.1 11.3]
[Parsed_showinfo_1 @ 0x91ac6b900] [info] color_range:unknown color_space:unknown color_primaries:unknown color_trc:unknown
[Parsed_showinfo_1 @ 0x91ac6b900] [info] n:  95 pts:128252252 pts_time:1425.025022 duration:   3003 duration_time:0.0333667 fmt:yuv420p cl:left sar:1/1 s:320x240 i:P iskey:1 type:I checksum:13E104FE plane_checksum:[A1DC9504 CC424D7A 1D1E2271] mean:[58 134 123] stdev:[42.8 11.8 11.8]
[Parsed_showinfo_1 @ 0x91ac6b900] [info] color_range:unknown color_space:unknown color_primaries:unknown color_trc:unknown
[Parsed_showinfo_1 @ 0x91ac6b900] [info] n:  96 pts:129600600 pts_time:1440.006667 duration:   3003 duration_time:0.0333667 fmt:yuv420p cl:left sar:1/1 s:320x240 i:P iskey:0 type:P checksum:293BD558 plane_checksum:[8269A28A 0BEA17FD A1831AD1] mean:[58 133 123] stdev:[42.9 11.7 11.7]
[Parsed_showinfo_1 @ 0x91ac6b900] [info] color_range:unknown color_space:unknown color_primaries:unknown color_trc:unknown
[Parsed_showinfo_1 @ 0x91ac6b900] [info] n:  97 pts:130951951 pts_time:1455.021678 duration:   3003 duration_time:0.0333667 fmt:yuv420p cl:left sar:1/1 s:320x240 i:P iskey:0 type:P checksum:0DD174CB plane_checksum:[23A2B7FE 4D02B184 BF580B3A] mean:[61 132 123] stdev:[45.0 14.0 11.9]
[Parsed_showinfo_1 @ 0x91ac6b900] [info] color_range:unknown color_space:unknown color_primaries:unknown color_trc:unknown
[Parsed_showinfo_1 @ 0x91ac6b900] [info] n:  98 pts:132300300 pts_time:1470.003333 duration:   3003 duration_time:0.0333667 fmt:yuv420p cl:left sar:1/1 s:320x240 i:P iskey:0 type:P checksum:913983A2 plane_checksum:[D5562051 9736635F 08BDFFE3] mean:[78 138 123] stdev:[49.7 13.0 11.8]
[Parsed_showinfo_1 @ 0x91ac6b900] [info] color_range:unknown color_space:unknown color_primaries:unknown color_trc:unknown
[Parsed_showinfo_1 @ 0x91ac6b900] [info] n:  99 pts:133651651 pts_time:1485.018344 duration:   3003 duration_time:0.0333667 fmt:yuv420p cl:left sar:1/1 s:320x240 i:P iskey:0 type:P checksum:E98C7870 plane_checksum:[4A6E5175 CF9232F5 CE69F3F7] mean:[79 137 123] stdev:[53.3 12.3 11.7]
[Parsed_showinfo_1 @ 0x91ac6b900] [info] color_range:unknown color_space:unknown color_primaries:unknown color_trc:unknown
[Parsed_showinfo_1 @ 0x91ac6b900] [info] n: 100 pts:135000000 pts_time:1500    duration:   3003 duration_time:0.0333667 fmt:yuv420p cl:left sar:1/1 s:320x240 i:P iskey:0 type:P checksum:EBF717E1 plane_checksum:[D9E28F4A 74E36A3E 587F1E4A] mean:[77 135 123] stdev:[54.7 11.6 11.8]
[Parsed_showinfo_1 @ 0x91ac6b900] [info] color_range:unknown color_space:unknown color_primaries:unknown color_trc:unknown
[Parsed_showinfo_1 @ 0x91ac6b900] [info] n: 101 pts:136351351 pts_time:1515.015011 duration:   3003 duration_time:0.0333667 fmt:yuv420p cl:left sar:1/1 s:320x240 i:P iskey:0 type:P checksum:EE64F72D plane_checksum:[85EC9A3F A526FAE9 FB6061F6] mean:[90 133 124] stdev:[66.6 13.3 12.5]
[Parsed_showinfo_1 @ 0x91ac6b900] [info] color_range:unknown color_space:unknown color_primaries:unknown color_trc:unknown
[Parsed_showinfo_1 @ 0x91ac6b900] [info] n: 102 pts:137702702 pts_time:1530.030022 duration:   3003 duration_time:0.0333667 fmt:yuv420p cl:left sar:1/1 s:320x240 i:P iskey:0 type:P checksum:99398D1D plane_checksum:[7DC543E6 23F542B9 8648067E] mean:[107 127 130] stdev:[67.6 7.8 7.7]
[Parsed_showinfo_1 @ 0x91ac6b900] [info] color_range:unknown color_space:unknown color_primaries:unknown color_trc:unknown
[Parsed_showinfo_1 @ 0x91ac6b900] [info] n: 103 pts:139051051 pts_time:1545.011678 duration:   3003 duration_time:0.0333667 fmt:yuv420p cl:left sar:1/1 s:320x240 i:P iskey:0 type:P checksum:B05FD0F9 plane_checksum:[845AC9DB 493EB7F0 29BB4F1F] mean:[95 125 131] stdev:[57.1 8.9 7.9]
[Parsed_showinfo_1 @ 0x91ac6b900] [info] color_range:unknown color_space:unknown color_primaries:unknown color_trc:unknown
[Parsed_showinfo_1 @ 0x91ac6b900] [info] n: 104 pts:140402402 pts_time:1560.026689 duration:   3003 duration_time:0.0333667 fmt:yuv420p cl:left sar:1/1 s:320x240 i:P iskey:0 type:P checksum:7B0398F2 plane_checksum:[933E7D94 D4D8E114 518C3A3B] mean:[96 126 130] stdev:[58.0 8.5 7.9]
[Parsed_showinfo_1 @ 0x91ac6b900] [info] color_range:unknown color_space:unknown color_primaries:unknown color_trc:unknown
[Parsed_showinfo_1 @ 0x91ac6b900] [info] n: 105 pts:141750750 pts_time:1575.008333 duration:   3003 duration_time:0.0333667 fmt:yuv420p cl:left sar:1/1 s:320x240 i:P iskey:0 type:P checksum:373DC02C plane_checksum:[7778AF0E BDF0BB74 96DD559B] mean:[97 125 131] stdev:[56.0 8.5 7.7]
[Parsed_showinfo_1 @ 0x91ac6b900] [info] color_range:unknown color_space:unknown color_primaries:unknown color_trc:unknown
[Parsed_showinfo_1 @ 0x91ac6b900] [info] n: 106 pts:143102102 pts_time:1590.023356 duration:   3003 duration_time:0.0333667 fmt:yuv420p cl:left sar:1/1 s:320x240 i:P iskey:0 type:P checksum:B0D31C75 plane_checksum:[1A407D9A F787786F 7C74265D] mean:[105 131 123] stdev:[72.1 7.0 9.5]
[Parsed_showinfo_1 @ 0x91ac6b900] [info] color_range:unknown color_space:unknown color_primaries:unknown color_trc:unknown
[Parsed_showinfo_1 @ 0x91ac6b900] [info] n: 107 pts:144450450 pts_time:1605.005 duration:   3003 duration_time:0.0333667 fmt:yuv420p cl:left sar:1/1 s:320x240 i:P iskey:0 type:P checksum:0A4B07DB plane_checksum:[936EF63E 4675D013 4403416C] mean:[98 126 131] stdev:[59.2 8.9 7.9]
[Parsed_showinfo_1 @ 0x91ac6b900] [info] color_range:unknown color_space:unknown color_primaries:unknown color_trc:unknown
[Parsed_showinfo_1 @ 0x91ac6b900] [info] n: 108 pts:145801801 pts_time:1620.020011 duration:   3003 duration_time:0.0333667 fmt:yuv420p cl:left sar:1/1 s:320x240 i:P iskey:1 type:I checksum:3C7A4312 plane_checksum:[10DE3D38 74F0D2A2 B8973329] mean:[93 126 130] stdev:[55.1 8.4 7.6]
[Parsed_showinfo_1 @ 0x91ac6b900] [info] color_range:unknown color_space:unknown color_primaries:unknown color_trc:unknown
[Parsed_showinfo_1 @ 0x91ac6b900] [info] n: 109 pts:147150150 pts_time:1635.001667 duration:   3003 duration_time:0.0333667 fmt:yuv420p cl:left sar:1/1 s:320x240 i:P iskey:0 type:P checksum:5B8C1461 plane_checksum:[2C575354 608F74E0 185C4C1E] mean:[54 131 131] stdev:[42.9 18.9 14.4]
[Parsed_showinfo_1 @ 0x91ac6b900] [info] color_range:unknown color_space:unknown color_primaries:unknown color_trc:unknown
[Parsed_showinfo_1 @ 0x91ac6b900] [info] n: 110 pts:148501501 pts_time:1650.016678 duration:   3003 duration_time:0.0333667 fmt:yuv420p cl:left sar:1/1 s:320x240 i:P iskey:0 type:P checksum:53C20485 plane_checksum:[C24812CD 0512B581 E03E3C28] mean:[90 125 130] stdev:[53.3 9.5 8.1]
[Parsed_showinfo_1 @ 0x91ac6b900] [info] color_range:unknown color_space:unknown color_primaries:unknown color_trc:unknown
[Parsed_showinfo_1 @ 0x91ac6b900] [info] n: 111 pts:149852852 pts_time:1665.031689 duration:   3003 duration_time:0.0333667 fmt:yuv420p cl:left sar:1/1 s:320x240 i:P iskey:0 type:P checksum:C22823AE plane_checksum:[C87D3E04 597BCC18 9DD81983] mean:[86 126 130] stdev:[53.2 9.7 8.1]
[Parsed_showinfo_1 @ 0x91ac6b900] [info] color_range:unknown color_space:unknown color_primaries:unknown color_trc:unknown
[Parsed_showinfo_1 @ 0x91ac6b900] [info] n: 112 pts:151201201 pts_time:1680.013344 duration:   3003 duration_time:0.0333667 fmt:yuv420p cl:left sar:1/1 s:320x240 i:P iskey:0 type:P checksum:B6BECDC2 plane_checksum:[F771F05B BA7EB17F 30912BD9] mean:[88 125 130] stdev:[54.0 9.1 7.9]
[Parsed_showinfo_1 @ 0x91ac6b900] [info] color_range:unknown color_space:unknown color_primaries:unknown color_trc:unknown
[Parsed_showinfo_1 @ 0x91ac6b900] [info] n: 113 pts:152552552 pts_time:1695.028356 duration:   3003 duration_time:0.0333667 fmt:yuv420p cl:left sar:1/1 s:320x240 i:P iskey:0 type:P checksum:0097F6A5 plane_checksum:[42263870 74AA71BF D0914C76] mean:[145 138 120] stdev:[73.4 9.1 8.9]
[Parsed_showinfo_1 @ 0x91ac6b900] [info] color_range:unknown color_space:unknown color_primaries:unknown color_trc:unknown
[Parsed_showinfo_1 @ 0x91ac6b900] [info] n: 114 pts:153900900 pts_time:1710.01 duration:   3003 duration_time:0.0333667 fmt:yuv420p cl:left sar:1/1 s:320x240 i:P iskey:0 type:P checksum:64C6B783 plane_checksum:[7F0D17E1 E3D46BEF 7A7633B3] mean:[145 138 120] stdev:[73.7 8.3 8.6]
[Parsed_showinfo_1 @ 0x91ac6b900] [info] color_range:unknown color_space:unknown color_primaries:unknown color_trc:unknown
[Parsed_showinfo_1 @ 0x91ac6b900] [info] n: 115 pts:155252252 pts_time:1725.025022 duration:   3003 duration_time:0.0333667 fmt:yuv420p cl:left sar:1/1 s:320x240 i:P iskey:0 type:P checksum:2609D6E3 plane_checksum:[185C42C3 26C4223E 997371E2] mean:[49 130 131] stdev:[42.4 16.2 13.2]
[Parsed_showinfo_1 @ 0x91ac6b900] [info] color_range:unknown color_space:unknown color_primaries:unknown color_trc:unknown
[Parsed_showinfo_1 @ 0x91ac6b900] [info] n: 116 pts:156600600 pts_time:1740.006667 duration:   3003 duration_time:0.0333667 fmt:yuv420p cl:left sar:1/1 s:320x240 i:P iskey:0 type:P checksum:52C3D1A9 plane_checksum:[A23D1620 62DE8FB0 C37C2BD9] mean:[92 138 120] stdev:[66.2 12.1 12.4]
[Parsed_showinfo_1 @ 0x91ac6b900] [info] color_range:unknown color_space:unknown color_primaries:unknown color_trc:unknown
[Parsed_showinfo_1 @ 0x91ac6b900] [info] n: 117 pts:157951951 pts_time:1755.021678 duration:   3003 duration_time:0.0333667 fmt:yuv420p cl:left sar:1/1 s:320x240 i:P iskey:0 type:P checksum:9D045470 plane_checksum:[9BEA251C B437A551 0CF589F4] mean:[65 132 125] stdev:[43.7 14.3 13.1]
[Parsed_showinfo_1 @ 0x91ac6b900] [info] color_range:unknown color_space:unknown color_primaries:unknown color_trc:unknown
[Parsed_showinfo_1 @ 0x91ac6b900] [info] n: 118 pts:159300300 pts_time:1770.003333 duration:   3003 duration_time:0.0333667 fmt:yuv420p cl:left sar:1/1 s:320x240 i:P iskey:0 type:P checksum:1D219A24 plane_checksum:[1727C349 97D49941 46B33D8B] mean:[73 132 124] stdev:[52.4 13.0 12.3]
[Parsed_showinfo_1 @ 0x91ac6b900] [info] color_range:unknown color_space:unknown color_primaries:unknown color_trc:unknown
[Parsed_showinfo_1 @ 0x91ac6b900] [info] n: 119 pts:160651651 pts_time:1785.018344 duration:   3003 duration_time:0.0333667 fmt:yuv420p cl:left sar:1/1 s:320x240 i:P iskey:0 type:P checksum:3CF3CE68 plane_checksum:[D64FE144 DC45BE02 1CC42F13] mean:[72 132 123] stdev:[51.4 13.4 12.5]
[Parsed_showinfo_1 @ 0x91ac6b900] [info] color_range:unknown color_space:unknown color_primaries:unknown color_trc:unknown
[Parsed_showinfo_1 @ 0x91ac6b900] [info] n: 120 pts:162000000 pts_time:1800    duration:   3003 duration_time:0.0333667 fmt:yuv420p cl:left sar:1/1 s:320x240 i:P iskey:0 type:P checksum:4B14D706 plane_checksum:[A526DD2A DDD3BA5A 02A63F73] mean:[75 132 124] stdev:[53.4 13.6 12.7]
[Parsed_showinfo_1 @ 0x91ac6b900] [info] color_range:unknown color_space:unknown color_primaries:unknown color_trc:unknown
[Parsed_showinfo_1 @ 0x91ac6b900] [info] n: 121 pts:163351351 pts_time:1815.015011 duration:   3003 duration_time:0.0333667 fmt:yuv420p cl:left sar:1/1 s:320x240 i:P iskey:1 type:I checksum:9AF70FF9 plane_checksum:[6B9FEA84 8383A5E3 EBF47F74] mean:[74 132 125] stdev:[53.0 14.2 14.0]
[Parsed_showinfo_1 @ 0x91ac6b900] [info] color_range:unknown color_space:unknown color_primaries:unknown color_trc:unknown
[Parsed_showinfo_1 @ 0x91ac6b900] [info] n: 122 pts:164702702 pts_time:1830.030022 duration:   3003 duration_time:0.0333667 fmt:yuv420p cl:left sar:1/1 s:320x240 i:P iskey:0 type:P checksum:C7997D95 plane_checksum:[EDDA5F3E D0DCCD31 8E975117] mean:[75 132 124] stdev:[53.3 13.8 12.8]
[Parsed_showinfo_1 @ 0x91ac6b900] [info] color_range:unknown color_space:unknown color_primaries:unknown color_trc:unknown
[Parsed_showinfo_1 @ 0x91ac6b900] [info] n: 123 pts:166051051 pts_time:1845.011678 duration:   3003 duration_time:0.0333667 fmt:yuv420p cl:left sar:1/1 s:320x240 i:P iskey:0 type:P checksum:9B2703C2 plane_checksum:[B6E8DF49 D264FD4C 0382270F] mean:[74 133 123] stdev:[52.5 14.7 13.1]
[Parsed_showinfo_1 @ 0x91ac6b900] [info] color_range:unknown color_space:unknown color_primaries:unknown color_trc:unknown
[Parsed_showinfo_1 @ 0x91ac6b900] [info] n: 124 pts:167402402 pts_time:1860.026689 duration:   3003 duration_time:0.0333667 fmt:yuv420p cl:left sar:1/1 s:320x240 i:P iskey:0 type:P checksum:2B640A2B plane_checksum:[8420FC9C 2B64E241 799A2B30] mean:[74 133 123] stdev:[52.4 14.2 12.7]
[Parsed_showinfo_1 @ 0x91ac6b900] [info] color_range:unknown color_space:unknown color_primaries:unknown color_trc:unknown
[Parsed_showinfo_1 @ 0x91ac6b900] [info] n: 125 pts:168750750 pts_time:1875.008333 duration:   3003 duration_time:0.0333667 fmt:yuv420p cl:left sar:1/1 s:320x240 i:P iskey:0 type:P checksum:56BEC8B0 plane_checksum:[999AD61B F839CC1E 4D682668] mean:[74 132 123] stdev:[52.4 13.9 12.8]
[Parsed_showinfo_1 @ 0x91ac6b900] [info] color_range:unknown color_space:unknown color_primaries:unknown color_trc:unknown
[Parsed_showinfo_1 @ 0x91ac6b900] [info] n: 126 pts:170102102 pts_time:1890.023356 duration:   3003 duration_time:0.0333667 fmt:yuv420p cl:left sar:1/1 s:320x240 i:P iskey:0 type:P checksum:FC3E86F1 plane_checksum:[F01182DB 1ECFB06B BC82539C] mean:[75 132 124] stdev:[52.4 13.9 12.7]
[Parsed_showinfo_1 @ 0x91ac6b900] [info] color_range:unknown color_space:unknown color_primaries:unknown color_trc:unknown
[Parsed_showinfo_1 @ 0x91ac6b900] [info] n: 127 pts:171450450 pts_time:1905.005 duration:   3003 duration_time:0.0333667 fmt:yuv420p cl:left sar:1/1 s:320x240 i:P iskey:0 type:P checksum:897D26D7 plane_checksum:[06E1036F AD7FE867 825B3AF2] mean:[75 133 124] stdev:[52.2 14.5 13.0]
[Parsed_showinfo_1 @ 0x91ac6b900] [info] color_range:unknown color_space:unknown color_primaries:unknown color_trc:unknown
[Parsed_showinfo_1 @ 0x91ac6b900] [info] n: 128 pts:172801801 pts_time:1920.020011 duration:   3003 duration_time:0.0333667 fmt:yuv420p cl:left sar:1/1 s:320x240 i:P iskey:0 type:P checksum:6F97E04F plane_checksum:[1A9FEB1B 91ECB408 6ED8411D] mean:[77 132 124] stdev:[52.3 13.9 12.9]
[Parsed_showinfo_1 @ 0x91ac6b900] [info] color_range:unknown color_space:unknown color_primaries:unknown color_trc:unknown
[Parsed_showinfo_1 @ 0x91ac6b900] [info] n: 129 pts:174150150 pts_time:1935.001667 duration:   3003 duration_time:0.0333667 fmt:yuv420p cl:left sar:1/1 s:320x240 i:P iskey:0 type:P checksum:40A5642F plane_checksum:[6667FB73 AB168B72 5FA4DD2C] mean:[102 138 119] stdev:[70.9 11.4 11.6]
[Parsed_showinfo_1 @ 0x91ac6b900] [info] color_range:unknown color_space:unknown color_primaries:unknown color_trc:unknown
[Parsed_showinfo_1 @ 0x91ac6b900] [info] n: 130 pts:175501501 pts_time:1950.016678 duration:   3003 duration_time:0.0333667 fmt:yuv420p cl:left sar:1/1 s:320x240 i:P iskey:0 type:P checksum:FFC57AED plane_checksum:[F78322CD 7AFF416E E3A616B2] mean:[102 137 120] stdev:[71.2 11.2 11.5]
[Parsed_showinfo_1 @ 0x91ac6b900] [info] color_range:unknown color_space:unknown color_primaries:unknown color_trc:unknown
[Parsed_showinfo_1 @ 0x91ac6b900] [info] n: 131 pts:176852852 pts_time:1965.031689 duration:   3003 duration_time:0.0333667 fmt:yuv420p cl:left sar:1/1 s:320x240 i:P iskey:0 type:P checksum:0C160CFC plane_checksum:[6410912F A7D17482 63B1073C] mean:[102 138 120] stdev:[70.7 11.6 11.6]
[Parsed_showinfo_1 @ 0x91ac6b900] [info] color_range:unknown color_space:unknown color_primaries:unknown color_trc:unknown
[Parsed_showinfo_1 @ 0x91ac6b900] [info] n: 132 pts:178201201 pts_time:1980.013344 duration:   3003 duration_time:0.0333667 fmt:yuv420p cl:left sar:1/1 s:320x240 i:P iskey:0 type:P checksum:D7DCEDC0 plane_checksum:[8A8F7CE2 C7965F26 0B9A11B8] mean:[102 138 120] stdev:[70.4 11.5 11.6]
[Parsed_showinfo_1 @ 0x91ac6b900] [info] color_range:unknown color_space:unknown color_primaries:unknown color_trc:unknown
[Parsed_showinfo_1 @ 0x91ac6b900] [info] n: 133 pts:179552552 pts_time:1995.028356 duration:   3003 duration_time:0.0333667 fmt:yuv420p cl:left sar:1/1 s:320x240 i:P iskey:0 type:P checksum:0F2A6324 plane_checksum:[E7E65677 2A156A3D 98FFA261] mean:[77 131 125] stdev:[52.4 15.7 14.3]
[Parsed_showinfo_1 @ 0x91ac6b900] [info] color_range:unknown color_space:unknown color_primaries:unknown color_trc:unknown
[Parsed_showinfo_1 @ 0x91ac6b900] [info] n: 134 pts:180900900 pts_time:2010.01 duration:   3003 duration_time:0.0333667 fmt:yuv420p cl:left sar:1/1 s:320x240 i:P iskey:1 type:I checksum:12BD80D5 plane_checksum:[83476A96 DE99C031 7BF855FF] mean:[78 132 124] stdev:[53.9 13.2 12.7]
[Parsed_showinfo_1 @ 0x91ac6b900] [info] color_range:unknown color_space:unknown color_primaries:unknown color_trc:unknown
[Parsed_showinfo_1 @ 0x91ac6b900] [info] n: 135 pts:182252252 pts_time:2025.025022 duration:   3003 duration_time:0.0333667 fmt:yuv420p cl:left sar:1/1 s:320x240 i:P iskey:0 type:P checksum:4846006B plane_checksum:[21DBB757 297E009D B56F4868] mean:[77 133 124] stdev:[54.4 14.0 12.9]
[Parsed_showinfo_1 @ 0x91ac6b900] [info] color_range:unknown color_space:unknown color_primaries:unknown color_trc:unknown
[Parsed_showinfo_1 @ 0x91ac6b900] [info] n: 136 pts:183600600 pts_time:2040.006667 duration:   3003 duration_time:0.0333667 fmt:yuv420p cl:left sar:1/1 s:320x240 i:P iskey:0 type:P checksum:1BD68936 plane_checksum:[9DA844B0 B68CF68D C0F54DEA] mean:[79 133 124] stdev:[54.2 13.9 12.9]
[Parsed_showinfo_1 @ 0x91ac6b900] [info] color_range:unknown color_space:unknown color_primaries:unknown color_trc:unknown
[Parsed_showinfo_1 @ 0x91ac6b900] [info] n: 137 pts:184951951 pts_time:2055.021678 duration:   3003 duration_time:0.0333667 fmt:yuv420p cl:left sar:1/1 s:320x240 i:P iskey:0 type:P checksum:98667244 plane_checksum:[4BE93A51 500F05DA 8E033219] mean:[75 133 124] stdev:[53.0 14.0 12.6]
[Parsed_showinfo_1 @ 0x91ac6b900] [info] color_range:unknown color_space:unknown color_primaries:unknown color_trc:unknown
[Parsed_showinfo_1 @ 0x91ac6b900] [info] n: 138 pts:186300300 pts_time:2070.003333 duration:   3003 duration_time:0.0333667 fmt:yuv420p cl:left sar:1/1 s:320x240 i:P iskey:0 type:P checksum:6BA2C708 plane_checksum:[653D641B 8ABBEB0B F76777D3] mean:[70 133 124] stdev:[44.9 14.2 13.3]
[Parsed_showinfo_1 @ 0x91ac6b900] [info] color_range:unknown color_space:unknown color_primaries:unknown color_trc:unknown
[Parsed_showinfo_1 @ 0x91ac6b900] [info] n: 139 pts:187651651 pts_time:2085.018344 duration:   3003 duration_time:0.0333667 fmt:yuv420p cl:left sar:1/1 s:320x240 i:P iskey:0 type:P checksum:0CCAC536 plane_checksum:[83513562 C6A05A5A 964E357A] mean:[93 138 120] stdev:[67.7 13.1 12.8]
[Parsed_showinfo_1 @ 0x91ac6b900] [info] color_range:unknown color_space:unknown color_primaries:unknown color_trc:unknown
[Parsed_showinfo_1 @ 0x91ac6b900] [info] n: 140 pts:189000000 pts_time:2100    duration:   3003 duration_time:0.0333667 fmt:yuv420p cl:left sar:1/1 s:320x240 i:P iskey:0 type:P checksum:EDC084F7 plane_checksum:[CA1FCC8C 9CD49EE6 5C1F1976] mean:[93 139 120] stdev:[67.3 12.6 12.5]
[Parsed_showinfo_1 @ 0x91ac6b900] [info] color_range:unknown color_space:unknown color_primaries:unknown color_trc:unknown
[Parsed_showinfo_1 @ 0x91ac6b900] [info] n: 141 pts:190351351 pts_time:2115.015011 duration:   3003 duration_time:0.0333667 fmt:yuv420p cl:left sar:1/1 s:320x240 i:P iskey:0 type:P checksum:76245597 plane_checksum:[E2C2A18F DDEE5ABD 713C593C] mean:[147 138 121] stdev:[77.3 8.4 8.5]
[Parsed_showinfo_1 @ 0x91ac6b900] [info] color_range:unknown color_space:unknown color_primaries:unknown color_trc:unknown
[Parsed_showinfo_1 @ 0x91ac6b900] [info] n: 142 pts:191702702 pts_time:2130.030022 duration:   3003 duration_time:0.0333667 fmt:yuv420p cl:left sar:1/1 s:320x240 i:P iskey:0 type:P checksum:98CD5993 plane_checksum:[08180CB7 5DF31FAA 2FCD2D32] mean:[97 127 130] stdev:[57.1 8.2 7.8]
[Parsed_showinfo_1 @ 0x91ac6b900] [info] color_range:unknown color_space:unknown color_primaries:unknown color_trc:unknown
[Parsed_showinfo_1 @ 0x91ac6b900] [info] n: 143 pts:193051051 pts_time:2145.011678 duration:   3003 duration_time:0.0333667 fmt:yuv420p cl:left sar:1/1 s:320x240 i:P iskey:0 type:P checksum:21CFE1B9 plane_checksum:[9163F7BB E23D52CB B5549724] mean:[106 131 125] stdev:[72.6 8.5 10.3]
[Parsed_showinfo_1 @ 0x91ac6b900] [info] color_range:unknown color_space:unknown color_primaries:unknown color_trc:unknown
[Parsed_showinfo_1 @ 0x91ac6b900] [info] n: 144 pts:194402402 pts_time:2160.026689 duration:   3003 duration_time:0.0333667 fmt:yuv420p cl:left sar:1/1 s:320x240 i:P iskey:0 type:P checksum:30BE18EA plane_checksum:[AA2383EA 16F833D6 3614611B] mean:[147 137 121] stdev:[75.5 7.9 8.5]
[Parsed_showinfo_1 @ 0x91ac6b900] [info] color_range:unknown color_space:unknown color_primaries:unknown color_trc:unknown
[Parsed_showinfo_1 @ 0x91ac6b900] [info] n: 145 pts:195750750 pts_time:2175.008333 duration:   3003 duration_time:0.0333667 fmt:yuv420p cl:left sar:1/1 s:320x240 i:P iskey:0 type:P checksum:01BA66A0 plane_checksum:[00E8CA93 53881DB8 2BC97E46] mean:[147 137 121] stdev:[74.5 8.9 8.8]
[Parsed_showinfo_1 @ 0x91ac6b900] [info] color_range:unknown color_space:unknown color_primaries:unknown color_trc:unknown
[Parsed_showinfo_1 @ 0x91ac6b900] [info] n: 146 pts:197102102 pts_time:2190.023356 duration:   3003 duration_time:0.0333667 fmt:yuv420p cl:left sar:1/1 s:320x240 i:P iskey:0 type:P checksum:1380D3CE plane_checksum:[52DA1118 7B38DA83 7D9CE824] mean:[107 133 126] stdev:[55.9 6.9 7.1]
[Parsed_showinfo_1 @ 0x91ac6b900] [info] color_range:unknown color_space:unknown color_primaries:unknown color_trc:unknown
[Parsed_showinfo_1 @ 0x91ac6b900] [info] n: 147 pts:198450450 pts_time:2205.005 duration:   3003 duration_time:0.0333667 fmt:yuv420p cl:left sar:1/1 s:320x240 i:P iskey:1 type:I checksum:6BA8E6C2 plane_checksum:[008E0044 34B7F989 F02BECE6] mean:[105 133 126] stdev:[56.6 7.6 7.5]
[Parsed_showinfo_1 @ 0x91ac6b900] [info] color_range:unknown color_space:unknown color_primaries:unknown color_trc:unknown
[Parsed_showinfo_1 @ 0x91ac6b900] [info] n: 148 pts:199801801 pts_time:2220.020011 duration:   3003 duration_time:0.0333667 fmt:yuv420p cl:left sar:1/1 s:320x240 i:P iskey:0 type:P checksum:190FD5DD plane_checksum:[B5571005 8A92F83C 8719CD8D] mean:[105 133 126] stdev:[56.0 7.1 7.2]
[Parsed_showinfo_1 @ 0x91ac6b900] [info] color_range:unknown color_space:unknown color_primaries:unknown color_trc:unknown
[Parsed_showinfo_1 @ 0x91ac6b900] [info] n: 149 pts:201150150 pts_time:2235.001667 duration:   3003 duration_time:0.0333667 fmt:yuv420p cl:left sar:1/1 s:320x240 i:P iskey:0 type:P checksum:6D9EE1B2 plane_checksum:[5C97B9CB B01F4E6D C5C8D96B] mean:[94 127 126] stdev:[45.6 9.3 7.8]
[Parsed_showinfo_1 @ 0x91ac6b900] [info] color_range:unknown color_space:unknown color_primaries:unknown color_trc:unknown
[Parsed_showinfo_1 @ 0x91ac6b900] [info] n: 150 pts:202501501 pts_time:2250.016678 duration:   3003 duration_time:0.0333667 fmt:yuv420p cl:left sar:1/1 s:320x240 i:P iskey:0 type:P checksum:8DD33561 plane_checksum:[89ED03C8 4EA24A91 A136E6F9] mean:[90 127 126] stdev:[45.2 8.7 7.5]
[Parsed_showinfo_1 @ 0x91ac6b900] [info] color_range:unknown color_space:unknown color_primaries:unknown color_trc:unknown
[Parsed_showinfo_1 @ 0x91ac6b900] [info] n: 151 pts:203852852 pts_time:2265.031689 duration:   3003 duration_time:0.0333667 fmt:yuv420p cl:left sar:1/1 s:320x240 i:P iskey:0 type:P checksum:B6AC32BB plane_checksum:[8475DFBE 80ED88C3 342FCA1C] mean:[135 125 129] stdev:[66.9 10.1 7.8]
[Parsed_showinfo_1 @ 0x91ac6b900] [info] color_range:unknown color_space:unknown color_primaries:unknown color_trc:unknown
[Parsed_showinfo_1 @ 0x91ac6b900] [info] n: 152 pts:205201201 pts_time:2280.013344 duration:   3003 duration_time:0.0333667 fmt:yuv420p cl:left sar:1/1 s:320x240 i:P iskey:0 type:P checksum:97F13AC3 plane_checksum:[8E19C090 284B54FC 9B202528] mean:[135 124 130] stdev:[66.3 9.9 9.7]
[Parsed_showinfo_1 @ 0x91ac6b900] [info] color_range:unknown color_space:unknown color_primaries:unknown color_trc:unknown
[Parsed_showinfo_1 @ 0x91ac6b900] [info] n: 153 pts:206552552 pts_time:2295.028356 duration:   3003 duration_time:0.0333667 fmt:yuv420p cl:left sar:1/1 s:320x240 i:P iskey:0 type:P checksum:6893D718 plane_checksum:[89CE0D35 BDD93F7E 9DA68A65] mean:[111 124 128] stdev:[61.4 10.7 7.9]
[Parsed_showinfo_1 @ 0x91ac6b900] [info] color_range:unknown color_space:unknown color_primaries:unknown color_trc:unknown
[Parsed_showinfo_1 @ 0x91ac6b900] [info] n: 154 pts:207900900 pts_time:2310.01 duration:   3003 duration_time:0.0333667 fmt:yuv420p cl:left sar:1/1 s:320x240 i:P iskey:0 type:P checksum:C356493C plane_checksum:[31CB21BA 0B9CFE17 4798295C] mean:[79 130 123] stdev:[35.8 7.1 8.2]
[Parsed_showinfo_1 @ 0x91ac6b900] [info] color_range:unknown color_space:unknown color_primaries:unknown color_trc:unknown
[Parsed_showinfo_1 @ 0x91ac6b900] [info] n: 155 pts:209252252 pts_time:2325.025022 duration:   3003 duration_time:0.0333667 fmt:yuv420p cl:left sar:1/1 s:320x240 i:P iskey:0 type:P checksum:4BFF1C57 plane_checksum:[C06AFDA6 B8002C71 FB45F222] mean:[99 127 129] stdev:[69.1 12.0 9.3]
[Parsed_showinfo_1 @ 0x91ac6b900] [info] color_range:unknown color_space:unknown color_primaries:unknown color_trc:unknown
[Parsed_showinfo_1 @ 0x91ac6b900] [info] n: 156 pts:210600600 pts_time:2340.006667 duration:   3003 duration_time:0.0333667 fmt:yuv420p cl:left sar:1/1 s:320x240 i:P iskey:0 type:P checksum:E17FB2B0 plane_checksum:[8C25D637 3E8DD0C0 AC050BAA] mean:[98 126 130] stdev:[70.7 10.6 8.5]
[Parsed_showinfo_1 @ 0x91ac6b900] [info] color_range:unknown color_space:unknown color_primaries:unknown color_trc:unknown
[Parsed_showinfo_1 @ 0x91ac6b900] [info] n: 157 pts:211951951 pts_time:2355.021678 duration:   3003 duration_time:0.0333667 fmt:yuv420p cl:left sar:1/1 s:320x240 i:P iskey:0 type:P checksum:3C6E099F plane_checksum:[F7640E3F D49E27A2 E4D5D3AF] mean:[137 127 129] stdev:[69.4 8.2 7.3]
[Parsed_showinfo_1 @ 0x91ac6b900] [info] color_range:unknown color_space:unknown color_primaries:unknown color_trc:unknown
[Parsed_showinfo_1 @ 0x91ac6b900] [info] n: 158 pts:213300300 pts_time:2370.003333 duration:   3003 duration_time:0.0333667 fmt:yuv420p cl:left sar:1/1 s:320x240 i:P iskey:0 type:P checksum:12978D84 plane_checksum:[DF67B1BD 7AEF2264 FC72B954] mean:[107 130 125] stdev:[71.3 8.0 10.2]
[Parsed_showinfo_1 @ 0x91ac6b900] [info] color_range:unknown color_space:unknown color_primaries:unknown color_trc:unknown
[Parsed_showinfo_1 @ 0x91ac6b900] [info] n: 159 pts:214651651 pts_time:2385.018344 duration:   3003 duration_time:0.0333667 fmt:yuv420p cl:left sar:1/1 s:320x240 i:P iskey:0 type:P checksum:04A2BEE0 plane_checksum:[C3ABE22A 813E1B3D 08B2C16A] mean:[107 130 125] stdev:[71.6 8.8 10.3]
[Parsed_showinfo_1 @ 0x91ac6b900] [info] color_range:unknown color_space:unknown color_primaries:unknown color_trc:unknown
[Parsed_showinfo_1 @ 0x91ac6b900] [info] n: 160 pts:216000000 pts_time:2400    duration:   3003 duration_time:0.0333667 fmt:yuv420p cl:left sar:1/1 s:320x240 i:P iskey:1 type:I checksum:7424C2C3 plane_checksum:[1F83406D F5C8F5A7 25A88CA0] mean:[75 130 128] stdev:[34.7 6.3 6.6]
[Parsed_showinfo_1 @ 0x91ac6b900] [info] color_range:unknown color_space:unknown color_primaries:unknown color_trc:unknown
[Parsed_showinfo_1 @ 0x91ac6b900] [info] n: 161 pts:217351351 pts_time:2415.015011 duration:   3003 duration_time:0.0333667 fmt:yuv420p cl:left sar:1/1 s:320x240 i:P iskey:0 type:P checksum:14240BFC plane_checksum:[76B829A4 F5B67328 6F5E6F21] mean:[85 131 128] stdev:[39.7 7.2 7.0]
[Parsed_showinfo_1 @ 0x91ac6b900] [info] color_range:unknown color_space:unknown color_primaries:unknown color_trc:unknown
[Parsed_showinfo_1 @ 0x91ac6b900] [info] n: 162 pts:218702702 pts_time:2430.030022 duration:   3003 duration_time:0.0333667 fmt:yuv420p cl:left sar:1/1 s:320x240 i:P iskey:1 type:I checksum:BA913109 plane_checksum:[98E3FC1D EABDDB47 FFA65987] mean:[60 129 127] stdev:[28.9 6.4 6.6]
[Parsed_showinfo_1 @ 0x91ac6b900] [info] color_range:unknown color_space:unknown color_primaries:unknown color_trc:unknown
[Parsed_showinfo_1 @ 0x91ac6b900] [info] n: 163 pts:220051051 pts_time:2445.011678 duration:   3003 duration_time:0.0333667 fmt:yuv420p cl:left sar:1/1 s:320x240 i:P iskey:0 type:P checksum:85D0ED37 plane_checksum:[0CB487AA 9D868518 45E9E066] mean:[82 128 129] stdev:[41.6 7.8 7.3]
[Parsed_showinfo_1 @ 0x91ac6b900] [info] color_range:unknown color_space:unknown color_primaries:unknown color_trc:unknown
[Parsed_showinfo_1 @ 0x91ac6b900] [info] n: 164 pts:221402402 pts_time:2460.026689 duration:   3003 duration_time:0.0333667 fmt:yuv420p cl:left sar:1/1 s:320x240 i:P iskey:0 type:P checksum:70E3F090 plane_checksum:[4420F341 F8154232 FB26BB0E] mean:[88 124 132] stdev:[36.2 8.7 7.7]
[Parsed_showinfo_1 @ 0x91ac6b900] [info] color_range:unknown color_space:unknown color_primaries:unknown color_trc:unknown
[Parsed_showinfo_1 @ 0x91ac6b900] [info] n: 165 pts:222750750 pts_time:2475.008333 duration:   3003 duration_time:0.0333667 fmt:yuv420p cl:left sar:1/1 s:320x240 i:P iskey:0 type:P checksum:9114C054 plane_checksum:[681DD8E3 8E16B6C2 2CDC30A0] mean:[65 125 130] stdev:[32.2 7.7 7.1]
[Parsed_showinfo_1 @ 0x91ac6b900] [info] color_range:unknown color_space:unknown color_primaries:unknown color_trc:unknown
[Parsed_showinfo_1 @ 0x91ac6b900] [info] n: 166 pts:224102102 pts_time:2490.023356 duration:   3003 duration_time:0.0333667 fmt:yuv420p cl:left sar:1/1 s:320x240 i:P iskey:0 type:P checksum:E99DBC95 plane_checksum:[747DDB77 2D463B04 D515A60B] mean:[49 127 128] stdev:[30.9 7.2 6.8]
[Parsed_showinfo_1 @ 0x91ac6b900] [info] color_range:unknown color_space:unknown color_primaries:unknown color_trc:unknown
[out#0/image2 @ 0x91ac68300] [info] video:19252KiB audio:0KiB subtitle:0KiB other streams:0KiB global headers:0KiB muxing overhead: unknown
[info] frame=  167 fps= 49 q=-0.0 Lsize=N/A time=00:00:00.00 bitrate=N/A speed=   0x    
