[info] Input #0, avi, from '/Users/admin/docs/911-worktrees/sherlock-wtc7-investigation/research/sherlock-wtc7-investigation/late-fire-catalog-join/sources/cbs-net-dub5-15.avi':
[info]   Duration: 00:00:15.85, start: 0.000000, bitrate: 30379 kb/s
[info]   Stream #0:0: Video: dvvideo (dvsd / 0x64737664), yuv411p, 720x480 [SAR 8:9 DAR 4:3], 28771 kb/s, 29.97 fps, 29.97 tbr, 29.97 tbn
[info]   Stream #0:1: Audio: pcm_s16le ([1][0][0][0] / 0x0001), 48000 Hz, 2 channels, s16, 1536 kb/s
[info] Stream mapping:
[info]   Stream #0:0 -> #0:0 (dvvideo (native) -> png (native))
[Parsed_showinfo_1 @ 0xb3d410840] [info] config in time_base: 6673/200000, frame_rate: 30000/1001
[Parsed_showinfo_1 @ 0xb3d410840] [info] config out time_base: 0/0, frame_rate: 0/0
[Parsed_showinfo_1 @ 0xb3d410840] [info] n:   0 pts:      0 pts_time:0       duration:      1 duration_time:0.033365 fmt:yuv411p cl:topleft sar:8/9 s:720x480 i:B iskey:0 type:? checksum:28BB7D3F plane_checksum:[10471ADB E36601A5 758E60BF] mean:[174 124 128] stdev:[34.1 2.0 0.8]
[Parsed_showinfo_1 @ 0xb3d410840] [info] color_range:unknown color_space:unknown color_primaries:unknown color_trc:unknown
[info] Output #0, image2, to '/Users/admin/docs/911-worktrees/sherlock-wtc7-investigation/research/sherlock-wtc7-investigation/late-fire-catalog-join/run02/cbs-net-dub5-15/native/frame-%06d.png':
[info]   Metadata:
[info]     encoder         : Lavf61.7.100
[info]   Stream #0:0: Video: png, rgb24(pc, gbr/unknown/unknown, bottom coded first (swapped)), 720x480 [SAR 8:9 DAR 4:3], q=2-31, 200 kb/s, 29.97 fps, 29.97 tbn
[info]       Metadata:
[info]         encoder         : Lavc61.19.101 png
[Parsed_showinfo_1 @ 0xb3d410840] [info] n:   1 pts:     60 pts_time:2.0019  duration:      1 duration_time:0.033365 fmt:yuv411p cl:topleft sar:8/9 s:720x480 i:B iskey:0 type:? checksum:F3DD41FF plane_checksum:[9E4E573B 165092D7 686F57DE] mean:[176 124 128] stdev:[34.3 2.0 0.8]
[Parsed_showinfo_1 @ 0xb3d410840] [info] color_range:unknown color_space:unknown color_primaries:unknown color_trc:unknown
[Parsed_showinfo_1 @ 0xb3d410840] [info] n:   2 pts:    120 pts_time:4.0038  duration:      1 duration_time:0.033365 fmt:yuv411p cl:topleft sar:8/9 s:720x480 i:B iskey:0 type:? checksum:1A746412 plane_checksum:[28654026 B90CC31D 4E6C60C0] mean:[171 124 128] stdev:[33.1 2.0 1.1]
[Parsed_showinfo_1 @ 0xb3d410840] [info] color_range:unknown color_space:unknown color_primaries:unknown color_trc:unknown
[Parsed_showinfo_1 @ 0xb3d410840] [info] n:   3 pts:    180 pts_time:6.0057  duration:      1 duration_time:0.033365 fmt:yuv411p cl:topleft sar:8/9 s:720x480 i:B iskey:0 type:? checksum:4EED7BDB plane_checksum:[DBEFF3F9 3FA626DB 3BB560F8] mean:[168 124 128] stdev:[30.2 1.8 0.8]
[Parsed_showinfo_1 @ 0xb3d410840] [info] color_range:unknown color_space:unknown color_primaries:unknown color_trc:unknown
[Parsed_showinfo_1 @ 0xb3d410840] [info] n:   4 pts:    240 pts_time:8.0076  duration:      1 duration_time:0.033365 fmt:yuv411p cl:topleft sar:8/9 s:720x480 i:B iskey:0 type:? checksum:CA1AAC74 plane_checksum:[CA9DB4BA F54BB898 07603F13] mean:[166 125 128] stdev:[30.4 1.8 0.9]
[Parsed_showinfo_1 @ 0xb3d410840] [info] color_range:unknown color_space:unknown color_primaries:unknown color_trc:unknown
[Parsed_showinfo_1 @ 0xb3d410840] [info] n:   5 pts:    300 pts_time:10.0095 duration:      1 duration_time:0.033365 fmt:yuv411p cl:topleft sar:8/9 s:720x480 i:B iskey:0 type:? checksum:AE5F9D69 plane_checksum:[B6069553 003D816E 86BA8699] mean:[166 125 128] stdev:[29.1 1.8 0.8]
[Parsed_showinfo_1 @ 0xb3d410840] [info] color_range:unknown color_space:unknown color_primaries:unknown color_trc:unknown
[Parsed_showinfo_1 @ 0xb3d410840] [info] n:   6 pts:    360 pts_time:12.0114 duration:      1 duration_time:0.033365 fmt:yuv411p cl:topleft sar:8/9 s:720x480 i:B iskey:0 type:? checksum:69BC674A plane_checksum:[6B870DC0 83FEC8EC 71FE908F] mean:[179 124 128] stdev:[38.4 2.3 0.8]
[Parsed_showinfo_1 @ 0xb3d410840] [info] color_range:unknown color_space:unknown color_primaries:unknown color_trc:unknown
[Parsed_showinfo_1 @ 0xb3d410840] [info] n:   7 pts:    420 pts_time:14.0133 duration:      1 duration_time:0.033365 fmt:yuv411p cl:topleft sar:8/9 s:720x480 i:B iskey:0 type:? checksum:4387EA3C plane_checksum:[72A0DE5C A52F85A1 267E8630] mean:[183 124 128] stdev:[38.1 2.3 1.0]
[Parsed_showinfo_1 @ 0xb3d410840] [info] color_range:unknown color_space:unknown color_primaries:unknown color_trc:unknown
[Parsed_showinfo_1 @ 0xb3d410840] [info] n:   8 pts:    474 pts_time:15.81501 duration:      1 duration_time:0.033365 fmt:yuv411p cl:topleft sar:8/9 s:720x480 i:B iskey:0 type:? checksum:F2FAB23F plane_checksum:[C8027F64 EED3C480 F1BD6E4C] mean:[182 124 128] stdev:[37.9 2.3 1.0]
[Parsed_showinfo_1 @ 0xb3d410840] [info] color_range:unknown color_space:unknown color_primaries:unknown color_trc:unknown
[out#0/image2 @ 0xb3d410300] [info] video:3082KiB audio:0KiB subtitle:0KiB other streams:0KiB global headers:0KiB muxing overhead: unknown
[info] frame=    9 fps=0.0 q=-0.0 Lsize=N/A time=00:00:00.00 bitrate=N/A speed=   0x    
