[info] Input #0, avi, from '/Users/admin/docs/911-worktrees/sherlock-wtc7-investigation/research/sherlock-wtc7-investigation/cbs-vince-source-screen/stage2/raw/clip3-attempt1.avi':
[info]   Duration: 00:00:06.31, start: 0.000000, bitrate: 29964 kb/s
[info]   Stream #0:0: Video: dvvideo (dvsd / 0x64737664), yuv411p, 720x480 [SAR 8:9 DAR 4:3], 28771 kb/s, 29.97 fps, 29.97 tbr, 29.97 tbn
[info]   Stream #0:1: Audio: pcm_s16le ([1][0][0][0] / 0x0001), 32000 Hz, 2 channels, s16, 1024 kb/s
[info] Stream mapping:
[info]   Stream #0:0 -> #0:0 (dvvideo (native) -> png (native))
[Parsed_showinfo_1 @ 0x829008d80] [info] config in time_base: 333673/10000000, frame_rate: 10000000/333673
[Parsed_showinfo_1 @ 0x829008d80] [info] config out time_base: 0/0, frame_rate: 0/0
[Parsed_showinfo_1 @ 0x829008d80] [info] n:   0 pts:      0 pts_time:0       duration:      1 duration_time:0.0333673 fmt:yuv411p cl:topleft sar:8/9 s:720x480 i:B iskey:0 type:? checksum:0AA85D96 plane_checksum:[4A38B0C2 F6BD0E9D D6859E28] mean:[141 132 123] stdev:[46.6 13.8 11.0]
[Parsed_showinfo_1 @ 0x829008d80] [info] color_range:unknown color_space:unknown color_primaries:unknown color_trc:unknown
[info] Output #0, image2, to '/Users/admin/docs/911-worktrees/sherlock-wtc7-investigation/research/sherlock-wtc7-investigation/cbs-vince-source-screen/stage2/run02/vince-clip3/native/frame-%06d.png':
[info]   Metadata:
[info]     encoder         : Lavf61.7.100
[info]   Stream #0:0: Video: png, rgb24(pc, gbr/unknown/unknown, bottom coded first (swapped)), 720x480 [SAR 8:9 DAR 4:3], q=2-31, 200 kb/s, 29.97 fps, 29.97 tbn
[info]       Metadata:
[info]         encoder         : Lavc61.19.101 png
[Parsed_showinfo_1 @ 0x829008d80] [info] n:   1 pts:     24 pts_time:0.800815 duration:      1 duration_time:0.0333673 fmt:yuv411p cl:topleft sar:8/9 s:720x480 i:B iskey:0 type:? checksum:F1591CA2 plane_checksum:[50240B42 79BC3A48 F745D709] mean:[159 144 120] stdev:[51.3 25.5 14.4]
[Parsed_showinfo_1 @ 0x829008d80] [info] color_range:unknown color_space:unknown color_primaries:unknown color_trc:unknown
[Parsed_showinfo_1 @ 0x829008d80] [info] n:   2 pts:     47 pts_time:1.568263 duration:      1 duration_time:0.0333673 fmt:yuv411p cl:topleft sar:8/9 s:720x480 i:B iskey:0 type:? checksum:AE503AFB plane_checksum:[3FC68496 27AD809B FF7035BB] mean:[155 144 121] stdev:[49.9 25.5 14.4]
[Parsed_showinfo_1 @ 0x829008d80] [info] color_range:unknown color_space:unknown color_primaries:unknown color_trc:unknown
[Parsed_showinfo_1 @ 0x829008d80] [info] n:   3 pts:     71 pts_time:2.369078 duration:      1 duration_time:0.0333673 fmt:yuv411p cl:topleft sar:8/9 s:720x480 i:B iskey:0 type:? checksum:065E08B7 plane_checksum:[2597DE89 C17EF0F8 EE623918] mean:[158 138 124] stdev:[50.8 27.1 13.9]
[Parsed_showinfo_1 @ 0x829008d80] [info] color_range:unknown color_space:unknown color_primaries:unknown color_trc:unknown
[Parsed_showinfo_1 @ 0x829008d80] [info] n:   4 pts:     94 pts_time:3.136526 duration:      1 duration_time:0.0333673 fmt:yuv411p cl:topleft sar:8/9 s:720x480 i:B iskey:0 type:? checksum:3A8D98DC plane_checksum:[E8ED79D4 E6BEB4DD 46506A1C] mean:[158 139 123] stdev:[51.3 26.3 13.7]
[Parsed_showinfo_1 @ 0x829008d80] [info] color_range:unknown color_space:unknown color_primaries:unknown color_trc:unknown
[Parsed_showinfo_1 @ 0x829008d80] [info] n:   5 pts:    118 pts_time:3.937341 duration:      1 duration_time:0.0333673 fmt:yuv411p cl:topleft sar:8/9 s:720x480 i:B iskey:0 type:? checksum:991FF0F1 plane_checksum:[61832161 58744530 D31D8A60] mean:[152 140 123] stdev:[50.9 27.0 14.3]
[Parsed_showinfo_1 @ 0x829008d80] [info] color_range:unknown color_space:unknown color_primaries:unknown color_trc:unknown
[Parsed_showinfo_1 @ 0x829008d80] [info] n:   6 pts:    141 pts_time:4.704789 duration:      1 duration_time:0.0333673 fmt:yuv411p cl:topleft sar:8/9 s:720x480 i:B iskey:0 type:? checksum:BE132184 plane_checksum:[9DE9D52E 4D23C2CC 9890896C] mean:[144 140 123] stdev:[50.2 27.8 15.6]
[Parsed_showinfo_1 @ 0x829008d80] [info] color_range:unknown color_space:unknown color_primaries:unknown color_trc:unknown
[Parsed_showinfo_1 @ 0x829008d80] [info] n:   7 pts:    165 pts_time:5.505605 duration:      1 duration_time:0.0333673 fmt:yuv411p cl:topleft sar:8/9 s:720x480 i:B iskey:0 type:? checksum:117BE8C3 plane_checksum:[DA7E263D 535239DB 730088AB] mean:[139 140 122] stdev:[49.0 29.1 16.4]
[Parsed_showinfo_1 @ 0x829008d80] [info] color_range:unknown color_space:unknown color_primaries:unknown color_trc:unknown
[Parsed_showinfo_1 @ 0x829008d80] [info] n:   8 pts:    188 pts_time:6.273052 duration:      1 duration_time:0.0333673 fmt:yuv411p cl:topleft sar:8/9 s:720x480 i:B iskey:0 type:? checksum:91CDFAFD plane_checksum:[AAAD8089 5EC54A41 02433033] mean:[142 142 121] stdev:[50.7 29.3 16.2]
[Parsed_showinfo_1 @ 0x829008d80] [info] color_range:unknown color_space:unknown color_primaries:unknown color_trc:unknown
[out#0/image2 @ 0x829008840] [info] video:6118KiB audio:0KiB subtitle:0KiB other streams:0KiB global headers:0KiB muxing overhead: unknown
[info] frame=    9 fps=0.0 q=-0.0 Lsize=N/A time=00:00:00.00 bitrate=N/A speed=   0x    
