pytest.main ["/Users/admin/dev/faraday/tests/test_sherlock_bridge.py", "-q", "-s", "-p", "no:cacheprovider", "--noconftest", "--import-mode=importlib", "--rootdir", "/Users/admin/dev/faraday", "-c", "/private/tmp/wtc7-faraday-pilot.eGMyO9/native-run02/pytest.ini", "--basetemp", "/private/tmp/wtc7-faraday-pilot.eGMyO9/native-run02/native-tmp"]
INTERNALERROR> Traceback (most recent call last):
INTERNALERROR>   File "/Users/admin/.pyenv/versions/3.13.7/lib/python3.13/site-packages/_pytest/main.py", line 285, in wrap_session
INTERNALERROR>     config._do_configure()
INTERNALERROR>     ~~~~~~~~~~~~~~~~~~~~^^
INTERNALERROR>   File "/Users/admin/.pyenv/versions/3.13.7/lib/python3.13/site-packages/_pytest/config/__init__.py", line 1119, in _do_configure
INTERNALERROR>     self.hook.pytest_configure.call_historic(kwargs=dict(config=self))
INTERNALERROR>     ~~~~~~~~~~~~~~~~~~~~~~~~~~~~~~~~~~~~~~~~^^^^^^^^^^^^^^^^^^^^^^^^^^
INTERNALERROR>   File "/Users/admin/.pyenv/versions/3.13.7/lib/python3.13/site-packages/pluggy/_hooks.py", line 534, in call_historic
INTERNALERROR>     res = self._hookexec(self.name, self._hookimpls.copy(), kwargs, False)
INTERNALERROR>   File "/Users/admin/.pyenv/versions/3.13.7/lib/python3.13/site-packages/pluggy/_manager.py", line 120, in _hookexec
INTERNALERROR>     return self._inner_hookexec(hook_name, methods, kwargs, firstresult)
INTERNALERROR>            ~~~~~~~~~~~~~~~~~~~~^^^^^^^^^^^^^^^^^^^^^^^^^^^^^^^^^^^^^^^^^
INTERNALERROR>   File "/Users/admin/.pyenv/versions/3.13.7/lib/python3.13/site-packages/pluggy/_callers.py", line 167, in _multicall
INTERNALERROR>     raise exception
INTERNALERROR>   File "/Users/admin/.pyenv/versions/3.13.7/lib/python3.13/site-packages/pluggy/_callers.py", line 121, in _multicall
INTERNALERROR>     res = hook_impl.function(*args)
INTERNALERROR>   File "/Users/admin/.pyenv/versions/3.13.7/lib/python3.13/site-packages/_pytest/terminal.py", line 288, in pytest_configure
INTERNALERROR>     reporter = TerminalReporter(config, sys.stdout)
INTERNALERROR>   File "/Users/admin/.pyenv/versions/3.13.7/lib/python3.13/site-packages/_pytest/terminal.py", line 393, in __init__
INTERNALERROR>     self.isatty = compat.CallableBool(file.isatty())
INTERNALERROR>                                       ^^^^^^^^^^^
INTERNALERROR> AttributeError: 'Tee' object has no attribute 'isatty'
{"failed_checks": [{"label": "native:exact_nine_collected", "passed": false}, {"label": "native:all_nine_passed", "passed": false}], "mode": "native", "passed": false}
