[info] Input #0, mov,mp4,m4a,3gp,3g2,mj2, from '/Users/admin/docs/911/research/wtc7-video-comparison/media/compilations/WTC Building 7 Collapse - 27 Angles [cmp7rV2aZhM].f136.mp4':
[info]   Metadata:
[info]     major_brand     : dash
[info]     minor_version   : 0
[info]     compatible_brands: iso6avc1mp41
[info]     creation_time   : 2025-12-11T03:46:48.000000Z
[info]   Duration: 00:13:01.30, start: 0.000000, bitrate: 1273 kb/s
[info]   Stream #0:0[0x1](und): Video: h264 (High) (avc1 / 0x31637661), yuv420p(tv, bt709, progressive), 1280x720 [SAR 1:1 DAR 16:9], 1360 kb/s, 30 fps, 30 tbr, 15360 tbn (default)
[info]       Metadata:
[info]         creation_time   : 2025-12-11T03:46:48.000000Z
[info]         handler_name    : ISO Media file produced by Google Inc.
[info]         vendor_id       : [0][0][0][0]
[info] Stream mapping:
[info]   Stream #0:0 -> #0:0 (h264 (native) -> png (native))
[h264 @ 0xad3051500] [warning] Late SEI is not implemented. Update your FFmpeg version to the newest one from Git. If the problem still occurs, it means that your file has a feature which has not been implemented.
[h264 @ 0xad3051500] [warning] If you want to help, upload a sample of this file to https://streams.videolan.org/upload/ and contact the ffmpeg-devel mailing list. (ffmpeg-devel@ffmpeg.org)
[Parsed_showinfo_1 @ 0xad2c8b780] [info] config in time_base: 1/15360, frame_rate: 30/1
[Parsed_showinfo_1 @ 0xad2c8b780] [info] config out time_base: 0/0, frame_rate: 0/0
[swscaler @ 0xacf340000] [swscaler @ 0xacf530000] [warning] No accelerated colorspace conversion found from yuv420p to rgb24.
[swscaler @ 0xacf340000] [swscaler @ 0xacefec000] [warning] No accelerated colorspace conversion found from yuv420p to rgb24.
[swscaler @ 0xacf340000] [swscaler @ 0xace400000] [warning] No accelerated colorspace conversion found from yuv420p to rgb24.
[swscaler @ 0xacf340000] [swscaler @ 0xace410000] [warning] No accelerated colorspace conversion found from yuv420p to rgb24.
[swscaler @ 0xacf340000] [swscaler @ 0xace420000] [warning] No accelerated colorspace conversion found from yuv420p to rgb24.
[swscaler @ 0xacf340000] [swscaler @ 0xace430000] [warning] No accelerated colorspace conversion found from yuv420p to rgb24.
[swscaler @ 0xacf340000] [swscaler @ 0xace440000] [warning] No accelerated colorspace conversion found from yuv420p to rgb24.
[swscaler @ 0xacf340000] [swscaler @ 0xace450000] [warning] No accelerated colorspace conversion found from yuv420p to rgb24.
[swscaler @ 0xacf340000] [swscaler @ 0xace460000] [warning] No accelerated colorspace conversion found from yuv420p to rgb24.
[swscaler @ 0xacf340000] [swscaler @ 0xace470000] [warning] No accelerated colorspace conversion found from yuv420p to rgb24.
[swscaler @ 0xacf340000] [swscaler @ 0xace480000] [warning] No accelerated colorspace conversion found from yuv420p to rgb24.
[swscaler @ 0xacf340000] [swscaler @ 0xace490000] [warning] No accelerated colorspace conversion found from yuv420p to rgb24.
[swscaler @ 0xacf340000] [swscaler @ 0xace4a0000] [warning] No accelerated colorspace conversion found from yuv420p to rgb24.
[Parsed_showinfo_1 @ 0xad2c8b780] [info] n:   0 pts:      0 pts_time:0       duration:    512 duration_time:0.0333333 fmt:yuv420p cl:left sar:1/1 s:1280x720 i:P iskey:1 type:I checksum:30290E4A plane_checksum:[A85E6245 60CB43CB DC53682B] mean:[121 136 115] stdev:[70.7 7.6 8.7]
[Parsed_showinfo_1 @ 0xad2c8b780] [info] color_range:tv color_space:bt709 color_primaries:bt709 color_trc:bt709
[info] Output #0, image2, to '/Users/admin/docs/911-worktrees/sherlock-wtc7-investigation/research/sherlock-wtc7-investigation/late-fire-video-lineage/run01-VID-WTC7-006/VID-WTC7-006/native/frame-%06d.png':
[info]   Metadata:
[info]     encoder         : Lavf61.7.100
[info]   Stream #0:0: Video: png, rgb24(pc, gbr/bt709/bt709, progressive), 1280x720 [SAR 1:1 DAR 16:9], q=2-31, 200 kb/s, 30 fps, 15360 tbn (default)
[info]       Metadata:
[info]         encoder         : Lavc61.19.101 png
[h264 @ 0xad3051c00] [warning] Late SEI is not implemented. Update your FFmpeg version to the newest one from Git. If the problem still occurs, it means that your file has a feature which has not been implemented.
[h264 @ 0xad3051c00] [warning] If you want to help, upload a sample of this file to https://streams.videolan.org/upload/ and contact the ffmpeg-devel mailing list. (ffmpeg-devel@ffmpeg.org)
[h264 @ 0xad3053b80] [warning] Late SEI is not implemented. Update your FFmpeg version to the newest one from Git. If the problem still occurs, it means that your file has a feature which has not been implemented.
[h264 @ 0xad3053b80] [warning] If you want to help, upload a sample of this file to https://streams.videolan.org/upload/ and contact the ffmpeg-devel mailing list. (ffmpeg-devel@ffmpeg.org)
[Parsed_showinfo_1 @ 0xad2c8b780] [info] n:   1 pts: 230400 pts_time:15      duration:    512 duration_time:0.0333333 fmt:yuv420p cl:left sar:1/1 s:1280x720 i:P iskey:0 type:P checksum:AFF53E7E plane_checksum:[2DC05FB3 9B4A841F AA5E5A9D] mean:[52 128 125] stdev:[38.7 4.9 5.7]
[Parsed_showinfo_1 @ 0xad2c8b780] [info] color_range:tv color_space:bt709 color_primaries:bt709 color_trc:bt709
[h264 @ 0xad3052d80] [warning] Late SEI is not implemented. Update your FFmpeg version to the newest one from Git. If the problem still occurs, it means that your file has a feature which has not been implemented.
[h264 @ 0xad3052d80] [warning] If you want to help, upload a sample of this file to https://streams.videolan.org/upload/ and contact the ffmpeg-devel mailing list. (ffmpeg-devel@ffmpeg.org)
[h264 @ 0xad3051f80] [warning] Late SEI is not implemented. Update your FFmpeg version to the newest one from Git. If the problem still occurs, it means that your file has a feature which has not been implemented.
[h264 @ 0xad3051f80] [warning] If you want to help, upload a sample of this file to https://streams.videolan.org/upload/ and contact the ffmpeg-devel mailing list. (ffmpeg-devel@ffmpeg.org)
[h264 @ 0xad30dc000] [warning] Late SEI is not implemented. Update your FFmpeg version to the newest one from Git. If the problem still occurs, it means that your file has a feature which has not been implemented.
[h264 @ 0xad30dc000] [warning] If you want to help, upload a sample of this file to https://streams.videolan.org/upload/ and contact the ffmpeg-devel mailing list. (ffmpeg-devel@ffmpeg.org)
[Parsed_showinfo_1 @ 0xad2c8b780] [info] n:   2 pts: 460800 pts_time:30      duration:    512 duration_time:0.0333333 fmt:yuv420p cl:left sar:1/1 s:1280x720 i:P iskey:0 type:B checksum:EB2D02D2 plane_checksum:[FFB27074 9171E2BB 3FC1AF85] mean:[102 136 127] stdev:[54.8 9.8 3.3]
[Parsed_showinfo_1 @ 0xad2c8b780] [info] color_range:tv color_space:bt709 color_primaries:bt709 color_trc:bt709
[h264 @ 0xad3053100] [warning] Late SEI is not implemented. Update your FFmpeg version to the newest one from Git. If the problem still occurs, it means that your file has a feature which has not been implemented.
[h264 @ 0xad3053100] [warning] If you want to help, upload a sample of this file to https://streams.videolan.org/upload/ and contact the ffmpeg-devel mailing list. (ffmpeg-devel@ffmpeg.org)
[h264 @ 0xad3052300] [warning] Late SEI is not implemented. Update your FFmpeg version to the newest one from Git. If the problem still occurs, it means that your file has a feature which has not been implemented.
[h264 @ 0xad3052300] [warning] If you want to help, upload a sample of this file to https://streams.videolan.org/upload/ and contact the ffmpeg-devel mailing list. (ffmpeg-devel@ffmpeg.org)
[h264 @ 0xad3051500] [warning] Late SEI is not implemented. Update your FFmpeg version to the newest one from Git. If the problem still occurs, it means that your file has a feature which has not been implemented.
[h264 @ 0xad3051500] [warning] If you want to help, upload a sample of this file to https://streams.videolan.org/upload/ and contact the ffmpeg-devel mailing list. (ffmpeg-devel@ffmpeg.org)
[Parsed_showinfo_1 @ 0xad2c8b780] [info] n:   3 pts: 691200 pts_time:45      duration:    512 duration_time:0.0333333 fmt:yuv420p cl:left sar:1/1 s:1280x720 i:P iskey:0 type:B checksum:6B4BA7D5 plane_checksum:[7EA6B89C EEF5CAEC 8B36243E] mean:[106 133 121] stdev:[48.1 4.6 4.3]
[Parsed_showinfo_1 @ 0xad2c8b780] [info] color_range:tv color_space:bt709 color_primaries:bt709 color_trc:bt709
[h264 @ 0xad3053480] [warning] Late SEI is not implemented. Update your FFmpeg version to the newest one from Git. If the problem still occurs, it means that your file has a feature which has not been implemented.
[h264 @ 0xad3053480] [warning] If you want to help, upload a sample of this file to https://streams.videolan.org/upload/ and contact the ffmpeg-devel mailing list. (ffmpeg-devel@ffmpeg.org)
[h264 @ 0xad3052680] [warning] Late SEI is not implemented. Update your FFmpeg version to the newest one from Git. If the problem still occurs, it means that your file has a feature which has not been implemented.
[h264 @ 0xad3052680] [warning] If you want to help, upload a sample of this file to https://streams.videolan.org/upload/ and contact the ffmpeg-devel mailing list. (ffmpeg-devel@ffmpeg.org)
[h264 @ 0xad3051880] [warning] Late SEI is not implemented. Update your FFmpeg version to the newest one from Git. If the problem still occurs, it means that your file has a feature which has not been implemented.
[h264 @ 0xad3051880] [warning] If you want to help, upload a sample of this file to https://streams.videolan.org/upload/ and contact the ffmpeg-devel mailing list. (ffmpeg-devel@ffmpeg.org)
[Parsed_showinfo_1 @ 0xad2c8b780] [info] n:   4 pts: 921600 pts_time:60      duration:    512 duration_time:0.0333333 fmt:yuv420p cl:left sar:1/1 s:1280x720 i:P iskey:0 type:P checksum:3838934E plane_checksum:[D8A546E4 0E078BB5 DDF3C0A6] mean:[99 119 129] stdev:[67.3 8.5 2.8]
[Parsed_showinfo_1 @ 0xad2c8b780] [info] color_range:tv color_space:bt709 color_primaries:bt709 color_trc:bt709
[h264 @ 0xad3053800] [warning] Late SEI is not implemented. Update your FFmpeg version to the newest one from Git. If the problem still occurs, it means that your file has a feature which has not been implemented.
[h264 @ 0xad3053800] [warning] If you want to help, upload a sample of this file to https://streams.videolan.org/upload/ and contact the ffmpeg-devel mailing list. (ffmpeg-devel@ffmpeg.org)
[h264 @ 0xad3052a00] [warning] Late SEI is not implemented. Update your FFmpeg version to the newest one from Git. If the problem still occurs, it means that your file has a feature which has not been implemented.
[h264 @ 0xad3052a00] [warning] If you want to help, upload a sample of this file to https://streams.videolan.org/upload/ and contact the ffmpeg-devel mailing list. (ffmpeg-devel@ffmpeg.org)
[h264 @ 0xad3051c00] [warning] Late SEI is not implemented. Update your FFmpeg version to the newest one from Git. If the problem still occurs, it means that your file has a feature which has not been implemented.
[h264 @ 0xad3051c00] [warning] If you want to help, upload a sample of this file to https://streams.videolan.org/upload/ and contact the ffmpeg-devel mailing list. (ffmpeg-devel@ffmpeg.org)
[Parsed_showinfo_1 @ 0xad2c8b780] [info] n:   5 pts:1152000 pts_time:75      duration:    512 duration_time:0.0333333 fmt:yuv420p cl:left sar:1/1 s:1280x720 i:P iskey:0 type:B checksum:AC8F92E1 plane_checksum:[2A3AFD8D 24257DA5 831217A0] mean:[103 132 128] stdev:[67.9 4.7 4.1]
[Parsed_showinfo_1 @ 0xad2c8b780] [info] color_range:tv color_space:bt709 color_primaries:bt709 color_trc:bt709
[h264 @ 0xad3053b80] [warning] Late SEI is not implemented. Update your FFmpeg version to the newest one from Git. If the problem still occurs, it means that your file has a feature which has not been implemented.
[h264 @ 0xad3053b80] [warning] If you want to help, upload a sample of this file to https://streams.videolan.org/upload/ and contact the ffmpeg-devel mailing list. (ffmpeg-devel@ffmpeg.org)
[h264 @ 0xad3052d80] [warning] Late SEI is not implemented. Update your FFmpeg version to the newest one from Git. If the problem still occurs, it means that your file has a feature which has not been implemented.
[h264 @ 0xad3052d80] [warning] If you want to help, upload a sample of this file to https://streams.videolan.org/upload/ and contact the ffmpeg-devel mailing list. (ffmpeg-devel@ffmpeg.org)
[h264 @ 0xad3051f80] [warning] Late SEI is not implemented. Update your FFmpeg version to the newest one from Git. If the problem still occurs, it means that your file has a feature which has not been implemented.
[h264 @ 0xad3051f80] [warning] If you want to help, upload a sample of this file to https://streams.videolan.org/upload/ and contact the ffmpeg-devel mailing list. (ffmpeg-devel@ffmpeg.org)
[Parsed_showinfo_1 @ 0xad2c8b780] [info] n:   6 pts:1382400 pts_time:90      duration:    512 duration_time:0.0333333 fmt:yuv420p cl:left sar:1/1 s:1280x720 i:P iskey:0 type:P checksum:B1482378 plane_checksum:[B88254BE 39D0B692 FD411819] mean:[106 133 127] stdev:[71.8 7.5 5.1]
[Parsed_showinfo_1 @ 0xad2c8b780] [info] color_range:tv color_space:bt709 color_primaries:bt709 color_trc:bt709
[h264 @ 0xad30dc000] [warning] Late SEI is not implemented. Update your FFmpeg version to the newest one from Git. If the problem still occurs, it means that your file has a feature which has not been implemented.
[h264 @ 0xad30dc000] [warning] If you want to help, upload a sample of this file to https://streams.videolan.org/upload/ and contact the ffmpeg-devel mailing list. (ffmpeg-devel@ffmpeg.org)
[h264 @ 0xad3053100] [warning] Late SEI is not implemented. Update your FFmpeg version to the newest one from Git. If the problem still occurs, it means that your file has a feature which has not been implemented.
[h264 @ 0xad3053100] [warning] If you want to help, upload a sample of this file to https://streams.videolan.org/upload/ and contact the ffmpeg-devel mailing list. (ffmpeg-devel@ffmpeg.org)
[h264 @ 0xad3052300] [warning] Late SEI is not implemented. Update your FFmpeg version to the newest one from Git. If the problem still occurs, it means that your file has a feature which has not been implemented.
[h264 @ 0xad3052300] [warning] If you want to help, upload a sample of this file to https://streams.videolan.org/upload/ and contact the ffmpeg-devel mailing list. (ffmpeg-devel@ffmpeg.org)
[Parsed_showinfo_1 @ 0xad2c8b780] [info] n:   7 pts:1612800 pts_time:105     duration:    512 duration_time:0.0333333 fmt:yuv420p cl:left sar:1/1 s:1280x720 i:P iskey:0 type:B checksum:F26D1E80 plane_checksum:[5F431096 68A42EEF BD36DEEC] mean:[113 132 127] stdev:[76.1 5.4 5.2]
[Parsed_showinfo_1 @ 0xad2c8b780] [info] color_range:tv color_space:bt709 color_primaries:bt709 color_trc:bt709
[h264 @ 0xad3051500] [warning] Late SEI is not implemented. Update your FFmpeg version to the newest one from Git. If the problem still occurs, it means that your file has a feature which has not been implemented.
[h264 @ 0xad3051500] [warning] If you want to help, upload a sample of this file to https://streams.videolan.org/upload/ and contact the ffmpeg-devel mailing list. (ffmpeg-devel@ffmpeg.org)
[h264 @ 0xad3053480] [warning] Late SEI is not implemented. Update your FFmpeg version to the newest one from Git. If the problem still occurs, it means that your file has a feature which has not been implemented.
[h264 @ 0xad3053480] [warning] If you want to help, upload a sample of this file to https://streams.videolan.org/upload/ and contact the ffmpeg-devel mailing list. (ffmpeg-devel@ffmpeg.org)
[h264 @ 0xad3052680] [warning] Late SEI is not implemented. Update your FFmpeg version to the newest one from Git. If the problem still occurs, it means that your file has a feature which has not been implemented.
[h264 @ 0xad3052680] [warning] If you want to help, upload a sample of this file to https://streams.videolan.org/upload/ and contact the ffmpeg-devel mailing list. (ffmpeg-devel@ffmpeg.org)
[Parsed_showinfo_1 @ 0xad2c8b780] [info] n:   8 pts:1843200 pts_time:120     duration:    512 duration_time:0.0333333 fmt:yuv420p cl:left sar:1/1 s:1280x720 i:P iskey:0 type:B checksum:4A3ED136 plane_checksum:[5B5C8DC6 EFC82554 62011E1C] mean:[129 115 133] stdev:[76.8 6.5 7.1]
[Parsed_showinfo_1 @ 0xad2c8b780] [info] color_range:tv color_space:bt709 color_primaries:bt709 color_trc:bt709
[h264 @ 0xad3051880] [warning] Late SEI is not implemented. Update your FFmpeg version to the newest one from Git. If the problem still occurs, it means that your file has a feature which has not been implemented.
[h264 @ 0xad3051880] [warning] If you want to help, upload a sample of this file to https://streams.videolan.org/upload/ and contact the ffmpeg-devel mailing list. (ffmpeg-devel@ffmpeg.org)
[h264 @ 0xad3053800] [warning] Late SEI is not implemented. Update your FFmpeg version to the newest one from Git. If the problem still occurs, it means that your file has a feature which has not been implemented.
[h264 @ 0xad3053800] [warning] If you want to help, upload a sample of this file to https://streams.videolan.org/upload/ and contact the ffmpeg-devel mailing list. (ffmpeg-devel@ffmpeg.org)
[h264 @ 0xad3052a00] [warning] Late SEI is not implemented. Update your FFmpeg version to the newest one from Git. If the problem still occurs, it means that your file has a feature which has not been implemented.
[h264 @ 0xad3052a00] [warning] If you want to help, upload a sample of this file to https://streams.videolan.org/upload/ and contact the ffmpeg-devel mailing list. (ffmpeg-devel@ffmpeg.org)
[Parsed_showinfo_1 @ 0xad2c8b780] [info] n:   9 pts:2073600 pts_time:135     duration:    512 duration_time:0.0333333 fmt:yuv420p cl:left sar:1/1 s:1280x720 i:P iskey:0 type:B checksum:3564D373 plane_checksum:[583FC858 33C24703 2CE6C409] mean:[117 122 133] stdev:[80.6 5.9 5.4]
[Parsed_showinfo_1 @ 0xad2c8b780] [info] color_range:tv color_space:bt709 color_primaries:bt709 color_trc:bt709
[h264 @ 0xad3051c00] [warning] Late SEI is not implemented. Update your FFmpeg version to the newest one from Git. If the problem still occurs, it means that your file has a feature which has not been implemented.
[h264 @ 0xad3051c00] [warning] If you want to help, upload a sample of this file to https://streams.videolan.org/upload/ and contact the ffmpeg-devel mailing list. (ffmpeg-devel@ffmpeg.org)
[h264 @ 0xad3053b80] [warning] Late SEI is not implemented. Update your FFmpeg version to the newest one from Git. If the problem still occurs, it means that your file has a feature which has not been implemented.
[h264 @ 0xad3053b80] [warning] If you want to help, upload a sample of this file to https://streams.videolan.org/upload/ and contact the ffmpeg-devel mailing list. (ffmpeg-devel@ffmpeg.org)
[h264 @ 0xad3052d80] [warning] Late SEI is not implemented. Update your FFmpeg version to the newest one from Git. If the problem still occurs, it means that your file has a feature which has not been implemented.
[h264 @ 0xad3052d80] [warning] If you want to help, upload a sample of this file to https://streams.videolan.org/upload/ and contact the ffmpeg-devel mailing list. (ffmpeg-devel@ffmpeg.org)
[Parsed_showinfo_1 @ 0xad2c8b780] [info] n:  10 pts:2304000 pts_time:150     duration:    512 duration_time:0.0333333 fmt:yuv420p cl:left sar:1/1 s:1280x720 i:P iskey:0 type:B checksum:C6681898 plane_checksum:[0361068C 53A96E81 140DA37C] mean:[162 128 128] stdev:[92.1 2.1 1.3]
[Parsed_showinfo_1 @ 0xad2c8b780] [info] color_range:tv color_space:bt709 color_primaries:bt709 color_trc:bt709
[h264 @ 0xad3051f80] [warning] Late SEI is not implemented. Update your FFmpeg version to the newest one from Git. If the problem still occurs, it means that your file has a feature which has not been implemented.
[h264 @ 0xad3051f80] [warning] If you want to help, upload a sample of this file to https://streams.videolan.org/upload/ and contact the ffmpeg-devel mailing list. (ffmpeg-devel@ffmpeg.org)
[h264 @ 0xad30dc000] [warning] Late SEI is not implemented. Update your FFmpeg version to the newest one from Git. If the problem still occurs, it means that your file has a feature which has not been implemented.
[h264 @ 0xad30dc000] [warning] If you want to help, upload a sample of this file to https://streams.videolan.org/upload/ and contact the ffmpeg-devel mailing list. (ffmpeg-devel@ffmpeg.org)
[h264 @ 0xad3053100] [warning] Late SEI is not implemented. Update your FFmpeg version to the newest one from Git. If the problem still occurs, it means that your file has a feature which has not been implemented.
[h264 @ 0xad3053100] [warning] If you want to help, upload a sample of this file to https://streams.videolan.org/upload/ and contact the ffmpeg-devel mailing list. (ffmpeg-devel@ffmpeg.org)
[Parsed_showinfo_1 @ 0xad2c8b780] [info] n:  11 pts:2534400 pts_time:165     duration:    512 duration_time:0.0333333 fmt:yuv420p cl:left sar:1/1 s:1280x720 i:P iskey:0 type:P checksum:28FC067F plane_checksum:[ED4A9F01 C8223921 1C562E4E] mean:[136 131 127] stdev:[47.9 10.4 7.8]
[Parsed_showinfo_1 @ 0xad2c8b780] [info] color_range:tv color_space:bt709 color_primaries:bt709 color_trc:bt709
[h264 @ 0xad3052300] [warning] Late SEI is not implemented. Update your FFmpeg version to the newest one from Git. If the problem still occurs, it means that your file has a feature which has not been implemented.
[h264 @ 0xad3052300] [warning] If you want to help, upload a sample of this file to https://streams.videolan.org/upload/ and contact the ffmpeg-devel mailing list. (ffmpeg-devel@ffmpeg.org)
[h264 @ 0xad3051500] [warning] Late SEI is not implemented. Update your FFmpeg version to the newest one from Git. If the problem still occurs, it means that your file has a feature which has not been implemented.
[h264 @ 0xad3051500] [warning] If you want to help, upload a sample of this file to https://streams.videolan.org/upload/ and contact the ffmpeg-devel mailing list. (ffmpeg-devel@ffmpeg.org)
[h264 @ 0xad3053480] [warning] Late SEI is not implemented. Update your FFmpeg version to the newest one from Git. If the problem still occurs, it means that your file has a feature which has not been implemented.
[h264 @ 0xad3053480] [warning] If you want to help, upload a sample of this file to https://streams.videolan.org/upload/ and contact the ffmpeg-devel mailing list. (ffmpeg-devel@ffmpeg.org)
[Parsed_showinfo_1 @ 0xad2c8b780] [info] n:  12 pts:2764800 pts_time:180     duration:    512 duration_time:0.0333333 fmt:yuv420p cl:left sar:1/1 s:1280x720 i:P iskey:0 type:B checksum:3AFCE617 plane_checksum:[E93D0D6D 3742155D CF3AC34D] mean:[102 130 123] stdev:[63.3 11.8 10.6]
[Parsed_showinfo_1 @ 0xad2c8b780] [info] color_range:tv color_space:bt709 color_primaries:bt709 color_trc:bt709
[h264 @ 0xad3052680] [warning] Late SEI is not implemented. Update your FFmpeg version to the newest one from Git. If the problem still occurs, it means that your file has a feature which has not been implemented.
[h264 @ 0xad3052680] [warning] If you want to help, upload a sample of this file to https://streams.videolan.org/upload/ and contact the ffmpeg-devel mailing list. (ffmpeg-devel@ffmpeg.org)
[h264 @ 0xad3051880] [warning] Late SEI is not implemented. Update your FFmpeg version to the newest one from Git. If the problem still occurs, it means that your file has a feature which has not been implemented.
[h264 @ 0xad3051880] [warning] If you want to help, upload a sample of this file to https://streams.videolan.org/upload/ and contact the ffmpeg-devel mailing list. (ffmpeg-devel@ffmpeg.org)
[h264 @ 0xad3053800] [warning] Late SEI is not implemented. Update your FFmpeg version to the newest one from Git. If the problem still occurs, it means that your file has a feature which has not been implemented.
[h264 @ 0xad3053800] [warning] If you want to help, upload a sample of this file to https://streams.videolan.org/upload/ and contact the ffmpeg-devel mailing list. (ffmpeg-devel@ffmpeg.org)
[Parsed_showinfo_1 @ 0xad2c8b780] [info] n:  13 pts:2995200 pts_time:195     duration:    512 duration_time:0.0333333 fmt:yuv420p cl:left sar:1/1 s:1280x720 i:P iskey:0 type:B checksum:47B9C923 plane_checksum:[03D44D34 A6AB3449 C2EC47A6] mean:[115 125 129] stdev:[77.5 8.6 6.2]
[Parsed_showinfo_1 @ 0xad2c8b780] [info] color_range:tv color_space:bt709 color_primaries:bt709 color_trc:bt709
[h264 @ 0xad3052a00] [warning] Late SEI is not implemented. Update your FFmpeg version to the newest one from Git. If the problem still occurs, it means that your file has a feature which has not been implemented.
[h264 @ 0xad3052a00] [warning] If you want to help, upload a sample of this file to https://streams.videolan.org/upload/ and contact the ffmpeg-devel mailing list. (ffmpeg-devel@ffmpeg.org)
[h264 @ 0xad3051c00] [warning] Late SEI is not implemented. Update your FFmpeg version to the newest one from Git. If the problem still occurs, it means that your file has a feature which has not been implemented.
[h264 @ 0xad3051c00] [warning] If you want to help, upload a sample of this file to https://streams.videolan.org/upload/ and contact the ffmpeg-devel mailing list. (ffmpeg-devel@ffmpeg.org)
[h264 @ 0xad3053b80] [warning] Late SEI is not implemented. Update your FFmpeg version to the newest one from Git. If the problem still occurs, it means that your file has a feature which has not been implemented.
[h264 @ 0xad3053b80] [warning] If you want to help, upload a sample of this file to https://streams.videolan.org/upload/ and contact the ffmpeg-devel mailing list. (ffmpeg-devel@ffmpeg.org)
[Parsed_showinfo_1 @ 0xad2c8b780] [info] n:  14 pts:3225600 pts_time:210     duration:    512 duration_time:0.0333333 fmt:yuv420p cl:left sar:1/1 s:1280x720 i:P iskey:0 type:P checksum:712924AA plane_checksum:[0607EC1B 6C9B4747 8F6BF12A] mean:[94 128 126] stdev:[49.1 1.7 2.6]
[Parsed_showinfo_1 @ 0xad2c8b780] [info] color_range:tv color_space:bt709 color_primaries:bt709 color_trc:bt709
[h264 @ 0xad3052d80] [warning] Late SEI is not implemented. Update your FFmpeg version to the newest one from Git. If the problem still occurs, it means that your file has a feature which has not been implemented.
[h264 @ 0xad3052d80] [warning] If you want to help, upload a sample of this file to https://streams.videolan.org/upload/ and contact the ffmpeg-devel mailing list. (ffmpeg-devel@ffmpeg.org)
[h264 @ 0xad3051f80] [warning] Late SEI is not implemented. Update your FFmpeg version to the newest one from Git. If the problem still occurs, it means that your file has a feature which has not been implemented.
[h264 @ 0xad3051f80] [warning] If you want to help, upload a sample of this file to https://streams.videolan.org/upload/ and contact the ffmpeg-devel mailing list. (ffmpeg-devel@ffmpeg.org)
[h264 @ 0xad30dc000] [warning] Late SEI is not implemented. Update your FFmpeg version to the newest one from Git. If the problem still occurs, it means that your file has a feature which has not been implemented.
[h264 @ 0xad30dc000] [warning] If you want to help, upload a sample of this file to https://streams.videolan.org/upload/ and contact the ffmpeg-devel mailing list. (ffmpeg-devel@ffmpeg.org)
[Parsed_showinfo_1 @ 0xad2c8b780] [info] n:  15 pts:3456000 pts_time:225     duration:    512 duration_time:0.0333333 fmt:yuv420p cl:left sar:1/1 s:1280x720 i:P iskey:0 type:B checksum:05C666D2 plane_checksum:[F6A2EC4A 10816FC4 38820AB5] mean:[83 127 127] stdev:[54.0 4.9 3.1]
[Parsed_showinfo_1 @ 0xad2c8b780] [info] color_range:tv color_space:bt709 color_primaries:bt709 color_trc:bt709
[h264 @ 0xad3053100] [warning] Late SEI is not implemented. Update your FFmpeg version to the newest one from Git. If the problem still occurs, it means that your file has a feature which has not been implemented.
[h264 @ 0xad3053100] [warning] If you want to help, upload a sample of this file to https://streams.videolan.org/upload/ and contact the ffmpeg-devel mailing list. (ffmpeg-devel@ffmpeg.org)
[h264 @ 0xad3052300] [warning] Late SEI is not implemented. Update your FFmpeg version to the newest one from Git. If the problem still occurs, it means that your file has a feature which has not been implemented.
[h264 @ 0xad3052300] [warning] If you want to help, upload a sample of this file to https://streams.videolan.org/upload/ and contact the ffmpeg-devel mailing list. (ffmpeg-devel@ffmpeg.org)
[h264 @ 0xad3051500] [warning] Late SEI is not implemented. Update your FFmpeg version to the newest one from Git. If the problem still occurs, it means that your file has a feature which has not been implemented.
[h264 @ 0xad3051500] [warning] If you want to help, upload a sample of this file to https://streams.videolan.org/upload/ and contact the ffmpeg-devel mailing list. (ffmpeg-devel@ffmpeg.org)
[Parsed_showinfo_1 @ 0xad2c8b780] [info] n:  16 pts:3686400 pts_time:240     duration:    512 duration_time:0.0333333 fmt:yuv420p cl:left sar:1/1 s:1280x720 i:P iskey:0 type:B checksum:853592D5 plane_checksum:[C1523209 67487EA4 CE53E219] mean:[108 129 127] stdev:[66.9 5.5 4.2]
[Parsed_showinfo_1 @ 0xad2c8b780] [info] color_range:tv color_space:bt709 color_primaries:bt709 color_trc:bt709
[h264 @ 0xad3053480] [warning] Late SEI is not implemented. Update your FFmpeg version to the newest one from Git. If the problem still occurs, it means that your file has a feature which has not been implemented.
[h264 @ 0xad3053480] [warning] If you want to help, upload a sample of this file to https://streams.videolan.org/upload/ and contact the ffmpeg-devel mailing list. (ffmpeg-devel@ffmpeg.org)
[h264 @ 0xad3052680] [warning] Late SEI is not implemented. Update your FFmpeg version to the newest one from Git. If the problem still occurs, it means that your file has a feature which has not been implemented.
[h264 @ 0xad3052680] [warning] If you want to help, upload a sample of this file to https://streams.videolan.org/upload/ and contact the ffmpeg-devel mailing list. (ffmpeg-devel@ffmpeg.org)
[h264 @ 0xad3051880] [warning] Late SEI is not implemented. Update your FFmpeg version to the newest one from Git. If the problem still occurs, it means that your file has a feature which has not been implemented.
[h264 @ 0xad3051880] [warning] If you want to help, upload a sample of this file to https://streams.videolan.org/upload/ and contact the ffmpeg-devel mailing list. (ffmpeg-devel@ffmpeg.org)
[Parsed_showinfo_1 @ 0xad2c8b780] [info] n:  17 pts:3916800 pts_time:255     duration:    512 duration_time:0.0333333 fmt:yuv420p cl:left sar:1/1 s:1280x720 i:P iskey:0 type:B checksum:7841E519 plane_checksum:[EE42CC67 CD9AB818 FAFA608B] mean:[86 130 127] stdev:[56.2 6.8 4.5]
[Parsed_showinfo_1 @ 0xad2c8b780] [info] color_range:tv color_space:bt709 color_primaries:bt709 color_trc:bt709
[h264 @ 0xad3053800] [warning] Late SEI is not implemented. Update your FFmpeg version to the newest one from Git. If the problem still occurs, it means that your file has a feature which has not been implemented.
[h264 @ 0xad3053800] [warning] If you want to help, upload a sample of this file to https://streams.videolan.org/upload/ and contact the ffmpeg-devel mailing list. (ffmpeg-devel@ffmpeg.org)
[h264 @ 0xad3052a00] [warning] Late SEI is not implemented. Update your FFmpeg version to the newest one from Git. If the problem still occurs, it means that your file has a feature which has not been implemented.
[h264 @ 0xad3052a00] [warning] If you want to help, upload a sample of this file to https://streams.videolan.org/upload/ and contact the ffmpeg-devel mailing list. (ffmpeg-devel@ffmpeg.org)
[h264 @ 0xad3051c00] [warning] Late SEI is not implemented. Update your FFmpeg version to the newest one from Git. If the problem still occurs, it means that your file has a feature which has not been implemented.
[h264 @ 0xad3051c00] [warning] If you want to help, upload a sample of this file to https://streams.videolan.org/upload/ and contact the ffmpeg-devel mailing list. (ffmpeg-devel@ffmpeg.org)
[Parsed_showinfo_1 @ 0xad2c8b780] [info] n:  18 pts:4147200 pts_time:270     duration:    512 duration_time:0.0333333 fmt:yuv420p cl:left sar:1/1 s:1280x720 i:P iskey:0 type:B checksum:180AC1FF plane_checksum:[094D7C8A D7056F1B C539D64B] mean:[105 128 128] stdev:[77.1 6.7 4.6]
[Parsed_showinfo_1 @ 0xad2c8b780] [info] color_range:tv color_space:bt709 color_primaries:bt709 color_trc:bt709
[h264 @ 0xad3053b80] [warning] Late SEI is not implemented. Update your FFmpeg version to the newest one from Git. If the problem still occurs, it means that your file has a feature which has not been implemented.
[h264 @ 0xad3053b80] [warning] If you want to help, upload a sample of this file to https://streams.videolan.org/upload/ and contact the ffmpeg-devel mailing list. (ffmpeg-devel@ffmpeg.org)
[h264 @ 0xad3052d80] [warning] Late SEI is not implemented. Update your FFmpeg version to the newest one from Git. If the problem still occurs, it means that your file has a feature which has not been implemented.
[h264 @ 0xad3052d80] [warning] If you want to help, upload a sample of this file to https://streams.videolan.org/upload/ and contact the ffmpeg-devel mailing list. (ffmpeg-devel@ffmpeg.org)
[h264 @ 0xad3051f80] [warning] Late SEI is not implemented. Update your FFmpeg version to the newest one from Git. If the problem still occurs, it means that your file has a feature which has not been implemented.
[h264 @ 0xad3051f80] [warning] If you want to help, upload a sample of this file to https://streams.videolan.org/upload/ and contact the ffmpeg-devel mailing list. (ffmpeg-devel@ffmpeg.org)
[Parsed_showinfo_1 @ 0xad2c8b780] [info] n:  19 pts:4377600 pts_time:285     duration:    512 duration_time:0.0333333 fmt:yuv420p cl:left sar:1/1 s:1280x720 i:P iskey:0 type:P checksum:6B939F8F plane_checksum:[0358A42B 24C895FD E9826558] mean:[89 127 128] stdev:[71.3 7.4 2.2]
[Parsed_showinfo_1 @ 0xad2c8b780] [info] color_range:tv color_space:bt709 color_primaries:bt709 color_trc:bt709
[h264 @ 0xad30dc000] [warning] Late SEI is not implemented. Update your FFmpeg version to the newest one from Git. If the problem still occurs, it means that your file has a feature which has not been implemented.
[h264 @ 0xad30dc000] [warning] If you want to help, upload a sample of this file to https://streams.videolan.org/upload/ and contact the ffmpeg-devel mailing list. (ffmpeg-devel@ffmpeg.org)
[h264 @ 0xad3053100] [warning] Late SEI is not implemented. Update your FFmpeg version to the newest one from Git. If the problem still occurs, it means that your file has a feature which has not been implemented.
[h264 @ 0xad3053100] [warning] If you want to help, upload a sample of this file to https://streams.videolan.org/upload/ and contact the ffmpeg-devel mailing list. (ffmpeg-devel@ffmpeg.org)
[h264 @ 0xad3052300] [warning] Late SEI is not implemented. Update your FFmpeg version to the newest one from Git. If the problem still occurs, it means that your file has a feature which has not been implemented.
[h264 @ 0xad3052300] [warning] If you want to help, upload a sample of this file to https://streams.videolan.org/upload/ and contact the ffmpeg-devel mailing list. (ffmpeg-devel@ffmpeg.org)
[Parsed_showinfo_1 @ 0xad2c8b780] [info] n:  20 pts:4608000 pts_time:300     duration:    512 duration_time:0.0333333 fmt:yuv420p cl:left sar:1/1 s:1280x720 i:P iskey:0 type:B checksum:BBD7517A plane_checksum:[27037D8F BFE4A61C F5A72DC0] mean:[97 128 129] stdev:[66.8 2.5 2.2]
[Parsed_showinfo_1 @ 0xad2c8b780] [info] color_range:tv color_space:bt709 color_primaries:bt709 color_trc:bt709
[h264 @ 0xad3051500] [warning] Late SEI is not implemented. Update your FFmpeg version to the newest one from Git. If the problem still occurs, it means that your file has a feature which has not been implemented.
[h264 @ 0xad3051500] [warning] If you want to help, upload a sample of this file to https://streams.videolan.org/upload/ and contact the ffmpeg-devel mailing list. (ffmpeg-devel@ffmpeg.org)
[h264 @ 0xad3053480] [warning] Late SEI is not implemented. Update your FFmpeg version to the newest one from Git. If the problem still occurs, it means that your file has a feature which has not been implemented.
[h264 @ 0xad3053480] [warning] If you want to help, upload a sample of this file to https://streams.videolan.org/upload/ and contact the ffmpeg-devel mailing list. (ffmpeg-devel@ffmpeg.org)
[h264 @ 0xad3052680] [warning] Late SEI is not implemented. Update your FFmpeg version to the newest one from Git. If the problem still occurs, it means that your file has a feature which has not been implemented.
[h264 @ 0xad3052680] [warning] If you want to help, upload a sample of this file to https://streams.videolan.org/upload/ and contact the ffmpeg-devel mailing list. (ffmpeg-devel@ffmpeg.org)
[Parsed_showinfo_1 @ 0xad2c8b780] [info] n:  21 pts:4838400 pts_time:315     duration:    512 duration_time:0.0333333 fmt:yuv420p cl:left sar:1/1 s:1280x720 i:P iskey:0 type:P checksum:BE3A214B plane_checksum:[B3F0E6F5 720BD16E E52C68CA] mean:[64 130 129] stdev:[68.3 3.2 2.6]
[Parsed_showinfo_1 @ 0xad2c8b780] [info] color_range:tv color_space:bt709 color_primaries:bt709 color_trc:bt709
[h264 @ 0xad3051880] [warning] Late SEI is not implemented. Update your FFmpeg version to the newest one from Git. If the problem still occurs, it means that your file has a feature which has not been implemented.
[h264 @ 0xad3051880] [warning] If you want to help, upload a sample of this file to https://streams.videolan.org/upload/ and contact the ffmpeg-devel mailing list. (ffmpeg-devel@ffmpeg.org)
[h264 @ 0xad30dc000] [warning] Late SEI is not implemented. Update your FFmpeg version to the newest one from Git. If the problem still occurs, it means that your file has a feature which has not been implemented.
[h264 @ 0xad30dc000] [warning] If you want to help, upload a sample of this file to https://streams.videolan.org/upload/ and contact the ffmpeg-devel mailing list. (ffmpeg-devel@ffmpeg.org)
[h264 @ 0xad3053100] [warning] Late SEI is not implemented. Update your FFmpeg version to the newest one from Git. If the problem still occurs, it means that your file has a feature which has not been implemented.
[h264 @ 0xad3053100] [warning] If you want to help, upload a sample of this file to https://streams.videolan.org/upload/ and contact the ffmpeg-devel mailing list. (ffmpeg-devel@ffmpeg.org)
[Parsed_showinfo_1 @ 0xad2c8b780] [info] n:  22 pts:5068800 pts_time:330     duration:    512 duration_time:0.0333333 fmt:yuv420p cl:left sar:1/1 s:1280x720 i:P iskey:0 type:B checksum:0DCC90C4 plane_checksum:[567BB8A6 D250C587 4EF51288] mean:[93 127 126] stdev:[70.9 9.2 4.3]
[Parsed_showinfo_1 @ 0xad2c8b780] [info] color_range:tv color_space:bt709 color_primaries:bt709 color_trc:bt709
[h264 @ 0xad3052a00] [warning] Late SEI is not implemented. Update your FFmpeg version to the newest one from Git. If the problem still occurs, it means that your file has a feature which has not been implemented.
[h264 @ 0xad3052a00] [warning] If you want to help, upload a sample of this file to https://streams.videolan.org/upload/ and contact the ffmpeg-devel mailing list. (ffmpeg-devel@ffmpeg.org)
[h264 @ 0xad3051c00] [warning] Late SEI is not implemented. Update your FFmpeg version to the newest one from Git. If the problem still occurs, it means that your file has a feature which has not been implemented.
[h264 @ 0xad3051c00] [warning] If you want to help, upload a sample of this file to https://streams.videolan.org/upload/ and contact the ffmpeg-devel mailing list. (ffmpeg-devel@ffmpeg.org)
[h264 @ 0xad3053b80] [warning] Late SEI is not implemented. Update your FFmpeg version to the newest one from Git. If the problem still occurs, it means that your file has a feature which has not been implemented.
[h264 @ 0xad3053b80] [warning] If you want to help, upload a sample of this file to https://streams.videolan.org/upload/ and contact the ffmpeg-devel mailing list. (ffmpeg-devel@ffmpeg.org)
[Parsed_showinfo_1 @ 0xad2c8b780] [info] n:  23 pts:5299200 pts_time:345     duration:    512 duration_time:0.0333333 fmt:yuv420p cl:left sar:1/1 s:1280x720 i:P iskey:0 type:B checksum:227F80DE plane_checksum:[707B05B7 1C878B8C 91F4EF8C] mean:[89 127 125] stdev:[68.9 10.9 4.7]
[Parsed_showinfo_1 @ 0xad2c8b780] [info] color_range:tv color_space:bt709 color_primaries:bt709 color_trc:bt709
[h264 @ 0xad3052d80] [warning] Late SEI is not implemented. Update your FFmpeg version to the newest one from Git. If the problem still occurs, it means that your file has a feature which has not been implemented.
[h264 @ 0xad3052d80] [warning] If you want to help, upload a sample of this file to https://streams.videolan.org/upload/ and contact the ffmpeg-devel mailing list. (ffmpeg-devel@ffmpeg.org)
[h264 @ 0xad3051f80] [warning] Late SEI is not implemented. Update your FFmpeg version to the newest one from Git. If the problem still occurs, it means that your file has a feature which has not been implemented.
[h264 @ 0xad3051f80] [warning] If you want to help, upload a sample of this file to https://streams.videolan.org/upload/ and contact the ffmpeg-devel mailing list. (ffmpeg-devel@ffmpeg.org)
[h264 @ 0xad30dc000] [warning] Late SEI is not implemented. Update your FFmpeg version to the newest one from Git. If the problem still occurs, it means that your file has a feature which has not been implemented.
[h264 @ 0xad30dc000] [warning] If you want to help, upload a sample of this file to https://streams.videolan.org/upload/ and contact the ffmpeg-devel mailing list. (ffmpeg-devel@ffmpeg.org)
[Parsed_showinfo_1 @ 0xad2c8b780] [info] n:  24 pts:5529600 pts_time:360     duration:    512 duration_time:0.0333333 fmt:yuv420p cl:left sar:1/1 s:1280x720 i:P iskey:0 type:B checksum:A990A105 plane_checksum:[60B588A8 251DB24D 22BF6601] mean:[53 133 127] stdev:[47.9 5.9 1.8]
[Parsed_showinfo_1 @ 0xad2c8b780] [info] color_range:tv color_space:bt709 color_primaries:bt709 color_trc:bt709
[h264 @ 0xad3053100] [warning] Late SEI is not implemented. Update your FFmpeg version to the newest one from Git. If the problem still occurs, it means that your file has a feature which has not been implemented.
[h264 @ 0xad3053100] [warning] If you want to help, upload a sample of this file to https://streams.videolan.org/upload/ and contact the ffmpeg-devel mailing list. (ffmpeg-devel@ffmpeg.org)
[h264 @ 0xad3052300] [warning] Late SEI is not implemented. Update your FFmpeg version to the newest one from Git. If the problem still occurs, it means that your file has a feature which has not been implemented.
[h264 @ 0xad3052300] [warning] If you want to help, upload a sample of this file to https://streams.videolan.org/upload/ and contact the ffmpeg-devel mailing list. (ffmpeg-devel@ffmpeg.org)
[Parsed_showinfo_1 @ 0xad2c8b780] [info] n:  25 pts:5760000 pts_time:375     duration:    512 duration_time:0.0333333 fmt:yuv420p cl:left sar:1/1 s:1280x720 i:P iskey:0 type:B checksum:91C3DA42 plane_checksum:[571CE492 816930FF 644AC4A2] mean:[62 129 126] stdev:[54.3 4.9 4.0]
[Parsed_showinfo_1 @ 0xad2c8b780] [info] color_range:tv color_space:bt709 color_primaries:bt709 color_trc:bt709
[h264 @ 0xad3051500] [warning] Late SEI is not implemented. Update your FFmpeg version to the newest one from Git. If the problem still occurs, it means that your file has a feature which has not been implemented.
[h264 @ 0xad3051500] [warning] If you want to help, upload a sample of this file to https://streams.videolan.org/upload/ and contact the ffmpeg-devel mailing list. (ffmpeg-devel@ffmpeg.org)
[h264 @ 0xad3053480] [warning] Late SEI is not implemented. Update your FFmpeg version to the newest one from Git. If the problem still occurs, it means that your file has a feature which has not been implemented.
[h264 @ 0xad3053480] [warning] If you want to help, upload a sample of this file to https://streams.videolan.org/upload/ and contact the ffmpeg-devel mailing list. (ffmpeg-devel@ffmpeg.org)
[h264 @ 0xad3052680] [warning] Late SEI is not implemented. Update your FFmpeg version to the newest one from Git. If the problem still occurs, it means that your file has a feature which has not been implemented.
[h264 @ 0xad3052680] [warning] If you want to help, upload a sample of this file to https://streams.videolan.org/upload/ and contact the ffmpeg-devel mailing list. (ffmpeg-devel@ffmpeg.org)
[Parsed_showinfo_1 @ 0xad2c8b780] [info] n:  26 pts:5990400 pts_time:390     duration:    512 duration_time:0.0333333 fmt:yuv420p cl:left sar:1/1 s:1280x720 i:P iskey:0 type:B checksum:7AA7D991 plane_checksum:[006422C5 1C4FEAB6 ADD4CC07] mean:[98 129 131] stdev:[63.4 4.0 3.1]
[Parsed_showinfo_1 @ 0xad2c8b780] [info] color_range:tv color_space:bt709 color_primaries:bt709 color_trc:bt709
[h264 @ 0xad3051880] [warning] Late SEI is not implemented. Update your FFmpeg version to the newest one from Git. If the problem still occurs, it means that your file has a feature which has not been implemented.
[h264 @ 0xad3051880] [warning] If you want to help, upload a sample of this file to https://streams.videolan.org/upload/ and contact the ffmpeg-devel mailing list. (ffmpeg-devel@ffmpeg.org)
[h264 @ 0xad3053800] [warning] Late SEI is not implemented. Update your FFmpeg version to the newest one from Git. If the problem still occurs, it means that your file has a feature which has not been implemented.
[h264 @ 0xad3053800] [warning] If you want to help, upload a sample of this file to https://streams.videolan.org/upload/ and contact the ffmpeg-devel mailing list. (ffmpeg-devel@ffmpeg.org)
[h264 @ 0xad3052a00] [warning] Late SEI is not implemented. Update your FFmpeg version to the newest one from Git. If the problem still occurs, it means that your file has a feature which has not been implemented.
[h264 @ 0xad3052a00] [warning] If you want to help, upload a sample of this file to https://streams.videolan.org/upload/ and contact the ffmpeg-devel mailing list. (ffmpeg-devel@ffmpeg.org)
[Parsed_showinfo_1 @ 0xad2c8b780] [info] n:  27 pts:6220800 pts_time:405     duration:    512 duration_time:0.0333333 fmt:yuv420p cl:left sar:1/1 s:1280x720 i:P iskey:0 type:P checksum:E1305EE7 plane_checksum:[205D2026 7A30EEE4 0E964FCE] mean:[86 127 125] stdev:[66.7 8.0 5.7]
[Parsed_showinfo_1 @ 0xad2c8b780] [info] color_range:tv color_space:bt709 color_primaries:bt709 color_trc:bt709
[h264 @ 0xad3051c00] [warning] Late SEI is not implemented. Update your FFmpeg version to the newest one from Git. If the problem still occurs, it means that your file has a feature which has not been implemented.
[h264 @ 0xad3051c00] [warning] If you want to help, upload a sample of this file to https://streams.videolan.org/upload/ and contact the ffmpeg-devel mailing list. (ffmpeg-devel@ffmpeg.org)
[h264 @ 0xad3053b80] [warning] Late SEI is not implemented. Update your FFmpeg version to the newest one from Git. If the problem still occurs, it means that your file has a feature which has not been implemented.
[h264 @ 0xad3053b80] [warning] If you want to help, upload a sample of this file to https://streams.videolan.org/upload/ and contact the ffmpeg-devel mailing list. (ffmpeg-devel@ffmpeg.org)
[h264 @ 0xad3052d80] [warning] Late SEI is not implemented. Update your FFmpeg version to the newest one from Git. If the problem still occurs, it means that your file has a feature which has not been implemented.
[h264 @ 0xad3052d80] [warning] If you want to help, upload a sample of this file to https://streams.videolan.org/upload/ and contact the ffmpeg-devel mailing list. (ffmpeg-devel@ffmpeg.org)
[Parsed_showinfo_1 @ 0xad2c8b780] [info] n:  28 pts:6451200 pts_time:420     duration:    512 duration_time:0.0333333 fmt:yuv420p cl:left sar:1/1 s:1280x720 i:P iskey:0 type:B checksum:4212DAEA plane_checksum:[282D562A 54083E04 1D0B46BC] mean:[98 129 125] stdev:[47.0 2.5 3.4]
[Parsed_showinfo_1 @ 0xad2c8b780] [info] color_range:tv color_space:bt709 color_primaries:bt709 color_trc:bt709
[h264 @ 0xad3051f80] [warning] Late SEI is not implemented. Update your FFmpeg version to the newest one from Git. If the problem still occurs, it means that your file has a feature which has not been implemented.
[h264 @ 0xad3051f80] [warning] If you want to help, upload a sample of this file to https://streams.videolan.org/upload/ and contact the ffmpeg-devel mailing list. (ffmpeg-devel@ffmpeg.org)
[h264 @ 0xad30dc000] [warning] Late SEI is not implemented. Update your FFmpeg version to the newest one from Git. If the problem still occurs, it means that your file has a feature which has not been implemented.
[h264 @ 0xad30dc000] [warning] If you want to help, upload a sample of this file to https://streams.videolan.org/upload/ and contact the ffmpeg-devel mailing list. (ffmpeg-devel@ffmpeg.org)
[h264 @ 0xad3053100] [warning] Late SEI is not implemented. Update your FFmpeg version to the newest one from Git. If the problem still occurs, it means that your file has a feature which has not been implemented.
[h264 @ 0xad3053100] [warning] If you want to help, upload a sample of this file to https://streams.videolan.org/upload/ and contact the ffmpeg-devel mailing list. (ffmpeg-devel@ffmpeg.org)
[Parsed_showinfo_1 @ 0xad2c8b780] [info] n:  29 pts:6681600 pts_time:435     duration:    512 duration_time:0.0333333 fmt:yuv420p cl:left sar:1/1 s:1280x720 i:P iskey:0 type:B checksum:686C1ACE plane_checksum:[C1CEEE77 18CC3771 E10FF4C8] mean:[99 128 129] stdev:[70.8 4.3 3.7]
[Parsed_showinfo_1 @ 0xad2c8b780] [info] color_range:tv color_space:bt709 color_primaries:bt709 color_trc:bt709
[h264 @ 0xad3052300] [warning] Late SEI is not implemented. Update your FFmpeg version to the newest one from Git. If the problem still occurs, it means that your file has a feature which has not been implemented.
[h264 @ 0xad3052300] [warning] If you want to help, upload a sample of this file to https://streams.videolan.org/upload/ and contact the ffmpeg-devel mailing list. (ffmpeg-devel@ffmpeg.org)
[h264 @ 0xad3051500] [warning] Late SEI is not implemented. Update your FFmpeg version to the newest one from Git. If the problem still occurs, it means that your file has a feature which has not been implemented.
[h264 @ 0xad3051500] [warning] If you want to help, upload a sample of this file to https://streams.videolan.org/upload/ and contact the ffmpeg-devel mailing list. (ffmpeg-devel@ffmpeg.org)
[h264 @ 0xad3053480] [warning] Late SEI is not implemented. Update your FFmpeg version to the newest one from Git. If the problem still occurs, it means that your file has a feature which has not been implemented.
[h264 @ 0xad3053480] [warning] If you want to help, upload a sample of this file to https://streams.videolan.org/upload/ and contact the ffmpeg-devel mailing list. (ffmpeg-devel@ffmpeg.org)
[Parsed_showinfo_1 @ 0xad2c8b780] [info] n:  30 pts:6912000 pts_time:450     duration:    512 duration_time:0.0333333 fmt:yuv420p cl:left sar:1/1 s:1280x720 i:P iskey:0 type:B checksum:9B9CDAB6 plane_checksum:[C2A9A9C4 28272A9C 64320656] mean:[85 131 129] stdev:[59.7 3.8 2.1]
[Parsed_showinfo_1 @ 0xad2c8b780] [info] color_range:tv color_space:bt709 color_primaries:bt709 color_trc:bt709
[h264 @ 0xad3052680] [warning] Late SEI is not implemented. Update your FFmpeg version to the newest one from Git. If the problem still occurs, it means that your file has a feature which has not been implemented.
[h264 @ 0xad3052680] [warning] If you want to help, upload a sample of this file to https://streams.videolan.org/upload/ and contact the ffmpeg-devel mailing list. (ffmpeg-devel@ffmpeg.org)
[h264 @ 0xad3051880] [warning] Late SEI is not implemented. Update your FFmpeg version to the newest one from Git. If the problem still occurs, it means that your file has a feature which has not been implemented.
[h264 @ 0xad3051880] [warning] If you want to help, upload a sample of this file to https://streams.videolan.org/upload/ and contact the ffmpeg-devel mailing list. (ffmpeg-devel@ffmpeg.org)
[h264 @ 0xad3053800] [warning] Late SEI is not implemented. Update your FFmpeg version to the newest one from Git. If the problem still occurs, it means that your file has a feature which has not been implemented.
[h264 @ 0xad3053800] [warning] If you want to help, upload a sample of this file to https://streams.videolan.org/upload/ and contact the ffmpeg-devel mailing list. (ffmpeg-devel@ffmpeg.org)
[Parsed_showinfo_1 @ 0xad2c8b780] [info] n:  31 pts:7142400 pts_time:465     duration:    512 duration_time:0.0333333 fmt:yuv420p cl:left sar:1/1 s:1280x720 i:P iskey:0 type:P checksum:EBBF0B73 plane_checksum:[CE7DEC94 AA4AC8FD 782E55C4] mean:[52 128 128] stdev:[31.9 2.0 2.9]
[Parsed_showinfo_1 @ 0xad2c8b780] [info] color_range:tv color_space:bt709 color_primaries:bt709 color_trc:bt709
[h264 @ 0xad3052a00] [warning] Late SEI is not implemented. Update your FFmpeg version to the newest one from Git. If the problem still occurs, it means that your file has a feature which has not been implemented.
[h264 @ 0xad3052a00] [warning] If you want to help, upload a sample of this file to https://streams.videolan.org/upload/ and contact the ffmpeg-devel mailing list. (ffmpeg-devel@ffmpeg.org)
[h264 @ 0xad3051c00] [warning] Late SEI is not implemented. Update your FFmpeg version to the newest one from Git. If the problem still occurs, it means that your file has a feature which has not been implemented.
[h264 @ 0xad3051c00] [warning] If you want to help, upload a sample of this file to https://streams.videolan.org/upload/ and contact the ffmpeg-devel mailing list. (ffmpeg-devel@ffmpeg.org)
[h264 @ 0xad3053b80] [warning] Late SEI is not implemented. Update your FFmpeg version to the newest one from Git. If the problem still occurs, it means that your file has a feature which has not been implemented.
[h264 @ 0xad3053b80] [warning] If you want to help, upload a sample of this file to https://streams.videolan.org/upload/ and contact the ffmpeg-devel mailing list. (ffmpeg-devel@ffmpeg.org)
[Parsed_showinfo_1 @ 0xad2c8b780] [info] n:  32 pts:7372800 pts_time:480     duration:    512 duration_time:0.0333333 fmt:yuv420p cl:left sar:1/1 s:1280x720 i:P iskey:0 type:B checksum:2D7A3355 plane_checksum:[541373E7 27B197ED 35432772] mean:[116 122 129] stdev:[76.4 4.4 1.4]
[Parsed_showinfo_1 @ 0xad2c8b780] [info] color_range:tv color_space:bt709 color_primaries:bt709 color_trc:bt709
[h264 @ 0xad3052d80] [warning] Late SEI is not implemented. Update your FFmpeg version to the newest one from Git. If the problem still occurs, it means that your file has a feature which has not been implemented.
[h264 @ 0xad3052d80] [warning] If you want to help, upload a sample of this file to https://streams.videolan.org/upload/ and contact the ffmpeg-devel mailing list. (ffmpeg-devel@ffmpeg.org)
[h264 @ 0xad3051f80] [warning] Late SEI is not implemented. Update your FFmpeg version to the newest one from Git. If the problem still occurs, it means that your file has a feature which has not been implemented.
[h264 @ 0xad3051f80] [warning] If you want to help, upload a sample of this file to https://streams.videolan.org/upload/ and contact the ffmpeg-devel mailing list. (ffmpeg-devel@ffmpeg.org)
[h264 @ 0xad3051880] [warning] Late SEI is not implemented. Update your FFmpeg version to the newest one from Git. If the problem still occurs, it means that your file has a feature which has not been implemented.
[h264 @ 0xad3051880] [warning] If you want to help, upload a sample of this file to https://streams.videolan.org/upload/ and contact the ffmpeg-devel mailing list. (ffmpeg-devel@ffmpeg.org)
[Parsed_showinfo_1 @ 0xad2c8b780] [info] n:  33 pts:7603200 pts_time:495     duration:    512 duration_time:0.0333333 fmt:yuv420p cl:left sar:1/1 s:1280x720 i:P iskey:0 type:B checksum:AE58752C plane_checksum:[883DC31E 68C4002A B527B1D5] mean:[139 121 128] stdev:[68.0 4.0 0.9]
[Parsed_showinfo_1 @ 0xad2c8b780] [info] color_range:tv color_space:bt709 color_primaries:bt709 color_trc:bt709
[h264 @ 0xad3053800] [warning] Late SEI is not implemented. Update your FFmpeg version to the newest one from Git. If the problem still occurs, it means that your file has a feature which has not been implemented.
[h264 @ 0xad3053800] [warning] If you want to help, upload a sample of this file to https://streams.videolan.org/upload/ and contact the ffmpeg-devel mailing list. (ffmpeg-devel@ffmpeg.org)
[h264 @ 0xad3052a00] [warning] Late SEI is not implemented. Update your FFmpeg version to the newest one from Git. If the problem still occurs, it means that your file has a feature which has not been implemented.
[h264 @ 0xad3052a00] [warning] If you want to help, upload a sample of this file to https://streams.videolan.org/upload/ and contact the ffmpeg-devel mailing list. (ffmpeg-devel@ffmpeg.org)
[h264 @ 0xad3052300] [warning] Late SEI is not implemented. Update your FFmpeg version to the newest one from Git. If the problem still occurs, it means that your file has a feature which has not been implemented.
[h264 @ 0xad3052300] [warning] If you want to help, upload a sample of this file to https://streams.videolan.org/upload/ and contact the ffmpeg-devel mailing list. (ffmpeg-devel@ffmpeg.org)
[Parsed_showinfo_1 @ 0xad2c8b780] [info] n:  34 pts:7833600 pts_time:510     duration:    512 duration_time:0.0333333 fmt:yuv420p cl:left sar:1/1 s:1280x720 i:P iskey:0 type:P checksum:819C4E4B plane_checksum:[E54C0EC1 2A3D647D 2D33DAFE] mean:[120 122 128] stdev:[76.1 4.2 1.4]
[Parsed_showinfo_1 @ 0xad2c8b780] [info] color_range:tv color_space:bt709 color_primaries:bt709 color_trc:bt709
[h264 @ 0xad3051500] [warning] Late SEI is not implemented. Update your FFmpeg version to the newest one from Git. If the problem still occurs, it means that your file has a feature which has not been implemented.
[h264 @ 0xad3051500] [warning] If you want to help, upload a sample of this file to https://streams.videolan.org/upload/ and contact the ffmpeg-devel mailing list. (ffmpeg-devel@ffmpeg.org)
[h264 @ 0xad3053480] [warning] Late SEI is not implemented. Update your FFmpeg version to the newest one from Git. If the problem still occurs, it means that your file has a feature which has not been implemented.
[h264 @ 0xad3053480] [warning] If you want to help, upload a sample of this file to https://streams.videolan.org/upload/ and contact the ffmpeg-devel mailing list. (ffmpeg-devel@ffmpeg.org)
[h264 @ 0xad3052680] [warning] Late SEI is not implemented. Update your FFmpeg version to the newest one from Git. If the problem still occurs, it means that your file has a feature which has not been implemented.
[h264 @ 0xad3052680] [warning] If you want to help, upload a sample of this file to https://streams.videolan.org/upload/ and contact the ffmpeg-devel mailing list. (ffmpeg-devel@ffmpeg.org)
[Parsed_showinfo_1 @ 0xad2c8b780] [info] n:  35 pts:8064000 pts_time:525     duration:    512 duration_time:0.0333333 fmt:yuv420p cl:left sar:1/1 s:1280x720 i:P iskey:0 type:P checksum:FD3A21A2 plane_checksum:[57237EB3 A7B90F3F 904A93A1] mean:[51 120 134] stdev:[45.0 8.8 6.9]
[Parsed_showinfo_1 @ 0xad2c8b780] [info] color_range:tv color_space:bt709 color_primaries:bt709 color_trc:bt709
[h264 @ 0xad3051880] [warning] Late SEI is not implemented. Update your FFmpeg version to the newest one from Git. If the problem still occurs, it means that your file has a feature which has not been implemented.
[h264 @ 0xad3051880] [warning] If you want to help, upload a sample of this file to https://streams.videolan.org/upload/ and contact the ffmpeg-devel mailing list. (ffmpeg-devel@ffmpeg.org)
[h264 @ 0xad3053800] [warning] Late SEI is not implemented. Update your FFmpeg version to the newest one from Git. If the problem still occurs, it means that your file has a feature which has not been implemented.
[h264 @ 0xad3053800] [warning] If you want to help, upload a sample of this file to https://streams.videolan.org/upload/ and contact the ffmpeg-devel mailing list. (ffmpeg-devel@ffmpeg.org)
[h264 @ 0xad3052a00] [warning] Late SEI is not implemented. Update your FFmpeg version to the newest one from Git. If the problem still occurs, it means that your file has a feature which has not been implemented.
[h264 @ 0xad3052a00] [warning] If you want to help, upload a sample of this file to https://streams.videolan.org/upload/ and contact the ffmpeg-devel mailing list. (ffmpeg-devel@ffmpeg.org)
[Parsed_showinfo_1 @ 0xad2c8b780] [info] n:  36 pts:8294400 pts_time:540     duration:    512 duration_time:0.0333333 fmt:yuv420p cl:left sar:1/1 s:1280x720 i:P iskey:0 type:P checksum:8323D7FC plane_checksum:[7698EA0A 285FC34E AD0A2A95] mean:[110 130 124] stdev:[66.4 4.1 4.2]
[Parsed_showinfo_1 @ 0xad2c8b780] [info] color_range:tv color_space:bt709 color_primaries:bt709 color_trc:bt709
[h264 @ 0xad3051c00] [warning] Late SEI is not implemented. Update your FFmpeg version to the newest one from Git. If the problem still occurs, it means that your file has a feature which has not been implemented.
[h264 @ 0xad3051c00] [warning] If you want to help, upload a sample of this file to https://streams.videolan.org/upload/ and contact the ffmpeg-devel mailing list. (ffmpeg-devel@ffmpeg.org)
[h264 @ 0xad3051500] [warning] Late SEI is not implemented. Update your FFmpeg version to the newest one from Git. If the problem still occurs, it means that your file has a feature which has not been implemented.
[h264 @ 0xad3051500] [warning] If you want to help, upload a sample of this file to https://streams.videolan.org/upload/ and contact the ffmpeg-devel mailing list. (ffmpeg-devel@ffmpeg.org)
[h264 @ 0xad3053480] [warning] Late SEI is not implemented. Update your FFmpeg version to the newest one from Git. If the problem still occurs, it means that your file has a feature which has not been implemented.
[h264 @ 0xad3053480] [warning] If you want to help, upload a sample of this file to https://streams.videolan.org/upload/ and contact the ffmpeg-devel mailing list. (ffmpeg-devel@ffmpeg.org)
[Parsed_showinfo_1 @ 0xad2c8b780] [info] n:  37 pts:8524800 pts_time:555     duration:    512 duration_time:0.0333333 fmt:yuv420p cl:left sar:1/1 s:1280x720 i:P iskey:0 type:B checksum:C1C4EE65 plane_checksum:[D5C7D5B7 4C484208 1B5ED697] mean:[92 111 135] stdev:[49.1 16.6 7.7]
[Parsed_showinfo_1 @ 0xad2c8b780] [info] color_range:tv color_space:bt709 color_primaries:bt709 color_trc:bt709
[h264 @ 0xad3052680] [warning] Late SEI is not implemented. Update your FFmpeg version to the newest one from Git. If the problem still occurs, it means that your file has a feature which has not been implemented.
[h264 @ 0xad3052680] [warning] If you want to help, upload a sample of this file to https://streams.videolan.org/upload/ and contact the ffmpeg-devel mailing list. (ffmpeg-devel@ffmpeg.org)
[h264 @ 0xad3051880] [warning] Late SEI is not implemented. Update your FFmpeg version to the newest one from Git. If the problem still occurs, it means that your file has a feature which has not been implemented.
[h264 @ 0xad3051880] [warning] If you want to help, upload a sample of this file to https://streams.videolan.org/upload/ and contact the ffmpeg-devel mailing list. (ffmpeg-devel@ffmpeg.org)
[h264 @ 0xad3053800] [warning] Late SEI is not implemented. Update your FFmpeg version to the newest one from Git. If the problem still occurs, it means that your file has a feature which has not been implemented.
[h264 @ 0xad3053800] [warning] If you want to help, upload a sample of this file to https://streams.videolan.org/upload/ and contact the ffmpeg-devel mailing list. (ffmpeg-devel@ffmpeg.org)
[Parsed_showinfo_1 @ 0xad2c8b780] [info] n:  38 pts:8755200 pts_time:570     duration:    512 duration_time:0.0333333 fmt:yuv420p cl:left sar:1/1 s:1280x720 i:P iskey:0 type:P checksum:A067B059 plane_checksum:[53CF6F74 EC493D8C F4530359] mean:[67 129 127] stdev:[51.2 2.8 1.7]
[Parsed_showinfo_1 @ 0xad2c8b780] [info] color_range:tv color_space:bt709 color_primaries:bt709 color_trc:bt709
[h264 @ 0xad3052a00] [warning] Late SEI is not implemented. Update your FFmpeg version to the newest one from Git. If the problem still occurs, it means that your file has a feature which has not been implemented.
[h264 @ 0xad3052a00] [warning] If you want to help, upload a sample of this file to https://streams.videolan.org/upload/ and contact the ffmpeg-devel mailing list. (ffmpeg-devel@ffmpeg.org)
[h264 @ 0xad3051c00] [warning] Late SEI is not implemented. Update your FFmpeg version to the newest one from Git. If the problem still occurs, it means that your file has a feature which has not been implemented.
[h264 @ 0xad3051c00] [warning] If you want to help, upload a sample of this file to https://streams.videolan.org/upload/ and contact the ffmpeg-devel mailing list. (ffmpeg-devel@ffmpeg.org)
[h264 @ 0xad3053b80] [warning] Late SEI is not implemented. Update your FFmpeg version to the newest one from Git. If the problem still occurs, it means that your file has a feature which has not been implemented.
[h264 @ 0xad3053b80] [warning] If you want to help, upload a sample of this file to https://streams.videolan.org/upload/ and contact the ffmpeg-devel mailing list. (ffmpeg-devel@ffmpeg.org)
[Parsed_showinfo_1 @ 0xad2c8b780] [info] n:  39 pts:8985600 pts_time:585     duration:    512 duration_time:0.0333333 fmt:yuv420p cl:left sar:1/1 s:1280x720 i:P iskey:0 type:B checksum:35980E5F plane_checksum:[1F718ECB 8B37A3C2 9597DBB4] mean:[94 121 132] stdev:[64.0 9.6 7.4]
[Parsed_showinfo_1 @ 0xad2c8b780] [info] color_range:tv color_space:bt709 color_primaries:bt709 color_trc:bt709
[h264 @ 0xad3052d80] [warning] Late SEI is not implemented. Update your FFmpeg version to the newest one from Git. If the problem still occurs, it means that your file has a feature which has not been implemented.
[h264 @ 0xad3052d80] [warning] If you want to help, upload a sample of this file to https://streams.videolan.org/upload/ and contact the ffmpeg-devel mailing list. (ffmpeg-devel@ffmpeg.org)
[h264 @ 0xad3051f80] [warning] Late SEI is not implemented. Update your FFmpeg version to the newest one from Git. If the problem still occurs, it means that your file has a feature which has not been implemented.
[h264 @ 0xad3051f80] [warning] If you want to help, upload a sample of this file to https://streams.videolan.org/upload/ and contact the ffmpeg-devel mailing list. (ffmpeg-devel@ffmpeg.org)
[h264 @ 0xad30dc000] [warning] Late SEI is not implemented. Update your FFmpeg version to the newest one from Git. If the problem still occurs, it means that your file has a feature which has not been implemented.
[h264 @ 0xad30dc000] [warning] If you want to help, upload a sample of this file to https://streams.videolan.org/upload/ and contact the ffmpeg-devel mailing list. (ffmpeg-devel@ffmpeg.org)
[Parsed_showinfo_1 @ 0xad2c8b780] [info] n:  40 pts:9216000 pts_time:600     duration:    512 duration_time:0.0333333 fmt:yuv420p cl:left sar:1/1 s:1280x720 i:P iskey:0 type:B checksum:ACF36A14 plane_checksum:[E0532D19 E2251933 0FC323C8] mean:[71 126 133] stdev:[47.5 8.2 7.9]
[Parsed_showinfo_1 @ 0xad2c8b780] [info] color_range:tv color_space:bt709 color_primaries:bt709 color_trc:bt709
[h264 @ 0xad3053100] [warning] Late SEI is not implemented. Update your FFmpeg version to the newest one from Git. If the problem still occurs, it means that your file has a feature which has not been implemented.
[h264 @ 0xad3053100] [warning] If you want to help, upload a sample of this file to https://streams.videolan.org/upload/ and contact the ffmpeg-devel mailing list. (ffmpeg-devel@ffmpeg.org)
[h264 @ 0xad3052300] [warning] Late SEI is not implemented. Update your FFmpeg version to the newest one from Git. If the problem still occurs, it means that your file has a feature which has not been implemented.
[h264 @ 0xad3052300] [warning] If you want to help, upload a sample of this file to https://streams.videolan.org/upload/ and contact the ffmpeg-devel mailing list. (ffmpeg-devel@ffmpeg.org)
[h264 @ 0xad3051500] [warning] Late SEI is not implemented. Update your FFmpeg version to the newest one from Git. If the problem still occurs, it means that your file has a feature which has not been implemented.
[h264 @ 0xad3051500] [warning] If you want to help, upload a sample of this file to https://streams.videolan.org/upload/ and contact the ffmpeg-devel mailing list. (ffmpeg-devel@ffmpeg.org)
[Parsed_showinfo_1 @ 0xad2c8b780] [info] n:  41 pts:9446400 pts_time:615     duration:    512 duration_time:0.0333333 fmt:yuv420p cl:left sar:1/1 s:1280x720 i:P iskey:0 type:B checksum:BC86D37F plane_checksum:[AA691AA2 470EAC41 BFA60C9C] mean:[93 122 134] stdev:[54.9 7.5 6.8]
[Parsed_showinfo_1 @ 0xad2c8b780] [info] color_range:tv color_space:bt709 color_primaries:bt709 color_trc:bt709
[h264 @ 0xad3053480] [warning] Late SEI is not implemented. Update your FFmpeg version to the newest one from Git. If the problem still occurs, it means that your file has a feature which has not been implemented.
[h264 @ 0xad3053480] [warning] If you want to help, upload a sample of this file to https://streams.videolan.org/upload/ and contact the ffmpeg-devel mailing list. (ffmpeg-devel@ffmpeg.org)
[h264 @ 0xad3052680] [warning] Late SEI is not implemented. Update your FFmpeg version to the newest one from Git. If the problem still occurs, it means that your file has a feature which has not been implemented.
[h264 @ 0xad3052680] [warning] If you want to help, upload a sample of this file to https://streams.videolan.org/upload/ and contact the ffmpeg-devel mailing list. (ffmpeg-devel@ffmpeg.org)
[h264 @ 0xad3051880] [warning] Late SEI is not implemented. Update your FFmpeg version to the newest one from Git. If the problem still occurs, it means that your file has a feature which has not been implemented.
[h264 @ 0xad3051880] [warning] If you want to help, upload a sample of this file to https://streams.videolan.org/upload/ and contact the ffmpeg-devel mailing list. (ffmpeg-devel@ffmpeg.org)
[Parsed_showinfo_1 @ 0xad2c8b780] [info] n:  42 pts:9676800 pts_time:630     duration:    512 duration_time:0.0333333 fmt:yuv420p cl:left sar:1/1 s:1280x720 i:P iskey:0 type:B checksum:88D4A387 plane_checksum:[A499425B FA7EFABB A4776662] mean:[84 126 131] stdev:[44.5 8.0 7.2]
[Parsed_showinfo_1 @ 0xad2c8b780] [info] color_range:tv color_space:bt709 color_primaries:bt709 color_trc:bt709
[h264 @ 0xad3053800] [warning] Late SEI is not implemented. Update your FFmpeg version to the newest one from Git. If the problem still occurs, it means that your file has a feature which has not been implemented.
[h264 @ 0xad3053800] [warning] If you want to help, upload a sample of this file to https://streams.videolan.org/upload/ and contact the ffmpeg-devel mailing list. (ffmpeg-devel@ffmpeg.org)
[h264 @ 0xad3052a00] [warning] Late SEI is not implemented. Update your FFmpeg version to the newest one from Git. If the problem still occurs, it means that your file has a feature which has not been implemented.
[h264 @ 0xad3052a00] [warning] If you want to help, upload a sample of this file to https://streams.videolan.org/upload/ and contact the ffmpeg-devel mailing list. (ffmpeg-devel@ffmpeg.org)
[h264 @ 0xad3051c00] [warning] Late SEI is not implemented. Update your FFmpeg version to the newest one from Git. If the problem still occurs, it means that your file has a feature which has not been implemented.
[h264 @ 0xad3051c00] [warning] If you want to help, upload a sample of this file to https://streams.videolan.org/upload/ and contact the ffmpeg-devel mailing list. (ffmpeg-devel@ffmpeg.org)
[Parsed_showinfo_1 @ 0xad2c8b780] [info] n:  43 pts:9907200 pts_time:645     duration:    512 duration_time:0.0333333 fmt:yuv420p cl:left sar:1/1 s:1280x720 i:P iskey:0 type:P checksum:9B0F954C plane_checksum:[FCE7A40D ECBB2BBA C4B1C576] mean:[77 125 132] stdev:[40.3 7.3 6.9]
[Parsed_showinfo_1 @ 0xad2c8b780] [info] color_range:tv color_space:bt709 color_primaries:bt709 color_trc:bt709
[h264 @ 0xad3053b80] [warning] Late SEI is not implemented. Update your FFmpeg version to the newest one from Git. If the problem still occurs, it means that your file has a feature which has not been implemented.
[h264 @ 0xad3053b80] [warning] If you want to help, upload a sample of this file to https://streams.videolan.org/upload/ and contact the ffmpeg-devel mailing list. (ffmpeg-devel@ffmpeg.org)
[h264 @ 0xad3052d80] [warning] Late SEI is not implemented. Update your FFmpeg version to the newest one from Git. If the problem still occurs, it means that your file has a feature which has not been implemented.
[h264 @ 0xad3052d80] [warning] If you want to help, upload a sample of this file to https://streams.videolan.org/upload/ and contact the ffmpeg-devel mailing list. (ffmpeg-devel@ffmpeg.org)
[h264 @ 0xad3051f80] [warning] Late SEI is not implemented. Update your FFmpeg version to the newest one from Git. If the problem still occurs, it means that your file has a feature which has not been implemented.
[h264 @ 0xad3051f80] [warning] If you want to help, upload a sample of this file to https://streams.videolan.org/upload/ and contact the ffmpeg-devel mailing list. (ffmpeg-devel@ffmpeg.org)
[Parsed_showinfo_1 @ 0xad2c8b780] [info] n:  44 pts:10137600 pts_time:660     duration:    512 duration_time:0.0333333 fmt:yuv420p cl:left sar:1/1 s:1280x720 i:P iskey:0 type:B checksum:CD8196A8 plane_checksum:[1C7EF7E9 DD1CFD1E C40EA183] mean:[73 125 134] stdev:[50.0 9.9 9.3]
[Parsed_showinfo_1 @ 0xad2c8b780] [info] color_range:tv color_space:bt709 color_primaries:bt709 color_trc:bt709
[h264 @ 0xad30dc000] [warning] Late SEI is not implemented. Update your FFmpeg version to the newest one from Git. If the problem still occurs, it means that your file has a feature which has not been implemented.
[h264 @ 0xad30dc000] [warning] If you want to help, upload a sample of this file to https://streams.videolan.org/upload/ and contact the ffmpeg-devel mailing list. (ffmpeg-devel@ffmpeg.org)
[h264 @ 0xad3053100] [warning] Late SEI is not implemented. Update your FFmpeg version to the newest one from Git. If the problem still occurs, it means that your file has a feature which has not been implemented.
[h264 @ 0xad3053100] [warning] If you want to help, upload a sample of this file to https://streams.videolan.org/upload/ and contact the ffmpeg-devel mailing list. (ffmpeg-devel@ffmpeg.org)
[h264 @ 0xad3052300] [warning] Late SEI is not implemented. Update your FFmpeg version to the newest one from Git. If the problem still occurs, it means that your file has a feature which has not been implemented.
[h264 @ 0xad3052300] [warning] If you want to help, upload a sample of this file to https://streams.videolan.org/upload/ and contact the ffmpeg-devel mailing list. (ffmpeg-devel@ffmpeg.org)
[Parsed_showinfo_1 @ 0xad2c8b780] [info] n:  45 pts:10368000 pts_time:675     duration:    512 duration_time:0.0333333 fmt:yuv420p cl:left sar:1/1 s:1280x720 i:P iskey:0 type:B checksum:5231CBC6 plane_checksum:[7238AA7D DA8BAC79 EEB274C1] mean:[105 123 131] stdev:[55.4 8.0 7.3]
[Parsed_showinfo_1 @ 0xad2c8b780] [info] color_range:tv color_space:bt709 color_primaries:bt709 color_trc:bt709
[h264 @ 0xad3051500] [warning] Late SEI is not implemented. Update your FFmpeg version to the newest one from Git. If the problem still occurs, it means that your file has a feature which has not been implemented.
[h264 @ 0xad3051500] [warning] If you want to help, upload a sample of this file to https://streams.videolan.org/upload/ and contact the ffmpeg-devel mailing list. (ffmpeg-devel@ffmpeg.org)
[h264 @ 0xad3053b80] [warning] Late SEI is not implemented. Update your FFmpeg version to the newest one from Git. If the problem still occurs, it means that your file has a feature which has not been implemented.
[h264 @ 0xad3053b80] [warning] If you want to help, upload a sample of this file to https://streams.videolan.org/upload/ and contact the ffmpeg-devel mailing list. (ffmpeg-devel@ffmpeg.org)
[h264 @ 0xad3052d80] [warning] Late SEI is not implemented. Update your FFmpeg version to the newest one from Git. If the problem still occurs, it means that your file has a feature which has not been implemented.
[h264 @ 0xad3052d80] [warning] If you want to help, upload a sample of this file to https://streams.videolan.org/upload/ and contact the ffmpeg-devel mailing list. (ffmpeg-devel@ffmpeg.org)
[Parsed_showinfo_1 @ 0xad2c8b780] [info] n:  46 pts:10598400 pts_time:690     duration:    512 duration_time:0.0333333 fmt:yuv420p cl:left sar:1/1 s:1280x720 i:P iskey:0 type:P checksum:2FA3B1E0 plane_checksum:[BE3333B5 9B213704 799C4727] mean:[82 126 133] stdev:[54.1 10.5 9.9]
[Parsed_showinfo_1 @ 0xad2c8b780] [info] color_range:tv color_space:bt709 color_primaries:bt709 color_trc:bt709
[h264 @ 0xad3051f80] [warning] Late SEI is not implemented. Update your FFmpeg version to the newest one from Git. If the problem still occurs, it means that your file has a feature which has not been implemented.
[h264 @ 0xad3051f80] [warning] If you want to help, upload a sample of this file to https://streams.videolan.org/upload/ and contact the ffmpeg-devel mailing list. (ffmpeg-devel@ffmpeg.org)
[h264 @ 0xad30dc000] [warning] Late SEI is not implemented. Update your FFmpeg version to the newest one from Git. If the problem still occurs, it means that your file has a feature which has not been implemented.
[h264 @ 0xad30dc000] [warning] If you want to help, upload a sample of this file to https://streams.videolan.org/upload/ and contact the ffmpeg-devel mailing list. (ffmpeg-devel@ffmpeg.org)
[h264 @ 0xad3053100] [warning] Late SEI is not implemented. Update your FFmpeg version to the newest one from Git. If the problem still occurs, it means that your file has a feature which has not been implemented.
[h264 @ 0xad3053100] [warning] If you want to help, upload a sample of this file to https://streams.videolan.org/upload/ and contact the ffmpeg-devel mailing list. (ffmpeg-devel@ffmpeg.org)
[Parsed_showinfo_1 @ 0xad2c8b780] [info] n:  47 pts:10828800 pts_time:705     duration:    512 duration_time:0.0333333 fmt:yuv420p cl:left sar:1/1 s:1280x720 i:P iskey:0 type:B checksum:5C629530 plane_checksum:[E91EB4D6 484445ED 59B09A5E] mean:[105 123 131] stdev:[56.4 8.3 7.5]
[Parsed_showinfo_1 @ 0xad2c8b780] [info] color_range:tv color_space:bt709 color_primaries:bt709 color_trc:bt709
[h264 @ 0xad3052300] [warning] Late SEI is not implemented. Update your FFmpeg version to the newest one from Git. If the problem still occurs, it means that your file has a feature which has not been implemented.
[h264 @ 0xad3052300] [warning] If you want to help, upload a sample of this file to https://streams.videolan.org/upload/ and contact the ffmpeg-devel mailing list. (ffmpeg-devel@ffmpeg.org)
[h264 @ 0xad3051500] [warning] Late SEI is not implemented. Update your FFmpeg version to the newest one from Git. If the problem still occurs, it means that your file has a feature which has not been implemented.
[h264 @ 0xad3051500] [warning] If you want to help, upload a sample of this file to https://streams.videolan.org/upload/ and contact the ffmpeg-devel mailing list. (ffmpeg-devel@ffmpeg.org)
[h264 @ 0xad3053480] [warning] Late SEI is not implemented. Update your FFmpeg version to the newest one from Git. If the problem still occurs, it means that your file has a feature which has not been implemented.
[h264 @ 0xad3053480] [warning] If you want to help, upload a sample of this file to https://streams.videolan.org/upload/ and contact the ffmpeg-devel mailing list. (ffmpeg-devel@ffmpeg.org)
[Parsed_showinfo_1 @ 0xad2c8b780] [info] n:  48 pts:11059200 pts_time:720     duration:    512 duration_time:0.0333333 fmt:yuv420p cl:left sar:1/1 s:1280x720 i:P iskey:0 type:P checksum:64A04A02 plane_checksum:[AB53B470 A76E38A3 7F875CE0] mean:[83 128 127] stdev:[49.8 3.7 3.6]
[Parsed_showinfo_1 @ 0xad2c8b780] [info] color_range:tv color_space:bt709 color_primaries:bt709 color_trc:bt709
[h264 @ 0xad3052680] [warning] Late SEI is not implemented. Update your FFmpeg version to the newest one from Git. If the problem still occurs, it means that your file has a feature which has not been implemented.
[h264 @ 0xad3052680] [warning] If you want to help, upload a sample of this file to https://streams.videolan.org/upload/ and contact the ffmpeg-devel mailing list. (ffmpeg-devel@ffmpeg.org)
[h264 @ 0xad3051880] [warning] Late SEI is not implemented. Update your FFmpeg version to the newest one from Git. If the problem still occurs, it means that your file has a feature which has not been implemented.
[h264 @ 0xad3051880] [warning] If you want to help, upload a sample of this file to https://streams.videolan.org/upload/ and contact the ffmpeg-devel mailing list. (ffmpeg-devel@ffmpeg.org)
[Parsed_showinfo_1 @ 0xad2c8b780] [info] n:  49 pts:11289600 pts_time:735     duration:    512 duration_time:0.0333333 fmt:yuv420p cl:left sar:1/1 s:1280x720 i:P iskey:0 type:P checksum:236342B5 plane_checksum:[1BD88356 26B3E799 75D9D7A8] mean:[86 136 121] stdev:[43.7 7.7 6.8]
[Parsed_showinfo_1 @ 0xad2c8b780] [info] color_range:tv color_space:bt709 color_primaries:bt709 color_trc:bt709
[h264 @ 0xad3053800] [warning] Late SEI is not implemented. Update your FFmpeg version to the newest one from Git. If the problem still occurs, it means that your file has a feature which has not been implemented.
[h264 @ 0xad3053800] [warning] If you want to help, upload a sample of this file to https://streams.videolan.org/upload/ and contact the ffmpeg-devel mailing list. (ffmpeg-devel@ffmpeg.org)
[h264 @ 0xad3052a00] [warning] Late SEI is not implemented. Update your FFmpeg version to the newest one from Git. If the problem still occurs, it means that your file has a feature which has not been implemented.
[h264 @ 0xad3052a00] [warning] If you want to help, upload a sample of this file to https://streams.videolan.org/upload/ and contact the ffmpeg-devel mailing list. (ffmpeg-devel@ffmpeg.org)
[h264 @ 0xad3051c00] [warning] Late SEI is not implemented. Update your FFmpeg version to the newest one from Git. If the problem still occurs, it means that your file has a feature which has not been implemented.
[h264 @ 0xad3051c00] [warning] If you want to help, upload a sample of this file to https://streams.videolan.org/upload/ and contact the ffmpeg-devel mailing list. (ffmpeg-devel@ffmpeg.org)
[Parsed_showinfo_1 @ 0xad2c8b780] [info] n:  50 pts:11520000 pts_time:750     duration:    512 duration_time:0.0333333 fmt:yuv420p cl:left sar:1/1 s:1280x720 i:P iskey:0 type:P checksum:98FB46F2 plane_checksum:[BC92E906 E2ECD95D 05F88471] mean:[52 128 127] stdev:[29.7 1.9 1.5]
[Parsed_showinfo_1 @ 0xad2c8b780] [info] color_range:tv color_space:bt709 color_primaries:bt709 color_trc:bt709
[h264 @ 0xad3053b80] [warning] Late SEI is not implemented. Update your FFmpeg version to the newest one from Git. If the problem still occurs, it means that your file has a feature which has not been implemented.
[h264 @ 0xad3053b80] [warning] If you want to help, upload a sample of this file to https://streams.videolan.org/upload/ and contact the ffmpeg-devel mailing list. (ffmpeg-devel@ffmpeg.org)
[h264 @ 0xad3052d80] [warning] Late SEI is not implemented. Update your FFmpeg version to the newest one from Git. If the problem still occurs, it means that your file has a feature which has not been implemented.
[h264 @ 0xad3052d80] [warning] If you want to help, upload a sample of this file to https://streams.videolan.org/upload/ and contact the ffmpeg-devel mailing list. (ffmpeg-devel@ffmpeg.org)
[h264 @ 0xad3051f80] [warning] Late SEI is not implemented. Update your FFmpeg version to the newest one from Git. If the problem still occurs, it means that your file has a feature which has not been implemented.
[h264 @ 0xad3051f80] [warning] If you want to help, upload a sample of this file to https://streams.videolan.org/upload/ and contact the ffmpeg-devel mailing list. (ffmpeg-devel@ffmpeg.org)
[Parsed_showinfo_1 @ 0xad2c8b780] [info] n:  51 pts:11750400 pts_time:765     duration:    512 duration_time:0.0333333 fmt:yuv420p cl:left sar:1/1 s:1280x720 i:P iskey:0 type:P checksum:84ED4F75 plane_checksum:[D745F247 5150DBB1 C5C8815F] mean:[86 129 126] stdev:[48.9 3.2 3.0]
[Parsed_showinfo_1 @ 0xad2c8b780] [info] color_range:tv color_space:bt709 color_primaries:bt709 color_trc:bt709
[h264 @ 0xad30dc000] [warning] Late SEI is not implemented. Update your FFmpeg version to the newest one from Git. If the problem still occurs, it means that your file has a feature which has not been implemented.
[h264 @ 0xad30dc000] [warning] If you want to help, upload a sample of this file to https://streams.videolan.org/upload/ and contact the ffmpeg-devel mailing list. (ffmpeg-devel@ffmpeg.org)
[h264 @ 0xad3053100] [warning] Late SEI is not implemented. Update your FFmpeg version to the newest one from Git. If the problem still occurs, it means that your file has a feature which has not been implemented.
[h264 @ 0xad3053100] [warning] If you want to help, upload a sample of this file to https://streams.videolan.org/upload/ and contact the ffmpeg-devel mailing list. (ffmpeg-devel@ffmpeg.org)
[h264 @ 0xad3052300] [warning] Late SEI is not implemented. Update your FFmpeg version to the newest one from Git. If the problem still occurs, it means that your file has a feature which has not been implemented.
[h264 @ 0xad3052300] [warning] If you want to help, upload a sample of this file to https://streams.videolan.org/upload/ and contact the ffmpeg-devel mailing list. (ffmpeg-devel@ffmpeg.org)
[Parsed_showinfo_1 @ 0xad2c8b780] [info] n:  52 pts:11980800 pts_time:780     duration:    512 duration_time:0.0333333 fmt:yuv420p cl:left sar:1/1 s:1280x720 i:P iskey:0 type:B checksum:D058BA02 plane_checksum:[D8556773 9E05F6E6 A9BE5B9A] mean:[79 128 126] stdev:[49.0 6.0 4.5]
[Parsed_showinfo_1 @ 0xad2c8b780] [info] color_range:tv color_space:bt709 color_primaries:bt709 color_trc:bt709
[out#0/image2 @ 0xad2c88180] [info] video:37569KiB audio:0KiB subtitle:0KiB other streams:0KiB global headers:0KiB muxing overhead: unknown
[info] frame=   53 fps=9.3 q=-0.0 Lsize=N/A time=00:00:00.00 bitrate=N/A speed=   0x    
