[info] Input #0, avi, from '/Users/admin/docs/911-worktrees/sherlock-wtc7-investigation/research/sherlock-wtc7-investigation/cbs-vince-source-screen/stage1/raw/clip1-attempt1.avi':
[info]   Duration: 00:00:13.95, start: 0.000000, bitrate: 29874 kb/s
[info]   Stream #0:0: Video: dvvideo (dvsd / 0x64737664), yuv411p, 720x480 [SAR 8:9 DAR 4:3], 28771 kb/s, 29.97 fps, 29.97 tbr, 29.97 tbn
[info]   Stream #0:1: Audio: pcm_s16le ([1][0][0][0] / 0x0001), 32000 Hz, 2 channels, s16, 1024 kb/s
[info] Stream mapping:
[info]   Stream #0:0 -> #0:0 (dvvideo (native) -> png (native))
[Parsed_showinfo_1 @ 0xba5034e40] [info] config in time_base: 41709/1250000, frame_rate: 1250000/41709
[Parsed_showinfo_1 @ 0xba5034e40] [info] config out time_base: 0/0, frame_rate: 0/0
[Parsed_showinfo_1 @ 0xba5034e40] [info] n:   0 pts:      0 pts_time:0       duration:      1 duration_time:0.0333672 fmt:yuv411p cl:topleft sar:8/9 s:720x480 i:B iskey:0 type:? checksum:4D4CEF87 plane_checksum:[9140D6BF 0AE0DFAA FDB8390F] mean:[149 172 111] stdev:[45.6 25.9 14.3]
[Parsed_showinfo_1 @ 0xba5034e40] [info] color_range:unknown color_space:unknown color_primaries:unknown color_trc:unknown
[info] Output #0, image2, to '/Users/admin/docs/911-worktrees/sherlock-wtc7-investigation/research/sherlock-wtc7-investigation/cbs-vince-source-screen/stage1/run01/vince-clip1/native/frame-%06d.png':
[info]   Metadata:
[info]     encoder         : Lavf61.7.100
[info]   Stream #0:0: Video: png, rgb24(pc, gbr/unknown/unknown, bottom coded first (swapped)), 720x480 [SAR 8:9 DAR 4:3], q=2-31, 200 kb/s, 29.97 fps, 29.97 tbn
[info]       Metadata:
[info]         encoder         : Lavc61.19.101 png
[Parsed_showinfo_1 @ 0xba5034e40] [info] n:   1 pts:     53 pts_time:1.768462 duration:      1 duration_time:0.0333672 fmt:yuv411p cl:topleft sar:8/9 s:720x480 i:B iskey:0 type:? checksum:B58F986F plane_checksum:[EAC8E127 69B8F693 E743C097] mean:[147 172 111] stdev:[45.6 25.6 14.0]
[Parsed_showinfo_1 @ 0xba5034e40] [info] color_range:unknown color_space:unknown color_primaries:unknown color_trc:unknown
[Parsed_showinfo_1 @ 0xba5034e40] [info] n:   2 pts:    105 pts_time:3.503556 duration:      1 duration_time:0.0333672 fmt:yuv411p cl:topleft sar:8/9 s:720x480 i:B iskey:0 type:? checksum:7867B10E plane_checksum:[8074DE0A AFB3D06F 29120286] mean:[147 173 111] stdev:[45.6 25.8 14.6]
[Parsed_showinfo_1 @ 0xba5034e40] [info] color_range:unknown color_space:unknown color_primaries:unknown color_trc:unknown
[Parsed_showinfo_1 @ 0xba5034e40] [info] n:   3 pts:    157 pts_time:5.23865 duration:      1 duration_time:0.0333672 fmt:yuv411p cl:topleft sar:8/9 s:720x480 i:B iskey:0 type:? checksum:10D2C724 plane_checksum:[E2D7CED8 E00821C9 B556D674] mean:[147 172 111] stdev:[45.6 25.7 13.9]
[Parsed_showinfo_1 @ 0xba5034e40] [info] color_range:unknown color_space:unknown color_primaries:unknown color_trc:unknown
[Parsed_showinfo_1 @ 0xba5034e40] [info] n:   4 pts:    209 pts_time:6.973745 duration:      1 duration_time:0.0333672 fmt:yuv411p cl:topleft sar:8/9 s:720x480 i:B iskey:0 type:? checksum:7DD25908 plane_checksum:[6901EB8E E5623312 31B43A59] mean:[147 172 111] stdev:[45.8 25.8 14.5]
[Parsed_showinfo_1 @ 0xba5034e40] [info] color_range:unknown color_space:unknown color_primaries:unknown color_trc:unknown
[Parsed_showinfo_1 @ 0xba5034e40] [info] n:   5 pts:    261 pts_time:8.708839 duration:      1 duration_time:0.0333672 fmt:yuv411p cl:topleft sar:8/9 s:720x480 i:B iskey:0 type:? checksum:300714D1 plane_checksum:[228642DD 6278ED91 9A56E445] mean:[147 172 111] stdev:[45.8 25.9 14.6]
[Parsed_showinfo_1 @ 0xba5034e40] [info] color_range:unknown color_space:unknown color_primaries:unknown color_trc:unknown
[Parsed_showinfo_1 @ 0xba5034e40] [info] n:   6 pts:    313 pts_time:10.443934 duration:      1 duration_time:0.0333672 fmt:yuv411p cl:topleft sar:8/9 s:720x480 i:B iskey:0 type:? checksum:2B20D3FC plane_checksum:[C134622C 1E3E7EBE D3FAF303] mean:[147 173 111] stdev:[45.5 26.3 14.5]
[Parsed_showinfo_1 @ 0xba5034e40] [info] color_range:unknown color_space:unknown color_primaries:unknown color_trc:unknown
[Parsed_showinfo_1 @ 0xba5034e40] [info] n:   7 pts:    365 pts_time:12.179028 duration:      1 duration_time:0.0333672 fmt:yuv411p cl:topleft sar:8/9 s:720x480 i:B iskey:0 type:? checksum:4EB5B2AB plane_checksum:[9C993FB6 4172DCF8 AF7495EE] mean:[151 172 111] stdev:[46.7 25.4 14.3]
[Parsed_showinfo_1 @ 0xba5034e40] [info] color_range:unknown color_space:unknown color_primaries:unknown color_trc:unknown
[Parsed_showinfo_1 @ 0xba5034e40] [info] n:   8 pts:    417 pts_time:13.914122 duration:      1 duration_time:0.0333672 fmt:yuv411p cl:topleft sar:8/9 s:720x480 i:B iskey:0 type:? checksum:55A36884 plane_checksum:[0E32F16C EB74CD9E 9937A95C] mean:[143 172 111] stdev:[44.3 25.7 14.2]
[Parsed_showinfo_1 @ 0xba5034e40] [info] color_range:unknown color_space:unknown color_primaries:unknown color_trc:unknown
[out#0/image2 @ 0xba5034900] [info] video:5167KiB audio:0KiB subtitle:0KiB other streams:0KiB global headers:0KiB muxing overhead: unknown
[info] frame=    9 fps=0.0 q=-0.0 Lsize=N/A time=00:00:00.00 bitrate=N/A speed=   0x    
