{
    "programs": [

    ],
    "stream_groups": [

    ],
    "streams": [
        {
            "index": 0,
            "codec_name": "ffv1",
            "codec_type": "video",
            "width": 64,
            "height": 48,
            "sample_aspect_ratio": "2:1",
            "display_aspect_ratio": "8:3",
            "pix_fmt": "yuv420p",
            "color_range": "tv",
            "field_order": "progressive",
            "r_frame_rate": "4/1",
            "avg_frame_rate": "0/0",
            "time_base": "1/1000",
            "start_pts": 3000,
            "start_time": "3.000000"
        }
    ],
    "format": {
        "start_time": "3.000000",
        "duration": "7.750000",
        "size": "11893"
    }
}
