[info] Input #0, avi, from '/Users/admin/docs/911-worktrees/sherlock-wtc7-investigation/research/sherlock-wtc7-investigation/cbs-vince-source-screen/stage4/raw/clip8-attempt1.avi':
[info]   Duration: 00:01:09.77, start: 0.000000, bitrate: 29815 kb/s
[info]   Stream #0:0: Video: dvvideo (dvsd / 0x64737664), yuv411p, 720x480 [SAR 8:9 DAR 4:3], 28771 kb/s, 29.97 fps, 29.97 tbr, 29.97 tbn
[info]   Stream #0:1: Audio: pcm_s16le ([1][0][0][0] / 0x0001), 32000 Hz, 2 channels, s16, 1024 kb/s
[info] Stream mapping:
[info]   Stream #0:0 -> #0:0 (dvvideo (native) -> png (native))
[Parsed_showinfo_1 @ 0xa23018840] [info] config in time_base: 333673/10000000, frame_rate: 10000000/333673
[Parsed_showinfo_1 @ 0xa23018840] [info] config out time_base: 0/0, frame_rate: 0/0
[Parsed_showinfo_1 @ 0xa23018840] [info] n:   0 pts:      0 pts_time:0       duration:      1 duration_time:0.0333673 fmt:yuv411p cl:topleft sar:8/9 s:720x480 i:B iskey:0 type:? checksum:0C4E07F0 plane_checksum:[99C9842D 063C3C5D 12EA4757] mean:[154 174 110] stdev:[46.9 27.2 14.6]
[Parsed_showinfo_1 @ 0xa23018840] [info] color_range:unknown color_space:unknown color_primaries:unknown color_trc:unknown
[info] Output #0, image2, to '/Users/admin/docs/911-worktrees/sherlock-wtc7-investigation/research/sherlock-wtc7-investigation/cbs-vince-source-screen/stage4/run02/vince-clip8/native/frame-%06d.png':
[info]   Metadata:
[info]     encoder         : Lavf61.7.100
[info]   Stream #0:0: Video: png, rgb24(pc, gbr/unknown/unknown, bottom coded first (swapped)), 720x480 [SAR 8:9 DAR 4:3], q=2-31, 200 kb/s, 29.97 fps, 29.97 tbn
[info]       Metadata:
[info]         encoder         : Lavc61.19.101 png
[Parsed_showinfo_1 @ 0xa23018840] [info] n:   1 pts:    262 pts_time:8.742233 duration:      1 duration_time:0.0333673 fmt:yuv411p cl:topleft sar:8/9 s:720x480 i:B iskey:0 type:? checksum:C68C4BEA plane_checksum:[8BEBB2C9 A11487C3 EBE8114F] mean:[170 184 105] stdev:[32.0 16.5 8.6]
[Parsed_showinfo_1 @ 0xa23018840] [info] color_range:unknown color_space:unknown color_primaries:unknown color_trc:unknown
[Parsed_showinfo_1 @ 0xa23018840] [info] n:   2 pts:    523 pts_time:17.451098 duration:      1 duration_time:0.0333673 fmt:yuv411p cl:topleft sar:8/9 s:720x480 i:B iskey:0 type:? checksum:BC23EF9E plane_checksum:[B56802C0 3A878D62 7FD55F7C] mean:[153 173 110] stdev:[47.1 27.2 14.7]
[Parsed_showinfo_1 @ 0xa23018840] [info] color_range:unknown color_space:unknown color_primaries:unknown color_trc:unknown
[Parsed_showinfo_1 @ 0xa23018840] [info] n:   3 pts:    784 pts_time:26.159963 duration:      1 duration_time:0.0333673 fmt:yuv411p cl:topleft sar:8/9 s:720x480 i:B iskey:0 type:? checksum:C36BC8B6 plane_checksum:[192A89D8 115612D2 74962C0C] mean:[154 174 110] stdev:[47.5 28.1 15.1]
[Parsed_showinfo_1 @ 0xa23018840] [info] color_range:unknown color_space:unknown color_primaries:unknown color_trc:unknown
[Parsed_showinfo_1 @ 0xa23018840] [info] n:   4 pts:   1045 pts_time:34.868828 duration:      1 duration_time:0.0333673 fmt:yuv411p cl:topleft sar:8/9 s:720x480 i:B iskey:0 type:? checksum:2BEACD6E plane_checksum:[1AE045A1 3F59465C D26C4171] mean:[155 173 110] stdev:[47.8 27.0 14.5]
[Parsed_showinfo_1 @ 0xa23018840] [info] color_range:unknown color_space:unknown color_primaries:unknown color_trc:unknown
[Parsed_showinfo_1 @ 0xa23018840] [info] n:   5 pts:   1307 pts_time:43.611061 duration:      1 duration_time:0.0333673 fmt:yuv411p cl:topleft sar:8/9 s:720x480 i:B iskey:0 type:? checksum:08A37C80 plane_checksum:[9FA8B86B 17DD5D84 F0BF6682] mean:[152 173 110] stdev:[47.0 27.5 14.8]
[Parsed_showinfo_1 @ 0xa23018840] [info] color_range:unknown color_space:unknown color_primaries:unknown color_trc:unknown
[Parsed_showinfo_1 @ 0xa23018840] [info] n:   6 pts:   1568 pts_time:52.319926 duration:      1 duration_time:0.0333673 fmt:yuv411p cl:topleft sar:8/9 s:720x480 i:B iskey:0 type:? checksum:5560FE32 plane_checksum:[42AD5443 EE6941EE 18C56801] mean:[153 173 110] stdev:[46.9 26.4 14.5]
[Parsed_showinfo_1 @ 0xa23018840] [info] color_range:unknown color_space:unknown color_primaries:unknown color_trc:unknown
[Parsed_showinfo_1 @ 0xa23018840] [info] n:   7 pts:   1829 pts_time:61.028792 duration:      1 duration_time:0.0333673 fmt:yuv411p cl:topleft sar:8/9 s:720x480 i:B iskey:0 type:? checksum:0F03F2FC plane_checksum:[BE1DEFDA B5C0ABC8 4ABE574B] mean:[153 173 110] stdev:[46.8 26.6 14.3]
[Parsed_showinfo_1 @ 0xa23018840] [info] color_range:unknown color_space:unknown color_primaries:unknown color_trc:unknown
[Parsed_showinfo_1 @ 0xa23018840] [info] n:   8 pts:   2090 pts_time:69.737657 duration:      1 duration_time:0.0333673 fmt:yuv411p cl:topleft sar:8/9 s:720x480 i:B iskey:0 type:? checksum:9392948C plane_checksum:[2BDF9839 9D9037EB 56A6C459] mean:[156 172 111] stdev:[47.5 26.3 14.3]
[Parsed_showinfo_1 @ 0xa23018840] [info] color_range:unknown color_space:unknown color_primaries:unknown color_trc:unknown
[out#0/image2 @ 0xa23018300] [info] video:4884KiB audio:0KiB subtitle:0KiB other streams:0KiB global headers:0KiB muxing overhead: unknown
[info] frame=    9 fps=5.7 q=-0.0 Lsize=N/A time=00:00:00.00 bitrate=N/A speed=   0x    
