[info] Input #0, avi, from '/Users/admin/docs/911-worktrees/sherlock-wtc7-investigation/research/sherlock-wtc7-investigation/cbs-vince-source-screen/stage4/raw/clip7-attempt1.avi':
[info]   Duration: 00:00:37.64, start: 0.000000, bitrate: 29828 kb/s
[info]   Stream #0:0: Video: dvvideo (dvsd / 0x64737664), yuv411p, 720x480 [SAR 8:9 DAR 4:3], 28771 kb/s, 29.97 fps, 29.97 tbr, 29.97 tbn
[info]   Stream #0:1: Audio: pcm_s16le ([1][0][0][0] / 0x0001), 32000 Hz, 2 channels, s16, 1024 kb/s
[info] Stream mapping:
[info]   Stream #0:0 -> #0:0 (dvvideo (native) -> png (native))
[Parsed_showinfo_1 @ 0x96d008d80] [info] config in time_base: 333673/10000000, frame_rate: 10000000/333673
[Parsed_showinfo_1 @ 0x96d008d80] [info] config out time_base: 0/0, frame_rate: 0/0
[Parsed_showinfo_1 @ 0x96d008d80] [info] n:   0 pts:      0 pts_time:0       duration:      1 duration_time:0.0333673 fmt:yuv411p cl:topleft sar:8/9 s:720x480 i:B iskey:0 type:? checksum:993B57DA plane_checksum:[03940253 D9907E0B 497ED76D] mean:[152 151 113] stdev:[55.0 16.8 12.9]
[Parsed_showinfo_1 @ 0x96d008d80] [info] color_range:unknown color_space:unknown color_primaries:unknown color_trc:unknown
[info] Output #0, image2, to '/Users/admin/docs/911-worktrees/sherlock-wtc7-investigation/research/sherlock-wtc7-investigation/cbs-vince-source-screen/stage4/run01/vince-clip7/native/frame-%06d.png':
[info]   Metadata:
[info]     encoder         : Lavf61.7.100
[info]   Stream #0:0: Video: png, rgb24(pc, gbr/unknown/unknown, bottom coded first (swapped)), 720x480 [SAR 8:9 DAR 4:3], q=2-31, 200 kb/s, 29.97 fps, 29.97 tbn
[info]       Metadata:
[info]         encoder         : Lavc61.19.101 png
[Parsed_showinfo_1 @ 0x96d008d80] [info] n:   1 pts:    141 pts_time:4.704789 duration:      1 duration_time:0.0333673 fmt:yuv411p cl:topleft sar:8/9 s:720x480 i:B iskey:0 type:? checksum:9AA52B25 plane_checksum:[04649267 9F869CAF F055FBF1] mean:[141 144 118] stdev:[51.1 17.6 12.1]
[Parsed_showinfo_1 @ 0x96d008d80] [info] color_range:unknown color_space:unknown color_primaries:unknown color_trc:unknown
[Parsed_showinfo_1 @ 0x96d008d80] [info] n:   2 pts:    282 pts_time:9.409579 duration:      1 duration_time:0.0333673 fmt:yuv411p cl:topleft sar:8/9 s:720x480 i:B iskey:0 type:? checksum:9B406378 plane_checksum:[3E105BD5 775AB0C6 646256CE] mean:[155 117 126] stdev:[50.7 18.4 8.9]
[Parsed_showinfo_1 @ 0x96d008d80] [info] color_range:unknown color_space:unknown color_primaries:unknown color_trc:unknown
[Parsed_showinfo_1 @ 0x96d008d80] [info] n:   3 pts:    423 pts_time:14.114368 duration:      1 duration_time:0.0333673 fmt:yuv411p cl:topleft sar:8/9 s:720x480 i:B iskey:0 type:? checksum:9AAB0148 plane_checksum:[6124493C E870A506 A2B912F7] mean:[147 144 117] stdev:[49.5 20.4 13.2]
[Parsed_showinfo_1 @ 0x96d008d80] [info] color_range:unknown color_space:unknown color_primaries:unknown color_trc:unknown
[Parsed_showinfo_1 @ 0x96d008d80] [info] n:   4 pts:    564 pts_time:18.819157 duration:      1 duration_time:0.0333673 fmt:yuv411p cl:topleft sar:8/9 s:720x480 i:B iskey:0 type:? checksum:AA853C03 plane_checksum:[A61A2834 C9E7A889 44EA6B37] mean:[149 147 116] stdev:[53.0 20.1 14.1]
[Parsed_showinfo_1 @ 0x96d008d80] [info] color_range:unknown color_space:unknown color_primaries:unknown color_trc:unknown
[Parsed_showinfo_1 @ 0x96d008d80] [info] n:   5 pts:    705 pts_time:23.523947 duration:      1 duration_time:0.0333673 fmt:yuv411p cl:topleft sar:8/9 s:720x480 i:B iskey:0 type:? checksum:E80E428A plane_checksum:[1374EA17 C5FA1410 98344454] mean:[137 147 116] stdev:[50.4 17.3 12.1]
[Parsed_showinfo_1 @ 0x96d008d80] [info] color_range:unknown color_space:unknown color_primaries:unknown color_trc:unknown
[Parsed_showinfo_1 @ 0x96d008d80] [info] n:   6 pts:    846 pts_time:28.228736 duration:      1 duration_time:0.0333673 fmt:yuv411p cl:topleft sar:8/9 s:720x480 i:B iskey:0 type:? checksum:8B75EFCC plane_checksum:[1F8A98AD 875BDB59 5D877BB7] mean:[138 148 116] stdev:[50.4 17.1 12.7]
[Parsed_showinfo_1 @ 0x96d008d80] [info] color_range:unknown color_space:unknown color_primaries:unknown color_trc:unknown
[Parsed_showinfo_1 @ 0x96d008d80] [info] n:   7 pts:    987 pts_time:32.933525 duration:      1 duration_time:0.0333673 fmt:yuv411p cl:topleft sar:8/9 s:720x480 i:B iskey:0 type:? checksum:D78B92DE plane_checksum:[0E302441 409311D9 950E5CC4] mean:[137 144 118] stdev:[51.5 17.1 11.6]
[Parsed_showinfo_1 @ 0x96d008d80] [info] color_range:unknown color_space:unknown color_primaries:unknown color_trc:unknown
[Parsed_showinfo_1 @ 0x96d008d80] [info] n:   8 pts:   1127 pts_time:37.604947 duration:      1 duration_time:0.0333673 fmt:yuv411p cl:topleft sar:8/9 s:720x480 i:B iskey:0 type:? checksum:40D3C5A3 plane_checksum:[C4ADF375 B9E4472F AD858AF0] mean:[133 141 119] stdev:[45.7 14.8 11.2]
[Parsed_showinfo_1 @ 0x96d008d80] [info] color_range:unknown color_space:unknown color_primaries:unknown color_trc:unknown
[out#0/image2 @ 0x96d008840] [info] video:6814KiB audio:0KiB subtitle:0KiB other streams:0KiB global headers:0KiB muxing overhead: unknown
[info] frame=    9 fps=0.0 q=-0.0 Lsize=N/A time=00:00:00.00 bitrate=N/A speed=   0x    
