[info] Input #0, avi, from '/Users/admin/docs/911-worktrees/sherlock-wtc7-investigation/research/sherlock-wtc7-investigation/late-fire-sequence/sources/cbs-net-dub5-14.avi':
[info]   Duration: 00:00:19.29, start: 0.000000, bitrate: 30368 kb/s
[info]   Stream #0:0: Video: dvvideo (dvsd / 0x64737664), yuv411p, 720x480 [SAR 8:9 DAR 4:3], 28771 kb/s, 29.97 fps, 29.97 tbr, 29.97 tbn
[info]   Stream #0:1: Audio: pcm_s16le ([1][0][0][0] / 0x0001), 48000 Hz, 2 channels, s16, 1536 kb/s
[info] Stream mapping:
[info]   Stream #0:0 -> #0:0 (dvvideo (native) -> png (native))
[Parsed_showinfo_1 @ 0x96ec58840] [info] config in time_base: 333651/10000000, frame_rate: 30000/1001
[Parsed_showinfo_1 @ 0x96ec58840] [info] config out time_base: 0/0, frame_rate: 0/0
[Parsed_showinfo_1 @ 0x96ec58840] [info] n:   0 pts:      0 pts_time:0       duration:      1 duration_time:0.0333651 fmt:yuv411p cl:topleft sar:8/9 s:720x480 i:B iskey:0 type:? checksum:5389EAA8 plane_checksum:[D2C1D488 1682EFA2 6399266F] mean:[95 121 128] stdev:[66.0 3.8 1.1]
[Parsed_showinfo_1 @ 0x96ec58840] [info] color_range:unknown color_space:unknown color_primaries:unknown color_trc:unknown
[info] Output #0, image2, to '/Users/admin/docs/911-worktrees/sherlock-wtc7-investigation/research/sherlock-wtc7-investigation/late-fire-sequence/run01/cbs-net-dub5-14/native/frame-%06d.png':
[info]   Metadata:
[info]     encoder         : Lavf61.7.100
[info]   Stream #0:0: Video: png, rgb24(pc, gbr/unknown/unknown, bottom coded first (swapped)), 720x480 [SAR 8:9 DAR 4:3], q=2-31, 200 kb/s, 29.97 fps, 29.97 tbn
[info]       Metadata:
[info]         encoder         : Lavc61.19.101 png
[Parsed_showinfo_1 @ 0x96ec58840] [info] n:   1 pts:     30 pts_time:1.000953 duration:      1 duration_time:0.0333651 fmt:yuv411p cl:topleft sar:8/9 s:720x480 i:B iskey:0 type:? checksum:D4CE5212 plane_checksum:[6014BBDE 3A06226C CDD073B9] mean:[140 121 129] stdev:[66.5 4.1 1.8]
[Parsed_showinfo_1 @ 0x96ec58840] [info] color_range:unknown color_space:unknown color_primaries:unknown color_trc:unknown
[Parsed_showinfo_1 @ 0x96ec58840] [info] n:   2 pts:     60 pts_time:2.001906 duration:      1 duration_time:0.0333651 fmt:yuv411p cl:topleft sar:8/9 s:720x480 i:B iskey:0 type:? checksum:AFEB0EF3 plane_checksum:[4A22741B 15A68722 6A1A13A7] mean:[176 121 129] stdev:[36.6 3.0 1.6]
[Parsed_showinfo_1 @ 0x96ec58840] [info] color_range:unknown color_space:unknown color_primaries:unknown color_trc:unknown
[Parsed_showinfo_1 @ 0x96ec58840] [info] n:   3 pts:     90 pts_time:3.002859 duration:      1 duration_time:0.0333651 fmt:yuv411p cl:topleft sar:8/9 s:720x480 i:B iskey:0 type:? checksum:31DE768A plane_checksum:[E984E76B C662281C 9AA166F4] mean:[194 120 129] stdev:[38.4 3.3 1.7]
[Parsed_showinfo_1 @ 0x96ec58840] [info] color_range:unknown color_space:unknown color_primaries:unknown color_trc:unknown
[Parsed_showinfo_1 @ 0x96ec58840] [info] n:   4 pts:    120 pts_time:4.003812 duration:      1 duration_time:0.0333651 fmt:yuv411p cl:topleft sar:8/9 s:720x480 i:B iskey:0 type:? checksum:E45E0782 plane_checksum:[E7B74F8A EDC56EA1 188A4948] mean:[195 120 129] stdev:[43.1 3.0 1.4]
[Parsed_showinfo_1 @ 0x96ec58840] [info] color_range:unknown color_space:unknown color_primaries:unknown color_trc:unknown
[Parsed_showinfo_1 @ 0x96ec58840] [info] n:   5 pts:    150 pts_time:5.004765 duration:      1 duration_time:0.0333651 fmt:yuv411p cl:topleft sar:8/9 s:720x480 i:B iskey:0 type:? checksum:3D39F2CC plane_checksum:[57CDB9D9 F796FEC4 F55F3A20] mean:[174 121 129] stdev:[44.7 3.1 1.6]
[Parsed_showinfo_1 @ 0x96ec58840] [info] color_range:unknown color_space:unknown color_primaries:unknown color_trc:unknown
[Parsed_showinfo_1 @ 0x96ec58840] [info] n:   6 pts:    180 pts_time:6.005718 duration:      1 duration_time:0.0333651 fmt:yuv411p cl:topleft sar:8/9 s:720x480 i:B iskey:0 type:? checksum:663EB2C7 plane_checksum:[C5A955B7 39E62F0D 5C9A2E03] mean:[181 121 129] stdev:[49.3 3.7 1.5]
[Parsed_showinfo_1 @ 0x96ec58840] [info] color_range:unknown color_space:unknown color_primaries:unknown color_trc:unknown
[Parsed_showinfo_1 @ 0x96ec58840] [info] n:   7 pts:    210 pts_time:7.006671 duration:      1 duration_time:0.0333651 fmt:yuv411p cl:topleft sar:8/9 s:720x480 i:B iskey:0 type:? checksum:5E7A5527 plane_checksum:[83D499EE B04FB49E 953B068C] mean:[179 121 129] stdev:[48.2 3.3 1.4]
[Parsed_showinfo_1 @ 0x96ec58840] [info] color_range:unknown color_space:unknown color_primaries:unknown color_trc:unknown
[Parsed_showinfo_1 @ 0x96ec58840] [info] n:   8 pts:    240 pts_time:8.007624 duration:      1 duration_time:0.0333651 fmt:yuv411p cl:topleft sar:8/9 s:720x480 i:B iskey:0 type:? checksum:90A13593 plane_checksum:[B65BB7AD 37598CDF 38CAF0E9] mean:[179 121 129] stdev:[47.5 3.3 1.3]
[Parsed_showinfo_1 @ 0x96ec58840] [info] color_range:unknown color_space:unknown color_primaries:unknown color_trc:unknown
[Parsed_showinfo_1 @ 0x96ec58840] [info] n:   9 pts:    270 pts_time:9.008577 duration:      1 duration_time:0.0333651 fmt:yuv411p cl:topleft sar:8/9 s:720x480 i:B iskey:0 type:? checksum:A03A8A18 plane_checksum:[7DDF11B9 D09D792F F60AFF21] mean:[179 121 129] stdev:[45.8 3.2 1.3]
[Parsed_showinfo_1 @ 0x96ec58840] [info] color_range:unknown color_space:unknown color_primaries:unknown color_trc:unknown
[Parsed_showinfo_1 @ 0x96ec58840] [info] n:  10 pts:    300 pts_time:10.00953 duration:      1 duration_time:0.0333651 fmt:yuv411p cl:topleft sar:8/9 s:720x480 i:B iskey:0 type:? checksum:6F4CF2C8 plane_checksum:[188CEB37 D7C213CE 8423F3B4] mean:[178 121 129] stdev:[44.7 3.1 1.3]
[Parsed_showinfo_1 @ 0x96ec58840] [info] color_range:unknown color_space:unknown color_primaries:unknown color_trc:unknown
[Parsed_showinfo_1 @ 0x96ec58840] [info] n:  11 pts:    330 pts_time:11.010483 duration:      1 duration_time:0.0333651 fmt:yuv411p cl:topleft sar:8/9 s:720x480 i:B iskey:0 type:? checksum:E413EFE1 plane_checksum:[5712295B D44CDC1D 2658EA5A] mean:[178 120 129] stdev:[41.8 2.9 1.3]
[Parsed_showinfo_1 @ 0x96ec58840] [info] color_range:unknown color_space:unknown color_primaries:unknown color_trc:unknown
[Parsed_showinfo_1 @ 0x96ec58840] [info] n:  12 pts:    360 pts_time:12.011436 duration:      1 duration_time:0.0333651 fmt:yuv411p cl:topleft sar:8/9 s:720x480 i:B iskey:0 type:? checksum:9A2F86E7 plane_checksum:[CB636D03 87113132 4E1BE8A3] mean:[167 121 129] stdev:[42.4 2.6 1.3]
[Parsed_showinfo_1 @ 0x96ec58840] [info] color_range:unknown color_space:unknown color_primaries:unknown color_trc:unknown
[Parsed_showinfo_1 @ 0x96ec58840] [info] n:  13 pts:    390 pts_time:13.012389 duration:      1 duration_time:0.0333651 fmt:yuv411p cl:topleft sar:8/9 s:720x480 i:B iskey:0 type:? checksum:44831FB0 plane_checksum:[0AF82BFA 90452117 4E84D290] mean:[169 121 129] stdev:[43.8 2.7 1.3]
[Parsed_showinfo_1 @ 0x96ec58840] [info] color_range:unknown color_space:unknown color_primaries:unknown color_trc:unknown
[Parsed_showinfo_1 @ 0x96ec58840] [info] n:  14 pts:    420 pts_time:14.013342 duration:      1 duration_time:0.0333651 fmt:yuv411p cl:topleft sar:8/9 s:720x480 i:B iskey:0 type:? checksum:23E108EE plane_checksum:[3334312E 7556EEA5 9FDDE8FD] mean:[169 121 129] stdev:[45.5 3.0 1.3]
[Parsed_showinfo_1 @ 0x96ec58840] [info] color_range:unknown color_space:unknown color_primaries:unknown color_trc:unknown
[Parsed_showinfo_1 @ 0x96ec58840] [info] n:  15 pts:    450 pts_time:15.014295 duration:      1 duration_time:0.0333651 fmt:yuv411p cl:topleft sar:8/9 s:720x480 i:B iskey:0 type:? checksum:6D460151 plane_checksum:[BECFC790 BF744660 6841F343] mean:[170 120 129] stdev:[47.3 3.3 1.2]
[Parsed_showinfo_1 @ 0x96ec58840] [info] color_range:unknown color_space:unknown color_primaries:unknown color_trc:unknown
[Parsed_showinfo_1 @ 0x96ec58840] [info] n:  16 pts:    480 pts_time:16.015248 duration:      1 duration_time:0.0333651 fmt:yuv411p cl:topleft sar:8/9 s:720x480 i:B iskey:0 type:? checksum:BCE22A56 plane_checksum:[38A5C693 24A017A1 822A4C13] mean:[163 120 129] stdev:[47.1 3.4 1.2]
[Parsed_showinfo_1 @ 0x96ec58840] [info] color_range:unknown color_space:unknown color_primaries:unknown color_trc:unknown
[Parsed_showinfo_1 @ 0x96ec58840] [info] n:  17 pts:    510 pts_time:17.016201 duration:      1 duration_time:0.0333651 fmt:yuv411p cl:topleft sar:8/9 s:720x480 i:B iskey:0 type:? checksum:F4772A09 plane_checksum:[469138AE 686475EC FABE7B60] mean:[157 119 129] stdev:[39.8 2.9 1.3]
[Parsed_showinfo_1 @ 0x96ec58840] [info] color_range:unknown color_space:unknown color_primaries:unknown color_trc:unknown
[Parsed_showinfo_1 @ 0x96ec58840] [info] n:  18 pts:    540 pts_time:18.017154 duration:      1 duration_time:0.0333651 fmt:yuv411p cl:topleft sar:8/9 s:720x480 i:B iskey:0 type:? checksum:77B1F501 plane_checksum:[7E7EBF60 CA170383 0256321E] mean:[160 120 129] stdev:[35.8 2.9 1.4]
[Parsed_showinfo_1 @ 0x96ec58840] [info] color_range:unknown color_space:unknown color_primaries:unknown color_trc:unknown
[Parsed_showinfo_1 @ 0x96ec58840] [info] n:  19 pts:    570 pts_time:19.018107 duration:      1 duration_time:0.0333651 fmt:yuv411p cl:topleft sar:8/9 s:720x480 i:B iskey:0 type:? checksum:0920CBAE plane_checksum:[581F3DDE A4EC724E 789B1B82] mean:[160 120 129] stdev:[37.7 3.0 1.4]
[Parsed_showinfo_1 @ 0x96ec58840] [info] color_range:unknown color_space:unknown color_primaries:unknown color_trc:unknown
[Parsed_showinfo_1 @ 0x96ec58840] [info] n:  20 pts:    572 pts_time:19.084837 duration:      1 duration_time:0.0333651 fmt:yuv411p cl:topleft sar:8/9 s:720x480 i:B iskey:0 type:? checksum:681EB9B0 plane_checksum:[109B0083 8F1E8404 D1D53529] mean:[160 120 129] stdev:[37.7 3.0 1.5]
[Parsed_showinfo_1 @ 0x96ec58840] [info] color_range:unknown color_space:unknown color_primaries:unknown color_trc:unknown
[Parsed_showinfo_1 @ 0x96ec58840] [info] n:  21 pts:    573 pts_time:19.118202 duration:      1 duration_time:0.0333651 fmt:yuv411p cl:topleft sar:8/9 s:720x480 i:B iskey:0 type:? checksum:BE4A7953 plane_checksum:[1572BB73 656D8BB4 79A1321D] mean:[160 120 129] stdev:[37.8 2.9 1.4]
[Parsed_showinfo_1 @ 0x96ec58840] [info] color_range:unknown color_space:unknown color_primaries:unknown color_trc:unknown
[Parsed_showinfo_1 @ 0x96ec58840] [info] n:  22 pts:    574 pts_time:19.151567 duration:      1 duration_time:0.0333651 fmt:yuv411p cl:topleft sar:8/9 s:720x480 i:B iskey:0 type:? checksum:40B615A4 plane_checksum:[C4693DFE 22CC99D6 872C3DC1] mean:[160 120 129] stdev:[37.9 2.9 1.5]
[Parsed_showinfo_1 @ 0x96ec58840] [info] color_range:unknown color_space:unknown color_primaries:unknown color_trc:unknown
[Parsed_showinfo_1 @ 0x96ec58840] [info] n:  23 pts:    575 pts_time:19.184933 duration:      1 duration_time:0.0333651 fmt:yuv411p cl:topleft sar:8/9 s:720x480 i:B iskey:0 type:? checksum:FD9B15B6 plane_checksum:[A10D33F6 EE0CA2B0 2AF43F01] mean:[160 120 129] stdev:[38.0 2.9 1.5]
[Parsed_showinfo_1 @ 0x96ec58840] [info] color_range:unknown color_space:unknown color_primaries:unknown color_trc:unknown
[Parsed_showinfo_1 @ 0x96ec58840] [info] n:  24 pts:    576 pts_time:19.218298 duration:      1 duration_time:0.0333651 fmt:yuv411p cl:topleft sar:8/9 s:720x480 i:B iskey:0 type:? checksum:BE64E052 plane_checksum:[5CF12E4E 6BA28BB0 D0F42654] mean:[160 120 129] stdev:[38.0 2.9 1.5]
[Parsed_showinfo_1 @ 0x96ec58840] [info] color_range:unknown color_space:unknown color_primaries:unknown color_trc:unknown
[Parsed_showinfo_1 @ 0x96ec58840] [info] n:  25 pts:    577 pts_time:19.251663 duration:      1 duration_time:0.0333651 fmt:yuv411p cl:topleft sar:8/9 s:720x480 i:B iskey:0 type:? checksum:FA273268 plane_checksum:[D1424D1C 68B8AE46 419936F7] mean:[160 120 129] stdev:[37.9 2.9 1.4]
[Parsed_showinfo_1 @ 0x96ec58840] [info] color_range:unknown color_space:unknown color_primaries:unknown color_trc:unknown
[out#0/image2 @ 0x96ec58300] [info] video:13004KiB audio:0KiB subtitle:0KiB other streams:0KiB global headers:0KiB muxing overhead: unknown
[info] frame=   26 fps=0.0 q=-0.0 Lsize=N/A time=00:00:00.00 bitrate=N/A speed=   0x    
