[info] Input #0, avi, from '/Users/admin/docs/911-worktrees/sherlock-wtc7-investigation/research/sherlock-wtc7-investigation/cbs-vince-source-screen/stage3/raw/clip5-attempt1.avi':
[info]   Duration: 00:00:17.65, start: 0.000000, bitrate: 29859 kb/s
[info]   Stream #0:0: Video: dvvideo (dvsd / 0x64737664), yuv411p, 720x480 [SAR 8:9 DAR 4:3], 28771 kb/s, 29.97 fps, 29.97 tbr, 29.97 tbn
[info]   Stream #0:1: Audio: pcm_s16le ([1][0][0][0] / 0x0001), 32000 Hz, 2 channels, s16, 1024 kb/s
[info] Stream mapping:
[info]   Stream #0:0 -> #0:0 (dvvideo (native) -> png (native))
[Parsed_showinfo_1 @ 0xb73804840] [info] config in time_base: 333673/10000000, frame_rate: 10000000/333673
[Parsed_showinfo_1 @ 0xb73804840] [info] config out time_base: 0/0, frame_rate: 0/0
[Parsed_showinfo_1 @ 0xb73804840] [info] n:   0 pts:      0 pts_time:0       duration:      1 duration_time:0.0333673 fmt:yuv411p cl:topleft sar:8/9 s:720x480 i:B iskey:0 type:? checksum:AAF29F2C plane_checksum:[4777857F ACB7F4A6 788324F8] mean:[140 136 117] stdev:[55.6 14.1 11.7]
[Parsed_showinfo_1 @ 0xb73804840] [info] color_range:unknown color_space:unknown color_primaries:unknown color_trc:unknown
[info] Output #0, image2, to '/Users/admin/docs/911-worktrees/sherlock-wtc7-investigation/research/sherlock-wtc7-investigation/cbs-vince-source-screen/stage3/run02/vince-clip5/native/frame-%06d.png':
[info]   Metadata:
[info]     encoder         : Lavf61.7.100
[info]   Stream #0:0: Video: png, rgb24(pc, gbr/unknown/unknown, bottom coded first (swapped)), 720x480 [SAR 8:9 DAR 4:3], q=2-31, 200 kb/s, 29.97 fps, 29.97 tbn
[info]       Metadata:
[info]         encoder         : Lavc61.19.101 png
[Parsed_showinfo_1 @ 0xb73804840] [info] n:   1 pts:     66 pts_time:2.202242 duration:      1 duration_time:0.0333673 fmt:yuv411p cl:topleft sar:8/9 s:720x480 i:B iskey:0 type:? checksum:7EFA019D plane_checksum:[C836D254 3A4653FC 48B2DB2F] mean:[155 139 117] stdev:[56.4 15.3 12.1]
[Parsed_showinfo_1 @ 0xb73804840] [info] color_range:unknown color_space:unknown color_primaries:unknown color_trc:unknown
[Parsed_showinfo_1 @ 0xb73804840] [info] n:   2 pts:    132 pts_time:4.404484 duration:      1 duration_time:0.0333673 fmt:yuv411p cl:topleft sar:8/9 s:720x480 i:B iskey:0 type:? checksum:3D237649 plane_checksum:[83F8B71C 455123AE AD439B70] mean:[142 142 116] stdev:[46.9 14.1 11.8]
[Parsed_showinfo_1 @ 0xb73804840] [info] color_range:unknown color_space:unknown color_primaries:unknown color_trc:unknown
[Parsed_showinfo_1 @ 0xb73804840] [info] n:   3 pts:    198 pts_time:6.606725 duration:      1 duration_time:0.0333673 fmt:yuv411p cl:topleft sar:8/9 s:720x480 i:B iskey:0 type:? checksum:236EBB77 plane_checksum:[567BE028 7B9FC598 0D5015A8] mean:[145 142 116] stdev:[46.7 14.7 12.4]
[Parsed_showinfo_1 @ 0xb73804840] [info] color_range:unknown color_space:unknown color_primaries:unknown color_trc:unknown
[Parsed_showinfo_1 @ 0xb73804840] [info] n:   4 pts:    264 pts_time:8.808967 duration:      1 duration_time:0.0333673 fmt:yuv411p cl:topleft sar:8/9 s:720x480 i:B iskey:0 type:? checksum:0901DFDA plane_checksum:[B6D19D59 6B622F0B 48121376] mean:[158 147 116] stdev:[49.5 20.3 13.2]
[Parsed_showinfo_1 @ 0xb73804840] [info] color_range:unknown color_space:unknown color_primaries:unknown color_trc:unknown
[Parsed_showinfo_1 @ 0xb73804840] [info] n:   5 pts:    330 pts_time:11.011209 duration:      1 duration_time:0.0333673 fmt:yuv411p cl:topleft sar:8/9 s:720x480 i:B iskey:0 type:? checksum:2E044EBF plane_checksum:[9C7F256A E54D1B7F 57A80DD6] mean:[155 149 116] stdev:[49.0 21.4 13.5]
[Parsed_showinfo_1 @ 0xb73804840] [info] color_range:unknown color_space:unknown color_primaries:unknown color_trc:unknown
[Parsed_showinfo_1 @ 0xb73804840] [info] n:   6 pts:    396 pts_time:13.213451 duration:      1 duration_time:0.0333673 fmt:yuv411p cl:topleft sar:8/9 s:720x480 i:B iskey:0 type:? checksum:1F3FF50B plane_checksum:[2F6EA264 50738CC3 E664C5D5] mean:[155 148 116] stdev:[48.7 20.7 13.4]
[Parsed_showinfo_1 @ 0xb73804840] [info] color_range:unknown color_space:unknown color_primaries:unknown color_trc:unknown
[Parsed_showinfo_1 @ 0xb73804840] [info] n:   7 pts:    462 pts_time:15.415693 duration:      1 duration_time:0.0333673 fmt:yuv411p cl:topleft sar:8/9 s:720x480 i:B iskey:0 type:? checksum:994B07D2 plane_checksum:[24AD1E1C E5AF1E39 9873CB6E] mean:[145 143 117] stdev:[47.8 18.1 12.6]
[Parsed_showinfo_1 @ 0xb73804840] [info] color_range:unknown color_space:unknown color_primaries:unknown color_trc:unknown
[Parsed_showinfo_1 @ 0xb73804840] [info] n:   8 pts:    528 pts_time:17.617934 duration:      1 duration_time:0.0333673 fmt:yuv411p cl:topleft sar:8/9 s:720x480 i:B iskey:0 type:? checksum:E496B93D plane_checksum:[31679A45 2CE22A04 3B60F4E5] mean:[111 133 118] stdev:[47.7 12.1 11.3]
[Parsed_showinfo_1 @ 0xb73804840] [info] color_range:unknown color_space:unknown color_primaries:unknown color_trc:unknown
[out#0/image2 @ 0xb73804300] [info] video:6588KiB audio:0KiB subtitle:0KiB other streams:0KiB global headers:0KiB muxing overhead: unknown
[info] frame=    9 fps=5.6 q=-0.0 Lsize=N/A time=00:00:00.00 bitrate=N/A speed=   0x    
