[info] Input #0, avi, from '/Users/admin/docs/911-worktrees/sherlock-wtc7-investigation/research/sherlock-wtc7-investigation/cbs-vince-source-screen/stage2/raw/clip4-attempt1.avi':
[info]   Duration: 00:00:06.87, start: 0.000000, bitrate: 29950 kb/s
[info]   Stream #0:0: Video: dvvideo (dvsd / 0x64737664), yuv411p, 720x480 [SAR 8:9 DAR 4:3], 28771 kb/s, 29.97 fps, 29.97 tbr, 29.97 tbn
[info]   Stream #0:1: Audio: pcm_s16le ([1][0][0][0] / 0x0001), 32000 Hz, 2 channels, s16, 1024 kb/s
[info] Stream mapping:
[info]   Stream #0:0 -> #0:0 (dvvideo (native) -> png (native))
[Parsed_showinfo_1 @ 0x953454840] [info] config in time_base: 166837/5000000, frame_rate: 5000000/166837
[Parsed_showinfo_1 @ 0x953454840] [info] config out time_base: 0/0, frame_rate: 0/0
[Parsed_showinfo_1 @ 0x953454840] [info] n:   0 pts:      0 pts_time:0       duration:      1 duration_time:0.0333674 fmt:yuv411p cl:topleft sar:8/9 s:720x480 i:B iskey:0 type:? checksum:959AFA24 plane_checksum:[C31C9C8F 9562066C 1D9A5729] mean:[137 155 112] stdev:[48.4 20.8 13.7]
[Parsed_showinfo_1 @ 0x953454840] [info] color_range:unknown color_space:unknown color_primaries:unknown color_trc:unknown
[info] Output #0, image2, to '/Users/admin/docs/911-worktrees/sherlock-wtc7-investigation/research/sherlock-wtc7-investigation/cbs-vince-source-screen/stage2/run02/vince-clip4/native/frame-%06d.png':
[info]   Metadata:
[info]     encoder         : Lavf61.7.100
[info]   Stream #0:0: Video: png, rgb24(pc, gbr/unknown/unknown, bottom coded first (swapped)), 720x480 [SAR 8:9 DAR 4:3], q=2-31, 200 kb/s, 29.97 fps, 29.97 tbn
[info]       Metadata:
[info]         encoder         : Lavc61.19.101 png
[Parsed_showinfo_1 @ 0x953454840] [info] n:   1 pts:     26 pts_time:0.867552 duration:      1 duration_time:0.0333674 fmt:yuv411p cl:topleft sar:8/9 s:720x480 i:B iskey:0 type:? checksum:58896840 plane_checksum:[F9A4371E C5D8B576 E4357B9D] mean:[134 155 111] stdev:[48.4 20.6 14.4]
[Parsed_showinfo_1 @ 0x953454840] [info] color_range:unknown color_space:unknown color_primaries:unknown color_trc:unknown
[Parsed_showinfo_1 @ 0x953454840] [info] n:   2 pts:     52 pts_time:1.735105 duration:      1 duration_time:0.0333674 fmt:yuv411p cl:topleft sar:8/9 s:720x480 i:B iskey:0 type:? checksum:F3A1E12E plane_checksum:[989CA2E2 67CCC96E CC4B74CF] mean:[136 156 111] stdev:[48.6 21.0 14.2]
[Parsed_showinfo_1 @ 0x953454840] [info] color_range:unknown color_space:unknown color_primaries:unknown color_trc:unknown
[Parsed_showinfo_1 @ 0x953454840] [info] n:   3 pts:     77 pts_time:2.56929 duration:      1 duration_time:0.0333674 fmt:yuv411p cl:topleft sar:8/9 s:720x480 i:B iskey:0 type:? checksum:E85CBD8A plane_checksum:[267A39AD 29E599E4 8D67E9EA] mean:[137 157 111] stdev:[48.5 21.1 14.4]
[Parsed_showinfo_1 @ 0x953454840] [info] color_range:unknown color_space:unknown color_primaries:unknown color_trc:unknown
[Parsed_showinfo_1 @ 0x953454840] [info] n:   4 pts:    103 pts_time:3.436842 duration:      1 duration_time:0.0333674 fmt:yuv411p cl:topleft sar:8/9 s:720x480 i:B iskey:0 type:? checksum:AE8B57B0 plane_checksum:[C5403E5F BB3AD220 A1564722] mean:[138 158 111] stdev:[50.3 20.7 14.2]
[Parsed_showinfo_1 @ 0x953454840] [info] color_range:unknown color_space:unknown color_primaries:unknown color_trc:unknown
[Parsed_showinfo_1 @ 0x953454840] [info] n:   5 pts:    129 pts_time:4.304395 duration:      1 duration_time:0.0333674 fmt:yuv411p cl:topleft sar:8/9 s:720x480 i:B iskey:0 type:? checksum:AFB1454F plane_checksum:[317BA143 C2DA488B 4B725B72] mean:[134 156 111] stdev:[50.2 20.7 14.1]
[Parsed_showinfo_1 @ 0x953454840] [info] color_range:unknown color_space:unknown color_primaries:unknown color_trc:unknown
[Parsed_showinfo_1 @ 0x953454840] [info] n:   6 pts:    154 pts_time:5.13858 duration:      1 duration_time:0.0333674 fmt:yuv411p cl:topleft sar:8/9 s:720x480 i:B iskey:0 type:? checksum:F049EBD5 plane_checksum:[3D1690D8 A8F9BD7F 8D7C9D6F] mean:[134 155 111] stdev:[51.0 19.7 14.2]
[Parsed_showinfo_1 @ 0x953454840] [info] color_range:unknown color_space:unknown color_primaries:unknown color_trc:unknown
[Parsed_showinfo_1 @ 0x953454840] [info] n:   7 pts:    180 pts_time:6.006132 duration:      1 duration_time:0.0333674 fmt:yuv411p cl:topleft sar:8/9 s:720x480 i:B iskey:0 type:? checksum:00FD3612 plane_checksum:[0272D3ED BC91229C 44993F7A] mean:[134 156 112] stdev:[51.0 19.8 13.7]
[Parsed_showinfo_1 @ 0x953454840] [info] color_range:unknown color_space:unknown color_primaries:unknown color_trc:unknown
[Parsed_showinfo_1 @ 0x953454840] [info] n:   8 pts:    205 pts_time:6.840317 duration:      1 duration_time:0.0333674 fmt:yuv411p cl:topleft sar:8/9 s:720x480 i:B iskey:0 type:? checksum:74DDCC0D plane_checksum:[71E304FF 579D1F47 0389A7C7] mean:[113 149 114] stdev:[62.0 36.1 23.1]
[Parsed_showinfo_1 @ 0x953454840] [info] color_range:unknown color_space:unknown color_primaries:unknown color_trc:unknown
[out#0/image2 @ 0x953454300] [info] video:6306KiB audio:0KiB subtitle:0KiB other streams:0KiB global headers:0KiB muxing overhead: unknown
[info] frame=    9 fps=0.0 q=-0.0 Lsize=N/A time=00:00:00.00 bitrate=N/A speed=   0x    
