[info] Input #0, avi, from '/Users/admin/docs/911-worktrees/sherlock-wtc7-investigation/research/sherlock-wtc7-investigation/cbs-vince-source-screen/stage1/raw/clip2-attempt2.avi':
[info]   Duration: 00:00:26.99, start: 0.000000, bitrate: 29838 kb/s
[info]   Stream #0:0: Video: dvvideo (dvsd / 0x64737664), yuv411p, 720x480 [SAR 8:9 DAR 4:3], 28771 kb/s, 29.97 fps, 29.97 tbr, 29.97 tbn
[info]   Stream #0:1: Audio: pcm_s16le ([1][0][0][0] / 0x0001), 32000 Hz, 2 channels, s16, 1024 kb/s
[info] Stream mapping:
[info]   Stream #0:0 -> #0:0 (dvvideo (native) -> png (native))
[Parsed_showinfo_1 @ 0xaf3434840] [info] config in time_base: 333673/10000000, frame_rate: 10000000/333673
[Parsed_showinfo_1 @ 0xaf3434840] [info] config out time_base: 0/0, frame_rate: 0/0
[Parsed_showinfo_1 @ 0xaf3434840] [info] n:   0 pts:      0 pts_time:0       duration:      1 duration_time:0.0333673 fmt:yuv411p cl:topleft sar:8/9 s:720x480 i:B iskey:0 type:? checksum:D0622ABD plane_checksum:[E2722DA1 EE02F5F2 E3F8071B] mean:[107 123 130] stdev:[51.9 11.6 13.2]
[Parsed_showinfo_1 @ 0xaf3434840] [info] color_range:unknown color_space:unknown color_primaries:unknown color_trc:unknown
[info] Output #0, image2, to '/Users/admin/docs/911-worktrees/sherlock-wtc7-investigation/research/sherlock-wtc7-investigation/cbs-vince-source-screen/stage1/run01/vince-clip2/native/frame-%06d.png':
[info]   Metadata:
[info]     encoder         : Lavf61.7.100
[info]   Stream #0:0: Video: png, rgb24(pc, gbr/unknown/unknown, bottom coded first (swapped)), 720x480 [SAR 8:9 DAR 4:3], q=2-31, 200 kb/s, 29.97 fps, 29.97 tbn
[info]       Metadata:
[info]         encoder         : Lavc61.19.101 png
[Parsed_showinfo_1 @ 0xaf3434840] [info] n:   1 pts:    101 pts_time:3.370097 duration:      1 duration_time:0.0333673 fmt:yuv411p cl:topleft sar:8/9 s:720x480 i:B iskey:0 type:? checksum:5FBFAC69 plane_checksum:[7C8D01D7 4A951CD3 042A8DBF] mean:[108 123 129] stdev:[51.3 11.7 11.7]
[Parsed_showinfo_1 @ 0xaf3434840] [info] color_range:unknown color_space:unknown color_primaries:unknown color_trc:unknown
[Parsed_showinfo_1 @ 0xaf3434840] [info] n:   2 pts:    202 pts_time:6.740195 duration:      1 duration_time:0.0333673 fmt:yuv411p cl:topleft sar:8/9 s:720x480 i:B iskey:0 type:? checksum:18D037B8 plane_checksum:[3D9981AB C666E0A4 98B6D54B] mean:[105 125 127] stdev:[50.2 10.3 10.2]
[Parsed_showinfo_1 @ 0xaf3434840] [info] color_range:unknown color_space:unknown color_primaries:unknown color_trc:unknown
[Parsed_showinfo_1 @ 0xaf3434840] [info] n:   3 pts:    303 pts_time:10.110292 duration:      1 duration_time:0.0333673 fmt:yuv411p cl:topleft sar:8/9 s:720x480 i:B iskey:0 type:? checksum:93B4AA83 plane_checksum:[17D3D205 AD0103A2 D09FD4CD] mean:[104 125 127] stdev:[51.0 10.5 10.0]
[Parsed_showinfo_1 @ 0xaf3434840] [info] color_range:unknown color_space:unknown color_primaries:unknown color_trc:unknown
[Parsed_showinfo_1 @ 0xaf3434840] [info] n:   4 pts:    404 pts_time:13.480389 duration:      1 duration_time:0.0333673 fmt:yuv411p cl:topleft sar:8/9 s:720x480 i:B iskey:0 type:? checksum:8A1240E4 plane_checksum:[7902DD0D 673965C8 30DAFDF1] mean:[124 125 126] stdev:[56.8 10.4 9.9]
[Parsed_showinfo_1 @ 0xaf3434840] [info] color_range:unknown color_space:unknown color_primaries:unknown color_trc:unknown
[Parsed_showinfo_1 @ 0xaf3434840] [info] n:   5 pts:    505 pts_time:16.850487 duration:      1 duration_time:0.0333673 fmt:yuv411p cl:topleft sar:8/9 s:720x480 i:B iskey:0 type:? checksum:BFB27C1A plane_checksum:[019B9407 5FA93AF4 CD61AD10] mean:[119 125 126] stdev:[55.0 10.2 9.7]
[Parsed_showinfo_1 @ 0xaf3434840] [info] color_range:unknown color_space:unknown color_primaries:unknown color_trc:unknown
[Parsed_showinfo_1 @ 0xaf3434840] [info] n:   6 pts:    606 pts_time:20.220584 duration:      1 duration_time:0.0333673 fmt:yuv411p cl:topleft sar:8/9 s:720x480 i:B iskey:0 type:? checksum:0EF8AC4E plane_checksum:[5C3006E6 D1468B5D 7E6B1A0B] mean:[124 125 126] stdev:[56.2 10.8 10.3]
[Parsed_showinfo_1 @ 0xaf3434840] [info] color_range:unknown color_space:unknown color_primaries:unknown color_trc:unknown
[Parsed_showinfo_1 @ 0xaf3434840] [info] n:   7 pts:    707 pts_time:23.590681 duration:      1 duration_time:0.0333673 fmt:yuv411p cl:topleft sar:8/9 s:720x480 i:B iskey:0 type:? checksum:8EBC9D72 plane_checksum:[3CD0631E 9EA98EA2 AFE1ABA3] mean:[122 125 126] stdev:[55.8 10.3 10.1]
[Parsed_showinfo_1 @ 0xaf3434840] [info] color_range:unknown color_space:unknown color_primaries:unknown color_trc:unknown
[Parsed_showinfo_1 @ 0xaf3434840] [info] n:   8 pts:    808 pts_time:26.960778 duration:      1 duration_time:0.0333673 fmt:yuv411p cl:topleft sar:8/9 s:720x480 i:B iskey:0 type:? checksum:BF335E63 plane_checksum:[AA1C848F 74F89AFE 405B3EC7] mean:[117 125 126] stdev:[54.6 10.8 10.0]
[Parsed_showinfo_1 @ 0xaf3434840] [info] color_range:unknown color_space:unknown color_primaries:unknown color_trc:unknown
[out#0/image2 @ 0xaf3434300] [info] video:6382KiB audio:0KiB subtitle:0KiB other streams:0KiB global headers:0KiB muxing overhead: unknown
[info] frame=    9 fps=0.0 q=-0.0 Lsize=N/A time=00:00:00.00 bitrate=N/A speed=   0x    
