pytest.main ["/Users/admin/dev/faraday/tests/test_sherlock_bridge.py", "-q", "-s", "-p", "no:cacheprovider", "--noconftest", "--import-mode=importlib", "--rootdir", "/Users/admin/dev/faraday", "-c", "/private/tmp/wtc7-faraday-pilot.eGMyO9/native-retry-20261007/pytest.ini", "--basetemp", "/private/tmp/wtc7-faraday-pilot.eGMyO9/native-retry-20261007/native-tmp"]
INTERNALERROR> Traceback (most recent call last):
INTERNALERROR>   File "/Users/admin/.pyenv/versions/3.13.7/lib/python3.13/site-packages/_pytest/main.py", line 285, in wrap_session
INTERNALERROR>     config._do_configure()
INTERNALERROR>     ~~~~~~~~~~~~~~~~~~~~^^
INTERNALERROR>   File "/Users/admin/.pyenv/versions/3.13.7/lib/python3.13/site-packages/_pytest/config/__init__.py", line 1119, in _do_configure
INTERNALERROR>     self.hook.pytest_configure.call_historic(kwargs=dict(config=self))
INTERNALERROR>     ~~~~~~~~~~~~~~~~~~~~~~~~~~~~~~~~~~~~~~~~^^^^^^^^^^^^^^^^^^^^^^^^^^
INTERNALERROR>   File "/Users/admin/.pyenv/versions/3.13.7/lib/python3.13/site-packages/pluggy/_hooks.py", line 534, in call_historic
INTERNALERROR>     res = self._hookexec(self.name, self._hookimpls.copy(), kwargs, False)
INTERNALERROR>   File "/Users/admin/.pyenv/versions/3.13.7/lib/python3.13/site-packages/pluggy/_manager.py", line 120, in _hookexec
INTERNALERROR>     return self._inner_hookexec(hook_name, methods, kwargs, firstresult)
INTERNALERROR>            ~~~~~~~~~~~~~~~~~~~~^^^^^^^^^^^^^^^^^^^^^^^^^^^^^^^^^^^^^^^^^
INTERNALERROR>   File "/Users/admin/.pyenv/versions/3.13.7/lib/python3.13/site-packages/pluggy/_callers.py", line 167, in _multicall
INTERNALERROR>     raise exception
INTERNALERROR>   File "/Users/admin/.pyenv/versions/3.13.7/lib/python3.13/site-packages/pluggy/_callers.py", line 121, in _multicall
INTERNALERROR>     res = hook_impl.function(*args)
INTERNALERROR>   File "/Users/admin/.pyenv/versions/3.13.7/lib/python3.13/site-packages/_pytest/logging.py", line 638, in pytest_configure
INTERNALERROR>     config.pluginmanager.register(LoggingPlugin(config), "logging-plugin")
INTERNALERROR>                                   ~~~~~~~~~~~~~^^^^^^^^
INTERNALERROR>   File "/Users/admin/.pyenv/versions/3.13.7/lib/python3.13/site-packages/_pytest/logging.py", line 675, in __init__
INTERNALERROR>     self.log_file_handler = _FileHandler(
INTERNALERROR>                             ~~~~~~~~~~~~^
INTERNALERROR>         log_file, mode=self.log_file_mode, encoding="UTF-8"
INTERNALERROR>         ^^^^^^^^^^^^^^^^^^^^^^^^^^^^^^^^^^^^^^^^^^^^^^^^^^^
INTERNALERROR>     )
INTERNALERROR>     ^
INTERNALERROR>   File "/Users/admin/.pyenv/versions/3.13.7/lib/python3.13/logging/__init__.py", line 1219, in __init__
INTERNALERROR>     StreamHandler.__init__(self, self._open())
INTERNALERROR>                                  ~~~~~~~~~~^^
INTERNALERROR>   File "/Users/admin/.pyenv/versions/3.13.7/lib/python3.13/logging/__init__.py", line 1248, in _open
INTERNALERROR>     return open_func(self.baseFilename, self.mode,
INTERNALERROR>                      encoding=self.encoding, errors=self.errors)
INTERNALERROR>   File "/Users/admin/docs/911-worktrees/sherlock-wtc7-investigation/research/sherlock-wtc7-investigation/faraday-bridge-pilot-2026-10-05/verify_bridge_retry.py", line 101, in __call__
INTERNALERROR>     self.check(path, event)
INTERNALERROR>     ~~~~~~~~~~^^^^^^^^^^^^^
INTERNALERROR>   File "/Users/admin/docs/911-worktrees/sherlock-wtc7-investigation/research/sherlock-wtc7-investigation/faraday-bridge-pilot-2026-10-05/verify_bridge_retry.py", line 89, in check
INTERNALERROR>     self.deny(event, path)
INTERNALERROR>     ~~~~~~~~~^^^^^^^^^^^^^
INTERNALERROR>   File "/Users/admin/docs/911-worktrees/sherlock-wtc7-investigation/research/sherlock-wtc7-investigation/faraday-bridge-pilot-2026-10-05/verify_bridge_retry.py", line 71, in deny
INTERNALERROR>     raise BoundaryViolation(f"audit boundary denied {event}: {detail}")
INTERNALERROR> BoundaryViolation: audit boundary denied open: /dev/null
{"failed_checks": [{"label": "native:exact_nine_collected", "passed": false}, {"label": "native:all_nine_passed", "passed": false}], "mode": "native", "passed": false}
