[info] Input #0, mov,mp4,m4a,3gp,3g2,mj2, from '/Users/admin/docs/911/research/wtc7-video-comparison/media/analysis-source/NIST Camera 4.mp4':
[info]   Metadata:
[info]     major_brand     : mp42
[info]     minor_version   : 0
[info]     compatible_brands: isommp42
[info]     creation_time   : 2018-11-11T00:42:03.000000Z
[info]   Duration: 00:00:47.95, start: 0.000000, bitrate: 223 kb/s
[info]   Stream #0:0[0x1](und): Video: h264 (Main) (avc1 / 0x31637661), yuv420p(progressive), 480x360 [SAR 1:1 DAR 4:3], 94 kb/s, 29.97 fps, 29.97 tbr, 90k tbn (default)
[info]       Metadata:
[info]         creation_time   : 2018-11-11T00:42:03.000000Z
[info]         handler_name    : ISO Media file produced by Google Inc. Created on: 11/10/2018.
[info]         vendor_id       : [0][0][0][0]
[info]   Stream #0:1[0x2](und): Audio: aac (LC) (mp4a / 0x6134706D), 44100 Hz, stereo, fltp, 125 kb/s (default)
[info]       Metadata:
[info]         creation_time   : 2018-11-11T00:42:03.000000Z
[info]         handler_name    : ISO Media file produced by Google Inc. Created on: 11/10/2018.
[info]         vendor_id       : [0][0][0][0]
[info] Stream mapping:
[info]   Stream #0:0 -> #0:0 (h264 (native) -> png (native))
[Parsed_showinfo_1 @ 0x996cc00c0] [info] config in time_base: 1/90000, frame_rate: 30000/1001
[Parsed_showinfo_1 @ 0x996cc00c0] [info] config out time_base: 0/0, frame_rate: 0/0
[swscaler @ 0x994db4000] [swscaler @ 0x994dc4000] [warning] No accelerated colorspace conversion found from yuv420p to rgb24.
[swscaler @ 0x994db4000] [swscaler @ 0x994dd4000] [warning] No accelerated colorspace conversion found from yuv420p to rgb24.
[swscaler @ 0x994db4000] [swscaler @ 0x994de4000] [warning] No accelerated colorspace conversion found from yuv420p to rgb24.
[swscaler @ 0x994db4000] [swscaler @ 0x994df4000] [warning] No accelerated colorspace conversion found from yuv420p to rgb24.
[swscaler @ 0x994db4000] [swscaler @ 0x994e04000] [warning] No accelerated colorspace conversion found from yuv420p to rgb24.
[swscaler @ 0x994db4000] [swscaler @ 0x994e14000] [warning] No accelerated colorspace conversion found from yuv420p to rgb24.
[swscaler @ 0x994db4000] [swscaler @ 0x994e24000] [warning] No accelerated colorspace conversion found from yuv420p to rgb24.
[swscaler @ 0x994db4000] [swscaler @ 0x994e34000] [warning] No accelerated colorspace conversion found from yuv420p to rgb24.
[swscaler @ 0x994db4000] [swscaler @ 0x994e44000] [warning] No accelerated colorspace conversion found from yuv420p to rgb24.
[swscaler @ 0x994db4000] [swscaler @ 0x994e54000] [warning] No accelerated colorspace conversion found from yuv420p to rgb24.
[swscaler @ 0x994db4000] [swscaler @ 0x994e64000] [warning] No accelerated colorspace conversion found from yuv420p to rgb24.
[swscaler @ 0x994db4000] [swscaler @ 0x994e74000] [warning] No accelerated colorspace conversion found from yuv420p to rgb24.
[swscaler @ 0x994db4000] [swscaler @ 0x994e84000] [warning] No accelerated colorspace conversion found from yuv420p to rgb24.
[Parsed_showinfo_1 @ 0x996cc00c0] [info] n:   0 pts:      0 pts_time:0       duration:   3003 duration_time:0.0333667 fmt:yuv420p cl:left sar:1/1 s:480x360 i:P iskey:1 type:I checksum:C41E8757 plane_checksum:[B42B7C0A 70E456C0 7093B47E] mean:[94 128 128] stdev:[44.1 3.2 1.5]
[Parsed_showinfo_1 @ 0x996cc00c0] [info] color_range:unknown color_space:unknown color_primaries:unknown color_trc:unknown
[info] Output #0, image2, to '/Users/admin/docs/911-worktrees/sherlock-wtc7-investigation/research/sherlock-wtc7-investigation/late-fire-video-lineage/run02-VID-WTC7-003/VID-WTC7-003/native/frame-%06d.png':
[info]   Metadata:
[info]     encoder         : Lavf61.7.100
[info]   Stream #0:0: Video: png, rgb24(pc, gbr/unknown/unknown, progressive), 480x360 [SAR 1:1 DAR 4:3], q=2-31, 200 kb/s, 29.97 fps, 90k tbn (default)
[info]       Metadata:
[info]         encoder         : Lavc61.19.101 png
[Parsed_showinfo_1 @ 0x996cc00c0] [info] n:   1 pts: 180180 pts_time:2.002   duration:   3003 duration_time:0.0333667 fmt:yuv420p cl:left sar:1/1 s:480x360 i:P iskey:0 type:P checksum:220A741F plane_checksum:[A0757E4B 4B21609F 09039526] mean:[93 128 128] stdev:[43.4 3.1 1.6]
[Parsed_showinfo_1 @ 0x996cc00c0] [info] color_range:unknown color_space:unknown color_primaries:unknown color_trc:unknown
[Parsed_showinfo_1 @ 0x996cc00c0] [info] n:   2 pts: 360360 pts_time:4.004   duration:   3003 duration_time:0.0333667 fmt:yuv420p cl:left sar:1/1 s:480x360 i:P iskey:0 type:B checksum:479B45A3 plane_checksum:[7921504B F9F860DE AB33946B] mean:[93 128 128] stdev:[43.3 3.3 1.6]
[Parsed_showinfo_1 @ 0x996cc00c0] [info] color_range:unknown color_space:unknown color_primaries:unknown color_trc:unknown
[Parsed_showinfo_1 @ 0x996cc00c0] [info] n:   3 pts: 540540 pts_time:6.006   duration:   3003 duration_time:0.0333667 fmt:yuv420p cl:left sar:1/1 s:480x360 i:P iskey:0 type:B checksum:6CF650AA plane_checksum:[E5CE668E AED45988 DB3A9085] mean:[93 128 128] stdev:[43.6 3.2 1.6]
[Parsed_showinfo_1 @ 0x996cc00c0] [info] color_range:unknown color_space:unknown color_primaries:unknown color_trc:unknown
[Parsed_showinfo_1 @ 0x996cc00c0] [info] n:   4 pts: 720720 pts_time:8.008   duration:   3003 duration_time:0.0333667 fmt:yuv420p cl:left sar:1/1 s:480x360 i:P iskey:0 type:B checksum:8C2A2A49 plane_checksum:[13F6416E 641057C7 AF8C9105] mean:[93 128 128] stdev:[43.7 3.3 1.7]
[Parsed_showinfo_1 @ 0x996cc00c0] [info] color_range:unknown color_space:unknown color_primaries:unknown color_trc:unknown
[Parsed_showinfo_1 @ 0x996cc00c0] [info] n:   5 pts: 900900 pts_time:10.01   duration:   3003 duration_time:0.0333667 fmt:yuv420p cl:left sar:1/1 s:480x360 i:P iskey:0 type:B checksum:557D7E5F plane_checksum:[A6868C52 20CE5FC3 1E46923B] mean:[93 128 128] stdev:[43.8 3.1 1.7]
[Parsed_showinfo_1 @ 0x996cc00c0] [info] color_range:unknown color_space:unknown color_primaries:unknown color_trc:unknown
[Parsed_showinfo_1 @ 0x996cc00c0] [info] n:   6 pts:1081080 pts_time:12.012  duration:   3003 duration_time:0.0333667 fmt:yuv420p cl:left sar:1/1 s:480x360 i:P iskey:0 type:B checksum:BD6E62A3 plane_checksum:[47BC75EB 5DEC6687 379E8622] mean:[93 128 128] stdev:[43.8 3.3 1.7]
[Parsed_showinfo_1 @ 0x996cc00c0] [info] color_range:unknown color_space:unknown color_primaries:unknown color_trc:unknown
[Parsed_showinfo_1 @ 0x996cc00c0] [info] n:   7 pts:1261260 pts_time:14.014  duration:   3003 duration_time:0.0333667 fmt:yuv420p cl:left sar:1/1 s:480x360 i:P iskey:0 type:B checksum:0BAA3C29 plane_checksum:[FE12519D EC4A5F13 E4CF8B6A] mean:[93 128 128] stdev:[43.6 3.0 1.7]
[Parsed_showinfo_1 @ 0x996cc00c0] [info] color_range:unknown color_space:unknown color_primaries:unknown color_trc:unknown
[Parsed_showinfo_1 @ 0x996cc00c0] [info] n:   8 pts:1441440 pts_time:16.016  duration:   3003 duration_time:0.0333667 fmt:yuv420p cl:left sar:1/1 s:480x360 i:P iskey:1 type:I checksum:2FB90163 plane_checksum:[BF180840 BF1564A5 072A946F] mean:[93 128 128] stdev:[43.3 3.1 1.7]
[Parsed_showinfo_1 @ 0x996cc00c0] [info] color_range:unknown color_space:unknown color_primaries:unknown color_trc:unknown
[Parsed_showinfo_1 @ 0x996cc00c0] [info] n:   9 pts:1621620 pts_time:18.018  duration:   3003 duration_time:0.0333667 fmt:yuv420p cl:left sar:1/1 s:480x360 i:P iskey:0 type:B checksum:D1899A0D plane_checksum:[E12BB1F2 31015973 71AE8E99] mean:[93 128 128] stdev:[42.7 3.2 1.8]
[Parsed_showinfo_1 @ 0x996cc00c0] [info] color_range:unknown color_space:unknown color_primaries:unknown color_trc:unknown
[Parsed_showinfo_1 @ 0x996cc00c0] [info] n:  10 pts:1801800 pts_time:20.02   duration:   3003 duration_time:0.0333667 fmt:yuv420p cl:left sar:1/1 s:480x360 i:P iskey:0 type:P checksum:49ECE1B7 plane_checksum:[4A4BEE19 68D362E9 52BE90A6] mean:[92 128 128] stdev:[42.3 3.2 1.8]
[Parsed_showinfo_1 @ 0x996cc00c0] [info] color_range:unknown color_space:unknown color_primaries:unknown color_trc:unknown
[Parsed_showinfo_1 @ 0x996cc00c0] [info] n:  11 pts:1981980 pts_time:22.022  duration:   3003 duration_time:0.0333667 fmt:yuv420p cl:left sar:1/1 s:480x360 i:P iskey:0 type:B checksum:1F9E55FB plane_checksum:[3D915CDC BE046E75 09118A9B] mean:[92 128 128] stdev:[41.6 3.2 1.8]
[Parsed_showinfo_1 @ 0x996cc00c0] [info] color_range:unknown color_space:unknown color_primaries:unknown color_trc:unknown
[Parsed_showinfo_1 @ 0x996cc00c0] [info] n:  12 pts:2162160 pts_time:24.024  duration:   3003 duration_time:0.0333667 fmt:yuv420p cl:left sar:1/1 s:480x360 i:P iskey:0 type:B checksum:324325F4 plane_checksum:[58993434 4C176BC3 02F785EE] mean:[92 128 128] stdev:[41.1 3.1 1.7]
[Parsed_showinfo_1 @ 0x996cc00c0] [info] color_range:unknown color_space:unknown color_primaries:unknown color_trc:unknown
[Parsed_showinfo_1 @ 0x996cc00c0] [info] n:  13 pts:2342340 pts_time:26.026  duration:   3003 duration_time:0.0333667 fmt:yuv420p cl:left sar:1/1 s:480x360 i:P iskey:0 type:P checksum:870DBF89 plane_checksum:[FDB8C861 684C7597 EFBE8182] mean:[92 128 128] stdev:[40.8 3.0 1.7]
[Parsed_showinfo_1 @ 0x996cc00c0] [info] color_range:unknown color_space:unknown color_primaries:unknown color_trc:unknown
[Parsed_showinfo_1 @ 0x996cc00c0] [info] n:  14 pts:2522520 pts_time:28.028  duration:   3003 duration_time:0.0333667 fmt:yuv420p cl:left sar:1/1 s:480x360 i:P iskey:0 type:B checksum:C484E14E plane_checksum:[750AFC43 35846DBC 5D767740] mean:[88 128 128] stdev:[40.1 3.0 1.6]
[Parsed_showinfo_1 @ 0x996cc00c0] [info] color_range:unknown color_space:unknown color_primaries:unknown color_trc:unknown
[Parsed_showinfo_1 @ 0x996cc00c0] [info] n:  15 pts:2702700 pts_time:30.03   duration:   3003 duration_time:0.0333667 fmt:yuv420p cl:left sar:1/1 s:480x360 i:P iskey:0 type:P checksum:6EB2CE62 plane_checksum:[107EEC17 D2A66BD7 D75C7665] mean:[86 128 128] stdev:[40.3 2.9 1.6]
[Parsed_showinfo_1 @ 0x996cc00c0] [info] color_range:unknown color_space:unknown color_primaries:unknown color_trc:unknown
[Parsed_showinfo_1 @ 0x996cc00c0] [info] n:  16 pts:2882880 pts_time:32.032  duration:   3003 duration_time:0.0333667 fmt:yuv420p cl:left sar:1/1 s:480x360 i:P iskey:1 type:I checksum:757687F3 plane_checksum:[66FFB6DF 5EAF6437 6FB16CCE] mean:[87 128 128] stdev:[40.4 2.6 1.5]
[Parsed_showinfo_1 @ 0x996cc00c0] [info] color_range:unknown color_space:unknown color_primaries:unknown color_trc:unknown
[Parsed_showinfo_1 @ 0x996cc00c0] [info] n:  17 pts:3060057 pts_time:34.000633 duration:   3003 duration_time:0.0333667 fmt:yuv420p cl:left sar:1/1 s:480x360 i:P iskey:0 type:P checksum:64DD332C plane_checksum:[337F6B31 C9275A02 BABA6DEA] mean:[87 128 128] stdev:[40.6 2.9 1.5]
[Parsed_showinfo_1 @ 0x996cc00c0] [info] color_range:unknown color_space:unknown color_primaries:unknown color_trc:unknown
[Parsed_showinfo_1 @ 0x996cc00c0] [info] n:  18 pts:3240237 pts_time:36.002633 duration:   3003 duration_time:0.0333667 fmt:yuv420p cl:left sar:1/1 s:480x360 i:P iskey:0 type:P checksum:46259A1F plane_checksum:[C29F7FA2 3668A55B 3DE37513] mean:[79 128 128] stdev:[42.9 2.7 1.5]
[Parsed_showinfo_1 @ 0x996cc00c0] [info] color_range:unknown color_space:unknown color_primaries:unknown color_trc:unknown
[Parsed_showinfo_1 @ 0x996cc00c0] [info] n:  19 pts:3420417 pts_time:38.004633 duration:   3003 duration_time:0.0333667 fmt:yuv420p cl:left sar:1/1 s:480x360 i:P iskey:0 type:P checksum:44A82C14 plane_checksum:[5921358E EFC8B1BD EFC044BA] mean:[79 128 128] stdev:[43.7 2.8 1.5]
[Parsed_showinfo_1 @ 0x996cc00c0] [info] color_range:unknown color_space:unknown color_primaries:unknown color_trc:unknown
[Parsed_showinfo_1 @ 0x996cc00c0] [info] n:  20 pts:3600597 pts_time:40.006633 duration:   3003 duration_time:0.0333667 fmt:yuv420p cl:left sar:1/1 s:480x360 i:P iskey:0 type:P checksum:8D2A867F plane_checksum:[1F0B68D5 A9CDCA7C CBA1531F] mean:[78 129 128] stdev:[45.0 2.8 1.4]
[Parsed_showinfo_1 @ 0x996cc00c0] [info] color_range:unknown color_space:unknown color_primaries:unknown color_trc:unknown
[Parsed_showinfo_1 @ 0x996cc00c0] [info] n:  21 pts:3780777 pts_time:42.008633 duration:   3003 duration_time:0.0333667 fmt:yuv420p cl:left sar:1/1 s:480x360 i:P iskey:0 type:B checksum:5660BA74 plane_checksum:[F0A1A0E5 D45E968E 4FD182F2] mean:[89 128 128] stdev:[45.6 2.8 1.6]
[Parsed_showinfo_1 @ 0x996cc00c0] [info] color_range:unknown color_space:unknown color_primaries:unknown color_trc:unknown
[Parsed_showinfo_1 @ 0x996cc00c0] [info] n:  22 pts:3960957 pts_time:44.010633 duration:   3003 duration_time:0.0333667 fmt:yuv420p cl:left sar:1/1 s:480x360 i:P iskey:0 type:P checksum:466AB27A plane_checksum:[68B0C60F C2AD3D29 E33EAF33] mean:[98 128 128] stdev:[49.5 2.9 1.6]
[Parsed_showinfo_1 @ 0x996cc00c0] [info] color_range:unknown color_space:unknown color_primaries:unknown color_trc:unknown
[Parsed_showinfo_1 @ 0x996cc00c0] [info] n:  23 pts:4141137 pts_time:46.012633 duration:   3003 duration_time:0.0333667 fmt:yuv420p cl:left sar:1/1 s:480x360 i:P iskey:0 type:B checksum:5D0B5CE7 plane_checksum:[08713A16 DA9649D1 9D39D8F1] mean:[94 128 129] stdev:[49.3 2.9 1.6]
[Parsed_showinfo_1 @ 0x996cc00c0] [info] color_range:unknown color_space:unknown color_primaries:unknown color_trc:unknown
[out#0/image2 @ 0x996c049c0] [info] video:4665KiB audio:0KiB subtitle:0KiB other streams:0KiB global headers:0KiB muxing overhead: unknown
[info] frame=   24 fps=0.0 q=-0.0 Lsize=N/A time=00:00:00.00 bitrate=N/A speed=   0x    
