[info] Input #0, avi, from '/Users/admin/docs/911-worktrees/sherlock-wtc7-investigation/research/sherlock-wtc7-investigation/cbs-vince-source-screen/stage3/raw/clip6-attempt2.avi':
[info]   Duration: 00:00:06.57, start: 0.000000, bitrate: 29957 kb/s
[info]   Stream #0:0: Video: dvvideo (dvsd / 0x64737664), yuv411p, 720x480 [SAR 8:9 DAR 4:3], 28771 kb/s, 29.97 fps, 29.97 tbr, 29.97 tbn
[info]   Stream #0:1: Audio: pcm_s16le ([1][0][0][0] / 0x0001), 32000 Hz, 2 channels, s16, 1024 kb/s
[info] Stream mapping:
[info]   Stream #0:0 -> #0:0 (dvvideo (native) -> png (native))
[Parsed_showinfo_1 @ 0xac2c28840] [info] config in time_base: 333673/10000000, frame_rate: 10000000/333673
[Parsed_showinfo_1 @ 0xac2c28840] [info] config out time_base: 0/0, frame_rate: 0/0
[Parsed_showinfo_1 @ 0xac2c28840] [info] n:   0 pts:      0 pts_time:0       duration:      1 duration_time:0.0333673 fmt:yuv411p cl:topleft sar:8/9 s:720x480 i:B iskey:0 type:? checksum:C8731F3D plane_checksum:[F61A9118 68217352 32431AC4] mean:[147 149 115] stdev:[50.7 20.8 12.8]
[Parsed_showinfo_1 @ 0xac2c28840] [info] color_range:unknown color_space:unknown color_primaries:unknown color_trc:unknown
[info] Output #0, image2, to '/Users/admin/docs/911-worktrees/sherlock-wtc7-investigation/research/sherlock-wtc7-investigation/cbs-vince-source-screen/stage3/run02/vince-clip6/native/frame-%06d.png':
[info]   Metadata:
[info]     encoder         : Lavf61.7.100
[info]   Stream #0:0: Video: png, rgb24(pc, gbr/unknown/unknown, bottom coded first (swapped)), 720x480 [SAR 8:9 DAR 4:3], q=2-31, 200 kb/s, 29.97 fps, 29.97 tbn
[info]       Metadata:
[info]         encoder         : Lavc61.19.101 png
[Parsed_showinfo_1 @ 0xac2c28840] [info] n:   1 pts:     25 pts_time:0.834183 duration:      1 duration_time:0.0333673 fmt:yuv411p cl:topleft sar:8/9 s:720x480 i:B iskey:0 type:? checksum:3C8A2652 plane_checksum:[2F2EF249 7DA86ECB 73EAC520] mean:[170 140 123] stdev:[53.4 17.3 10.0]
[Parsed_showinfo_1 @ 0xac2c28840] [info] color_range:unknown color_space:unknown color_primaries:unknown color_trc:unknown
[Parsed_showinfo_1 @ 0xac2c28840] [info] n:   2 pts:     49 pts_time:1.634998 duration:      1 duration_time:0.0333673 fmt:yuv411p cl:topleft sar:8/9 s:720x480 i:B iskey:0 type:? checksum:CAD78621 plane_checksum:[C2531C8C C3DBA88D CDD7C0F9] mean:[172 135 126] stdev:[53.5 14.6 8.2]
[Parsed_showinfo_1 @ 0xac2c28840] [info] color_range:unknown color_space:unknown color_primaries:unknown color_trc:unknown
[Parsed_showinfo_1 @ 0xac2c28840] [info] n:   3 pts:     74 pts_time:2.46918 duration:      1 duration_time:0.0333673 fmt:yuv411p cl:topleft sar:8/9 s:720x480 i:B iskey:0 type:? checksum:75A20BDD plane_checksum:[A04D32A1 3BA1C0F4 AD2C1839] mean:[169 135 124] stdev:[53.0 14.3 9.7]
[Parsed_showinfo_1 @ 0xac2c28840] [info] color_range:unknown color_space:unknown color_primaries:unknown color_trc:unknown
[Parsed_showinfo_1 @ 0xac2c28840] [info] n:   4 pts:     98 pts_time:3.269995 duration:      1 duration_time:0.0333673 fmt:yuv411p cl:topleft sar:8/9 s:720x480 i:B iskey:0 type:? checksum:7D8A0AE9 plane_checksum:[B9C6E342 19FF547F 8F9CD30A] mean:[154 153 114] stdev:[48.0 20.6 13.4]
[Parsed_showinfo_1 @ 0xac2c28840] [info] color_range:unknown color_space:unknown color_primaries:unknown color_trc:unknown
[Parsed_showinfo_1 @ 0xac2c28840] [info] n:   5 pts:    123 pts_time:4.104178 duration:      1 duration_time:0.0333673 fmt:yuv411p cl:topleft sar:8/9 s:720x480 i:B iskey:0 type:? checksum:D7043A1C plane_checksum:[4443C009 985D088F 62B37175] mean:[166 152 116] stdev:[52.2 19.9 13.1]
[Parsed_showinfo_1 @ 0xac2c28840] [info] color_range:unknown color_space:unknown color_primaries:unknown color_trc:unknown
[Parsed_showinfo_1 @ 0xac2c28840] [info] n:   6 pts:    147 pts_time:4.904993 duration:      1 duration_time:0.0333673 fmt:yuv411p cl:topleft sar:8/9 s:720x480 i:B iskey:0 type:? checksum:3A41D6F4 plane_checksum:[3A7DD80F 10049E4A 358C608C] mean:[161 145 121] stdev:[50.5 24.3 13.7]
[Parsed_showinfo_1 @ 0xac2c28840] [info] color_range:unknown color_space:unknown color_primaries:unknown color_trc:unknown
[Parsed_showinfo_1 @ 0xac2c28840] [info] n:   7 pts:    172 pts_time:5.739176 duration:      1 duration_time:0.0333673 fmt:yuv411p cl:topleft sar:8/9 s:720x480 i:B iskey:0 type:? checksum:F589AA7C plane_checksum:[AF37BF53 AADCADCD 006B3D4D] mean:[161 147 118] stdev:[50.8 22.0 13.2]
[Parsed_showinfo_1 @ 0xac2c28840] [info] color_range:unknown color_space:unknown color_primaries:unknown color_trc:unknown
[Parsed_showinfo_1 @ 0xac2c28840] [info] n:   8 pts:    196 pts_time:6.539991 duration:      1 duration_time:0.0333673 fmt:yuv411p cl:topleft sar:8/9 s:720x480 i:B iskey:0 type:? checksum:FD9CFAC9 plane_checksum:[E51D6820 B58B5CB9 DC2735F0] mean:[139 144 117] stdev:[52.5 19.1 12.9]
[Parsed_showinfo_1 @ 0xac2c28840] [info] color_range:unknown color_space:unknown color_primaries:unknown color_trc:unknown
[out#0/image2 @ 0xac2c28300] [info] video:6043KiB audio:0KiB subtitle:0KiB other streams:0KiB global headers:0KiB muxing overhead: unknown
[info] frame=    9 fps=0.0 q=-0.0 Lsize=N/A time=00:00:00.00 bitrate=N/A speed=   0x    
