[info] Input #0, mov,mp4,m4a,3gp,3g2,mj2, from '/Users/admin/docs/911/research/wtc7-video-comparison/media/analysis-source/NIST Camera 3.mp4':
[info]   Metadata:
[info]     major_brand     : mp42
[info]     minor_version   : 1
[info]     compatible_brands: M4V mp42isom
[info]     creation_time   : 2011-09-04T03:59:44.000000Z
[info]   Duration: 00:00:15.46, start: 0.000000, bitrate: 171 kb/s
[info]   Stream #0:0[0x1](eng): Video: h264 (High) (avc1 / 0x31637661), yuv420p(tv, smpte170m, progressive), 720x480 [SAR 1:1 DAR 3:2], 113 kb/s, 15 fps, 15 tbr, 15k tbn (default)
[info]       Metadata:
[info]         creation_time   : 2011-09-04T03:59:44.000000Z
[info]         handler_name    : Video Media Handler
[info]         vendor_id       : [0][0][0][0]
[info]         encoder         : AVC Coding
[info]   Stream #0:1[0x2](eng): Audio: aac (LC) (mp4a / 0x6134706D), 44100 Hz, stereo, fltp, 53 kb/s (default)
[info]       Metadata:
[info]         creation_time   : 2011-09-04T03:59:44.000000Z
[info]         handler_name    : Sound Media Handler
[info]         vendor_id       : [0][0][0][0]
[info] Stream mapping:
[info]   Stream #0:0 -> #0:0 (h264 (native) -> png (native))
[Parsed_showinfo_1 @ 0xb5504fa80] [info] config in time_base: 1/15000, frame_rate: 15/1
[Parsed_showinfo_1 @ 0xb5504fa80] [info] config out time_base: 0/0, frame_rate: 0/0
[swscaler @ 0xb52640000] [swscaler @ 0xb52bd0000] [warning] No accelerated colorspace conversion found from yuv420p to rgb24.
[swscaler @ 0xb52640000] [swscaler @ 0xb52be0000] [warning] No accelerated colorspace conversion found from yuv420p to rgb24.
[swscaler @ 0xb52640000] [swscaler @ 0xb52bf0000] [warning] No accelerated colorspace conversion found from yuv420p to rgb24.
[swscaler @ 0xb52640000] [swscaler @ 0xb52000000] [warning] No accelerated colorspace conversion found from yuv420p to rgb24.
[swscaler @ 0xb52640000] [swscaler @ 0xb52010000] [warning] No accelerated colorspace conversion found from yuv420p to rgb24.
[swscaler @ 0xb52640000] [swscaler @ 0xb52020000] [warning] No accelerated colorspace conversion found from yuv420p to rgb24.
[swscaler @ 0xb52640000] [swscaler @ 0xb52030000] [warning] No accelerated colorspace conversion found from yuv420p to rgb24.
[swscaler @ 0xb52640000] [swscaler @ 0xb52040000] [warning] No accelerated colorspace conversion found from yuv420p to rgb24.
[swscaler @ 0xb52640000] [swscaler @ 0xb52050000] [warning] No accelerated colorspace conversion found from yuv420p to rgb24.
[swscaler @ 0xb52640000] [swscaler @ 0xb52060000] [warning] No accelerated colorspace conversion found from yuv420p to rgb24.
[swscaler @ 0xb52640000] [swscaler @ 0xb52070000] [warning] No accelerated colorspace conversion found from yuv420p to rgb24.
[swscaler @ 0xb52640000] [swscaler @ 0xb52080000] [warning] No accelerated colorspace conversion found from yuv420p to rgb24.
[swscaler @ 0xb52640000] [swscaler @ 0xb52090000] [warning] No accelerated colorspace conversion found from yuv420p to rgb24.
[Parsed_showinfo_1 @ 0xb5504fa80] [info] n:   0 pts:      0 pts_time:0       duration:   1000 duration_time:0.0666667 fmt:yuv420p cl:left sar:1/1 s:720x480 i:P iskey:1 type:I checksum:DAB6B5EC plane_checksum:[EF92C8EB 2F3EB966 C264338C] mean:[196 128 128] stdev:[49.3 3.0 1.5]
[Parsed_showinfo_1 @ 0xb5504fa80] [info] color_range:tv color_space:smpte170m color_primaries:smpte170m color_trc:smpte170m
[info] Output #0, image2, to '/Users/admin/docs/911-worktrees/sherlock-wtc7-investigation/research/sherlock-wtc7-investigation/late-fire-video-lineage/run01-VID-WTC7-002/VID-WTC7-002/native/frame-%06d.png':
[info]   Metadata:
[info]     encoder         : Lavf61.7.100
[info]   Stream #0:0: Video: png, rgb24(pc, gbr/smpte170m/smpte170m, progressive), 720x480 [SAR 1:1 DAR 3:2], q=2-31, 200 kb/s, 15 fps, 15k tbn (default)
[info]       Metadata:
[info]         encoder         : Lavc61.19.101 png
[Parsed_showinfo_1 @ 0xb5504fa80] [info] n:   1 pts:  30000 pts_time:2       duration:   1000 duration_time:0.0666667 fmt:yuv420p cl:left sar:1/1 s:720x480 i:P iskey:0 type:P checksum:3B45FDA9 plane_checksum:[A73F1A69 4370C0C2 B8FD227E] mean:[198 128 128] stdev:[48.2 3.0 1.6]
[Parsed_showinfo_1 @ 0xb5504fa80] [info] color_range:tv color_space:smpte170m color_primaries:smpte170m color_trc:smpte170m
[Parsed_showinfo_1 @ 0xb5504fa80] [info] n:   2 pts:  60000 pts_time:4       duration:   1000 duration_time:0.0666667 fmt:yuv420p cl:left sar:1/1 s:720x480 i:P iskey:0 type:P checksum:9DE9F220 plane_checksum:[ED691C38 81B9B852 D1831D96] mean:[198 128 127] stdev:[48.0 3.0 1.6]
[Parsed_showinfo_1 @ 0xb5504fa80] [info] color_range:tv color_space:smpte170m color_primaries:smpte170m color_trc:smpte170m
[Parsed_showinfo_1 @ 0xb5504fa80] [info] n:   3 pts:  90000 pts_time:6       duration:   1000 duration_time:0.0666667 fmt:yuv420p cl:left sar:1/1 s:720x480 i:P iskey:0 type:P checksum:D285D791 plane_checksum:[4DBF1820 64ADAC77 CFD612FA] mean:[198 128 127] stdev:[47.9 3.0 1.6]
[Parsed_showinfo_1 @ 0xb5504fa80] [info] color_range:tv color_space:smpte170m color_primaries:smpte170m color_trc:smpte170m
[Parsed_showinfo_1 @ 0xb5504fa80] [info] n:   4 pts: 120000 pts_time:8       duration:   1000 duration_time:0.0666667 fmt:yuv420p cl:left sar:1/1 s:720x480 i:P iskey:0 type:P checksum:BE3969EF plane_checksum:[D150C894 191D8F5F C68911ED] mean:[199 128 127] stdev:[47.7 3.0 1.6]
[Parsed_showinfo_1 @ 0xb5504fa80] [info] color_range:tv color_space:smpte170m color_primaries:smpte170m color_trc:smpte170m
[Parsed_showinfo_1 @ 0xb5504fa80] [info] n:   5 pts: 150000 pts_time:10      duration:   1000 duration_time:0.0666667 fmt:yuv420p cl:left sar:1/1 s:720x480 i:P iskey:0 type:P checksum:0AA77F76 plane_checksum:[C2B2DEE5 07AD842E 240E1C54] mean:[199 128 127] stdev:[47.7 3.1 1.6]
[Parsed_showinfo_1 @ 0xb5504fa80] [info] color_range:tv color_space:smpte170m color_primaries:smpte170m color_trc:smpte170m
[Parsed_showinfo_1 @ 0xb5504fa80] [info] n:   6 pts: 180000 pts_time:12      duration:   1000 duration_time:0.0666667 fmt:yuv420p cl:left sar:1/1 s:720x480 i:P iskey:0 type:P checksum:4B580D7F plane_checksum:[85B673E7 B2725E77 E5FF3B12] mean:[202 128 128] stdev:[47.6 2.9 1.5]
[Parsed_showinfo_1 @ 0xb5504fa80] [info] color_range:tv color_space:smpte170m color_primaries:smpte170m color_trc:smpte170m
[Parsed_showinfo_1 @ 0xb5504fa80] [info] n:   7 pts: 210000 pts_time:14      duration:   1000 duration_time:0.0666667 fmt:yuv420p cl:left sar:1/1 s:720x480 i:P iskey:0 type:P checksum:A10A3491 plane_checksum:[FD26C834 E10EB09D 15DCBBA2] mean:[211 127 128] stdev:[45.1 2.5 1.1]
[Parsed_showinfo_1 @ 0xb5504fa80] [info] color_range:tv color_space:smpte170m color_primaries:smpte170m color_trc:smpte170m
[out#0/image2 @ 0xb5504c480] [info] video:1675KiB audio:0KiB subtitle:0KiB other streams:0KiB global headers:0KiB muxing overhead: unknown
[info] frame=    8 fps=0.0 q=-0.0 Lsize=N/A time=00:00:00.00 bitrate=N/A speed=   0x    
