{
    "programs": [

    ],
    "stream_groups": [

    ],
    "streams": [
        {
            "index": 0,
            "codec_name": "h264",
            "codec_type": "video",
            "width": 320,
            "height": 240,
            "sample_aspect_ratio": "1:1",
            "display_aspect_ratio": "4:3",
            "pix_fmt": "yuv420p",
            "chroma_location": "left",
            "field_order": "progressive",
            "r_frame_rate": "2997/100",
            "avg_frame_rate": "2997/100",
            "time_base": "1/2997",
            "start_pts": 0,
            "start_time": "0.000000",
            "duration": "2501.901902",
            "nb_frames": "74982"
        },
        {
            "index": 1,
            "codec_name": "aac",
            "codec_type": "audio",
            "r_frame_rate": "0/0",
            "avg_frame_rate": "0/0",
            "time_base": "1/44100",
            "start_pts": 0,
            "start_time": "0.000000",
            "duration": "2501.276735",
            "nb_frames": "107721"
        }
    ],
    "format": {
        "start_time": "0.000000",
        "duration": "2501.901902",
        "size": "181624272"
    }
}
