{
    "programs": [

    ],
    "stream_groups": [

    ],
    "streams": [
        {
            "index": 0,
            "codec_name": "h264",
            "codec_type": "video",
            "width": 480,
            "height": 360,
            "sample_aspect_ratio": "1:1",
            "display_aspect_ratio": "4:3",
            "pix_fmt": "yuv420p",
            "chroma_location": "left",
            "field_order": "progressive",
            "r_frame_rate": "30000/1001",
            "avg_frame_rate": "30000/1001",
            "time_base": "1/90000",
            "start_pts": 0,
            "start_time": "0.000000",
            "duration": "47.947900",
            "nb_frames": "1437"
        },
        {
            "index": 1,
            "codec_name": "aac",
            "codec_type": "audio",
            "r_frame_rate": "0/0",
            "avg_frame_rate": "0/0",
            "time_base": "1/44100",
            "start_pts": 0,
            "start_time": "0.000000",
            "duration": "47.949206",
            "nb_frames": "2065"
        }
    ],
    "format": {
        "start_time": "0.000000",
        "duration": "47.949206",
        "size": "1341523"
    }
}
