{
    "streams": [
        {
            "index": 0,
            "codec_name": "wmav2",
            "codec_long_name": "Windows Media Audio 2",
            "codec_type": "audio",
            "codec_tag_string": "a[1][0][0]",
            "codec_tag": "0x0161",
            "sample_fmt": "fltp",
            "sample_rate": "32000",
            "channels": 2,
            "bits_per_sample": 0,
            "initial_padding": 0,
            "r_frame_rate": "0/0",
            "avg_frame_rate": "0/0",
            "time_base": "1/1000",
            "start_pts": 33,
            "start_time": "0.033000",
            "duration_ts": 303102,
            "duration": "303.102000",
            "bit_rate": "32000",
            "extradata_size": 10,
            "disposition": {
                "default": 0,
                "dub": 0,
                "original": 0,
                "comment": 0,
                "lyrics": 0,
                "karaoke": 0,
                "forced": 0,
                "hearing_impaired": 0,
                "visual_impaired": 0,
                "clean_effects": 0,
                "attached_pic": 0,
                "timed_thumbnails": 0,
                "non_diegetic": 0,
                "captions": 0,
                "descriptions": 0,
                "metadata": 0,
                "dependent": 0,
                "still_image": 0,
                "multilayer": 0
            }
        },
        {
            "index": 1,
            "codec_name": "wmv1",
            "codec_long_name": "Windows Media Video 7",
            "codec_type": "video",
            "codec_tag_string": "WMV1",
            "codec_tag": "0x31564d57",
            "width": 320,
            "height": 240,
            "coded_width": 320,
            "coded_height": 240,
            "closed_captions": 0,
            "film_grain": 0,
            "has_b_frames": 0,
            "pix_fmt": "yuv420p",
            "level": -99,
            "refs": 1,
            "r_frame_rate": "15000/1001",
            "avg_frame_rate": "15000/1001",
            "time_base": "1/1000",
            "start_pts": 33,
            "start_time": "0.033000",
            "duration_ts": 303102,
            "duration": "303.102000",
            "disposition": {
                "default": 0,
                "dub": 0,
                "original": 0,
                "comment": 0,
                "lyrics": 0,
                "karaoke": 0,
                "forced": 0,
                "hearing_impaired": 0,
                "visual_impaired": 0,
                "clean_effects": 0,
                "attached_pic": 0,
                "timed_thumbnails": 0,
                "non_diegetic": 0,
                "captions": 0,
                "descriptions": 0,
                "metadata": 0,
                "dependent": 0,
                "still_image": 0,
                "multilayer": 0
            }
        }
    ],
    "format": {
        "filename": "/Users/admin/docs/911-worktrees/sherlock-wtc7-investigation/research/sherlock-wtc7-investigation/cbs-vms-content-check/sources/CBS-VMS-Wtc7.wmv",
        "nb_streams": 2,
        "nb_programs": 0,
        "nb_stream_groups": 0,
        "format_name": "asf",
        "format_long_name": "ASF (Advanced / Active Streaming Format)",
        "start_time": "0.033000",
        "duration": "303.102000",
        "size": "8717690",
        "bit_rate": "230092",
        "probe_score": 100,
        "tags": {
            "WMFSDKVersion": "8.00.00.4477",
            "WMFSDKNeeded": "0.0.0.0000",
            "artist": "Ramon"
        }
    }
}
