load_backend: loaded BLAS backend from /opt/homebrew/Cellar/ggml/0.22.0/libexec/libggml-blas.so
ggml_metal_device_init: tensor API disabled for pre-M5 and pre-A19 devices
ggml_metal_library_init: using embedded metal library
ggml_metal_library_compile_all: compiled 'fa' library in 95.971 sec
ggml_metal_library_compile_all: compiled 'mul_mv' library in 12.843 sec
ggml_metal_library_compile_all: compiled 'mul_mm' library in 15.031 sec
ggml_metal_library_compile_all: compiled 'quantize' library in 6.220 sec
ggml_metal_library_compile_all: compiled 'softmax' library in 2.223 sec
ggml_metal_library_compile_all: compiled 'norm' library in 2.543 sec
ggml_metal_library_compile_all: compiled 'unary' library in 2.589 sec
ggml_metal_library_compile_all: compiled 'binbcast' library in 2.543 sec
ggml_metal_library_compile_all: compiled 'reduce' library in 3.872 sec
ggml_metal_library_compile_all: compiled 'tri' library in 2.197 sec
ggml_metal_library_compile_all: compiled 'ssm' library in 3.042 sec
ggml_metal_library_compile_all: compiled 'wkv' library in 1.935 sec
ggml_metal_library_compile_all: compiled 'gated_delta_net' library in 95.943 sec
ggml_metal_library_compile_all: compiled 'solve_tri' library in 1.871 sec
ggml_metal_library_compile_all: compiled 'rope' library in 2.644 sec
ggml_metal_library_compile_all: compiled 'conv' library in 12.813 sec
ggml_metal_library_compile_all: compiled 'upscale' library in 1.870 sec
ggml_metal_library_compile_all: compiled 'argsort' library in 2.558 sec
ggml_metal_library_compile_all: compiled 'pool' library in 1.870 sec
ggml_metal_library_compile_all: compiled 'misc' library in 3.863 sec
ggml_metal_library_compile_all: loaded 20 libraries from embedded data in 95.980 sec (max single = 95.971 sec)
ggml_metal_rsets_init: creating a residency set collection (keep_alive = 180 s)
ggml_metal_device_init: GPU name:   MTL0 (Apple M2 Pro)
ggml_metal_device_init: GPU family: MTLGPUFamilyApple8  (1008)
ggml_metal_device_init: GPU family: MTLGPUFamilyCommon3 (3003)
ggml_metal_device_init: GPU family: MTLGPUFamilyMetal4  (5002)
ggml_metal_device_init: simdgroup reduction   = true
ggml_metal_device_init: simdgroup matrix mul. = true
ggml_metal_device_init: has unified memory    = true
ggml_metal_device_init: has bfloat            = true
ggml_metal_device_init: has tensor            = false
ggml_metal_device_init: use residency sets    = true
ggml_metal_device_init: use shared buffers    = true
ggml_metal_device_init: recommendedMaxWorkingSetSize  = 12713.12 MB
load_backend: loaded MTL backend from /opt/homebrew/Cellar/ggml/0.22.0/libexec/libggml-metal.so
load_backend: loaded CPU backend from /opt/homebrew/Cellar/ggml/0.22.0/libexec/libggml-cpu-apple_m2_m3.so

usage: /opt/homebrew/bin/whisper-cli [options] file0 file1 ...
supported audio formats: flac, mp3, ogg, wav

options:
  -h,        --help                 [default] show this help message and exit
             --version              show version information and exit
  -t N,      --threads N            [4      ] number of threads to use during computation
  -p N,      --processors N         [1      ] number of processors to use during computation
  -ot N,     --offset-t N           [0      ] time offset in milliseconds
  -on N,     --offset-n N           [0      ] segment index offset
  -d  N,     --duration N           [0      ] duration of audio to process in milliseconds
  -mc N,     --max-context N        [-1     ] maximum number of text context tokens to store
  -ml N,     --max-len N            [0      ] maximum segment length in characters
  -sow,      --split-on-word        [false  ] split on word rather than on token
  -bo N,     --best-of N            [5      ] number of best candidates to keep
  -bs N,     --beam-size N          [5      ] beam size for beam search
  -ac N,     --audio-ctx N          [0      ] audio context size (0 - all)
  -wt N,     --word-thold N         [0.01   ] word timestamp probability threshold
  -et N,     --entropy-thold N      [2.40   ] entropy threshold for decoder fail
  -lpt N,    --logprob-thold N      [-1.00  ] log probability threshold for decoder fail
  -nth N,    --no-speech-thold N    [0.60   ] no speech threshold
  -tp,       --temperature N        [0.00   ] The sampling temperature, between 0 and 1
  -tpi,      --temperature-inc N    [0.20   ] The increment of temperature, between 0 and 1
  -debug,    --debug-mode           [false  ] enable debug mode (eg. dump log_mel)
  -tr,       --translate            [false  ] translate from source language to english
  -di,       --diarize              [false  ] stereo audio diarization
  -tdrz,     --tinydiarize          [false  ] enable tinydiarize (requires a tdrz model)
  -nf,       --no-fallback          [false  ] do not use temperature fallback while decoding
  -otxt,     --output-txt           [false  ] output result in a text file
  -ovtt,     --output-vtt           [false  ] output result in a vtt file
  -osrt,     --output-srt           [false  ] output result in a srt file
  -olrc,     --output-lrc           [false  ] output result in a lrc file
  -owts,     --output-words         [false  ] output script for generating karaoke video
  -fp,       --font-path            [/System/Library/Fonts/Supplemental/Courier New Bold.ttf] path to a monospace font for karaoke video
  -ocsv,     --output-csv           [false  ] output result in a CSV file
  -oj,       --output-json          [false  ] output result in a JSON file
  -ojf,      --output-json-full     [false  ] include more information in the JSON file
  -of FNAME, --output-file FNAME    [       ] output file path (without file extension)
  -np,       --no-prints            [false  ] do not print anything other than the results
  -ps,       --print-special        [false  ] print special tokens
  -pc,       --print-colors         [false  ] print colors
             --print-confidence     [false  ] print confidence
  -pp,       --print-progress       [false  ] print progress
  -nt,       --no-timestamps        [false  ] do not print timestamps
  -l LANG,   --language LANG        [en     ] spoken language ('auto' for auto-detect)
  -dl,       --detect-language      [false  ] exit after automatically detecting language
             --prompt PROMPT        [       ] initial prompt (max n_text_ctx/2 tokens)
             --carry-initial-prompt [false  ] always prepend initial prompt
  -m FNAME,  --model FNAME          [models/ggml-base.en.bin] model path
  -f FNAME,  --file FNAME           [       ] input audio file path
  -oved D,   --ov-e-device DNAME    [CPU    ] the OpenVINO device used for encode inference
  -dtw MODEL --dtw MODEL            [       ] compute token-level timestamps
  -ls,       --log-score            [false  ] log best decoder scores of tokens
  -ng,       --no-gpu               [false  ] disable GPU
  -dev N,    --device N             [0      ] GPU device ID (default: 0)
  -fa,       --flash-attn           [true   ] enable flash attention
  -nfa,      --no-flash-attn        [false  ] disable flash attention
  -sns,      --suppress-nst         [false  ] suppress non-speech tokens
  --suppress-regex REGEX            [       ] regular expression matching tokens to suppress
  --grammar GRAMMAR                 [       ] GBNF grammar to guide decoding
  --grammar-rule RULE               [       ] top-level GBNF grammar rule name
  --grammar-penalty N               [100.0  ] scales down logits of nongrammar tokens

Voice Activity Detection (VAD) options:
             --vad                           [false  ] enable Voice Activity Detection (VAD)
  -vm FNAME, --vad-model FNAME               [       ] VAD model path
  -vt N,     --vad-threshold N               [0.50   ] VAD threshold for speech recognition
  -vspd N,   --vad-min-speech-duration-ms  N [250    ] VAD min speech duration (0.0-1.0)
  -vsd N,    --vad-min-silence-duration-ms N [100    ] VAD min silence duration (to split segments)
  -vmsd N,   --vad-max-speech-duration-s   N [FLT_MAX] VAD max speech duration (auto-split longer)
  -vp N,     --vad-speech-pad-ms           N [30     ] VAD speech padding (extend segments)
  -vo N,     --vad-samples-overlap         N [0.10   ] VAD samples overlap (seconds between segments)

