[info] Input #0, matroska,webm, from '/Users/admin/docs/911-worktrees/sherlock-wtc7-investigation/research/sherlock-wtc7-investigation/late-fire-video-lineage/v2-controls01/tiny-fixture/nonzero-gap.mkv':
[info]   Metadata:
[info]     ENCODER         : Lavf61.7.100
[info]   Duration: 00:00:07.75, start: 3.000000, bitrate: 12 kb/s
[info]   Stream #0:0: Video: ffv1 (FFV1 / 0x31564646), yuv420p(tv, progressive), 64x48, SAR 2:1 DAR 8:3, 4 tbr, 1k tbn
[info]       Metadata:
[info]         ENCODER         : Lavc61.19.101 ffv1
[info]         DURATION        : 00:00:07.750000000
[info] Stream mapping:
[info]   Stream #0:0 -> #0:0 (ffv1 (native) -> png (native))
[Parsed_showinfo_1 @ 0x982c04d80] [info] config in time_base: 1/1000, frame_rate: 4/1
[Parsed_showinfo_1 @ 0x982c04d80] [info] config out time_base: 0/0, frame_rate: 0/0
[swscaler @ 0x982410000] [swscaler @ 0x982000000] [warning] No accelerated colorspace conversion found from yuv420p to rgb24.
[swscaler @ 0x982410000] [swscaler @ 0x982010000] [warning] No accelerated colorspace conversion found from yuv420p to rgb24.
[swscaler @ 0x982410000] [swscaler @ 0x982020000] [warning] No accelerated colorspace conversion found from yuv420p to rgb24.
[swscaler @ 0x982410000] [swscaler @ 0x982030000] [warning] No accelerated colorspace conversion found from yuv420p to rgb24.
[swscaler @ 0x982410000] [swscaler @ 0x982040000] [warning] No accelerated colorspace conversion found from yuv420p to rgb24.
[swscaler @ 0x982410000] [swscaler @ 0x982050000] [warning] No accelerated colorspace conversion found from yuv420p to rgb24.
[swscaler @ 0x982410000] [swscaler @ 0x982060000] [warning] No accelerated colorspace conversion found from yuv420p to rgb24.
[swscaler @ 0x982410000] [swscaler @ 0x982070000] [warning] No accelerated colorspace conversion found from yuv420p to rgb24.
[swscaler @ 0x982410000] [swscaler @ 0x982080000] [warning] No accelerated colorspace conversion found from yuv420p to rgb24.
[swscaler @ 0x982410000] [swscaler @ 0x982090000] [warning] No accelerated colorspace conversion found from yuv420p to rgb24.
[swscaler @ 0x982410000] [swscaler @ 0x9820a0000] [warning] No accelerated colorspace conversion found from yuv420p to rgb24.
[swscaler @ 0x982410000] [swscaler @ 0x9820b0000] [warning] No accelerated colorspace conversion found from yuv420p to rgb24.
[swscaler @ 0x982410000] [swscaler @ 0x9820c0000] [warning] No accelerated colorspace conversion found from yuv420p to rgb24.
[Parsed_showinfo_1 @ 0x982c04d80] [info] n:   0 pts:   3000 pts_time:3       duration:      0 duration_time:0       fmt:yuv420p cl:unspecified sar:2/1 s:64x48 i:P iskey:1 type:I checksum:07646800 plane_checksum:[E92A5D55 8D827222 F7B1987A] mean:[72 123 136] stdev:[50.7 48.3 49.6]
[Parsed_showinfo_1 @ 0x982c04d80] [info] color_range:tv color_space:unknown color_primaries:unknown color_trc:unknown
[info] Output #0, image2, to '/Users/admin/docs/911-worktrees/sherlock-wtc7-investigation/research/sherlock-wtc7-investigation/late-fire-video-lineage/v2-controls01/tiny-fixture/failed-change-simulation/SYNTHETIC-ONLY/native/frame-%06d.png':
[info]   Metadata:
[info]     encoder         : Lavf61.7.100
[info]   Stream #0:0: Video: png, rgb24(pc, gbr/unknown/unknown, progressive), 64x48 [SAR 2:1 DAR 8:3], q=2-31, 200 kb/s, 4 fps, 1k tbn
[info]       Metadata:
[info]         encoder         : Lavc61.19.101 png
[Parsed_showinfo_1 @ 0x982c04d80] [info] n:   1 pts:   6000 pts_time:6       duration:      0 duration_time:0       fmt:yuv420p cl:unspecified sar:2/1 s:64x48 i:P iskey:0 type:I checksum:B50E636A plane_checksum:[CEED5AD1 4A516E5F 656D9A2B] mean:[72 122 137] stdev:[50.4 47.2 50.1]
[Parsed_showinfo_1 @ 0x982c04d80] [info] color_range:tv color_space:unknown color_primaries:unknown color_trc:unknown
[out#0/image2 @ 0x982c04840] [info] video:1KiB audio:0KiB subtitle:0KiB other streams:0KiB global headers:0KiB muxing overhead: unknown
[info] frame=    2 fps=0.0 q=-0.0 Lsize=N/A time=00:00:00.00 bitrate=N/A speed=   0x    
