{
    "frames": [
        {
            "pts": 15838,
            "best_effort_timestamp": 15838,
            "width": 320,
            "height": 240,
            "tags": {
                "timecode": "01:00:00:00"
            },
            "side_data_list": [
                {
                    "side_data_type": "AVPanScan"
                },
                {
                    "side_data_type": "GOP timecode",
                    "timecode": "01:00:00:00"
                }
            ]
        },
        {
            "pts": 18838,
            "best_effort_timestamp": 18838,
            "width": 320,
            "height": 240,
            "side_data_list": [
                {
                    "side_data_type": "AVPanScan"
                }
            ]
        },
        {
            "pts": 21838,
            "best_effort_timestamp": 21838,
            "width": 320,
            "height": 240,
            "side_data_list": [
                {
                    "side_data_type": "AVPanScan"
                }
            ]
        },
        {
            "pts": 24838,
            "best_effort_timestamp": 24838,
            "width": 320,
            "height": 240,
            "side_data_list": [
                {
                    "side_data_type": "AVPanScan"
                }
            ]
        },
        {
            "pts": 27838,
            "best_effort_timestamp": 27838,
            "width": 320,
            "height": 240,
            "side_data_list": [
                {
                    "side_data_type": "AVPanScan"
                }
            ]
        },
        {
            "pts": 30838,
            "best_effort_timestamp": 30838,
            "width": 320,
            "height": 240,
            "side_data_list": [
                {
                    "side_data_type": "AVPanScan"
                }
            ]
        },
        {
            "pts": 33838,
            "best_effort_timestamp": 33838,
            "width": 320,
            "height": 240,
            "side_data_list": [
                {
                    "side_data_type": "AVPanScan"
                }
            ]
        },
        {
            "pts": 36838,
            "best_effort_timestamp": 36838,
            "width": 320,
            "height": 240,
            "side_data_list": [
                {
                    "side_data_type": "AVPanScan"
                }
            ]
        },
        {
            "pts": 39838,
            "best_effort_timestamp": 39838,
            "width": 320,
            "height": 240,
            "side_data_list": [
                {
                    "side_data_type": "AVPanScan"
                }
            ]
        },
        {
            "pts": 42838,
            "best_effort_timestamp": 42838,
            "width": 320,
            "height": 240,
            "side_data_list": [
                {
                    "side_data_type": "AVPanScan"
                }
            ]
        },
        {
            "pts": 45838,
            "best_effort_timestamp": 45838,
            "width": 320,
            "height": 240,
            "side_data_list": [
                {
                    "side_data_type": "AVPanScan"
                }
            ]
        },
        {
            "pts": 48838,
            "best_effort_timestamp": 48838,
            "width": 320,
            "height": 240,
            "side_data_list": [
                {
                    "side_data_type": "AVPanScan"
                }
            ]
        },
        {
            "pts": 51838,
            "best_effort_timestamp": 51838,
            "width": 320,
            "height": 240,
            "tags": {
                "timecode": "01:00:00:13"
            },
            "side_data_list": [
                {
                    "side_data_type": "AVPanScan"
                },
                {
                    "side_data_type": "GOP timecode",
                    "timecode": "01:00:00:13"
                }
            ]
        },
        {
            "pts": 54838,
            "best_effort_timestamp": 54838,
            "width": 320,
            "height": 240,
            "side_data_list": [
                {
                    "side_data_type": "AVPanScan"
                }
            ]
        },
        {
            "pts": 57838,
            "best_effort_timestamp": 57838,
            "width": 320,
            "height": 240,
            "side_data_list": [
                {
                    "side_data_type": "AVPanScan"
                }
            ]
        },
        {
            "pts": 60838,
            "best_effort_timestamp": 60838,
            "width": 320,
            "height": 240,
            "side_data_list": [
                {
                    "side_data_type": "AVPanScan"
                }
            ]
        },
        {
            "pts": 63838,
            "best_effort_timestamp": 63838,
            "width": 320,
            "height": 240,
            "side_data_list": [
                {
                    "side_data_type": "AVPanScan"
                }
            ]
        },
        {
            "pts": 66838,
            "best_effort_timestamp": 66838,
            "width": 320,
            "height": 240,
            "side_data_list": [
                {
                    "side_data_type": "AVPanScan"
                }
            ]
        },
        {
            "pts": 69838,
            "best_effort_timestamp": 69838,
            "width": 320,
            "height": 240,
            "side_data_list": [
                {
                    "side_data_type": "AVPanScan"
                }
            ]
        },
        {
            "pts": 72838,
            "best_effort_timestamp": 72838,
            "width": 320,
            "height": 240,
            "side_data_list": [
                {
                    "side_data_type": "AVPanScan"
                }
            ]
        },
        {
            "pts": 75838,
            "best_effort_timestamp": 75838,
            "width": 320,
            "height": 240,
            "side_data_list": [
                {
                    "side_data_type": "AVPanScan"
                }
            ]
        },
        {
            "pts": 78838,
            "best_effort_timestamp": 78838,
            "width": 320,
            "height": 240,
            "side_data_list": [
                {
                    "side_data_type": "AVPanScan"
                }
            ]
        },
        {
            "pts": 81838,
            "best_effort_timestamp": 81838,
            "width": 320,
            "height": 240,
            "side_data_list": [
                {
                    "side_data_type": "AVPanScan"
                }
            ]
        },
        {
            "pts": 84838,
            "best_effort_timestamp": 84838,
            "width": 320,
            "height": 240,
            "side_data_list": [
                {
                    "side_data_type": "AVPanScan"
                }
            ]
        },
        {
            "pts": 87838,
            "best_effort_timestamp": 87838,
            "width": 320,
            "height": 240,
            "tags": {
                "timecode": "01:00:00:25"
            },
            "side_data_list": [
                {
                    "side_data_type": "AVPanScan"
                },
                {
                    "side_data_type": "GOP timecode",
                    "timecode": "01:00:00:25"
                }
            ]
        },
        {
            "pts": 90838,
            "best_effort_timestamp": 90838,
            "width": 320,
            "height": 240,
            "side_data_list": [
                {
                    "side_data_type": "AVPanScan"
                }
            ]
        },
        {
            "pts": 93838,
            "best_effort_timestamp": 93838,
            "width": 320,
            "height": 240,
            "side_data_list": [
                {
                    "side_data_type": "AVPanScan"
                }
            ]
        },
        {
            "pts": 96838,
            "best_effort_timestamp": 96838,
            "width": 320,
            "height": 240,
            "side_data_list": [
                {
                    "side_data_type": "AVPanScan"
                }
            ]
        },
        {
            "pts": 99838,
            "best_effort_timestamp": 99838,
            "width": 320,
            "height": 240,
            "side_data_list": [
                {
                    "side_data_type": "AVPanScan"
                }
            ]
        },
        {
            "pts": 102838,
            "best_effort_timestamp": 102838,
            "width": 320,
            "height": 240,
            "side_data_list": [
                {
                    "side_data_type": "AVPanScan"
                }
            ]
        },
        {
            "pts": 105838,
            "best_effort_timestamp": 105838,
            "width": 320,
            "height": 240,
            "side_data_list": [
                {
                    "side_data_type": "AVPanScan"
                }
            ]
        },
        {
            "pts": 108838,
            "best_effort_timestamp": 108838,
            "width": 320,
            "height": 240,
            "side_data_list": [
                {
                    "side_data_type": "AVPanScan"
                }
            ]
        },
        {
            "pts": 111838,
            "best_effort_timestamp": 111838,
            "width": 320,
            "height": 240,
            "side_data_list": [
                {
                    "side_data_type": "AVPanScan"
                }
            ]
        },
        {
            "pts": 114838,
            "best_effort_timestamp": 114838,
            "width": 320,
            "height": 240,
            "side_data_list": [
                {
                    "side_data_type": "AVPanScan"
                }
            ]
        },
        {
            "pts": 117838,
            "best_effort_timestamp": 117838,
            "width": 320,
            "height": 240,
            "side_data_list": [
                {
                    "side_data_type": "AVPanScan"
                }
            ]
        },
        {
            "pts": 120838,
            "best_effort_timestamp": 120838,
            "width": 320,
            "height": 240,
            "side_data_list": [
                {
                    "side_data_type": "AVPanScan"
                }
            ]
        },
        {
            "pts": 123838,
            "best_effort_timestamp": 123838,
            "width": 320,
            "height": 240,
            "tags": {
                "timecode": "01:00:01:07"
            },
            "side_data_list": [
                {
                    "side_data_type": "AVPanScan"
                },
                {
                    "side_data_type": "GOP timecode",
                    "timecode": "01:00:01:07"
                }
            ]
        },
        {
            "pts": 126838,
            "best_effort_timestamp": 126838,
            "width": 320,
            "height": 240,
            "side_data_list": [
                {
                    "side_data_type": "AVPanScan"
                }
            ]
        },
        {
            "pts": 129838,
            "best_effort_timestamp": 129838,
            "width": 320,
            "height": 240,
            "side_data_list": [
                {
                    "side_data_type": "AVPanScan"
                }
            ]
        },
        {
            "pts": 132838,
            "best_effort_timestamp": 132838,
            "width": 320,
            "height": 240,
            "side_data_list": [
                {
                    "side_data_type": "AVPanScan"
                }
            ]
        },
        {
            "pts": 135838,
            "best_effort_timestamp": 135838,
            "width": 320,
            "height": 240,
            "side_data_list": [
                {
                    "side_data_type": "AVPanScan"
                }
            ]
        },
        {
            "pts": 138838,
            "best_effort_timestamp": 138838,
            "width": 320,
            "height": 240,
            "side_data_list": [
                {
                    "side_data_type": "AVPanScan"
                }
            ]
        },
        {
            "pts": 141838,
            "best_effort_timestamp": 141838,
            "width": 320,
            "height": 240,
            "side_data_list": [
                {
                    "side_data_type": "AVPanScan"
                }
            ]
        },
        {
            "pts": 144838,
            "best_effort_timestamp": 144838,
            "width": 320,
            "height": 240,
            "side_data_list": [
                {
                    "side_data_type": "AVPanScan"
                }
            ]
        },
        {
            "pts": 147838,
            "best_effort_timestamp": 147838,
            "width": 320,
            "height": 240,
            "side_data_list": [
                {
                    "side_data_type": "AVPanScan"
                }
            ]
        },
        {
            "pts": 150838,
            "best_effort_timestamp": 150838,
            "width": 320,
            "height": 240,
            "side_data_list": [
                {
                    "side_data_type": "AVPanScan"
                }
            ]
        },
        {
            "pts": 153838,
            "best_effort_timestamp": 153838,
            "width": 320,
            "height": 240,
            "side_data_list": [
                {
                    "side_data_type": "AVPanScan"
                }
            ]
        },
        {
            "pts": 156838,
            "best_effort_timestamp": 156838,
            "width": 320,
            "height": 240,
            "side_data_list": [
                {
                    "side_data_type": "AVPanScan"
                }
            ]
        },
        {
            "pts": 159838,
            "best_effort_timestamp": 159838,
            "width": 320,
            "height": 240,
            "tags": {
                "timecode": "01:00:01:19"
            },
            "side_data_list": [
                {
                    "side_data_type": "AVPanScan"
                },
                {
                    "side_data_type": "GOP timecode",
                    "timecode": "01:00:01:19"
                }
            ]
        },
        {
            "pts": 162838,
            "best_effort_timestamp": 162838,
            "width": 320,
            "height": 240,
            "side_data_list": [
                {
                    "side_data_type": "AVPanScan"
                }
            ]
        },
        {
            "pts": 165838,
            "best_effort_timestamp": 165838,
            "width": 320,
            "height": 240,
            "side_data_list": [
                {
                    "side_data_type": "AVPanScan"
                }
            ]
        },
        {
            "pts": 168838,
            "best_effort_timestamp": 168838,
            "width": 320,
            "height": 240,
            "side_data_list": [
                {
                    "side_data_type": "AVPanScan"
                }
            ]
        },
        {
            "pts": 171838,
            "best_effort_timestamp": 171838,
            "width": 320,
            "height": 240,
            "side_data_list": [
                {
                    "side_data_type": "AVPanScan"
                }
            ]
        },
        {
            "pts": 174838,
            "best_effort_timestamp": 174838,
            "width": 320,
            "height": 240,
            "side_data_list": [
                {
                    "side_data_type": "AVPanScan"
                }
            ]
        },
        {
            "pts": 177838,
            "best_effort_timestamp": 177838,
            "width": 320,
            "height": 240,
            "side_data_list": [
                {
                    "side_data_type": "AVPanScan"
                }
            ]
        },
        {
            "pts": 180838,
            "best_effort_timestamp": 180838,
            "width": 320,
            "height": 240,
            "side_data_list": [
                {
                    "side_data_type": "AVPanScan"
                }
            ]
        },
        {
            "pts": 183838,
            "best_effort_timestamp": 183838,
            "width": 320,
            "height": 240,
            "side_data_list": [
                {
                    "side_data_type": "AVPanScan"
                }
            ]
        },
        {
            "pts": 186838,
            "best_effort_timestamp": 186838,
            "width": 320,
            "height": 240,
            "side_data_list": [
                {
                    "side_data_type": "AVPanScan"
                }
            ]
        },
        {
            "pts": 189838,
            "best_effort_timestamp": 189838,
            "width": 320,
            "height": 240,
            "side_data_list": [
                {
                    "side_data_type": "AVPanScan"
                }
            ]
        },
        {
            "pts": 192838,
            "best_effort_timestamp": 192838,
            "width": 320,
            "height": 240,
            "side_data_list": [
                {
                    "side_data_type": "AVPanScan"
                }
            ]
        },
        {
            "pts": 195838,
            "best_effort_timestamp": 195838,
            "width": 320,
            "height": 240,
            "tags": {
                "timecode": "01:00:02:01"
            },
            "side_data_list": [
                {
                    "side_data_type": "AVPanScan"
                },
                {
                    "side_data_type": "GOP timecode",
                    "timecode": "01:00:02:01"
                }
            ]
        },
        {
            "pts": 198838,
            "best_effort_timestamp": 198838,
            "width": 320,
            "height": 240,
            "side_data_list": [
                {
                    "side_data_type": "AVPanScan"
                }
            ]
        },
        {
            "pts": 201838,
            "best_effort_timestamp": 201838,
            "width": 320,
            "height": 240,
            "side_data_list": [
                {
                    "side_data_type": "AVPanScan"
                }
            ]
        },
        {
            "pts": 204838,
            "best_effort_timestamp": 204838,
            "width": 320,
            "height": 240,
            "side_data_list": [
                {
                    "side_data_type": "AVPanScan"
                }
            ]
        },
        {
            "pts": 207838,
            "best_effort_timestamp": 207838,
            "width": 320,
            "height": 240,
            "side_data_list": [
                {
                    "side_data_type": "AVPanScan"
                }
            ]
        },
        {
            "pts": 210838,
            "best_effort_timestamp": 210838,
            "width": 320,
            "height": 240,
            "side_data_list": [
                {
                    "side_data_type": "AVPanScan"
                }
            ]
        },
        {
            "pts": 213838,
            "best_effort_timestamp": 213838,
            "width": 320,
            "height": 240,
            "side_data_list": [
                {
                    "side_data_type": "AVPanScan"
                }
            ]
        },
        {
            "pts": 216838,
            "best_effort_timestamp": 216838,
            "width": 320,
            "height": 240,
            "side_data_list": [
                {
                    "side_data_type": "AVPanScan"
                }
            ]
        },
        {
            "pts": 219838,
            "best_effort_timestamp": 219838,
            "width": 320,
            "height": 240,
            "side_data_list": [
                {
                    "side_data_type": "AVPanScan"
                }
            ]
        },
        {
            "pts": 222838,
            "best_effort_timestamp": 222838,
            "width": 320,
            "height": 240,
            "side_data_list": [
                {
                    "side_data_type": "AVPanScan"
                }
            ]
        },
        {
            "pts": 225838,
            "best_effort_timestamp": 225838,
            "width": 320,
            "height": 240,
            "side_data_list": [
                {
                    "side_data_type": "AVPanScan"
                }
            ]
        },
        {
            "pts": 228838,
            "best_effort_timestamp": 228838,
            "width": 320,
            "height": 240,
            "side_data_list": [
                {
                    "side_data_type": "AVPanScan"
                }
            ]
        },
        {
            "pts": 231838,
            "best_effort_timestamp": 231838,
            "width": 320,
            "height": 240,
            "tags": {
                "timecode": "01:00:02:13"
            },
            "side_data_list": [
                {
                    "side_data_type": "AVPanScan"
                },
                {
                    "side_data_type": "GOP timecode",
                    "timecode": "01:00:02:13"
                }
            ]
        },
        {
            "pts": 234838,
            "best_effort_timestamp": 234838,
            "width": 320,
            "height": 240,
            "side_data_list": [
                {
                    "side_data_type": "AVPanScan"
                }
            ]
        },
        {
            "pts": 237838,
            "best_effort_timestamp": 237838,
            "width": 320,
            "height": 240,
            "side_data_list": [
                {
                    "side_data_type": "AVPanScan"
                }
            ]
        },
        {
            "pts": 240838,
            "best_effort_timestamp": 240838,
            "width": 320,
            "height": 240,
            "side_data_list": [
                {
                    "side_data_type": "AVPanScan"
                }
            ]
        },
        {
            "pts": 243838,
            "best_effort_timestamp": 243838,
            "width": 320,
            "height": 240,
            "side_data_list": [
                {
                    "side_data_type": "AVPanScan"
                }
            ]
        },
        {
            "pts": 246838,
            "best_effort_timestamp": 246838,
            "width": 320,
            "height": 240,
            "side_data_list": [
                {
                    "side_data_type": "AVPanScan"
                }
            ]
        },
        {
            "pts": 249838,
            "best_effort_timestamp": 249838,
            "width": 320,
            "height": 240,
            "side_data_list": [
                {
                    "side_data_type": "AVPanScan"
                }
            ]
        },
        {
            "pts": 252838,
            "best_effort_timestamp": 252838,
            "width": 320,
            "height": 240,
            "side_data_list": [
                {
                    "side_data_type": "AVPanScan"
                }
            ]
        },
        {
            "pts": 255838,
            "best_effort_timestamp": 255838,
            "width": 320,
            "height": 240,
            "side_data_list": [
                {
                    "side_data_type": "AVPanScan"
                }
            ]
        },
        {
            "pts": 258838,
            "best_effort_timestamp": 258838,
            "width": 320,
            "height": 240,
            "side_data_list": [
                {
                    "side_data_type": "AVPanScan"
                }
            ]
        },
        {
            "pts": 261838,
            "best_effort_timestamp": 261838,
            "width": 320,
            "height": 240,
            "side_data_list": [
                {
                    "side_data_type": "AVPanScan"
                }
            ]
        },
        {
            "pts": 264838,
            "best_effort_timestamp": 264838,
            "width": 320,
            "height": 240,
            "side_data_list": [
                {
                    "side_data_type": "AVPanScan"
                }
            ]
        },
        {
            "pts": 267838,
            "best_effort_timestamp": 267838,
            "width": 320,
            "height": 240,
            "tags": {
                "timecode": "01:00:02:25"
            },
            "side_data_list": [
                {
                    "side_data_type": "AVPanScan"
                },
                {
                    "side_data_type": "GOP timecode",
                    "timecode": "01:00:02:25"
                }
            ]
        },
        {
            "pts": 270838,
            "best_effort_timestamp": 270838,
            "width": 320,
            "height": 240,
            "side_data_list": [
                {
                    "side_data_type": "AVPanScan"
                }
            ]
        },
        {
            "pts": 273838,
            "best_effort_timestamp": 273838,
            "width": 320,
            "height": 240,
            "side_data_list": [
                {
                    "side_data_type": "AVPanScan"
                }
            ]
        },
        {
            "pts": 276838,
            "best_effort_timestamp": 276838,
            "width": 320,
            "height": 240,
            "side_data_list": [
                {
                    "side_data_type": "AVPanScan"
                }
            ]
        },
        {
            "pts": 279838,
            "best_effort_timestamp": 279838,
            "width": 320,
            "height": 240,
            "side_data_list": [
                {
                    "side_data_type": "AVPanScan"
                }
            ]
        },
        {
            "pts": 282838,
            "best_effort_timestamp": 282838,
            "width": 320,
            "height": 240,
            "side_data_list": [
                {
                    "side_data_type": "AVPanScan"
                }
            ]
        },
        {
            "pts": 285838,
            "best_effort_timestamp": 285838,
            "width": 320,
            "height": 240,
            "side_data_list": [
                {
                    "side_data_type": "AVPanScan"
                }
            ]
        },
        {
            "pts": 288838,
            "best_effort_timestamp": 288838,
            "width": 320,
            "height": 240,
            "side_data_list": [
                {
                    "side_data_type": "AVPanScan"
                }
            ]
        },
        {
            "pts": 291838,
            "best_effort_timestamp": 291838,
            "width": 320,
            "height": 240,
            "side_data_list": [
                {
                    "side_data_type": "AVPanScan"
                }
            ]
        },
        {
            "pts": 294838,
            "best_effort_timestamp": 294838,
            "width": 320,
            "height": 240,
            "side_data_list": [
                {
                    "side_data_type": "AVPanScan"
                }
            ]
        },
        {
            "pts": 297838,
            "best_effort_timestamp": 297838,
            "width": 320,
            "height": 240,
            "side_data_list": [
                {
                    "side_data_type": "AVPanScan"
                }
            ]
        },
        {
            "pts": 300838,
            "best_effort_timestamp": 300838,
            "width": 320,
            "height": 240,
            "side_data_list": [
                {
                    "side_data_type": "AVPanScan"
                }
            ]
        },
        {
            "pts": 303838,
            "best_effort_timestamp": 303838,
            "width": 320,
            "height": 240,
            "tags": {
                "timecode": "01:00:03:07"
            },
            "side_data_list": [
                {
                    "side_data_type": "AVPanScan"
                },
                {
                    "side_data_type": "GOP timecode",
                    "timecode": "01:00:03:07"
                }
            ]
        },
        {
            "pts": 306838,
            "best_effort_timestamp": 306838,
            "width": 320,
            "height": 240,
            "side_data_list": [
                {
                    "side_data_type": "AVPanScan"
                }
            ]
        },
        {
            "pts": 309838,
            "best_effort_timestamp": 309838,
            "width": 320,
            "height": 240,
            "side_data_list": [
                {
                    "side_data_type": "AVPanScan"
                }
            ]
        },
        {
            "pts": 312838,
            "best_effort_timestamp": 312838,
            "width": 320,
            "height": 240,
            "side_data_list": [
                {
                    "side_data_type": "AVPanScan"
                }
            ]
        },
        {
            "pts": 315838,
            "best_effort_timestamp": 315838,
            "width": 320,
            "height": 240,
            "side_data_list": [
                {
                    "side_data_type": "AVPanScan"
                }
            ]
        },
        {
            "pts": 318838,
            "best_effort_timestamp": 318838,
            "width": 320,
            "height": 240,
            "side_data_list": [
                {
                    "side_data_type": "AVPanScan"
                }
            ]
        },
        {
            "pts": 321838,
            "best_effort_timestamp": 321838,
            "width": 320,
            "height": 240,
            "side_data_list": [
                {
                    "side_data_type": "AVPanScan"
                }
            ]
        },
        {
            "pts": 324838,
            "best_effort_timestamp": 324838,
            "width": 320,
            "height": 240,
            "side_data_list": [
                {
                    "side_data_type": "AVPanScan"
                }
            ]
        },
        {
            "pts": 327838,
            "best_effort_timestamp": 327838,
            "width": 320,
            "height": 240,
            "side_data_list": [
                {
                    "side_data_type": "AVPanScan"
                }
            ]
        },
        {
            "pts": 330838,
            "best_effort_timestamp": 330838,
            "width": 320,
            "height": 240,
            "side_data_list": [
                {
                    "side_data_type": "AVPanScan"
                }
            ]
        },
        {
            "pts": 333838,
            "best_effort_timestamp": 333838,
            "width": 320,
            "height": 240,
            "side_data_list": [
                {
                    "side_data_type": "AVPanScan"
                }
            ]
        },
        {
            "pts": 336838,
            "best_effort_timestamp": 336838,
            "width": 320,
            "height": 240,
            "side_data_list": [
                {
                    "side_data_type": "AVPanScan"
                }
            ]
        },
        {
            "pts": 339838,
            "best_effort_timestamp": 339838,
            "width": 320,
            "height": 240,
            "tags": {
                "timecode": "01:00:03:19"
            },
            "side_data_list": [
                {
                    "side_data_type": "AVPanScan"
                },
                {
                    "side_data_type": "GOP timecode",
                    "timecode": "01:00:03:19"
                }
            ]
        },
        {
            "pts": 342838,
            "best_effort_timestamp": 342838,
            "width": 320,
            "height": 240,
            "side_data_list": [
                {
                    "side_data_type": "AVPanScan"
                }
            ]
        },
        {
            "pts": 345838,
            "best_effort_timestamp": 345838,
            "width": 320,
            "height": 240,
            "side_data_list": [
                {
                    "side_data_type": "AVPanScan"
                }
            ]
        },
        {
            "pts": 348838,
            "best_effort_timestamp": 348838,
            "width": 320,
            "height": 240,
            "side_data_list": [
                {
                    "side_data_type": "AVPanScan"
                }
            ]
        },
        {
            "pts": 351838,
            "best_effort_timestamp": 351838,
            "width": 320,
            "height": 240,
            "side_data_list": [
                {
                    "side_data_type": "AVPanScan"
                }
            ]
        },
        {
            "pts": 354838,
            "best_effort_timestamp": 354838,
            "width": 320,
            "height": 240,
            "side_data_list": [
                {
                    "side_data_type": "AVPanScan"
                }
            ]
        },
        {
            "pts": 357838,
            "best_effort_timestamp": 357838,
            "width": 320,
            "height": 240,
            "side_data_list": [
                {
                    "side_data_type": "AVPanScan"
                }
            ]
        },
        {
            "pts": 360838,
            "best_effort_timestamp": 360838,
            "width": 320,
            "height": 240,
            "side_data_list": [
                {
                    "side_data_type": "AVPanScan"
                }
            ]
        },
        {
            "pts": 363838,
            "best_effort_timestamp": 363838,
            "width": 320,
            "height": 240,
            "side_data_list": [
                {
                    "side_data_type": "AVPanScan"
                }
            ]
        },
        {
            "pts": 366838,
            "best_effort_timestamp": 366838,
            "width": 320,
            "height": 240,
            "side_data_list": [
                {
                    "side_data_type": "AVPanScan"
                }
            ]
        },
        {
            "pts": 369838,
            "best_effort_timestamp": 369838,
            "width": 320,
            "height": 240,
            "side_data_list": [
                {
                    "side_data_type": "AVPanScan"
                }
            ]
        },
        {
            "pts": 372838,
            "best_effort_timestamp": 372838,
            "width": 320,
            "height": 240,
            "side_data_list": [
                {
                    "side_data_type": "AVPanScan"
                }
            ]
        },
        {
            "pts": 375838,
            "best_effort_timestamp": 375838,
            "width": 320,
            "height": 240,
            "tags": {
                "timecode": "01:00:04:01"
            },
            "side_data_list": [
                {
                    "side_data_type": "AVPanScan"
                },
                {
                    "side_data_type": "GOP timecode",
                    "timecode": "01:00:04:01"
                }
            ]
        },
        {
            "pts": 378838,
            "best_effort_timestamp": 378838,
            "width": 320,
            "height": 240,
            "side_data_list": [
                {
                    "side_data_type": "AVPanScan"
                }
            ]
        },
        {
            "pts": 381838,
            "best_effort_timestamp": 381838,
            "width": 320,
            "height": 240,
            "side_data_list": [
                {
                    "side_data_type": "AVPanScan"
                }
            ]
        },
        {
            "pts": 384838,
            "best_effort_timestamp": 384838,
            "width": 320,
            "height": 240,
            "side_data_list": [
                {
                    "side_data_type": "AVPanScan"
                }
            ]
        },
        {
            "pts": 387838,
            "best_effort_timestamp": 387838,
            "width": 320,
            "height": 240,
            "side_data_list": [
                {
                    "side_data_type": "AVPanScan"
                }
            ]
        },
        {
            "pts": 390838,
            "best_effort_timestamp": 390838,
            "width": 320,
            "height": 240,
            "side_data_list": [
                {
                    "side_data_type": "AVPanScan"
                }
            ]
        },
        {
            "pts": 393838,
            "best_effort_timestamp": 393838,
            "width": 320,
            "height": 240,
            "side_data_list": [
                {
                    "side_data_type": "AVPanScan"
                }
            ]
        },
        {
            "pts": 396838,
            "best_effort_timestamp": 396838,
            "width": 320,
            "height": 240,
            "side_data_list": [
                {
                    "side_data_type": "AVPanScan"
                }
            ]
        },
        {
            "pts": 399838,
            "best_effort_timestamp": 399838,
            "width": 320,
            "height": 240,
            "side_data_list": [
                {
                    "side_data_type": "AVPanScan"
                }
            ]
        },
        {
            "pts": 402838,
            "best_effort_timestamp": 402838,
            "width": 320,
            "height": 240,
            "side_data_list": [
                {
                    "side_data_type": "AVPanScan"
                }
            ]
        },
        {
            "pts": 405838,
            "best_effort_timestamp": 405838,
            "width": 320,
            "height": 240,
            "side_data_list": [
                {
                    "side_data_type": "AVPanScan"
                }
            ]
        },
        {
            "pts": 408838,
            "best_effort_timestamp": 408838,
            "width": 320,
            "height": 240,
            "side_data_list": [
                {
                    "side_data_type": "AVPanScan"
                }
            ]
        },
        {
            "pts": 411838,
            "best_effort_timestamp": 411838,
            "width": 320,
            "height": 240,
            "tags": {
                "timecode": "01:00:04:13"
            },
            "side_data_list": [
                {
                    "side_data_type": "AVPanScan"
                },
                {
                    "side_data_type": "GOP timecode",
                    "timecode": "01:00:04:13"
                }
            ]
        },
        {
            "pts": 414838,
            "best_effort_timestamp": 414838,
            "width": 320,
            "height": 240,
            "side_data_list": [
                {
                    "side_data_type": "AVPanScan"
                }
            ]
        },
        {
            "pts": 417838,
            "best_effort_timestamp": 417838,
            "width": 320,
            "height": 240,
            "side_data_list": [
                {
                    "side_data_type": "AVPanScan"
                }
            ]
        },
        {
            "pts": 420838,
            "best_effort_timestamp": 420838,
            "width": 320,
            "height": 240,
            "side_data_list": [
                {
                    "side_data_type": "AVPanScan"
                }
            ]
        },
        {
            "pts": 423838,
            "best_effort_timestamp": 423838,
            "width": 320,
            "height": 240,
            "side_data_list": [
                {
                    "side_data_type": "AVPanScan"
                }
            ]
        },
        {
            "pts": 426838,
            "best_effort_timestamp": 426838,
            "width": 320,
            "height": 240,
            "side_data_list": [
                {
                    "side_data_type": "AVPanScan"
                }
            ]
        },
        {
            "pts": 429838,
            "best_effort_timestamp": 429838,
            "width": 320,
            "height": 240,
            "side_data_list": [
                {
                    "side_data_type": "AVPanScan"
                }
            ]
        },
        {
            "pts": 432838,
            "best_effort_timestamp": 432838,
            "width": 320,
            "height": 240,
            "side_data_list": [
                {
                    "side_data_type": "AVPanScan"
                }
            ]
        },
        {
            "pts": 435838,
            "best_effort_timestamp": 435838,
            "width": 320,
            "height": 240,
            "side_data_list": [
                {
                    "side_data_type": "AVPanScan"
                }
            ]
        },
        {
            "pts": 438838,
            "best_effort_timestamp": 438838,
            "width": 320,
            "height": 240,
            "side_data_list": [
                {
                    "side_data_type": "AVPanScan"
                }
            ]
        },
        {
            "pts": 441838,
            "best_effort_timestamp": 441838,
            "width": 320,
            "height": 240,
            "side_data_list": [
                {
                    "side_data_type": "AVPanScan"
                }
            ]
        },
        {
            "pts": 444838,
            "best_effort_timestamp": 444838,
            "width": 320,
            "height": 240,
            "side_data_list": [
                {
                    "side_data_type": "AVPanScan"
                }
            ]
        },
        {
            "pts": 447838,
            "best_effort_timestamp": 447838,
            "width": 320,
            "height": 240,
            "tags": {
                "timecode": "01:00:04:25"
            },
            "side_data_list": [
                {
                    "side_data_type": "AVPanScan"
                },
                {
                    "side_data_type": "GOP timecode",
                    "timecode": "01:00:04:25"
                }
            ]
        },
        {
            "pts": 450838,
            "best_effort_timestamp": 450838,
            "width": 320,
            "height": 240,
            "side_data_list": [
                {
                    "side_data_type": "AVPanScan"
                }
            ]
        },
        {
            "pts": 453838,
            "best_effort_timestamp": 453838,
            "width": 320,
            "height": 240,
            "side_data_list": [
                {
                    "side_data_type": "AVPanScan"
                }
            ]
        },
        {
            "pts": 456838,
            "best_effort_timestamp": 456838,
            "width": 320,
            "height": 240,
            "side_data_list": [
                {
                    "side_data_type": "AVPanScan"
                }
            ]
        },
        {
            "pts": 459838,
            "best_effort_timestamp": 459838,
            "width": 320,
            "height": 240,
            "side_data_list": [
                {
                    "side_data_type": "AVPanScan"
                }
            ]
        },
        {
            "pts": 462838,
            "best_effort_timestamp": 462838,
            "width": 320,
            "height": 240,
            "side_data_list": [
                {
                    "side_data_type": "AVPanScan"
                }
            ]
        },
        {
            "pts": 465838,
            "best_effort_timestamp": 465838,
            "width": 320,
            "height": 240,
            "side_data_list": [
                {
                    "side_data_type": "AVPanScan"
                }
            ]
        },
        {
            "pts": 468838,
            "best_effort_timestamp": 468838,
            "width": 320,
            "height": 240,
            "side_data_list": [
                {
                    "side_data_type": "AVPanScan"
                }
            ]
        },
        {
            "pts": 471838,
            "best_effort_timestamp": 471838,
            "width": 320,
            "height": 240,
            "side_data_list": [
                {
                    "side_data_type": "AVPanScan"
                }
            ]
        },
        {
            "pts": 474838,
            "best_effort_timestamp": 474838,
            "width": 320,
            "height": 240,
            "side_data_list": [
                {
                    "side_data_type": "AVPanScan"
                }
            ]
        },
        {
            "pts": 477838,
            "best_effort_timestamp": 477838,
            "width": 320,
            "height": 240,
            "side_data_list": [
                {
                    "side_data_type": "AVPanScan"
                }
            ]
        },
        {
            "pts": 480838,
            "best_effort_timestamp": 480838,
            "width": 320,
            "height": 240,
            "side_data_list": [
                {
                    "side_data_type": "AVPanScan"
                }
            ]
        },
        {
            "pts": 483838,
            "best_effort_timestamp": 483838,
            "width": 320,
            "height": 240,
            "tags": {
                "timecode": "01:00:05:07"
            },
            "side_data_list": [
                {
                    "side_data_type": "AVPanScan"
                },
                {
                    "side_data_type": "GOP timecode",
                    "timecode": "01:00:05:07"
                }
            ]
        },
        {
            "pts": 486838,
            "best_effort_timestamp": 486838,
            "width": 320,
            "height": 240,
            "side_data_list": [
                {
                    "side_data_type": "AVPanScan"
                }
            ]
        },
        {
            "pts": 489838,
            "best_effort_timestamp": 489838,
            "width": 320,
            "height": 240,
            "side_data_list": [
                {
                    "side_data_type": "AVPanScan"
                }
            ]
        },
        {
            "pts": 492838,
            "best_effort_timestamp": 492838,
            "width": 320,
            "height": 240,
            "side_data_list": [
                {
                    "side_data_type": "AVPanScan"
                }
            ]
        },
        {
            "pts": 495838,
            "best_effort_timestamp": 495838,
            "width": 320,
            "height": 240,
            "side_data_list": [
                {
                    "side_data_type": "AVPanScan"
                }
            ]
        },
        {
            "pts": 498838,
            "best_effort_timestamp": 498838,
            "width": 320,
            "height": 240,
            "side_data_list": [
                {
                    "side_data_type": "AVPanScan"
                }
            ]
        },
        {
            "pts": 501838,
            "best_effort_timestamp": 501838,
            "width": 320,
            "height": 240,
            "side_data_list": [
                {
                    "side_data_type": "AVPanScan"
                }
            ]
        },
        {
            "pts": 504838,
            "best_effort_timestamp": 504838,
            "width": 320,
            "height": 240,
            "side_data_list": [
                {
                    "side_data_type": "AVPanScan"
                }
            ]
        },
        {
            "pts": 507838,
            "best_effort_timestamp": 507838,
            "width": 320,
            "height": 240,
            "side_data_list": [
                {
                    "side_data_type": "AVPanScan"
                }
            ]
        },
        {
            "pts": 510838,
            "best_effort_timestamp": 510838,
            "width": 320,
            "height": 240,
            "side_data_list": [
                {
                    "side_data_type": "AVPanScan"
                }
            ]
        },
        {
            "pts": 513838,
            "best_effort_timestamp": 513838,
            "width": 320,
            "height": 240,
            "side_data_list": [
                {
                    "side_data_type": "AVPanScan"
                }
            ]
        },
        {
            "pts": 516838,
            "best_effort_timestamp": 516838,
            "width": 320,
            "height": 240,
            "side_data_list": [
                {
                    "side_data_type": "AVPanScan"
                }
            ]
        },
        {
            "pts": 519838,
            "best_effort_timestamp": 519838,
            "width": 320,
            "height": 240,
            "tags": {
                "timecode": "01:00:05:19"
            },
            "side_data_list": [
                {
                    "side_data_type": "AVPanScan"
                },
                {
                    "side_data_type": "GOP timecode",
                    "timecode": "01:00:05:19"
                }
            ]
        },
        {
            "pts": 522838,
            "best_effort_timestamp": 522838,
            "width": 320,
            "height": 240,
            "side_data_list": [
                {
                    "side_data_type": "AVPanScan"
                }
            ]
        },
        {
            "pts": 525838,
            "best_effort_timestamp": 525838,
            "width": 320,
            "height": 240,
            "side_data_list": [
                {
                    "side_data_type": "AVPanScan"
                }
            ]
        },
        {
            "pts": 528838,
            "best_effort_timestamp": 528838,
            "width": 320,
            "height": 240,
            "side_data_list": [
                {
                    "side_data_type": "AVPanScan"
                }
            ]
        },
        {
            "pts": 531838,
            "best_effort_timestamp": 531838,
            "width": 320,
            "height": 240,
            "side_data_list": [
                {
                    "side_data_type": "AVPanScan"
                }
            ]
        },
        {
            "pts": 534838,
            "best_effort_timestamp": 534838,
            "width": 320,
            "height": 240,
            "side_data_list": [
                {
                    "side_data_type": "AVPanScan"
                }
            ]
        },
        {
            "pts": 537838,
            "best_effort_timestamp": 537838,
            "width": 320,
            "height": 240,
            "side_data_list": [
                {
                    "side_data_type": "AVPanScan"
                }
            ]
        },
        {
            "pts": 540838,
            "best_effort_timestamp": 540838,
            "width": 320,
            "height": 240,
            "side_data_list": [
                {
                    "side_data_type": "AVPanScan"
                }
            ]
        },
        {
            "pts": 543838,
            "best_effort_timestamp": 543838,
            "width": 320,
            "height": 240,
            "side_data_list": [
                {
                    "side_data_type": "AVPanScan"
                }
            ]
        },
        {
            "pts": 546838,
            "best_effort_timestamp": 546838,
            "width": 320,
            "height": 240,
            "side_data_list": [
                {
                    "side_data_type": "AVPanScan"
                }
            ]
        },
        {
            "pts": 549838,
            "best_effort_timestamp": 549838,
            "width": 320,
            "height": 240,
            "side_data_list": [
                {
                    "side_data_type": "AVPanScan"
                }
            ]
        },
        {
            "pts": 552838,
            "best_effort_timestamp": 552838,
            "width": 320,
            "height": 240,
            "side_data_list": [
                {
                    "side_data_type": "AVPanScan"
                }
            ]
        },
        {
            "pts": 555838,
            "best_effort_timestamp": 555838,
            "width": 320,
            "height": 240,
            "tags": {
                "timecode": "01:00:06:01"
            },
            "side_data_list": [
                {
                    "side_data_type": "AVPanScan"
                },
                {
                    "side_data_type": "GOP timecode",
                    "timecode": "01:00:06:01"
                }
            ]
        },
        {
            "pts": 558838,
            "best_effort_timestamp": 558838,
            "width": 320,
            "height": 240,
            "side_data_list": [
                {
                    "side_data_type": "AVPanScan"
                }
            ]
        },
        {
            "pts": 561838,
            "best_effort_timestamp": 561838,
            "width": 320,
            "height": 240,
            "side_data_list": [
                {
                    "side_data_type": "AVPanScan"
                }
            ]
        },
        {
            "pts": 564838,
            "best_effort_timestamp": 564838,
            "width": 320,
            "height": 240,
            "side_data_list": [
                {
                    "side_data_type": "AVPanScan"
                }
            ]
        },
        {
            "pts": 567838,
            "best_effort_timestamp": 567838,
            "width": 320,
            "height": 240,
            "side_data_list": [
                {
                    "side_data_type": "AVPanScan"
                }
            ]
        },
        {
            "pts": 570838,
            "best_effort_timestamp": 570838,
            "width": 320,
            "height": 240,
            "side_data_list": [
                {
                    "side_data_type": "AVPanScan"
                }
            ]
        },
        {
            "pts": 573838,
            "best_effort_timestamp": 573838,
            "width": 320,
            "height": 240,
            "side_data_list": [
                {
                    "side_data_type": "AVPanScan"
                }
            ]
        },
        {
            "pts": 576838,
            "best_effort_timestamp": 576838,
            "width": 320,
            "height": 240,
            "side_data_list": [
                {
                    "side_data_type": "AVPanScan"
                }
            ]
        },
        {
            "pts": 579838,
            "best_effort_timestamp": 579838,
            "width": 320,
            "height": 240,
            "side_data_list": [
                {
                    "side_data_type": "AVPanScan"
                }
            ]
        },
        {
            "pts": 582838,
            "best_effort_timestamp": 582838,
            "width": 320,
            "height": 240,
            "side_data_list": [
                {
                    "side_data_type": "AVPanScan"
                }
            ]
        },
        {
            "pts": 585838,
            "best_effort_timestamp": 585838,
            "width": 320,
            "height": 240,
            "side_data_list": [
                {
                    "side_data_type": "AVPanScan"
                }
            ]
        },
        {
            "pts": 588838,
            "best_effort_timestamp": 588838,
            "width": 320,
            "height": 240,
            "side_data_list": [
                {
                    "side_data_type": "AVPanScan"
                }
            ]
        },
        {
            "pts": 591838,
            "best_effort_timestamp": 591838,
            "width": 320,
            "height": 240,
            "tags": {
                "timecode": "01:00:06:13"
            },
            "side_data_list": [
                {
                    "side_data_type": "AVPanScan"
                },
                {
                    "side_data_type": "GOP timecode",
                    "timecode": "01:00:06:13"
                }
            ]
        },
        {
            "pts": 594838,
            "best_effort_timestamp": 594838,
            "width": 320,
            "height": 240,
            "side_data_list": [
                {
                    "side_data_type": "AVPanScan"
                }
            ]
        },
        {
            "pts": 597838,
            "best_effort_timestamp": 597838,
            "width": 320,
            "height": 240,
            "side_data_list": [
                {
                    "side_data_type": "AVPanScan"
                }
            ]
        },
        {
            "pts": 600838,
            "best_effort_timestamp": 600838,
            "width": 320,
            "height": 240,
            "side_data_list": [
                {
                    "side_data_type": "AVPanScan"
                }
            ]
        },
        {
            "pts": 603838,
            "best_effort_timestamp": 603838,
            "width": 320,
            "height": 240,
            "side_data_list": [
                {
                    "side_data_type": "AVPanScan"
                }
            ]
        },
        {
            "pts": 606838,
            "best_effort_timestamp": 606838,
            "width": 320,
            "height": 240,
            "side_data_list": [
                {
                    "side_data_type": "AVPanScan"
                }
            ]
        },
        {
            "pts": 609838,
            "best_effort_timestamp": 609838,
            "width": 320,
            "height": 240,
            "side_data_list": [
                {
                    "side_data_type": "AVPanScan"
                }
            ]
        },
        {
            "pts": 612838,
            "best_effort_timestamp": 612838,
            "width": 320,
            "height": 240,
            "side_data_list": [
                {
                    "side_data_type": "AVPanScan"
                }
            ]
        },
        {
            "pts": 615838,
            "best_effort_timestamp": 615838,
            "width": 320,
            "height": 240,
            "side_data_list": [
                {
                    "side_data_type": "AVPanScan"
                }
            ]
        },
        {
            "pts": 618838,
            "best_effort_timestamp": 618838,
            "width": 320,
            "height": 240,
            "side_data_list": [
                {
                    "side_data_type": "AVPanScan"
                }
            ]
        },
        {
            "pts": 621838,
            "best_effort_timestamp": 621838,
            "width": 320,
            "height": 240,
            "side_data_list": [
                {
                    "side_data_type": "AVPanScan"
                }
            ]
        },
        {
            "pts": 624838,
            "best_effort_timestamp": 624838,
            "width": 320,
            "height": 240,
            "side_data_list": [
                {
                    "side_data_type": "AVPanScan"
                }
            ]
        },
        {
            "pts": 627838,
            "best_effort_timestamp": 627838,
            "width": 320,
            "height": 240,
            "tags": {
                "timecode": "01:00:06:25"
            },
            "side_data_list": [
                {
                    "side_data_type": "AVPanScan"
                },
                {
                    "side_data_type": "GOP timecode",
                    "timecode": "01:00:06:25"
                }
            ]
        },
        {
            "pts": 630838,
            "best_effort_timestamp": 630838,
            "width": 320,
            "height": 240,
            "side_data_list": [
                {
                    "side_data_type": "AVPanScan"
                }
            ]
        },
        {
            "pts": 633838,
            "best_effort_timestamp": 633838,
            "width": 320,
            "height": 240,
            "side_data_list": [
                {
                    "side_data_type": "AVPanScan"
                }
            ]
        },
        {
            "pts": 636838,
            "best_effort_timestamp": 636838,
            "width": 320,
            "height": 240,
            "side_data_list": [
                {
                    "side_data_type": "AVPanScan"
                }
            ]
        },
        {
            "pts": 639838,
            "best_effort_timestamp": 639838,
            "width": 320,
            "height": 240,
            "side_data_list": [
                {
                    "side_data_type": "AVPanScan"
                }
            ]
        },
        {
            "pts": 642838,
            "best_effort_timestamp": 642838,
            "width": 320,
            "height": 240,
            "side_data_list": [
                {
                    "side_data_type": "AVPanScan"
                }
            ]
        },
        {
            "pts": 645838,
            "best_effort_timestamp": 645838,
            "width": 320,
            "height": 240,
            "side_data_list": [
                {
                    "side_data_type": "AVPanScan"
                }
            ]
        },
        {
            "pts": 648838,
            "best_effort_timestamp": 648838,
            "width": 320,
            "height": 240,
            "side_data_list": [
                {
                    "side_data_type": "AVPanScan"
                }
            ]
        },
        {
            "pts": 651838,
            "best_effort_timestamp": 651838,
            "width": 320,
            "height": 240,
            "side_data_list": [
                {
                    "side_data_type": "AVPanScan"
                }
            ]
        },
        {
            "pts": 654838,
            "best_effort_timestamp": 654838,
            "width": 320,
            "height": 240,
            "side_data_list": [
                {
                    "side_data_type": "AVPanScan"
                }
            ]
        },
        {
            "pts": 657838,
            "best_effort_timestamp": 657838,
            "width": 320,
            "height": 240,
            "side_data_list": [
                {
                    "side_data_type": "AVPanScan"
                }
            ]
        },
        {
            "pts": 660838,
            "best_effort_timestamp": 660838,
            "width": 320,
            "height": 240,
            "side_data_list": [
                {
                    "side_data_type": "AVPanScan"
                }
            ]
        },
        {
            "pts": 663838,
            "best_effort_timestamp": 663838,
            "width": 320,
            "height": 240,
            "tags": {
                "timecode": "01:00:07:07"
            },
            "side_data_list": [
                {
                    "side_data_type": "AVPanScan"
                },
                {
                    "side_data_type": "GOP timecode",
                    "timecode": "01:00:07:07"
                }
            ]
        },
        {
            "pts": 666838,
            "best_effort_timestamp": 666838,
            "width": 320,
            "height": 240,
            "side_data_list": [
                {
                    "side_data_type": "AVPanScan"
                }
            ]
        },
        {
            "pts": 669838,
            "best_effort_timestamp": 669838,
            "width": 320,
            "height": 240,
            "side_data_list": [
                {
                    "side_data_type": "AVPanScan"
                }
            ]
        },
        {
            "pts": 672838,
            "best_effort_timestamp": 672838,
            "width": 320,
            "height": 240,
            "side_data_list": [
                {
                    "side_data_type": "AVPanScan"
                }
            ]
        },
        {
            "pts": 675838,
            "best_effort_timestamp": 675838,
            "width": 320,
            "height": 240,
            "side_data_list": [
                {
                    "side_data_type": "AVPanScan"
                }
            ]
        },
        {
            "pts": 678838,
            "best_effort_timestamp": 678838,
            "width": 320,
            "height": 240,
            "side_data_list": [
                {
                    "side_data_type": "AVPanScan"
                }
            ]
        },
        {
            "pts": 681838,
            "best_effort_timestamp": 681838,
            "width": 320,
            "height": 240,
            "side_data_list": [
                {
                    "side_data_type": "AVPanScan"
                }
            ]
        },
        {
            "pts": 684838,
            "best_effort_timestamp": 684838,
            "width": 320,
            "height": 240,
            "side_data_list": [
                {
                    "side_data_type": "AVPanScan"
                }
            ]
        },
        {
            "pts": 687838,
            "best_effort_timestamp": 687838,
            "width": 320,
            "height": 240,
            "side_data_list": [
                {
                    "side_data_type": "AVPanScan"
                }
            ]
        },
        {
            "pts": 690838,
            "best_effort_timestamp": 690838,
            "width": 320,
            "height": 240,
            "side_data_list": [
                {
                    "side_data_type": "AVPanScan"
                }
            ]
        },
        {
            "pts": 693838,
            "best_effort_timestamp": 693838,
            "width": 320,
            "height": 240,
            "side_data_list": [
                {
                    "side_data_type": "AVPanScan"
                }
            ]
        },
        {
            "pts": 696838,
            "best_effort_timestamp": 696838,
            "width": 320,
            "height": 240,
            "side_data_list": [
                {
                    "side_data_type": "AVPanScan"
                }
            ]
        },
        {
            "pts": 699838,
            "best_effort_timestamp": 699838,
            "width": 320,
            "height": 240,
            "tags": {
                "timecode": "01:00:07:19"
            },
            "side_data_list": [
                {
                    "side_data_type": "AVPanScan"
                },
                {
                    "side_data_type": "GOP timecode",
                    "timecode": "01:00:07:19"
                }
            ]
        },
        {
            "pts": 702838,
            "best_effort_timestamp": 702838,
            "width": 320,
            "height": 240,
            "side_data_list": [
                {
                    "side_data_type": "AVPanScan"
                }
            ]
        },
        {
            "pts": 705838,
            "best_effort_timestamp": 705838,
            "width": 320,
            "height": 240,
            "side_data_list": [
                {
                    "side_data_type": "AVPanScan"
                }
            ]
        },
        {
            "pts": 708838,
            "best_effort_timestamp": 708838,
            "width": 320,
            "height": 240,
            "side_data_list": [
                {
                    "side_data_type": "AVPanScan"
                }
            ]
        },
        {
            "pts": 711838,
            "best_effort_timestamp": 711838,
            "width": 320,
            "height": 240,
            "side_data_list": [
                {
                    "side_data_type": "AVPanScan"
                }
            ]
        },
        {
            "pts": 714838,
            "best_effort_timestamp": 714838,
            "width": 320,
            "height": 240,
            "side_data_list": [
                {
                    "side_data_type": "AVPanScan"
                }
            ]
        },
        {
            "pts": 717838,
            "best_effort_timestamp": 717838,
            "width": 320,
            "height": 240,
            "side_data_list": [
                {
                    "side_data_type": "AVPanScan"
                }
            ]
        },
        {
            "pts": 720838,
            "best_effort_timestamp": 720838,
            "width": 320,
            "height": 240,
            "side_data_list": [
                {
                    "side_data_type": "AVPanScan"
                }
            ]
        },
        {
            "pts": 723838,
            "best_effort_timestamp": 723838,
            "width": 320,
            "height": 240,
            "side_data_list": [
                {
                    "side_data_type": "AVPanScan"
                }
            ]
        },
        {
            "pts": 726838,
            "best_effort_timestamp": 726838,
            "width": 320,
            "height": 240,
            "side_data_list": [
                {
                    "side_data_type": "AVPanScan"
                }
            ]
        },
        {
            "pts": 729838,
            "best_effort_timestamp": 729838,
            "width": 320,
            "height": 240,
            "side_data_list": [
                {
                    "side_data_type": "AVPanScan"
                }
            ]
        },
        {
            "pts": 732838,
            "best_effort_timestamp": 732838,
            "width": 320,
            "height": 240,
            "side_data_list": [
                {
                    "side_data_type": "AVPanScan"
                }
            ]
        },
        {
            "pts": 735838,
            "best_effort_timestamp": 735838,
            "width": 320,
            "height": 240,
            "tags": {
                "timecode": "01:00:08:01"
            },
            "side_data_list": [
                {
                    "side_data_type": "AVPanScan"
                },
                {
                    "side_data_type": "GOP timecode",
                    "timecode": "01:00:08:01"
                }
            ]
        },
        {
            "pts": 738838,
            "best_effort_timestamp": 738838,
            "width": 320,
            "height": 240,
            "side_data_list": [
                {
                    "side_data_type": "AVPanScan"
                }
            ]
        },
        {
            "pts": 741838,
            "best_effort_timestamp": 741838,
            "width": 320,
            "height": 240,
            "side_data_list": [
                {
                    "side_data_type": "AVPanScan"
                }
            ]
        },
        {
            "pts": 744838,
            "best_effort_timestamp": 744838,
            "width": 320,
            "height": 240,
            "side_data_list": [
                {
                    "side_data_type": "AVPanScan"
                }
            ]
        },
        {
            "pts": 747838,
            "best_effort_timestamp": 747838,
            "width": 320,
            "height": 240,
            "side_data_list": [
                {
                    "side_data_type": "AVPanScan"
                }
            ]
        },
        {
            "pts": 750838,
            "best_effort_timestamp": 750838,
            "width": 320,
            "height": 240,
            "side_data_list": [
                {
                    "side_data_type": "AVPanScan"
                }
            ]
        },
        {
            "pts": 753838,
            "best_effort_timestamp": 753838,
            "width": 320,
            "height": 240,
            "side_data_list": [
                {
                    "side_data_type": "AVPanScan"
                }
            ]
        },
        {
            "pts": 756838,
            "best_effort_timestamp": 756838,
            "width": 320,
            "height": 240,
            "side_data_list": [
                {
                    "side_data_type": "AVPanScan"
                }
            ]
        },
        {
            "pts": 759838,
            "best_effort_timestamp": 759838,
            "width": 320,
            "height": 240,
            "side_data_list": [
                {
                    "side_data_type": "AVPanScan"
                }
            ]
        },
        {
            "pts": 762838,
            "best_effort_timestamp": 762838,
            "width": 320,
            "height": 240,
            "side_data_list": [
                {
                    "side_data_type": "AVPanScan"
                }
            ]
        },
        {
            "pts": 765838,
            "best_effort_timestamp": 765838,
            "width": 320,
            "height": 240,
            "side_data_list": [
                {
                    "side_data_type": "AVPanScan"
                }
            ]
        },
        {
            "pts": 768838,
            "best_effort_timestamp": 768838,
            "width": 320,
            "height": 240,
            "side_data_list": [
                {
                    "side_data_type": "AVPanScan"
                }
            ]
        },
        {
            "pts": 771838,
            "best_effort_timestamp": 771838,
            "width": 320,
            "height": 240,
            "side_data_list": [
                {
                    "side_data_type": "AVPanScan"
                }
            ]
        },
        {
            "pts": 774838,
            "best_effort_timestamp": 774838,
            "width": 320,
            "height": 240,
            "side_data_list": [
                {
                    "side_data_type": "AVPanScan"
                }
            ]
        },
        {
            "pts": 777838,
            "best_effort_timestamp": 777838,
            "width": 320,
            "height": 240,
            "side_data_list": [
                {
                    "side_data_type": "AVPanScan"
                }
            ]
        },
        {
            "pts": 780838,
            "best_effort_timestamp": 780838,
            "width": 320,
            "height": 240,
            "tags": {
                "timecode": "01:00:08:16"
            },
            "side_data_list": [
                {
                    "side_data_type": "AVPanScan"
                },
                {
                    "side_data_type": "GOP timecode",
                    "timecode": "01:00:08:16"
                }
            ]
        },
        {
            "pts": 783838,
            "best_effort_timestamp": 783838,
            "width": 320,
            "height": 240,
            "side_data_list": [
                {
                    "side_data_type": "AVPanScan"
                }
            ]
        },
        {
            "pts": 786838,
            "best_effort_timestamp": 786838,
            "width": 320,
            "height": 240,
            "side_data_list": [
                {
                    "side_data_type": "AVPanScan"
                }
            ]
        },
        {
            "pts": 789838,
            "best_effort_timestamp": 789838,
            "width": 320,
            "height": 240,
            "side_data_list": [
                {
                    "side_data_type": "AVPanScan"
                }
            ]
        },
        {
            "pts": 792838,
            "best_effort_timestamp": 792838,
            "width": 320,
            "height": 240,
            "side_data_list": [
                {
                    "side_data_type": "AVPanScan"
                }
            ]
        },
        {
            "pts": 795838,
            "best_effort_timestamp": 795838,
            "width": 320,
            "height": 240,
            "side_data_list": [
                {
                    "side_data_type": "AVPanScan"
                }
            ]
        },
        {
            "pts": 798838,
            "best_effort_timestamp": 798838,
            "width": 320,
            "height": 240,
            "tags": {
                "timecode": "01:00:08:22"
            },
            "side_data_list": [
                {
                    "side_data_type": "AVPanScan"
                },
                {
                    "side_data_type": "GOP timecode",
                    "timecode": "01:00:08:22"
                }
            ]
        },
        {
            "pts": 801838,
            "best_effort_timestamp": 801838,
            "width": 320,
            "height": 240,
            "side_data_list": [
                {
                    "side_data_type": "AVPanScan"
                }
            ]
        },
        {
            "pts": 804838,
            "best_effort_timestamp": 804838,
            "width": 320,
            "height": 240,
            "side_data_list": [
                {
                    "side_data_type": "AVPanScan"
                }
            ]
        },
        {
            "pts": 807838,
            "best_effort_timestamp": 807838,
            "width": 320,
            "height": 240,
            "side_data_list": [
                {
                    "side_data_type": "AVPanScan"
                }
            ]
        },
        {
            "pts": 810838,
            "best_effort_timestamp": 810838,
            "width": 320,
            "height": 240,
            "side_data_list": [
                {
                    "side_data_type": "AVPanScan"
                }
            ]
        },
        {
            "pts": 813838,
            "best_effort_timestamp": 813838,
            "width": 320,
            "height": 240,
            "side_data_list": [
                {
                    "side_data_type": "AVPanScan"
                }
            ]
        },
        {
            "pts": 816838,
            "best_effort_timestamp": 816838,
            "width": 320,
            "height": 240,
            "side_data_list": [
                {
                    "side_data_type": "AVPanScan"
                }
            ]
        },
        {
            "pts": 819838,
            "best_effort_timestamp": 819838,
            "width": 320,
            "height": 240,
            "side_data_list": [
                {
                    "side_data_type": "AVPanScan"
                }
            ]
        },
        {
            "pts": 822838,
            "best_effort_timestamp": 822838,
            "width": 320,
            "height": 240,
            "side_data_list": [
                {
                    "side_data_type": "AVPanScan"
                }
            ]
        },
        {
            "pts": 825838,
            "best_effort_timestamp": 825838,
            "width": 320,
            "height": 240,
            "side_data_list": [
                {
                    "side_data_type": "AVPanScan"
                }
            ]
        },
        {
            "pts": 828838,
            "best_effort_timestamp": 828838,
            "width": 320,
            "height": 240,
            "side_data_list": [
                {
                    "side_data_type": "AVPanScan"
                }
            ]
        },
        {
            "pts": 831838,
            "best_effort_timestamp": 831838,
            "width": 320,
            "height": 240,
            "side_data_list": [
                {
                    "side_data_type": "AVPanScan"
                }
            ]
        },
        {
            "pts": 834838,
            "best_effort_timestamp": 834838,
            "width": 320,
            "height": 240,
            "tags": {
                "timecode": "01:00:09:04"
            },
            "side_data_list": [
                {
                    "side_data_type": "AVPanScan"
                },
                {
                    "side_data_type": "GOP timecode",
                    "timecode": "01:00:09:04"
                }
            ]
        },
        {
            "pts": 837838,
            "best_effort_timestamp": 837838,
            "width": 320,
            "height": 240,
            "side_data_list": [
                {
                    "side_data_type": "AVPanScan"
                }
            ]
        },
        {
            "pts": 840838,
            "best_effort_timestamp": 840838,
            "width": 320,
            "height": 240,
            "side_data_list": [
                {
                    "side_data_type": "AVPanScan"
                }
            ]
        },
        {
            "pts": 843838,
            "best_effort_timestamp": 843838,
            "width": 320,
            "height": 240,
            "side_data_list": [
                {
                    "side_data_type": "AVPanScan"
                }
            ]
        },
        {
            "pts": 846838,
            "best_effort_timestamp": 846838,
            "width": 320,
            "height": 240,
            "side_data_list": [
                {
                    "side_data_type": "AVPanScan"
                }
            ]
        },
        {
            "pts": 849838,
            "best_effort_timestamp": 849838,
            "width": 320,
            "height": 240,
            "side_data_list": [
                {
                    "side_data_type": "AVPanScan"
                }
            ]
        },
        {
            "pts": 852838,
            "best_effort_timestamp": 852838,
            "width": 320,
            "height": 240,
            "side_data_list": [
                {
                    "side_data_type": "AVPanScan"
                }
            ]
        },
        {
            "pts": 855838,
            "best_effort_timestamp": 855838,
            "width": 320,
            "height": 240,
            "side_data_list": [
                {
                    "side_data_type": "AVPanScan"
                }
            ]
        },
        {
            "pts": 858838,
            "best_effort_timestamp": 858838,
            "width": 320,
            "height": 240,
            "side_data_list": [
                {
                    "side_data_type": "AVPanScan"
                }
            ]
        },
        {
            "pts": 861838,
            "best_effort_timestamp": 861838,
            "width": 320,
            "height": 240,
            "side_data_list": [
                {
                    "side_data_type": "AVPanScan"
                }
            ]
        },
        {
            "pts": 864838,
            "best_effort_timestamp": 864838,
            "width": 320,
            "height": 240,
            "side_data_list": [
                {
                    "side_data_type": "AVPanScan"
                }
            ]
        },
        {
            "pts": 867838,
            "best_effort_timestamp": 867838,
            "width": 320,
            "height": 240,
            "side_data_list": [
                {
                    "side_data_type": "AVPanScan"
                }
            ]
        },
        {
            "pts": 870838,
            "best_effort_timestamp": 870838,
            "width": 320,
            "height": 240,
            "side_data_list": [
                {
                    "side_data_type": "AVPanScan"
                }
            ]
        },
        {
            "pts": 873838,
            "best_effort_timestamp": 873838,
            "width": 320,
            "height": 240,
            "side_data_list": [
                {
                    "side_data_type": "AVPanScan"
                }
            ]
        },
        {
            "pts": 876838,
            "best_effort_timestamp": 876838,
            "width": 320,
            "height": 240,
            "side_data_list": [
                {
                    "side_data_type": "AVPanScan"
                }
            ]
        },
        {
            "pts": 879838,
            "best_effort_timestamp": 879838,
            "width": 320,
            "height": 240,
            "side_data_list": [
                {
                    "side_data_type": "AVPanScan"
                }
            ]
        },
        {
            "pts": 882838,
            "best_effort_timestamp": 882838,
            "width": 320,
            "height": 240,
            "side_data_list": [
                {
                    "side_data_type": "AVPanScan"
                }
            ]
        },
        {
            "pts": 885838,
            "best_effort_timestamp": 885838,
            "width": 320,
            "height": 240,
            "side_data_list": [
                {
                    "side_data_type": "AVPanScan"
                }
            ]
        },
        {
            "pts": 888838,
            "best_effort_timestamp": 888838,
            "width": 320,
            "height": 240,
            "side_data_list": [
                {
                    "side_data_type": "AVPanScan"
                }
            ]
        },
        {
            "pts": 891838,
            "best_effort_timestamp": 891838,
            "width": 320,
            "height": 240,
            "side_data_list": [
                {
                    "side_data_type": "AVPanScan"
                }
            ]
        },
        {
            "pts": 894838,
            "best_effort_timestamp": 894838,
            "width": 320,
            "height": 240,
            "side_data_list": [
                {
                    "side_data_type": "AVPanScan"
                }
            ]
        },
        {
            "pts": 897838,
            "best_effort_timestamp": 897838,
            "width": 320,
            "height": 240,
            "side_data_list": [
                {
                    "side_data_type": "AVPanScan"
                }
            ]
        }
    ],
    "programs": [

    ],
    "stream_groups": [

    ],
    "streams": [
        {
            "width": 320,
            "height": 240,
            "sample_aspect_ratio": "1:1",
            "display_aspect_ratio": "4:3",
            "time_base": "1/90000",
            "disposition": {
                "default": 0,
                "dub": 0,
                "original": 0,
                "comment": 0,
                "lyrics": 0,
                "karaoke": 0,
                "forced": 0,
                "hearing_impaired": 0,
                "visual_impaired": 0,
                "clean_effects": 0,
                "attached_pic": 0,
                "timed_thumbnails": 0,
                "non_diegetic": 0,
                "captions": 0,
                "descriptions": 0,
                "metadata": 0,
                "dependent": 0,
                "still_image": 0,
                "multilayer": 0
            },
            "side_data_list": [
                {
                    "side_data_type": "CPB properties",
                    "max_bitrate": 0,
                    "min_bitrate": 0,
                    "avg_bitrate": 0,
                    "buffer_size": 360448,
                    "vbv_delay": -1
                }
            ]
        }
    ]
}
