[info] Input #0, avi, from '/Users/admin/docs/911-worktrees/sherlock-wtc7-investigation/research/sherlock-wtc7-investigation/late-fire-catalog-join/sources/cbs-net-dub5-15.avi':
[info]   Duration: 00:00:15.85, start: 0.000000, bitrate: 30379 kb/s
[info]   Stream #0:0: Video: dvvideo (dvsd / 0x64737664), yuv411p, 720x480 [SAR 8:9 DAR 4:3], 28771 kb/s, 29.97 fps, 29.97 tbr, 29.97 tbn
[info]   Stream #0:1: Audio: pcm_s16le ([1][0][0][0] / 0x0001), 48000 Hz, 2 channels, s16, 1536 kb/s
[info] Stream mapping:
[info]   Stream #0:0 -> #0:0 (dvvideo (native) -> png (native))
[Parsed_showinfo_1 @ 0x828c68840] [info] config in time_base: 6673/200000, frame_rate: 30000/1001
[Parsed_showinfo_1 @ 0x828c68840] [info] config out time_base: 0/0, frame_rate: 0/0
[Parsed_showinfo_1 @ 0x828c68840] [info] n:   0 pts:      0 pts_time:0       duration:      1 duration_time:0.033365 fmt:yuv411p cl:topleft sar:8/9 s:720x480 i:B iskey:0 type:? checksum:28BB7D3F plane_checksum:[10471ADB E36601A5 758E60BF] mean:[174 124 128] stdev:[34.1 2.0 0.8]
[Parsed_showinfo_1 @ 0x828c68840] [info] color_range:unknown color_space:unknown color_primaries:unknown color_trc:unknown
[info] Output #0, image2, to '/Users/admin/docs/911-worktrees/sherlock-wtc7-investigation/research/sherlock-wtc7-investigation/late-fire-sequence/run02/cbs-net-dub5-15/native/frame-%06d.png':
[info]   Metadata:
[info]     encoder         : Lavf61.7.100
[info]   Stream #0:0: Video: png, rgb24(pc, gbr/unknown/unknown, bottom coded first (swapped)), 720x480 [SAR 8:9 DAR 4:3], q=2-31, 200 kb/s, 29.97 fps, 29.97 tbn
[info]       Metadata:
[info]         encoder         : Lavc61.19.101 png
[Parsed_showinfo_1 @ 0x828c68840] [info] n:   1 pts:      1 pts_time:0.033365 duration:      1 duration_time:0.033365 fmt:yuv411p cl:topleft sar:8/9 s:720x480 i:B iskey:0 type:? checksum:66DCAA1A plane_checksum:[9FEF8207 684CCD85 19115A7F] mean:[174 124 128] stdev:[34.5 2.0 0.9]
[Parsed_showinfo_1 @ 0x828c68840] [info] color_range:unknown color_space:unknown color_primaries:unknown color_trc:unknown
[Parsed_showinfo_1 @ 0x828c68840] [info] n:   2 pts:      2 pts_time:0.06673 duration:      1 duration_time:0.033365 fmt:yuv411p cl:topleft sar:8/9 s:720x480 i:B iskey:0 type:? checksum:FF4DFDB7 plane_checksum:[5B769750 9E5EFBD5 EECE6A83] mean:[175 124 128] stdev:[34.2 2.0 0.8]
[Parsed_showinfo_1 @ 0x828c68840] [info] color_range:unknown color_space:unknown color_primaries:unknown color_trc:unknown
[Parsed_showinfo_1 @ 0x828c68840] [info] n:   3 pts:      3 pts_time:0.100095 duration:      1 duration_time:0.033365 fmt:yuv411p cl:topleft sar:8/9 s:720x480 i:B iskey:0 type:? checksum:A4776753 plane_checksum:[E2084876 9F5CBF56 24DD5F78] mean:[175 124 128] stdev:[34.3 2.0 0.8]
[Parsed_showinfo_1 @ 0x828c68840] [info] color_range:unknown color_space:unknown color_primaries:unknown color_trc:unknown
[Parsed_showinfo_1 @ 0x828c68840] [info] n:   4 pts:      4 pts_time:0.13346 duration:      1 duration_time:0.033365 fmt:yuv411p cl:topleft sar:8/9 s:720x480 i:B iskey:0 type:? checksum:36B3F5DB plane_checksum:[EFA2E159 03C1B56E 3BE05F05] mean:[176 124 128] stdev:[34.4 2.0 0.8]
[Parsed_showinfo_1 @ 0x828c68840] [info] color_range:unknown color_space:unknown color_primaries:unknown color_trc:unknown
[Parsed_showinfo_1 @ 0x828c68840] [info] n:   5 pts:      5 pts_time:0.166825 duration:      1 duration_time:0.033365 fmt:yuv411p cl:topleft sar:8/9 s:720x480 i:B iskey:0 type:? checksum:565CCC30 plane_checksum:[BAB8D057 E0E39E02 4B645DC8] mean:[176 124 128] stdev:[34.5 2.1 0.8]
[Parsed_showinfo_1 @ 0x828c68840] [info] color_range:unknown color_space:unknown color_primaries:unknown color_trc:unknown
[Parsed_showinfo_1 @ 0x828c68840] [info] n:   6 pts:     15 pts_time:0.500475 duration:      1 duration_time:0.033365 fmt:yuv411p cl:topleft sar:8/9 s:720x480 i:B iskey:0 type:? checksum:5DD8545F plane_checksum:[2B819350 B97B61AF 027F5F51] mean:[179 124 128] stdev:[35.1 2.1 0.9]
[Parsed_showinfo_1 @ 0x828c68840] [info] color_range:unknown color_space:unknown color_primaries:unknown color_trc:unknown
[Parsed_showinfo_1 @ 0x828c68840] [info] n:   7 pts:     30 pts_time:1.00095 duration:      1 duration_time:0.033365 fmt:yuv411p cl:topleft sar:8/9 s:720x480 i:B iskey:0 type:? checksum:49F1A434 plane_checksum:[1F9CDB4D C39E66BE 0EF1621A] mean:[180 124 128] stdev:[35.2 2.1 0.9]
[Parsed_showinfo_1 @ 0x828c68840] [info] color_range:unknown color_space:unknown color_primaries:unknown color_trc:unknown
[Parsed_showinfo_1 @ 0x828c68840] [info] n:   8 pts:     45 pts_time:1.501425 duration:      1 duration_time:0.033365 fmt:yuv411p cl:topleft sar:8/9 s:720x480 i:B iskey:0 type:? checksum:AE6B91E7 plane_checksum:[5AE0BB09 5D3B7C90 DC585A3F] mean:[178 124 128] stdev:[34.5 2.1 0.9]
[Parsed_showinfo_1 @ 0x828c68840] [info] color_range:unknown color_space:unknown color_primaries:unknown color_trc:unknown
[Parsed_showinfo_1 @ 0x828c68840] [info] n:   9 pts:     60 pts_time:2.0019  duration:      1 duration_time:0.033365 fmt:yuv411p cl:topleft sar:8/9 s:720x480 i:B iskey:0 type:? checksum:F3DD41FF plane_checksum:[9E4E573B 165092D7 686F57DE] mean:[176 124 128] stdev:[34.3 2.0 0.8]
[Parsed_showinfo_1 @ 0x828c68840] [info] color_range:unknown color_space:unknown color_primaries:unknown color_trc:unknown
[Parsed_showinfo_1 @ 0x828c68840] [info] n:  10 pts:     75 pts_time:2.502375 duration:      1 duration_time:0.033365 fmt:yuv411p cl:topleft sar:8/9 s:720x480 i:B iskey:0 type:? checksum:8AF10E08 plane_checksum:[9A011546 F5F58DD0 72486AE3] mean:[174 124 128] stdev:[34.2 1.9 0.7]
[Parsed_showinfo_1 @ 0x828c68840] [info] color_range:unknown color_space:unknown color_primaries:unknown color_trc:unknown
[Parsed_showinfo_1 @ 0x828c68840] [info] n:  11 pts:     90 pts_time:3.00285 duration:      1 duration_time:0.033365 fmt:yuv411p cl:topleft sar:8/9 s:720x480 i:B iskey:0 type:? checksum:21991376 plane_checksum:[C992E8EB BF8DDA72 CD524FFB] mean:[172 124 128] stdev:[32.8 1.9 0.8]
[Parsed_showinfo_1 @ 0x828c68840] [info] color_range:unknown color_space:unknown color_primaries:unknown color_trc:unknown
[Parsed_showinfo_1 @ 0x828c68840] [info] n:  12 pts:    105 pts_time:3.503325 duration:      1 duration_time:0.033365 fmt:yuv411p cl:topleft sar:8/9 s:720x480 i:B iskey:0 type:? checksum:7A84A15A plane_checksum:[11D88B83 5041C4CA 9CDB50FE] mean:[171 124 128] stdev:[33.2 1.9 0.8]
[Parsed_showinfo_1 @ 0x828c68840] [info] color_range:unknown color_space:unknown color_primaries:unknown color_trc:unknown
[Parsed_showinfo_1 @ 0x828c68840] [info] n:  13 pts:    120 pts_time:4.0038  duration:      1 duration_time:0.033365 fmt:yuv411p cl:topleft sar:8/9 s:720x480 i:B iskey:0 type:? checksum:1A746412 plane_checksum:[28654026 B90CC31D 4E6C60C0] mean:[171 124 128] stdev:[33.1 2.0 1.1]
[Parsed_showinfo_1 @ 0x828c68840] [info] color_range:unknown color_space:unknown color_primaries:unknown color_trc:unknown
[Parsed_showinfo_1 @ 0x828c68840] [info] n:  14 pts:    135 pts_time:4.504275 duration:      1 duration_time:0.033365 fmt:yuv411p cl:topleft sar:8/9 s:720x480 i:B iskey:0 type:? checksum:3371920A plane_checksum:[3DA86153 4D50A6C8 366489E0] mean:[171 124 128] stdev:[32.7 2.2 1.7]
[Parsed_showinfo_1 @ 0x828c68840] [info] color_range:unknown color_space:unknown color_primaries:unknown color_trc:unknown
[Parsed_showinfo_1 @ 0x828c68840] [info] n:  15 pts:    150 pts_time:5.00475 duration:      1 duration_time:0.033365 fmt:yuv411p cl:topleft sar:8/9 s:720x480 i:B iskey:0 type:? checksum:AAD0A1C1 plane_checksum:[A5645874 FC68C519 D1A58425] mean:[170 124 128] stdev:[31.9 2.0 1.4]
[Parsed_showinfo_1 @ 0x828c68840] [info] color_range:unknown color_space:unknown color_primaries:unknown color_trc:unknown
[Parsed_showinfo_1 @ 0x828c68840] [info] n:  16 pts:    165 pts_time:5.505225 duration:      1 duration_time:0.033365 fmt:yuv411p cl:topleft sar:8/9 s:720x480 i:B iskey:0 type:? checksum:4BEC5341 plane_checksum:[0D44ED7C 315CF8CF 46876CD8] mean:[167 124 128] stdev:[29.2 1.9 1.0]
[Parsed_showinfo_1 @ 0x828c68840] [info] color_range:unknown color_space:unknown color_primaries:unknown color_trc:unknown
[Parsed_showinfo_1 @ 0x828c68840] [info] n:  17 pts:    180 pts_time:6.0057  duration:      1 duration_time:0.033365 fmt:yuv411p cl:topleft sar:8/9 s:720x480 i:B iskey:0 type:? checksum:4EED7BDB plane_checksum:[DBEFF3F9 3FA626DB 3BB560F8] mean:[168 124 128] stdev:[30.2 1.8 0.8]
[Parsed_showinfo_1 @ 0x828c68840] [info] color_range:unknown color_space:unknown color_primaries:unknown color_trc:unknown
[Parsed_showinfo_1 @ 0x828c68840] [info] n:  18 pts:    195 pts_time:6.506175 duration:      1 duration_time:0.033365 fmt:yuv411p cl:topleft sar:8/9 s:720x480 i:B iskey:0 type:? checksum:08A452A2 plane_checksum:[E30CCC7A 552427F9 AD215E20] mean:[166 124 128] stdev:[29.2 1.8 0.8]
[Parsed_showinfo_1 @ 0x828c68840] [info] color_range:unknown color_space:unknown color_primaries:unknown color_trc:unknown
[Parsed_showinfo_1 @ 0x828c68840] [info] n:  19 pts:    210 pts_time:7.00665 duration:      1 duration_time:0.033365 fmt:yuv411p cl:topleft sar:8/9 s:720x480 i:B iskey:0 type:? checksum:F514244E plane_checksum:[B07D5CFD 19A77698 279050AA] mean:[165 125 128] stdev:[28.4 1.8 0.9]
[Parsed_showinfo_1 @ 0x828c68840] [info] color_range:unknown color_space:unknown color_primaries:unknown color_trc:unknown
[Parsed_showinfo_1 @ 0x828c68840] [info] n:  20 pts:    225 pts_time:7.507125 duration:      1 duration_time:0.033365 fmt:yuv411p cl:topleft sar:8/9 s:720x480 i:B iskey:0 type:? checksum:9C5002C9 plane_checksum:[9A29317B 3B8B9305 5C9A3E3A] mean:[166 125 128] stdev:[30.0 1.8 0.9]
[Parsed_showinfo_1 @ 0x828c68840] [info] color_range:unknown color_space:unknown color_primaries:unknown color_trc:unknown
[Parsed_showinfo_1 @ 0x828c68840] [info] n:  21 pts:    240 pts_time:8.0076  duration:      1 duration_time:0.033365 fmt:yuv411p cl:topleft sar:8/9 s:720x480 i:B iskey:0 type:? checksum:CA1AAC74 plane_checksum:[CA9DB4BA F54BB898 07603F13] mean:[166 125 128] stdev:[30.4 1.8 0.9]
[Parsed_showinfo_1 @ 0x828c68840] [info] color_range:unknown color_space:unknown color_primaries:unknown color_trc:unknown
[Parsed_showinfo_1 @ 0x828c68840] [info] n:  22 pts:    255 pts_time:8.508075 duration:      1 duration_time:0.033365 fmt:yuv411p cl:topleft sar:8/9 s:720x480 i:B iskey:0 type:? checksum:359ED8FD plane_checksum:[B8A70814 963F63EB E22A6CFE] mean:[167 125 128] stdev:[31.3 1.9 0.9]
[Parsed_showinfo_1 @ 0x828c68840] [info] color_range:unknown color_space:unknown color_primaries:unknown color_trc:unknown
[Parsed_showinfo_1 @ 0x828c68840] [info] n:  23 pts:    270 pts_time:9.00855 duration:      1 duration_time:0.033365 fmt:yuv411p cl:topleft sar:8/9 s:720x480 i:B iskey:0 type:? checksum:2E7BB367 plane_checksum:[8818CADB 22895C57 E4DE8C26] mean:[166 125 128] stdev:[29.8 1.9 0.7]
[Parsed_showinfo_1 @ 0x828c68840] [info] color_range:unknown color_space:unknown color_primaries:unknown color_trc:unknown
[Parsed_showinfo_1 @ 0x828c68840] [info] n:  24 pts:    285 pts_time:9.509025 duration:      1 duration_time:0.033365 fmt:yuv411p cl:topleft sar:8/9 s:720x480 i:B iskey:0 type:? checksum:DAA69B2A plane_checksum:[50EF8C4E 73B78C39 C2708294] mean:[164 125 128] stdev:[28.4 1.8 0.8]
[Parsed_showinfo_1 @ 0x828c68840] [info] color_range:unknown color_space:unknown color_primaries:unknown color_trc:unknown
[Parsed_showinfo_1 @ 0x828c68840] [info] n:  25 pts:    300 pts_time:10.0095 duration:      1 duration_time:0.033365 fmt:yuv411p cl:topleft sar:8/9 s:720x480 i:B iskey:0 type:? checksum:AE5F9D69 plane_checksum:[B6069553 003D816E 86BA8699] mean:[166 125 128] stdev:[29.1 1.8 0.8]
[Parsed_showinfo_1 @ 0x828c68840] [info] color_range:unknown color_space:unknown color_primaries:unknown color_trc:unknown
[Parsed_showinfo_1 @ 0x828c68840] [info] n:  26 pts:    315 pts_time:10.509975 duration:      1 duration_time:0.033365 fmt:yuv411p cl:topleft sar:8/9 s:720x480 i:B iskey:0 type:? checksum:5BA157DD plane_checksum:[16929FF1 7D2A2720 E7AF90BD] mean:[170 124 128] stdev:[31.8 2.0 0.9]
[Parsed_showinfo_1 @ 0x828c68840] [info] color_range:unknown color_space:unknown color_primaries:unknown color_trc:unknown
[Parsed_showinfo_1 @ 0x828c68840] [info] n:  27 pts:    330 pts_time:11.01045 duration:      1 duration_time:0.033365 fmt:yuv411p cl:topleft sar:8/9 s:720x480 i:B iskey:0 type:? checksum:0874552A plane_checksum:[351CAFBB 9EB52A72 69227AEE] mean:[175 124 128] stdev:[35.8 2.1 0.9]
[Parsed_showinfo_1 @ 0x828c68840] [info] color_range:unknown color_space:unknown color_primaries:unknown color_trc:unknown
[Parsed_showinfo_1 @ 0x828c68840] [info] n:  28 pts:    345 pts_time:11.510925 duration:      1 duration_time:0.033365 fmt:yuv411p cl:topleft sar:8/9 s:720x480 i:B iskey:0 type:? checksum:609CD267 plane_checksum:[A9B14196 33C81281 5F037E50] mean:[177 124 128] stdev:[37.7 2.2 0.8]
[Parsed_showinfo_1 @ 0x828c68840] [info] color_range:unknown color_space:unknown color_primaries:unknown color_trc:unknown
[Parsed_showinfo_1 @ 0x828c68840] [info] n:  29 pts:    360 pts_time:12.0114 duration:      1 duration_time:0.033365 fmt:yuv411p cl:topleft sar:8/9 s:720x480 i:B iskey:0 type:? checksum:69BC674A plane_checksum:[6B870DC0 83FEC8EC 71FE908F] mean:[179 124 128] stdev:[38.4 2.3 0.8]
[Parsed_showinfo_1 @ 0x828c68840] [info] color_range:unknown color_space:unknown color_primaries:unknown color_trc:unknown
[Parsed_showinfo_1 @ 0x828c68840] [info] n:  30 pts:    375 pts_time:12.511875 duration:      1 duration_time:0.033365 fmt:yuv411p cl:topleft sar:8/9 s:720x480 i:B iskey:0 type:? checksum:D43E91C9 plane_checksum:[0E4594AF C9794EEF 65C7AE1C] mean:[182 124 128] stdev:[38.4 2.5 0.9]
[Parsed_showinfo_1 @ 0x828c68840] [info] color_range:unknown color_space:unknown color_primaries:unknown color_trc:unknown
[Parsed_showinfo_1 @ 0x828c68840] [info] n:  31 pts:    390 pts_time:13.01235 duration:      1 duration_time:0.033365 fmt:yuv411p cl:topleft sar:8/9 s:720x480 i:B iskey:0 type:? checksum:D6804A2A plane_checksum:[40004D62 92955E6C FAF49E4D] mean:[183 124 128] stdev:[38.2 2.4 1.1]
[Parsed_showinfo_1 @ 0x828c68840] [info] color_range:unknown color_space:unknown color_primaries:unknown color_trc:unknown
[Parsed_showinfo_1 @ 0x828c68840] [info] n:  32 pts:    405 pts_time:13.512825 duration:      1 duration_time:0.033365 fmt:yuv411p cl:topleft sar:8/9 s:720x480 i:B iskey:0 type:? checksum:00D745D2 plane_checksum:[73F16933 993B4817 547E9479] mean:[183 124 128] stdev:[38.1 2.5 1.1]
[Parsed_showinfo_1 @ 0x828c68840] [info] color_range:unknown color_space:unknown color_primaries:unknown color_trc:unknown
[Parsed_showinfo_1 @ 0x828c68840] [info] n:  33 pts:    420 pts_time:14.0133 duration:      1 duration_time:0.033365 fmt:yuv411p cl:topleft sar:8/9 s:720x480 i:B iskey:0 type:? checksum:4387EA3C plane_checksum:[72A0DE5C A52F85A1 267E8630] mean:[183 124 128] stdev:[38.1 2.3 1.0]
[Parsed_showinfo_1 @ 0x828c68840] [info] color_range:unknown color_space:unknown color_primaries:unknown color_trc:unknown
[Parsed_showinfo_1 @ 0x828c68840] [info] n:  34 pts:    435 pts_time:14.513775 duration:      1 duration_time:0.033365 fmt:yuv411p cl:topleft sar:8/9 s:720x480 i:B iskey:0 type:? checksum:D55A6ECB plane_checksum:[0921569B 2FF2A252 E37B75CF] mean:[183 124 128] stdev:[38.1 2.3 1.0]
[Parsed_showinfo_1 @ 0x828c68840] [info] color_range:unknown color_space:unknown color_primaries:unknown color_trc:unknown
[Parsed_showinfo_1 @ 0x828c68840] [info] n:  35 pts:    450 pts_time:15.01425 duration:      1 duration_time:0.033365 fmt:yuv411p cl:topleft sar:8/9 s:720x480 i:B iskey:0 type:? checksum:8907B23B plane_checksum:[4F799ACF F2619E2D 01BA7930] mean:[182 124 128] stdev:[37.9 2.3 1.0]
[Parsed_showinfo_1 @ 0x828c68840] [info] color_range:unknown color_space:unknown color_primaries:unknown color_trc:unknown
[Parsed_showinfo_1 @ 0x828c68840] [info] n:  36 pts:    465 pts_time:15.514725 duration:      1 duration_time:0.033365 fmt:yuv411p cl:topleft sar:8/9 s:720x480 i:B iskey:0 type:? checksum:BAF783B9 plane_checksum:[CDF26ECC B816A403 911C70DB] mean:[182 124 128] stdev:[37.9 2.3 1.0]
[Parsed_showinfo_1 @ 0x828c68840] [info] color_range:unknown color_space:unknown color_primaries:unknown color_trc:unknown
[Parsed_showinfo_1 @ 0x828c68840] [info] n:  37 pts:    474 pts_time:15.81501 duration:      1 duration_time:0.033365 fmt:yuv411p cl:topleft sar:8/9 s:720x480 i:B iskey:0 type:? checksum:F2FAB23F plane_checksum:[C8027F64 EED3C480 F1BD6E4C] mean:[182 124 128] stdev:[37.9 2.3 1.0]
[Parsed_showinfo_1 @ 0x828c68840] [info] color_range:unknown color_space:unknown color_primaries:unknown color_trc:unknown
[out#0/image2 @ 0x828c68300] [info] video:12849KiB audio:0KiB subtitle:0KiB other streams:0KiB global headers:0KiB muxing overhead: unknown
[info] frame=   38 fps=0.0 q=-0.0 Lsize=N/A time=00:00:00.00 bitrate=N/A speed=   0x    
