[info] Input #0, avi, from '/Users/admin/docs/911-worktrees/sherlock-wtc7-investigation/research/sherlock-wtc7-investigation/late-fire-catalog-join/sources/cbs-net-dub6-44.avi':
[info]   Duration: 00:00:27.49, start: 0.000000, bitrate: 30350 kb/s
[info]   Stream #0:0: Video: dvvideo (dvsd / 0x64737664), yuv411p, 720x480 [SAR 8:9 DAR 4:3], 28771 kb/s, 29.97 fps, 29.97 tbr, 29.97 tbn
[info]   Stream #0:1: Audio: pcm_s16le ([1][0][0][0] / 0x0001), 48000 Hz, 2 channels, s16, 1536 kb/s
[info] Stream mapping:
[info]   Stream #0:0 -> #0:0 (dvvideo (native) -> png (native))
[Parsed_showinfo_1 @ 0xa84c6c6c0] [info] config in time_base: 333667/10000000, frame_rate: 10000000/333667
[Parsed_showinfo_1 @ 0xa84c6c6c0] [info] config out time_base: 0/0, frame_rate: 0/0
[Parsed_showinfo_1 @ 0xa84c6c6c0] [info] n:   0 pts:      0 pts_time:0       duration:      1 duration_time:0.0333667 fmt:yuv411p cl:topleft sar:8/9 s:720x480 i:B iskey:0 type:? checksum:45D020DE plane_checksum:[0DEEACD3 615D9175 CBF0E278] mean:[208 124 128] stdev:[40.2 3.1 0.7]
[Parsed_showinfo_1 @ 0xa84c6c6c0] [info] color_range:unknown color_space:unknown color_primaries:unknown color_trc:unknown
[info] Output #0, image2, to '/Users/admin/docs/911-worktrees/sherlock-wtc7-investigation/research/sherlock-wtc7-investigation/late-fire-catalog-join/run02/cbs-net-dub6-44/native/frame-%06d.png':
[info]   Metadata:
[info]     encoder         : Lavf61.7.100
[info]   Stream #0:0: Video: png, rgb24(pc, gbr/unknown/unknown, bottom coded first (swapped)), 720x480 [SAR 8:9 DAR 4:3], q=2-31, 200 kb/s, 29.97 fps, 29.97 tbn
[info]       Metadata:
[info]         encoder         : Lavc61.19.101 png
[Parsed_showinfo_1 @ 0xa84c6c6c0] [info] n:   1 pts:     60 pts_time:2.002002 duration:      1 duration_time:0.0333667 fmt:yuv411p cl:topleft sar:8/9 s:720x480 i:B iskey:0 type:? checksum:B44415BA plane_checksum:[276FB2D5 5C588CB3 1369D614] mean:[210 124 128] stdev:[41.0 3.3 0.7]
[Parsed_showinfo_1 @ 0xa84c6c6c0] [info] color_range:unknown color_space:unknown color_primaries:unknown color_trc:unknown
[Parsed_showinfo_1 @ 0xa84c6c6c0] [info] n:   2 pts:    120 pts_time:4.004004 duration:      1 duration_time:0.0333667 fmt:yuv411p cl:topleft sar:8/9 s:720x480 i:B iskey:0 type:? checksum:ACEB9AAD plane_checksum:[4AEB91E5 DA1B0693 DEB70235] mean:[184 123 128] stdev:[36.0 2.5 0.7]
[Parsed_showinfo_1 @ 0xa84c6c6c0] [info] color_range:unknown color_space:unknown color_primaries:unknown color_trc:unknown
[Parsed_showinfo_1 @ 0xa84c6c6c0] [info] n:   3 pts:    180 pts_time:6.006006 duration:      1 duration_time:0.0333667 fmt:yuv411p cl:topleft sar:8/9 s:720x480 i:B iskey:0 type:? checksum:91B7570A plane_checksum:[CBAD201A 3F023A37 0116FCAA] mean:[174 123 128] stdev:[36.4 2.7 1.0]
[Parsed_showinfo_1 @ 0xa84c6c6c0] [info] color_range:unknown color_space:unknown color_primaries:unknown color_trc:unknown
[Parsed_showinfo_1 @ 0xa84c6c6c0] [info] n:   4 pts:    240 pts_time:8.008008 duration:      1 duration_time:0.0333667 fmt:yuv411p cl:topleft sar:8/9 s:720x480 i:B iskey:0 type:? checksum:A50E57D6 plane_checksum:[FEC0FE84 F2D06233 7FEBF701] mean:[176 123 128] stdev:[37.1 2.6 0.9]
[Parsed_showinfo_1 @ 0xa84c6c6c0] [info] color_range:unknown color_space:unknown color_primaries:unknown color_trc:unknown
[Parsed_showinfo_1 @ 0xa84c6c6c0] [info] n:   5 pts:    300 pts_time:10.01001 duration:      1 duration_time:0.0333667 fmt:yuv411p cl:topleft sar:8/9 s:720x480 i:B iskey:0 type:? checksum:0A132F67 plane_checksum:[EF312533 E8F6853D C23C84E8] mean:[180 124 128] stdev:[37.3 2.3 0.8]
[Parsed_showinfo_1 @ 0xa84c6c6c0] [info] color_range:unknown color_space:unknown color_primaries:unknown color_trc:unknown
[Parsed_showinfo_1 @ 0xa84c6c6c0] [info] n:   6 pts:    360 pts_time:12.012012 duration:      1 duration_time:0.0333667 fmt:yuv411p cl:topleft sar:8/9 s:720x480 i:B iskey:0 type:? checksum:474E458E plane_checksum:[ECE74AAC CACE9E9E F3045C35] mean:[176 124 128] stdev:[34.8 2.0 0.9]
[Parsed_showinfo_1 @ 0xa84c6c6c0] [info] color_range:unknown color_space:unknown color_primaries:unknown color_trc:unknown
[dvvideo @ 0xa85076d80] [error] Concealing bitstream errors
[dvvideo @ 0xa85076d80] [error] Concealing bitstream errors
[dvvideo @ 0xa85076d80] [error] Concealing bitstream errors
[dvvideo @ 0xa85076d80] [error] Concealing bitstream errors
[dvvideo @ 0xa85077100] [error] Concealing bitstream errors
[dvvideo @ 0xa85077100] [error] Concealing bitstream errors
[dvvideo @ 0xa85077100] [error] Concealing bitstream errors
[dvvideo @ 0xa85076a00] [error] Concealing bitstream errors
[dvvideo @ 0xa85077100] [error] Concealing bitstream errors
[dvvideo @ 0xa85076a00] [error] Concealing bitstream errors
[dvvideo @ 0xa85077100] [error] Concealing bitstream errors
[dvvideo @ 0xa85076a00] [error] Concealing bitstream errors
[dvvideo @ 0xa85076a00] [error] Concealing bitstream errors
[dvvideo @ 0xa85077480] [error] AC EOB marker is absent pos=64
[dvvideo @ 0xa85077480] [error] Concealing bitstream errors
[dvvideo @ 0xa85076a00] [error] Concealing bitstream errors
[dvvideo @ 0xa85077480] [error] AC EOB marker is absent pos=64
[dvvideo @ 0xa85077480] [error] Concealing bitstream errors
[dvvideo @ 0xa85076d80] [error] Concealing bitstream errors
[dvvideo @ 0xa85077100] [error] Concealing bitstream errors
[dvvideo @ 0xa85076d80] [error] Concealing bitstream errors
[dvvideo @ 0xa85076d80] [error] Concealing bitstream errors
[dvvideo @ 0xa85076d80] [error] Concealing bitstream errors
[dvvideo @ 0xa85076d80] [error] Concealing bitstream errors
[dvvideo @ 0xa85076d80] [error] Concealing bitstream errors
[dvvideo @ 0xa85076a00] [error] Concealing bitstream errors
[dvvideo @ 0xa85076d80] [error] Concealing bitstream errors
[dvvideo @ 0xa85076a00] [error] Concealing bitstream errors
[dvvideo @ 0xa85076d80] [error] Concealing bitstream errors
[dvvideo @ 0xa85076a00] [error] Concealing bitstream errors
[Parsed_showinfo_1 @ 0xa84c6c6c0] [info] n:   7 pts:    420 pts_time:14.014014 duration:      1 duration_time:0.0333667 fmt:yuv411p cl:topleft sar:8/9 s:720x480 i:B iskey:0 type:? checksum:861AF07A plane_checksum:[8DC9D57D 95F3BAA4 2C06604A] mean:[173 124 128] stdev:[33.8 1.9 0.8]
[Parsed_showinfo_1 @ 0xa84c6c6c0] [info] color_range:unknown color_space:unknown color_primaries:unknown color_trc:unknown
[dvvideo @ 0xa85077100] [error] Concealing bitstream errors
[dvvideo @ 0xa85077100] [error] Concealing bitstream errors
[dvvideo @ 0xa85077100] [error] Concealing bitstream errors
[dvvideo @ 0xa85077100] [error] Concealing bitstream errors
[dvvideo @ 0xa85077100] [error] Concealing bitstream errors
[dvvideo @ 0xa85077100] [error] Concealing bitstream errors
[dvvideo @ 0xa85077100] [error] Concealing bitstream errors
[dvvideo @ 0xa85077100] [error] Concealing bitstream errors
[dvvideo @ 0xa85077100] [error] Concealing bitstream errors
[dvvideo @ 0xa85077100] [error] Concealing bitstream errors
[dvvideo @ 0xa85076a00] [error] Concealing bitstream errors
[dvvideo @ 0xa85076a00] [error] Concealing bitstream errors
[dvvideo @ 0xa85076a00] [error] Concealing bitstream errors
[dvvideo @ 0xa85076a00] [error] Concealing bitstream errors
[dvvideo @ 0xa85076a00] [error] Concealing bitstream errors
[dvvideo @ 0xa85076a00] [error] Concealing bitstream errors
[dvvideo @ 0xa85076a00] [error] Concealing bitstream errors
[dvvideo @ 0xa85076a00] [error] Concealing bitstream errors
[dvvideo @ 0xa85076a00] [error] Concealing bitstream errors
[dvvideo @ 0xa85076a00] [error] Concealing bitstream errors
[dvvideo @ 0xa85076a00] [error] Concealing bitstream errors
[dvvideo @ 0xa85076a00] [error] Concealing bitstream errors
[dvvideo @ 0xa85076a00] [error] Concealing bitstream errors
[dvvideo @ 0xa85076a00] [error] Concealing bitstream errors
[dvvideo @ 0xa85076a00] [error] Concealing bitstream errors
[dvvideo @ 0xa85076a00] [error] Concealing bitstream errors
[dvvideo @ 0xa85076a00] [error] Concealing bitstream errors
[dvvideo @ 0xa85076a00] [error] Concealing bitstream errors
[dvvideo @ 0xa85076a00] [error] Concealing bitstream errors
[dvvideo @ 0xa85077480] [error] AC EOB marker is absent pos=71
[dvvideo @ 0xa85077480] [error] Concealing bitstream errors
[dvvideo @ 0xa85077480] [error] AC EOB marker is absent pos=67
[dvvideo @ 0xa85077480] [error] Concealing bitstream errors
[dvvideo @ 0xa85077480] [error] AC EOB marker is absent pos=64
[dvvideo @ 0xa85077480] [error] Concealing bitstream errors
[dvvideo @ 0xa85077480] [error] AC EOB marker is absent pos=64
[dvvideo @ 0xa85077480] [error] Concealing bitstream errors
[dvvideo @ 0xa85076a00] [error] Concealing bitstream errors
[dvvideo @ 0xa85076a00] [error] Concealing bitstream errors
[dvvideo @ 0xa85076a00] [error] Concealing bitstream errors
[dvvideo @ 0xa85076a00] [error] Concealing bitstream errors
[dvvideo @ 0xa85077480] [error] AC EOB marker is absent pos=64
[dvvideo @ 0xa85077480] [error] Concealing bitstream errors
[dvvideo @ 0xa85077480] [error] AC EOB marker is absent pos=73
[dvvideo @ 0xa85077480] [error] Concealing bitstream errors
[dvvideo @ 0xa85077480] [error] AC EOB marker is absent pos=64
[dvvideo @ 0xa85077480] [error] Concealing bitstream errors
[dvvideo @ 0xa85077480] [error] AC EOB marker is absent pos=64
[dvvideo @ 0xa85077480] [error] Concealing bitstream errors
[dvvideo @ 0xa85077480] [error] AC EOB marker is absent pos=67
[dvvideo @ 0xa85077480] [error] Concealing bitstream errors
[dvvideo @ 0xa85077480] [error] AC EOB marker is absent pos=96
[dvvideo @ 0xa85077480] [error] Concealing bitstream errors
[dvvideo @ 0xa85077480] [error] AC EOB marker is absent pos=64
[dvvideo @ 0xa85077480] [error] Concealing bitstream errors
[dvvideo @ 0xa85077480] [error] AC EOB marker is absent pos=77
[dvvideo @ 0xa85077480] [error] Concealing bitstream errors
[dvvideo @ 0xa85077480] [error] AC EOB marker is absent pos=66
[dvvideo @ 0xa85077480] [error] Concealing bitstream errors
[dvvideo @ 0xa85077480] [error] AC EOB marker is absent pos=64
[dvvideo @ 0xa85077480] [error] Concealing bitstream errors
[dvvideo @ 0xa85077480] [error] AC EOB marker is absent pos=66
[dvvideo @ 0xa85077480] [error] Concealing bitstream errors
[dvvideo @ 0xa85077480] [error] AC EOB marker is absent pos=64
[dvvideo @ 0xa85077480] [error] Concealing bitstream errors
[dvvideo @ 0xa85077480] [error] AC EOB marker is absent pos=65
[dvvideo @ 0xa85077480] [error] Concealing bitstream errors
[dvvideo @ 0xa85077480] [error] AC EOB marker is absent pos=67
[dvvideo @ 0xa85077480] [error] Concealing bitstream errors
[dvvideo @ 0xa85077480] [error] AC EOB marker is absent pos=67
[dvvideo @ 0xa85077480] [error] Concealing bitstream errors
[dvvideo @ 0xa85077480] [error] AC EOB marker is absent pos=68
[dvvideo @ 0xa85077480] [error] Concealing bitstream errors
[dvvideo @ 0xa85077480] [error] AC EOB marker is absent pos=64
[dvvideo @ 0xa85077480] [error] Concealing bitstream errors
[dvvideo @ 0xa85077480] [error] AC EOB marker is absent pos=64
[dvvideo @ 0xa85077480] [error] Concealing bitstream errors
[dvvideo @ 0xa85077480] [error] AC EOB marker is absent pos=64
[dvvideo @ 0xa85077480] [error] Concealing bitstream errors
[dvvideo @ 0xa85077480] [error] AC EOB marker is absent pos=64
[dvvideo @ 0xa85077480] [error] Concealing bitstream errors
[dvvideo @ 0xa85077480] [error] AC EOB marker is absent pos=64
[dvvideo @ 0xa85077480] [error] Concealing bitstream errors
[dvvideo @ 0xa85077100] [error] Concealing bitstream errors
[dvvideo @ 0xa85077480] [error] AC EOB marker is absent pos=64
[dvvideo @ 0xa85076a00] [error] Concealing bitstream errors
[dvvideo @ 0xa85077480] [error] Concealing bitstream errors
[dvvideo @ 0xa85076a00] [error] Concealing bitstream errors
[dvvideo @ 0xa85077480] [error] AC EOB marker is absent pos=64
[dvvideo @ 0xa85077480] [error] Concealing bitstream errors
[dvvideo @ 0xa85076a00] [error] Concealing bitstream errors
[dvvideo @ 0xa85076d80] [error] Concealing bitstream errors
[dvvideo @ 0xa85077480] [error] AC EOB marker is absent pos=64
[dvvideo @ 0xa85076d80] [error] Concealing bitstream errors
[dvvideo @ 0xa85077480] [error] Concealing bitstream errors
[dvvideo @ 0xa85076d80] [error] Concealing bitstream errors
[dvvideo @ 0xa85076a00] [error] Concealing bitstream errors
[dvvideo @ 0xa85076d80] [error] Concealing bitstream errors
[dvvideo @ 0xa85076a00] [error] Concealing bitstream errors
[dvvideo @ 0xa85076d80] [error] Concealing bitstream errors
[dvvideo @ 0xa85076a00] [error] Concealing bitstream errors
[dvvideo @ 0xa85076d80] [error] Concealing bitstream errors
[dvvideo @ 0xa85076a00] [error] Concealing bitstream errors
[dvvideo @ 0xa85077480] [error] AC EOB marker is absent pos=64
[dvvideo @ 0xa85077480] [error] Concealing bitstream errors
[dvvideo @ 0xa85077480] [error] AC EOB marker is absent pos=64
[dvvideo @ 0xa85077480] [error] Concealing bitstream errors
[dvvideo @ 0xa85076a00] [error] Concealing bitstream errors
[dvvideo @ 0xa85077480] [error] AC EOB marker is absent pos=64
[dvvideo @ 0xa85077480] [error] Concealing bitstream errors
[dvvideo @ 0xa85076d80] [error] Concealing bitstream errors
[dvvideo @ 0xa85076a00] [error] Concealing bitstream errors
[dvvideo @ 0xa85076a00] [error] Concealing bitstream errors
[dvvideo @ 0xa85076a00] [error] Concealing bitstream errors
[dvvideo @ 0xa85076a00] [error] Concealing bitstream errors
[dvvideo @ 0xa85076a00] [error] Concealing bitstream errors
[dvvideo @ 0xa85076a00] [error] Concealing bitstream errors
[dvvideo @ 0xa85076a00] [error] Concealing bitstream errors
[dvvideo @ 0xa85076d80] [error] Concealing bitstream errors
[dvvideo @ 0xa85077100] [error] Concealing bitstream errors
[dvvideo @ 0xa85076d80] [error] Concealing bitstream errors
[dvvideo @ 0xa85077100] [error] Concealing bitstream errors
[dvvideo @ 0xa85076d80] [error] Concealing bitstream errors
[dvvideo @ 0xa85077100] [error] Concealing bitstream errors
[dvvideo @ 0xa85076d80] [error] Concealing bitstream errors
[dvvideo @ 0xa85077100] [error] Concealing bitstream errors
[dvvideo @ 0xa85076d80] [error] Concealing bitstream errors
[dvvideo @ 0xa85077100] [error] Concealing bitstream errors
[dvvideo @ 0xa85076d80] [error] Concealing bitstream errors
[dvvideo @ 0xa85076d80] [error] Concealing bitstream errors
[dvvideo @ 0xa85076d80] [error] Concealing bitstream errors
[dvvideo @ 0xa85077480] [error] AC EOB marker is absent pos=64
[dvvideo @ 0xa85077480] [error] Concealing bitstream errors
[dvvideo @ 0xa85076d80] [error] Concealing bitstream errors
[dvvideo @ 0xa85077480] [error] AC EOB marker is absent pos=77
[dvvideo @ 0xa85077480] [error] Concealing bitstream errors
[dvvideo @ 0xa85077100] [error] Concealing bitstream errors
[dvvideo @ 0xa85077100] [error] Concealing bitstream errors
[dvvideo @ 0xa85077100] [error] Concealing bitstream errors
[dvvideo @ 0xa85076a00] [error] Concealing bitstream errors
[dvvideo @ 0xa85077100] [error] Concealing bitstream errors
[dvvideo @ 0xa85076a00] [error] Concealing bitstream errors
[dvvideo @ 0xa85077100] [error] Concealing bitstream errors
[dvvideo @ 0xa85076a00] [error] Concealing bitstream errors
[dvvideo @ 0xa85077100] [error] Concealing bitstream errors
[dvvideo @ 0xa85076a00] [error] Concealing bitstream errors
[dvvideo @ 0xa85077100] [error] Concealing bitstream errors
[dvvideo @ 0xa85076a00] [error] Concealing bitstream errors
[dvvideo @ 0xa85077100] [error] Concealing bitstream errors
[dvvideo @ 0xa85076a00] [error] AC EOB marker is absent pos=68
[dvvideo @ 0xa85076a00] [error] Concealing bitstream errors
[dvvideo @ 0xa85077100] [error] Concealing bitstream errors
[dvvideo @ 0xa85077100] [error] Concealing bitstream errors
[dvvideo @ 0xa85077100] [error] Concealing bitstream errors
[dvvideo @ 0xa85077100] [error] Concealing bitstream errors
[dvvideo @ 0xa85077100] [error] Concealing bitstream errors
[dvvideo @ 0xa85077100] [error] Concealing bitstream errors
[dvvideo @ 0xa85077100] [error] Concealing bitstream errors
[dvvideo @ 0xa85077100] [error] Concealing bitstream errors
[dvvideo @ 0xa85077100] [error] Concealing bitstream errors
[dvvideo @ 0xa85077100] [error] Concealing bitstream errors
[dvvideo @ 0xa85077100] [error] Concealing bitstream errors
[dvvideo @ 0xa85077100] [error] Concealing bitstream errors
[dvvideo @ 0xa85077100] [error] Concealing bitstream errors
[dvvideo @ 0xa85077100] [error] Concealing bitstream errors
[dvvideo @ 0xa85077100] [error] Concealing bitstream errors
[dvvideo @ 0xa85077100] [error] Concealing bitstream errors
[dvvideo @ 0xa85077100] [error] Concealing bitstream errors
[dvvideo @ 0xa85076a00] [error] AC EOB marker is absent pos=64
[dvvideo @ 0xa85076a00] [error] Concealing bitstream errors
[dvvideo @ 0xa85077100] [error] Concealing bitstream errors
[dvvideo @ 0xa85077100] [error] Concealing bitstream errors
[dvvideo @ 0xa85076a00] [error] AC EOB marker is absent pos=64
[dvvideo @ 0xa85076a00] [error] Concealing bitstream errors
[dvvideo @ 0xa85077100] [error] Concealing bitstream errors
[dvvideo @ 0xa85077100] [error] Concealing bitstream errors
[dvvideo @ 0xa85076a00] [error] AC EOB marker is absent pos=64
[dvvideo @ 0xa85076a00] [error] Concealing bitstream errors
[dvvideo @ 0xa85077100] [error] Concealing bitstream errors
[dvvideo @ 0xa85077100] [error] Concealing bitstream errors
[dvvideo @ 0xa85076a00] [error] AC EOB marker is absent pos=64
[dvvideo @ 0xa85076a00] [error] Concealing bitstream errors
[dvvideo @ 0xa85076a00] [error] AC EOB marker is absent pos=64
[dvvideo @ 0xa85076a00] [error] Concealing bitstream errors
[dvvideo @ 0xa85076a00] [error] AC EOB marker is absent pos=64
[dvvideo @ 0xa85076a00] [error] Concealing bitstream errors
[dvvideo @ 0xa85076a00] [error] AC EOB marker is absent pos=74
[dvvideo @ 0xa85076a00] [error] Concealing bitstream errors
[dvvideo @ 0xa85076a00] [error] AC EOB marker is absent pos=70
[dvvideo @ 0xa85076a00] [error] Concealing bitstream errors
[dvvideo @ 0xa85076a00] [error] AC EOB marker is absent pos=66
[dvvideo @ 0xa85076a00] [error] Concealing bitstream errors
[dvvideo @ 0xa85077480] [error] AC EOB marker is absent pos=68
[dvvideo @ 0xa85077480] [error] Concealing bitstream errors
[dvvideo @ 0xa85077480] [error] AC EOB marker is absent pos=64
[dvvideo @ 0xa85077480] [error] Concealing bitstream errors
[dvvideo @ 0xa85077480] [error] AC EOB marker is absent pos=64
[dvvideo @ 0xa85077480] [error] Concealing bitstream errors
[dvvideo @ 0xa85077480] [error] AC EOB marker is absent pos=64
[dvvideo @ 0xa85077480] [error] Concealing bitstream errors
[dvvideo @ 0xa85077480] [error] AC EOB marker is absent pos=64
[dvvideo @ 0xa85077480] [error] Concealing bitstream errors
[dvvideo @ 0xa85077480] [error] AC EOB marker is absent pos=64
[dvvideo @ 0xa85077480] [error] Concealing bitstream errors
[dvvideo @ 0xa85077480] [error] AC EOB marker is absent pos=64
[dvvideo @ 0xa85077480] [error] Concealing bitstream errors
[dvvideo @ 0xa85077480] [error] AC EOB marker is absent pos=69
[dvvideo @ 0xa85077480] [error] Concealing bitstream errors
[dvvideo @ 0xa85076d80] [error] Concealing bitstream errors
[dvvideo @ 0xa85077100] [error] Concealing bitstream errors
[dvvideo @ 0xa85076d80] [error] Concealing bitstream errors
[dvvideo @ 0xa85076d80] [error] Concealing bitstream errors
[dvvideo @ 0xa85076a00] [error] AC EOB marker is absent pos=64
[dvvideo @ 0xa85076a00] [error] Concealing bitstream errors
[dvvideo @ 0xa85076d80] [error] Concealing bitstream errors
[dvvideo @ 0xa85076d80] [error] Concealing bitstream errors
[dvvideo @ 0xa85076a00] [error] AC EOB marker is absent pos=64
[dvvideo @ 0xa85076a00] [error] Concealing bitstream errors
[dvvideo @ 0xa85077100] [error] Concealing bitstream errors
[dvvideo @ 0xa85076a00] [error] AC EOB marker is absent pos=64
[dvvideo @ 0xa85076a00] [error] Concealing bitstream errors
[dvvideo @ 0xa85077100] [error] Concealing bitstream errors
[dvvideo @ 0xa85076d80] [error] Concealing bitstream errors
[dvvideo @ 0xa85076a00] [error] AC EOB marker is absent pos=67
[dvvideo @ 0xa85076a00] [error] Concealing bitstream errors
[dvvideo @ 0xa85077480] [error] AC EOB marker is absent pos=64
[dvvideo @ 0xa85077480] [error] Concealing bitstream errors
[dvvideo @ 0xa85076a00] [error] AC EOB marker is absent pos=64
[dvvideo @ 0xa85076a00] [error] Concealing bitstream errors
[dvvideo @ 0xa85076d80] [error] Concealing bitstream errors
[dvvideo @ 0xa85077100] [error] Concealing bitstream errors
[dvvideo @ 0xa85077100] [error] Concealing bitstream errors
[dvvideo @ 0xa85076a00] [error] AC EOB marker is absent pos=64
[dvvideo @ 0xa85076d80] [error] Concealing bitstream errors
[dvvideo @ 0xa85076a00] [error] Concealing bitstream errors
[dvvideo @ 0xa85076d80] [error] Concealing bitstream errors
[dvvideo @ 0xa85077480] [error] AC EOB marker is absent pos=66
[dvvideo @ 0xa85077480] [error] Concealing bitstream errors
[dvvideo @ 0xa85076d80] [error] Concealing bitstream errors
[dvvideo @ 0xa85077480] [error] AC EOB marker is absent pos=64
[dvvideo @ 0xa85077480] [error] Concealing bitstream errors
[dvvideo @ 0xa85077100] [error] Concealing bitstream errors
[dvvideo @ 0xa85076a00] [error] AC EOB marker is absent pos=64
[dvvideo @ 0xa85076a00] [error] Concealing bitstream errors
[dvvideo @ 0xa85077480] [error] AC EOB marker is absent pos=64
[dvvideo @ 0xa85077480] [error] Concealing bitstream errors
[dvvideo @ 0xa85077100] [error] Concealing bitstream errors
[dvvideo @ 0xa85076a00] [error] AC EOB marker is absent pos=69
[dvvideo @ 0xa85076a00] [error] Concealing bitstream errors
[dvvideo @ 0xa85077100] [error] Concealing bitstream errors
[dvvideo @ 0xa85077100] [error] Concealing bitstream errors
[dvvideo @ 0xa85077100] [error] Concealing bitstream errors
[dvvideo @ 0xa85076a00] [error] AC EOB marker is absent pos=64
[dvvideo @ 0xa85076a00] [error] Concealing bitstream errors
[dvvideo @ 0xa85077480] [error] AC EOB marker is absent pos=64
[dvvideo @ 0xa85077480] [error] Concealing bitstream errors
[dvvideo @ 0xa85077100] [error] Concealing bitstream errors
[dvvideo @ 0xa85076a00] [error] AC EOB marker is absent pos=64
[dvvideo @ 0xa85077100] [error] Concealing bitstream errors
[dvvideo @ 0xa85076d80] [error] Concealing bitstream errors
[dvvideo @ 0xa85077480] [error] AC EOB marker is absent pos=64
[dvvideo @ 0xa85077480] [error] Concealing bitstream errors
[dvvideo @ 0xa85076a00] [error] Concealing bitstream errors
[dvvideo @ 0xa85076d80] [error] Concealing bitstream errors
[dvvideo @ 0xa85077480] [error] AC EOB marker is absent pos=70
[dvvideo @ 0xa85077480] [error] Concealing bitstream errors
[dvvideo @ 0xa85076d80] [error] Concealing bitstream errors
[dvvideo @ 0xa85077100] [error] Concealing bitstream errors
[dvvideo @ 0xa85076d80] [error] Concealing bitstream errors
[dvvideo @ 0xa85076d80] [error] Concealing bitstream errors
[dvvideo @ 0xa85077100] [error] Concealing bitstream errors
[dvvideo @ 0xa85076d80] [error] Concealing bitstream errors
[dvvideo @ 0xa85077480] [error] AC EOB marker is absent pos=64
[dvvideo @ 0xa85077480] [error] Concealing bitstream errors
[dvvideo @ 0xa85076a00] [error] AC EOB marker is absent pos=64
[dvvideo @ 0xa85076a00] [error] Concealing bitstream errors
[dvvideo @ 0xa85077100] [error] Concealing bitstream errors
[dvvideo @ 0xa85076d80] [error] Concealing bitstream errors
[dvvideo @ 0xa85077100] [error] Concealing bitstream errors
[dvvideo @ 0xa85076d80] [error] Concealing bitstream errors
[dvvideo @ 0xa85076d80] [error] Concealing bitstream errors
[dvvideo @ 0xa85077480] [error] AC EOB marker is absent pos=64
[dvvideo @ 0xa85076a00] [error] AC EOB marker is absent pos=79
[dvvideo @ 0xa85076a00] [error] Concealing bitstream errors
[dvvideo @ 0xa85076d80] [error] Concealing bitstream errors
[dvvideo @ 0xa85076a00] [error] AC EOB marker is absent pos=75
[dvvideo @ 0xa85076a00] [error] Concealing bitstream errors
[dvvideo @ 0xa85076d80] [error] Concealing bitstream errors
[dvvideo @ 0xa85077100] [error] Concealing bitstream errors
[dvvideo @ 0xa85077480] [error] Concealing bitstream errors
[dvvideo @ 0xa85077100] [error] Concealing bitstream errors
[dvvideo @ 0xa85076a00] [error] AC EOB marker is absent pos=66
[dvvideo @ 0xa85076a00] [error] Concealing bitstream errors
[dvvideo @ 0xa85077480] [error] AC EOB marker is absent pos=64
[dvvideo @ 0xa85077480] [error] Concealing bitstream errors
[dvvideo @ 0xa85076d80] [error] Concealing bitstream errors
[dvvideo @ 0xa85077100] [error] Concealing bitstream errors
[dvvideo @ 0xa85076d80] [error] Concealing bitstream errors
[dvvideo @ 0xa85077100] [error] Concealing bitstream errors
[dvvideo @ 0xa85077480] [error] AC EOB marker is absent pos=66
[dvvideo @ 0xa85077480] [error] Concealing bitstream errors
[dvvideo @ 0xa85076d80] [error] Concealing bitstream errors
[dvvideo @ 0xa85076a00] [error] AC EOB marker is absent pos=64
[dvvideo @ 0xa85076a00] [error] Concealing bitstream errors
[dvvideo @ 0xa85076d80] [error] Concealing bitstream errors
[dvvideo @ 0xa85077100] [error] Concealing bitstream errors
[dvvideo @ 0xa85076d80] [error] Concealing bitstream errors
[dvvideo @ 0xa85077100] [error] Concealing bitstream errors
[dvvideo @ 0xa85077100] [error] Concealing bitstream errors
[dvvideo @ 0xa85077480] [error] AC EOB marker is absent pos=65
[dvvideo @ 0xa85077480] [error] Concealing bitstream errors
[dvvideo @ 0xa85077100] [error] Concealing bitstream errors
[dvvideo @ 0xa85077100] [error] Concealing bitstream errors
[dvvideo @ 0xa85076d80] [error] Concealing bitstream errors
[dvvideo @ 0xa85077480] [error] AC EOB marker is absent pos=73
[dvvideo @ 0xa85077480] [error] Concealing bitstream errors
[dvvideo @ 0xa85077100] [error] AC EOB marker is absent pos=64
[dvvideo @ 0xa85077100] [error] Concealing bitstream errors
[dvvideo @ 0xa85077480] [error] AC EOB marker is absent pos=66
[dvvideo @ 0xa85077480] [error] Concealing bitstream errors
[dvvideo @ 0xa85076d80] [error] Concealing bitstream errors
[dvvideo @ 0xa85077100] [error] AC EOB marker is absent pos=65
[dvvideo @ 0xa85077100] [error] Concealing bitstream errors
[dvvideo @ 0xa85076a00] [error] AC EOB marker is absent pos=66
[dvvideo @ 0xa85076a00] [error] Concealing bitstream errors
[dvvideo @ 0xa85076d80] [error] Concealing bitstream errors
[dvvideo @ 0xa85077100] [error] Concealing bitstream errors
[dvvideo @ 0xa85077480] [error] AC EOB marker is absent pos=64
[dvvideo @ 0xa85077480] [error] Concealing bitstream errors
[dvvideo @ 0xa85076a00] [error] AC EOB marker is absent pos=64
[dvvideo @ 0xa85076a00] [error] Concealing bitstream errors
[dvvideo @ 0xa85076d80] [error] Concealing bitstream errors
[dvvideo @ 0xa85077480] [error] AC EOB marker is absent pos=65
[dvvideo @ 0xa85076a00] [error] AC EOB marker is absent pos=64
[dvvideo @ 0xa85076a00] [error] Concealing bitstream errors
[dvvideo @ 0xa85076d80] [error] Concealing bitstream errors
[dvvideo @ 0xa85077480] [error] Concealing bitstream errors
[dvvideo @ 0xa85076d80] [error] Concealing bitstream errors
[dvvideo @ 0xa85077100] [error] Concealing bitstream errors
[dvvideo @ 0xa85076d80] [error] Concealing bitstream errors
[dvvideo @ 0xa85076a00] [error] AC EOB marker is absent pos=64
[dvvideo @ 0xa85076a00] [error] Concealing bitstream errors
[dvvideo @ 0xa85077100] [error] Concealing bitstream errors
[dvvideo @ 0xa85076d80] [error] Concealing bitstream errors
[dvvideo @ 0xa85076a00] [error] AC EOB marker is absent pos=64
[dvvideo @ 0xa85076d80] [error] Concealing bitstream errors
[dvvideo @ 0xa85077100] [error] Concealing bitstream errors
[dvvideo @ 0xa85076a00] [error] Concealing bitstream errors
[dvvideo @ 0xa85077100] [error] Concealing bitstream errors
[dvvideo @ 0xa85077480] [error] AC EOB marker is absent pos=65
[dvvideo @ 0xa85077480] [error] Concealing bitstream errors
[dvvideo @ 0xa85076d80] [error] Concealing bitstream errors
[dvvideo @ 0xa85077480] [error] AC EOB marker is absent pos=65
[dvvideo @ 0xa85076d80] [error] Concealing bitstream errors
[dvvideo @ 0xa85076a00] [error] AC EOB marker is absent pos=64
[dvvideo @ 0xa85076d80] [error] Concealing bitstream errors
[dvvideo @ 0xa85077480] [error] Concealing bitstream errors
[dvvideo @ 0xa85076d80] [error] Concealing bitstream errors
[dvvideo @ 0xa85076d80] [error] Concealing bitstream errors
[dvvideo @ 0xa85077100] [error] Concealing bitstream errors
[dvvideo @ 0xa85076a00] [error] Concealing bitstream errors
[dvvideo @ 0xa85077480] [error] AC EOB marker is absent pos=69
[dvvideo @ 0xa85076a00] [error] AC EOB marker is absent pos=64
[dvvideo @ 0xa85076a00] [error] Concealing bitstream errors
[dvvideo @ 0xa85077100] [error] Concealing bitstream errors
[dvvideo @ 0xa85077480] [error] Concealing bitstream errors
[dvvideo @ 0xa85077100] [error] Concealing bitstream errors
[dvvideo @ 0xa85077480] [error] AC EOB marker is absent pos=65
[dvvideo @ 0xa85077480] [error] Concealing bitstream errors
[dvvideo @ 0xa85076d80] [error] Concealing bitstream errors
[dvvideo @ 0xa85076a00] [error] AC EOB marker is absent pos=64
[dvvideo @ 0xa85076a00] [error] Concealing bitstream errors
[dvvideo @ 0xa85076d80] [error] Concealing bitstream errors
[dvvideo @ 0xa85076a00] [error] AC EOB marker is absent pos=64
[dvvideo @ 0xa85076a00] [error] Concealing bitstream errors
[dvvideo @ 0xa85076d80] [error] Concealing bitstream errors
[dvvideo @ 0xa85076d80] [error] Concealing bitstream errors
[dvvideo @ 0xa85077100] [error] Concealing bitstream errors
[dvvideo @ 0xa85076d80] [error] Concealing bitstream errors
[dvvideo @ 0xa85077100] [error] Concealing bitstream errors
[dvvideo @ 0xa85076d80] [error] Concealing bitstream errors
[dvvideo @ 0xa85077100] [error] Concealing bitstream errors
[dvvideo @ 0xa85077480] [error] AC EOB marker is absent pos=66
[dvvideo @ 0xa85077480] [error] Concealing bitstream errors
[dvvideo @ 0xa85077100] [error] Concealing bitstream errors
[dvvideo @ 0xa85077100] [error] Concealing bitstream errors
[dvvideo @ 0xa85077100] [error] Concealing bitstream errors
[dvvideo @ 0xa85077100] [error] Concealing bitstream errors
[dvvideo @ 0xa85077100] [error] Concealing bitstream errors
[dvvideo @ 0xa85077100] [error] Concealing bitstream errors
[dvvideo @ 0xa85077100] [error] Concealing bitstream errors
[dvvideo @ 0xa85077100] [error] Concealing bitstream errors
[dvvideo @ 0xa85077100] [error] Concealing bitstream errors
[dvvideo @ 0xa85077100] [error] Concealing bitstream errors
[dvvideo @ 0xa85077100] [error] Concealing bitstream errors
[dvvideo @ 0xa85077100] [error] Concealing bitstream errors
[dvvideo @ 0xa85077100] [error] Concealing bitstream errors
[dvvideo @ 0xa85077100] [error] AC EOB marker is absent pos=68
[dvvideo @ 0xa85077100] [error] Concealing bitstream errors
[dvvideo @ 0xa85077480] [error] AC EOB marker is absent pos=68
[dvvideo @ 0xa85077480] [error] Concealing bitstream errors
[dvvideo @ 0xa85077480] [error] AC EOB marker is absent pos=64
[dvvideo @ 0xa85077480] [error] Concealing bitstream errors
[dvvideo @ 0xa85077100] [error] AC EOB marker is absent pos=65
[dvvideo @ 0xa85077100] [error] Concealing bitstream errors
[dvvideo @ 0xa85077480] [error] AC EOB marker is absent pos=64
[dvvideo @ 0xa85077480] [error] Concealing bitstream errors
[dvvideo @ 0xa85076d80] [error] Concealing bitstream errors
[dvvideo @ 0xa85077480] [error] AC EOB marker is absent pos=64
[dvvideo @ 0xa85077480] [error] Concealing bitstream errors
[dvvideo @ 0xa85077100] [error] AC EOB marker is absent pos=65
[dvvideo @ 0xa85077100] [error] Concealing bitstream errors
[dvvideo @ 0xa85076d80] [error] Concealing bitstream errors
[dvvideo @ 0xa85077480] [error] AC EOB marker is absent pos=67
[dvvideo @ 0xa85077480] [error] Concealing bitstream errors
[dvvideo @ 0xa85077100] [error] AC EOB marker is absent pos=65
[dvvideo @ 0xa85077100] [error] Concealing bitstream errors
[dvvideo @ 0xa85077480] [error] AC EOB marker is absent pos=71
[dvvideo @ 0xa85077480] [error] Concealing bitstream errors
[dvvideo @ 0xa85077480] [error] AC EOB marker is absent pos=64
[dvvideo @ 0xa85077480] [error] Concealing bitstream errors
[dvvideo @ 0xa85076d80] [error] Concealing bitstream errors
[dvvideo @ 0xa85077480] [error] AC EOB marker is absent pos=64
[dvvideo @ 0xa85077480] [error] Concealing bitstream errors
[dvvideo @ 0xa85077100] [error] AC EOB marker is absent pos=64
[dvvideo @ 0xa85077100] [error] Concealing bitstream errors
[dvvideo @ 0xa85077480] [error] AC EOB marker is absent pos=64
[dvvideo @ 0xa85077480] [error] Concealing bitstream errors
[dvvideo @ 0xa85076d80] [error] Concealing bitstream errors
[dvvideo @ 0xa85077100] [error] AC EOB marker is absent pos=64
[dvvideo @ 0xa85077100] [error] Concealing bitstream errors
[dvvideo @ 0xa85077480] [error] AC EOB marker is absent pos=72
[dvvideo @ 0xa85077100] [error] AC EOB marker is absent pos=74
[dvvideo @ 0xa85077480] [error] Concealing bitstream errors
[dvvideo @ 0xa85076d80] [error] AC EOB marker is absent pos=64
[dvvideo @ 0xa85076d80] [error] Concealing bitstream errors
[dvvideo @ 0xa85077100] [error] Concealing bitstream errors
[dvvideo @ 0xa85077480] [error] AC EOB marker is absent pos=64
[dvvideo @ 0xa85077480] [error] Concealing bitstream errors
[dvvideo @ 0xa85077100] [error] AC EOB marker is absent pos=73
[dvvideo @ 0xa85077100] [error] Concealing bitstream errors
[dvvideo @ 0xa85076d80] [error] AC EOB marker is absent pos=65
[dvvideo @ 0xa85076d80] [error] Concealing bitstream errors
[dvvideo @ 0xa85077480] [error] AC EOB marker is absent pos=64
[dvvideo @ 0xa85077480] [error] Concealing bitstream errors
[dvvideo @ 0xa85076d80] [error] Concealing bitstream errors
[dvvideo @ 0xa85077480] [error] AC EOB marker is absent pos=64
[dvvideo @ 0xa85077480] [error] Concealing bitstream errors
[dvvideo @ 0xa85077100] [error] AC EOB marker is absent pos=64
[dvvideo @ 0xa85077100] [error] Concealing bitstream errors
[dvvideo @ 0xa85077480] [error] AC EOB marker is absent pos=118
[dvvideo @ 0xa85077480] [error] Concealing bitstream errors
[dvvideo @ 0xa85077100] [error] AC EOB marker is absent pos=64
[dvvideo @ 0xa85077100] [error] Concealing bitstream errors
[dvvideo @ 0xa85077480] [error] AC EOB marker is absent pos=64
[dvvideo @ 0xa85077480] [error] Concealing bitstream errors
[dvvideo @ 0xa85076d80] [error] Concealing bitstream errors
[dvvideo @ 0xa85077100] [error] AC EOB marker is absent pos=64
[dvvideo @ 0xa85077100] [error] Concealing bitstream errors
[dvvideo @ 0xa85077480] [error] AC EOB marker is absent pos=64
[dvvideo @ 0xa85077480] [error] Concealing bitstream errors
[dvvideo @ 0xa85077480] [error] AC EOB marker is absent pos=67
[dvvideo @ 0xa85076d80] [error] Concealing bitstream errors
[dvvideo @ 0xa85077100] [error] AC EOB marker is absent pos=64
[dvvideo @ 0xa85077100] [error] Concealing bitstream errors
[dvvideo @ 0xa85077480] [error] Concealing bitstream errors
[dvvideo @ 0xa85076d80] [error] Concealing bitstream errors
[dvvideo @ 0xa85077480] [error] AC EOB marker is absent pos=64
[dvvideo @ 0xa85077480] [error] Concealing bitstream errors
[dvvideo @ 0xa85076d80] [error] Concealing bitstream errors
[dvvideo @ 0xa85077480] [error] AC EOB marker is absent pos=64
[dvvideo @ 0xa85077480] [error] Concealing bitstream errors
[dvvideo @ 0xa85077100] [error] AC EOB marker is absent pos=64
[dvvideo @ 0xa85077100] [error] Concealing bitstream errors
[dvvideo @ 0xa85076d80] [error] Concealing bitstream errors
[dvvideo @ 0xa85077100] [error] AC EOB marker is absent pos=64
[dvvideo @ 0xa85077100] [error] Concealing bitstream errors
[dvvideo @ 0xa85076d80] [error] Concealing bitstream errors
[dvvideo @ 0xa85076d80] [error] Concealing bitstream errors
[dvvideo @ 0xa85077100] [error] AC EOB marker is absent pos=74
[dvvideo @ 0xa85077100] [error] Concealing bitstream errors
[dvvideo @ 0xa85076d80] [error] Concealing bitstream errors
[dvvideo @ 0xa85077100] [error] AC EOB marker is absent pos=70
[dvvideo @ 0xa85077100] [error] Concealing bitstream errors
[dvvideo @ 0xa85077100] [error] AC EOB marker is absent pos=66
[dvvideo @ 0xa85077100] [error] Concealing bitstream errors
[dvvideo @ 0xa85077480] [error] AC EOB marker is absent pos=67
[dvvideo @ 0xa85077480] [error] Concealing bitstream errors
[dvvideo @ 0xa85077480] [error] AC EOB marker is absent pos=70
[dvvideo @ 0xa85077480] [error] Concealing bitstream errors
[dvvideo @ 0xa85076d80] [error] Concealing bitstream errors
[dvvideo @ 0xa85077480] [error] AC EOB marker is absent pos=82
[dvvideo @ 0xa85077480] [error] Concealing bitstream errors
[dvvideo @ 0xa85077100] [error] AC EOB marker is absent pos=66
[dvvideo @ 0xa85077100] [error] Concealing bitstream errors
[dvvideo @ 0xa85077100] [error] AC EOB marker is absent pos=67
[dvvideo @ 0xa85077100] [error] Concealing bitstream errors
[dvvideo @ 0xa85076d80] [error] Concealing bitstream errors
[dvvideo @ 0xa85077100] [error] AC EOB marker is absent pos=65
[dvvideo @ 0xa85077100] [error] Concealing bitstream errors
[dvvideo @ 0xa85076d80] [error] Concealing bitstream errors
[dvvideo @ 0xa85076d80] [error] Concealing bitstream errors
[dvvideo @ 0xa85077100] [error] AC EOB marker is absent pos=64
[dvvideo @ 0xa85077100] [error] Concealing bitstream errors
[dvvideo @ 0xa85076d80] [error] Concealing bitstream errors
[dvvideo @ 0xa85077480] [error] AC EOB marker is absent pos=64
[dvvideo @ 0xa85077100] [error] AC EOB marker is absent pos=64
[dvvideo @ 0xa85076d80] [error] Concealing bitstream errors
[dvvideo @ 0xa85077480] [error] Concealing bitstream errors
[dvvideo @ 0xa85076d80] [error] Concealing bitstream errors
[dvvideo @ 0xa85077100] [error] Concealing bitstream errors
[dvvideo @ 0xa85076d80] [error] Concealing bitstream errors
[dvvideo @ 0xa85077480] [error] AC EOB marker is absent pos=66
[dvvideo @ 0xa85077480] [error] Concealing bitstream errors
[dvvideo @ 0xa85077100] [error] AC EOB marker is absent pos=71
[dvvideo @ 0xa85077100] [error] Concealing bitstream errors
[dvvideo @ 0xa85077480] [error] AC EOB marker is absent pos=69
[dvvideo @ 0xa85077480] [error] Concealing bitstream errors
[dvvideo @ 0xa85076d80] [error] Concealing bitstream errors
[dvvideo @ 0xa85077100] [error] AC EOB marker is absent pos=66
[dvvideo @ 0xa85077100] [error] Concealing bitstream errors
[dvvideo @ 0xa85076d80] [error] Concealing bitstream errors
[dvvideo @ 0xa85076d80] [error] Concealing bitstream errors
[dvvideo @ 0xa85077100] [error] AC EOB marker is absent pos=64
[dvvideo @ 0xa85077100] [error] Concealing bitstream errors
[dvvideo @ 0xa85076d80] [error] Concealing bitstream errors
[dvvideo @ 0xa85077100] [error] AC EOB marker is absent pos=64
[dvvideo @ 0xa85077100] [error] Concealing bitstream errors
[dvvideo @ 0xa85077480] [error] AC EOB marker is absent pos=64
[dvvideo @ 0xa85077480] [error] Concealing bitstream errors
[dvvideo @ 0xa85077480] [error] AC EOB marker is absent pos=64
[dvvideo @ 0xa85077480] [error] Concealing bitstream errors
[dvvideo @ 0xa85077100] [error] AC EOB marker is absent pos=64
[dvvideo @ 0xa85077100] [error] Concealing bitstream errors
[dvvideo @ 0xa85076d80] [error] Concealing bitstream errors
[dvvideo @ 0xa85077100] [error] AC EOB marker is absent pos=67
[dvvideo @ 0xa85077100] [error] Concealing bitstream errors
[dvvideo @ 0xa85076d80] [error] Concealing bitstream errors
[dvvideo @ 0xa85077480] [error] AC EOB marker is absent pos=64
[dvvideo @ 0xa85077480] [error] Concealing bitstream errors
[dvvideo @ 0xa85077100] [error] AC EOB marker is absent pos=64
[dvvideo @ 0xa85077100] [error] Concealing bitstream errors
[dvvideo @ 0xa85076d80] [error] Concealing bitstream errors
[dvvideo @ 0xa85077100] [error] AC EOB marker is absent pos=64
[dvvideo @ 0xa85076d80] [error] AC EOB marker is absent pos=68
[dvvideo @ 0xa85076d80] [error] Concealing bitstream errors
[dvvideo @ 0xa85077480] [error] AC EOB marker is absent pos=64
[dvvideo @ 0xa85077480] [error] Concealing bitstream errors
[dvvideo @ 0xa85077480] [error] AC EOB marker is absent pos=64
[dvvideo @ 0xa85077480] [error] Concealing bitstream errors
[dvvideo @ 0xa85076d80] [error] AC EOB marker is absent pos=65
[dvvideo @ 0xa85076d80] [error] Concealing bitstream errors
[dvvideo @ 0xa85077100] [error] Concealing bitstream errors
[dvvideo @ 0xa85077100] [error] AC EOB marker is absent pos=64
[dvvideo @ 0xa85077100] [error] Concealing bitstream errors
[dvvideo @ 0xa85076d80] [error] AC EOB marker is absent pos=65
[dvvideo @ 0xa85076d80] [error] Concealing bitstream errors
[dvvideo @ 0xa85077100] [error] AC EOB marker is absent pos=64
[dvvideo @ 0xa85077100] [error] Concealing bitstream errors
[dvvideo @ 0xa85076d80] [error] AC EOB marker is absent pos=65
[dvvideo @ 0xa85077100] [error] AC EOB marker is absent pos=66
[dvvideo @ 0xa85077100] [error] Concealing bitstream errors
[dvvideo @ 0xa85077480] [error] AC EOB marker is absent pos=64
[dvvideo @ 0xa85077480] [error] Concealing bitstream errors
[dvvideo @ 0xa85076d80] [error] Concealing bitstream errors
[dvvideo @ 0xa85076d80] [error] AC EOB marker is absent pos=64
[dvvideo @ 0xa85076d80] [error] Concealing bitstream errors
[dvvideo @ 0xa85077100] [error] AC EOB marker is absent pos=64
[dvvideo @ 0xa85077100] [error] Concealing bitstream errors
[dvvideo @ 0xa85077480] [error] AC EOB marker is absent pos=73
[dvvideo @ 0xa85077100] [error] AC EOB marker is absent pos=64
[dvvideo @ 0xa85077100] [error] Concealing bitstream errors
[dvvideo @ 0xa85077480] [error] Concealing bitstream errors
[dvvideo @ 0xa85076d80] [error] AC EOB marker is absent pos=64
[dvvideo @ 0xa85076d80] [error] Concealing bitstream errors
[dvvideo @ 0xa85077480] [error] AC EOB marker is absent pos=64
[dvvideo @ 0xa85077480] [error] Concealing bitstream errors
[dvvideo @ 0xa85077100] [error] AC EOB marker is absent pos=70
[dvvideo @ 0xa85077100] [error] Concealing bitstream errors
[dvvideo @ 0xa85077480] [error] AC EOB marker is absent pos=68
[dvvideo @ 0xa85077480] [error] Concealing bitstream errors
[dvvideo @ 0xa85076d80] [error] AC EOB marker is absent pos=74
[dvvideo @ 0xa85076d80] [error] Concealing bitstream errors
[dvvideo @ 0xa85077100] [error] AC EOB marker is absent pos=64
[dvvideo @ 0xa85077100] [error] Concealing bitstream errors
[dvvideo @ 0xa85077100] [error] AC EOB marker is absent pos=64
[dvvideo @ 0xa85077100] [error] Concealing bitstream errors
[dvvideo @ 0xa85076d80] [error] AC EOB marker is absent pos=73
[dvvideo @ 0xa85076d80] [error] Concealing bitstream errors
[dvvideo @ 0xa85077480] [error] AC EOB marker is absent pos=73
[dvvideo @ 0xa85077480] [error] Concealing bitstream errors
[dvvideo @ 0xa85077100] [error] AC EOB marker is absent pos=64
[dvvideo @ 0xa85077100] [error] Concealing bitstream errors
[dvvideo @ 0xa85076d80] [error] AC EOB marker is absent pos=64
[dvvideo @ 0xa85076d80] [error] Concealing bitstream errors
[dvvideo @ 0xa85077100] [error] AC EOB marker is absent pos=86
[dvvideo @ 0xa85077100] [error] Concealing bitstream errors
[dvvideo @ 0xa85077480] [error] AC EOB marker is absent pos=78
[dvvideo @ 0xa85077480] [error] Concealing bitstream errors
[dvvideo @ 0xa85076d80] [error] AC EOB marker is absent pos=64
[dvvideo @ 0xa85076d80] [error] Concealing bitstream errors
[dvvideo @ 0xa85077100] [error] AC EOB marker is absent pos=64
[dvvideo @ 0xa85077100] [error] Concealing bitstream errors
[dvvideo @ 0xa85077480] [error] AC EOB marker is absent pos=64
[dvvideo @ 0xa85077480] [error] Concealing bitstream errors
[dvvideo @ 0xa85077100] [error] AC EOB marker is absent pos=64
[dvvideo @ 0xa85077100] [error] Concealing bitstream errors
[dvvideo @ 0xa85077480] [error] AC EOB marker is absent pos=64
[dvvideo @ 0xa85077480] [error] Concealing bitstream errors
[dvvideo @ 0xa85077100] [error] AC EOB marker is absent pos=72
[dvvideo @ 0xa85077100] [error] Concealing bitstream errors
[dvvideo @ 0xa85077100] [error] AC EOB marker is absent pos=86
[dvvideo @ 0xa85077100] [error] Concealing bitstream errors
[dvvideo @ 0xa85076d80] [error] AC EOB marker is absent pos=64
[dvvideo @ 0xa85076d80] [error] Concealing bitstream errors
[dvvideo @ 0xa85077480] [error] AC EOB marker is absent pos=72
[dvvideo @ 0xa85077480] [error] Concealing bitstream errors
[dvvideo @ 0xa85077100] [error] AC EOB marker is absent pos=72
[dvvideo @ 0xa85077100] [error] Concealing bitstream errors
[dvvideo @ 0xa85077480] [error] AC EOB marker is absent pos=65
[dvvideo @ 0xa85077480] [error] Concealing bitstream errors
[dvvideo @ 0xa85076d80] [error] AC EOB marker is absent pos=64
[dvvideo @ 0xa85076d80] [error] Concealing bitstream errors
[dvvideo @ 0xa85077100] [error] AC EOB marker is absent pos=64
[dvvideo @ 0xa85077100] [error] Concealing bitstream errors
[dvvideo @ 0xa85077480] [error] AC EOB marker is absent pos=64
[dvvideo @ 0xa85077480] [error] Concealing bitstream errors
[dvvideo @ 0xa85076d80] [error] AC EOB marker is absent pos=64
[dvvideo @ 0xa85076d80] [error] Concealing bitstream errors
[dvvideo @ 0xa85077100] [error] AC EOB marker is absent pos=64
[dvvideo @ 0xa85077100] [error] Concealing bitstream errors
[dvvideo @ 0xa85076d80] [error] AC EOB marker is absent pos=64
[dvvideo @ 0xa85076d80] [error] Concealing bitstream errors
[dvvideo @ 0xa85077100] [error] AC EOB marker is absent pos=64
[dvvideo @ 0xa85077100] [error] Concealing bitstream errors
[dvvideo @ 0xa85077480] [error] AC EOB marker is absent pos=64
[dvvideo @ 0xa85076d80] [error] AC EOB marker is absent pos=74
[dvvideo @ 0xa85077100] [error] AC EOB marker is absent pos=64
[dvvideo @ 0xa85077100] [error] Concealing bitstream errors
[dvvideo @ 0xa85077480] [error] Concealing bitstream errors
[dvvideo @ 0xa85077100] [error] AC EOB marker is absent pos=64
[dvvideo @ 0xa85077100] [error] Concealing bitstream errors
[dvvideo @ 0xa85077100] [error] AC EOB marker is absent pos=64
[dvvideo @ 0xa85077100] [error] Concealing bitstream errors
[dvvideo @ 0xa85076d80] [error] Concealing bitstream errors
[dvvideo @ 0xa85077100] [error] AC EOB marker is absent pos=64
[dvvideo @ 0xa85077100] [error] Concealing bitstream errors
[dvvideo @ 0xa85076d80] [error] AC EOB marker is absent pos=70
[dvvideo @ 0xa85076d80] [error] Concealing bitstream errors
[dvvideo @ 0xa85077480] [error] AC EOB marker is absent pos=64
[dvvideo @ 0xa85077480] [error] Concealing bitstream errors
[dvvideo @ 0xa85076d80] [error] AC EOB marker is absent pos=66
[dvvideo @ 0xa85076d80] [error] Concealing bitstream errors
[dvvideo @ 0xa85077480] [error] AC EOB marker is absent pos=65
[dvvideo @ 0xa85077480] [error] Concealing bitstream errors
[dvvideo @ 0xa85077100] [error] AC EOB marker is absent pos=65
[dvvideo @ 0xa85077100] [error] Concealing bitstream errors
[dvvideo @ 0xa85076d80] [error] AC EOB marker is absent pos=66
[dvvideo @ 0xa85076d80] [error] Concealing bitstream errors
[dvvideo @ 0xa85077480] [error] AC EOB marker is absent pos=65
[dvvideo @ 0xa85077480] [error] Concealing bitstream errors
[dvvideo @ 0xa85076d80] [error] AC EOB marker is absent pos=67
[dvvideo @ 0xa85076d80] [error] Concealing bitstream errors
[dvvideo @ 0xa85077480] [error] AC EOB marker is absent pos=64
[dvvideo @ 0xa85077480] [error] Concealing bitstream errors
[dvvideo @ 0xa85076d80] [error] AC EOB marker is absent pos=65
[dvvideo @ 0xa85076d80] [error] Concealing bitstream errors
[dvvideo @ 0xa85077100] [error] AC EOB marker is absent pos=66
[dvvideo @ 0xa85077100] [error] Concealing bitstream errors
[dvvideo @ 0xa85077480] [error] AC EOB marker is absent pos=66
[dvvideo @ 0xa85077480] [error] Concealing bitstream errors
[dvvideo @ 0xa85076d80] [error] AC EOB marker is absent pos=64
[dvvideo @ 0xa85076d80] [error] Concealing bitstream errors
[dvvideo @ 0xa85077100] [error] AC EOB marker is absent pos=71
[dvvideo @ 0xa85077100] [error] Concealing bitstream errors
[dvvideo @ 0xa85077480] [error] AC EOB marker is absent pos=71
[dvvideo @ 0xa85077480] [error] Concealing bitstream errors
[dvvideo @ 0xa85076d80] [error] AC EOB marker is absent pos=64
[dvvideo @ 0xa85076d80] [error] Concealing bitstream errors
[dvvideo @ 0xa85077100] [error] AC EOB marker is absent pos=66
[dvvideo @ 0xa85077100] [error] Concealing bitstream errors
[dvvideo @ 0xa85076d80] [error] AC EOB marker is absent pos=71
[dvvideo @ 0xa85076d80] [error] Concealing bitstream errors
[dvvideo @ 0xa85077100] [error] AC EOB marker is absent pos=64
[dvvideo @ 0xa85077100] [error] Concealing bitstream errors
[dvvideo @ 0xa85077480] [error] AC EOB marker is absent pos=64
[dvvideo @ 0xa85077480] [error] Concealing bitstream errors
[dvvideo @ 0xa85076d80] [error] AC EOB marker is absent pos=66
[dvvideo @ 0xa85076d80] [error] Concealing bitstream errors
[dvvideo @ 0xa85077480] [error] AC EOB marker is absent pos=66
[dvvideo @ 0xa85077480] [error] Concealing bitstream errors
[dvvideo @ 0xa85077100] [error] AC EOB marker is absent pos=64
[dvvideo @ 0xa85077100] [error] Concealing bitstream errors
[dvvideo @ 0xa85076d80] [error] AC EOB marker is absent pos=64
[dvvideo @ 0xa85076d80] [error] Concealing bitstream errors
[dvvideo @ 0xa85077480] [error] AC EOB marker is absent pos=66
[dvvideo @ 0xa85077480] [error] Concealing bitstream errors
[dvvideo @ 0xa85077100] [error] AC EOB marker is absent pos=64
[dvvideo @ 0xa85077100] [error] Concealing bitstream errors
[dvvideo @ 0xa85077480] [error] AC EOB marker is absent pos=64
[dvvideo @ 0xa85077480] [error] Concealing bitstream errors
[dvvideo @ 0xa85076d80] [error] AC EOB marker is absent pos=64
[dvvideo @ 0xa85076d80] [error] Concealing bitstream errors
[dvvideo @ 0xa85077100] [error] AC EOB marker is absent pos=64
[dvvideo @ 0xa85077100] [error] Concealing bitstream errors
[dvvideo @ 0xa85077480] [error] AC EOB marker is absent pos=64
[dvvideo @ 0xa85077480] [error] Concealing bitstream errors
[dvvideo @ 0xa85077100] [error] AC EOB marker is absent pos=64
[dvvideo @ 0xa85077100] [error] Concealing bitstream errors
[dvvideo @ 0xa85076d80] [error] AC EOB marker is absent pos=64
[dvvideo @ 0xa85076d80] [error] Concealing bitstream errors
[dvvideo @ 0xa85077100] [error] AC EOB marker is absent pos=64
[dvvideo @ 0xa85076d80] [error] AC EOB marker is absent pos=67
[dvvideo @ 0xa85076d80] [error] Concealing bitstream errors
[dvvideo @ 0xa85077100] [error] Concealing bitstream errors
[dvvideo @ 0xa85076d80] [error] AC EOB marker is absent pos=64
[dvvideo @ 0xa85076d80] [error] Concealing bitstream errors
[dvvideo @ 0xa85077480] [error] AC EOB marker is absent pos=64
[dvvideo @ 0xa85077480] [error] Concealing bitstream errors
[dvvideo @ 0xa85076d80] [error] AC EOB marker is absent pos=64
[dvvideo @ 0xa85076d80] [error] Concealing bitstream errors
[dvvideo @ 0xa85076d80] [error] AC EOB marker is absent pos=64
[dvvideo @ 0xa85076d80] [error] Concealing bitstream errors
[dvvideo @ 0xa85077480] [error] AC EOB marker is absent pos=64
[dvvideo @ 0xa85077480] [error] Concealing bitstream errors
[dvvideo @ 0xa85077100] [error] AC EOB marker is absent pos=64
[dvvideo @ 0xa85077100] [error] Concealing bitstream errors
[dvvideo @ 0xa85077480] [error] AC EOB marker is absent pos=64
[dvvideo @ 0xa85077100] [error] AC EOB marker is absent pos=64
[dvvideo @ 0xa85077100] [error] Concealing bitstream errors
[dvvideo @ 0xa85076d80] [error] AC EOB marker is absent pos=64
[dvvideo @ 0xa85076d80] [error] Concealing bitstream errors
[dvvideo @ 0xa85077480] [error] Concealing bitstream errors
[dvvideo @ 0xa85076d80] [error] AC EOB marker is absent pos=66
[dvvideo @ 0xa85076d80] [error] Concealing bitstream errors
[dvvideo @ 0xa85076d80] [error] AC EOB marker is absent pos=64
[dvvideo @ 0xa85076d80] [error] Concealing bitstream errors
[dvvideo @ 0xa85077480] [error] AC EOB marker is absent pos=64
[dvvideo @ 0xa85077480] [error] Concealing bitstream errors
[dvvideo @ 0xa85076d80] [error] AC EOB marker is absent pos=64
[dvvideo @ 0xa85076d80] [error] Concealing bitstream errors
[dvvideo @ 0xa85076d80] [error] AC EOB marker is absent pos=70
[dvvideo @ 0xa85076d80] [error] Concealing bitstream errors
[dvvideo @ 0xa85076d80] [error] AC EOB marker is absent pos=64
[dvvideo @ 0xa85076d80] [error] Concealing bitstream errors
[dvvideo @ 0xa85076d80] [error] AC EOB marker is absent pos=64
[dvvideo @ 0xa85076d80] [error] Concealing bitstream errors
[dvvideo @ 0xa85076d80] [error] AC EOB marker is absent pos=64
[dvvideo @ 0xa85076d80] [error] Concealing bitstream errors
[dvvideo @ 0xa85076d80] [error] AC EOB marker is absent pos=86
[dvvideo @ 0xa85076d80] [error] Concealing bitstream errors
[dvvideo @ 0xa85076d80] [error] AC EOB marker is absent pos=64
[dvvideo @ 0xa85076d80] [error] Concealing bitstream errors
[dvvideo @ 0xa85076d80] [error] AC EOB marker is absent pos=64
[dvvideo @ 0xa85076d80] [error] Concealing bitstream errors
[dvvideo @ 0xa85076d80] [error] AC EOB marker is absent pos=72
[dvvideo @ 0xa85076d80] [error] Concealing bitstream errors
[dvvideo @ 0xa85076d80] [error] AC EOB marker is absent pos=86
[dvvideo @ 0xa85076d80] [error] Concealing bitstream errors
[dvvideo @ 0xa85076d80] [error] AC EOB marker is absent pos=72
[dvvideo @ 0xa85076d80] [error] Concealing bitstream errors
[dvvideo @ 0xa85076d80] [error] AC EOB marker is absent pos=64
[dvvideo @ 0xa85076d80] [error] Concealing bitstream errors
[dvvideo @ 0xa85076d80] [error] AC EOB marker is absent pos=64
[dvvideo @ 0xa85076d80] [error] Concealing bitstream errors
[dvvideo @ 0xa85076d80] [error] AC EOB marker is absent pos=64
[dvvideo @ 0xa85076d80] [error] Concealing bitstream errors
[dvvideo @ 0xa85076d80] [error] AC EOB marker is absent pos=64
[dvvideo @ 0xa85076d80] [error] Concealing bitstream errors
[dvvideo @ 0xa85076d80] [error] AC EOB marker is absent pos=64
[dvvideo @ 0xa85076d80] [error] Concealing bitstream errors
[dvvideo @ 0xa85076d80] [error] AC EOB marker is absent pos=64
[dvvideo @ 0xa85076d80] [error] Concealing bitstream errors
[dvvideo @ 0xa85076d80] [error] AC EOB marker is absent pos=64
[dvvideo @ 0xa85076d80] [error] Concealing bitstream errors
[dvvideo @ 0xa85076d80] [error] AC EOB marker is absent pos=65
[dvvideo @ 0xa85076d80] [error] Concealing bitstream errors
[dvvideo @ 0xa85076d80] [error] AC EOB marker is absent pos=66
[dvvideo @ 0xa85076d80] [error] Concealing bitstream errors
[dvvideo @ 0xa85076d80] [error] AC EOB marker is absent pos=71
[dvvideo @ 0xa85076d80] [error] Concealing bitstream errors
[dvvideo @ 0xa85076d80] [error] AC EOB marker is absent pos=66
[dvvideo @ 0xa85076d80] [error] Concealing bitstream errors
[dvvideo @ 0xa85076d80] [error] AC EOB marker is absent pos=64
[dvvideo @ 0xa85076d80] [error] Concealing bitstream errors
[dvvideo @ 0xa85076d80] [error] AC EOB marker is absent pos=64
[dvvideo @ 0xa85076d80] [error] Concealing bitstream errors
[dvvideo @ 0xa85076d80] [error] AC EOB marker is absent pos=64
[dvvideo @ 0xa85076d80] [error] Concealing bitstream errors
[dvvideo @ 0xa85076d80] [error] AC EOB marker is absent pos=64
[dvvideo @ 0xa85076d80] [error] Concealing bitstream errors
[dvvideo @ 0xa85076d80] [error] AC EOB marker is absent pos=64
[dvvideo @ 0xa85076d80] [error] Concealing bitstream errors
[dvvideo @ 0xa85076d80] [error] AC EOB marker is absent pos=64
[dvvideo @ 0xa85076d80] [error] Concealing bitstream errors
[dvvideo @ 0xa85076d80] [error] AC EOB marker is absent pos=64
[dvvideo @ 0xa85076d80] [error] Concealing bitstream errors
[dvvideo @ 0xa85076d80] [error] AC EOB marker is absent pos=64
[dvvideo @ 0xa85076d80] [error] Concealing bitstream errors
[Parsed_showinfo_1 @ 0xa84c6c6c0] [info] n:   8 pts:    480 pts_time:16.016016 duration:      1 duration_time:0.0333667 fmt:yuv411p cl:topleft sar:8/9 s:720x480 i:B iskey:0 type:? checksum:AACA4DA9 plane_checksum:[2657F633 4AB9C7E8 E6F58F70] mean:[171 124 128] stdev:[33.0 2.3 1.8]
[Parsed_showinfo_1 @ 0xa84c6c6c0] [info] color_range:unknown color_space:unknown color_primaries:unknown color_trc:unknown
[Parsed_showinfo_1 @ 0xa84c6c6c0] [info] n:   9 pts:    540 pts_time:18.018018 duration:      1 duration_time:0.0333667 fmt:yuv411p cl:topleft sar:8/9 s:720x480 i:B iskey:0 type:? checksum:2A3DB908 plane_checksum:[488C01E8 DB025D25 894B59FB] mean:[166 125 128] stdev:[29.3 1.8 0.8]
[Parsed_showinfo_1 @ 0xa84c6c6c0] [info] color_range:unknown color_space:unknown color_primaries:unknown color_trc:unknown
[Parsed_showinfo_1 @ 0xa84c6c6c0] [info] n:  10 pts:    600 pts_time:20.02002 duration:      1 duration_time:0.0333667 fmt:yuv411p cl:topleft sar:8/9 s:720x480 i:B iskey:0 type:? checksum:C0CFE639 plane_checksum:[4F8AF11F DA46889A 024B6C71] mean:[167 125 128] stdev:[31.8 1.9 0.9]
[Parsed_showinfo_1 @ 0xa84c6c6c0] [info] color_range:unknown color_space:unknown color_primaries:unknown color_trc:unknown
[Parsed_showinfo_1 @ 0xa84c6c6c0] [info] n:  11 pts:    660 pts_time:22.022022 duration:      1 duration_time:0.0333667 fmt:yuv411p cl:topleft sar:8/9 s:720x480 i:B iskey:0 type:? checksum:61B32D85 plane_checksum:[24646F2D 14162AE7 79019362] mean:[170 124 128] stdev:[32.1 2.0 0.9]
[Parsed_showinfo_1 @ 0xa84c6c6c0] [info] color_range:unknown color_space:unknown color_primaries:unknown color_trc:unknown
[Parsed_showinfo_1 @ 0xa84c6c6c0] [info] n:  12 pts:    720 pts_time:24.024024 duration:      1 duration_time:0.0333667 fmt:yuv411p cl:topleft sar:8/9 s:720x480 i:B iskey:0 type:? checksum:E6880A66 plane_checksum:[658B16EE F1654D6E F9DDA5FB] mean:[182 124 128] stdev:[38.3 2.5 0.9]
[Parsed_showinfo_1 @ 0xa84c6c6c0] [info] color_range:unknown color_space:unknown color_primaries:unknown color_trc:unknown
[Parsed_showinfo_1 @ 0xa84c6c6c0] [info] n:  13 pts:    780 pts_time:26.026026 duration:      1 duration_time:0.0333667 fmt:yuv411p cl:topleft sar:8/9 s:720x480 i:B iskey:0 type:? checksum:D8A737B9 plane_checksum:[01661D09 D2E69CFA 14BE7DA7] mean:[183 124 128] stdev:[38.1 2.3 1.0]
[Parsed_showinfo_1 @ 0xa84c6c6c0] [info] color_range:unknown color_space:unknown color_primaries:unknown color_trc:unknown
[Parsed_showinfo_1 @ 0xa84c6c6c0] [info] n:  14 pts:    823 pts_time:27.460794 duration:      1 duration_time:0.0333667 fmt:yuv411p cl:topleft sar:8/9 s:720x480 i:B iskey:0 type:? checksum:BDDD000D plane_checksum:[E78A6CE3 945AC96C 7341C9A0] mean:[19 128 128] stdev:[0.6 0.1 0.0]
[Parsed_showinfo_1 @ 0xa84c6c6c0] [info] color_range:unknown color_space:unknown color_primaries:unknown color_trc:unknown
[out#0/image2 @ 0xa84c6c300] [info] video:5193KiB audio:0KiB subtitle:0KiB other streams:0KiB global headers:0KiB muxing overhead: unknown
[info] frame=   15 fps=0.0 q=-0.0 Lsize=N/A time=00:00:00.00 bitrate=N/A speed=   0x    
