[info] Input #0, mov,mp4,m4a,3gp,3g2,mj2, from '/Users/admin/docs/911/research/wtc7-video-comparison/media/broadcast-archive/BBC 2001-09-11 1654-1736 IA 512kb.mp4':
[info]   Metadata:
[info]     major_brand     : isom
[info]     minor_version   : 512
[info]     compatible_brands: mp41
[info]     creation_time   : 1970-01-01T00:00:00.000000Z
[info]     title           : BBC Sept. 11, 2001 4:54 pm - 5:36 pm - http://www.archive.org/details/bbc200109111654-1736
[info]     encoder         : Lavf51.10.0
[info]   Duration: 00:41:41.90, start: 0.000000, bitrate: 580 kb/s
[info]   Stream #0:0[0x1](und): Video: h264 (Constrained Baseline) (avc1 / 0x31637661), yuv420p(progressive), 320x240 [SAR 1:1 DAR 4:3], 512 kb/s, 29.97 fps, 29.97 tbr, 2997 tbn (default)
[info]       Metadata:
[info]         creation_time   : 1970-01-01T00:00:00.000000Z
[info]         handler_name    : VideoHandler
[info]         vendor_id       : [0][0][0][0]
[info]   Stream #0:1[0x2](und): Audio: aac (LC) (mp4a / 0x6134706D), 44100 Hz, stereo, fltp, 63 kb/s (default)
[info]       Metadata:
[info]         creation_time   : 1970-01-01T00:00:00.000000Z
[info]         handler_name    : SoundHandler
[info]         vendor_id       : [0][0][0][0]
[info] Stream mapping:
[info]   Stream #0:0 -> #0:0 (h264 (native) -> png (native))
[Parsed_showinfo_1 @ 0x71486f900] [info] config in time_base: 1/2997, frame_rate: 2997/100
[Parsed_showinfo_1 @ 0x71486f900] [info] config out time_base: 0/0, frame_rate: 0/0
[swscaler @ 0x712810000] [swscaler @ 0x7136fc000] [warning] No accelerated colorspace conversion found from yuv420p to rgb24.
[swscaler @ 0x712810000] [swscaler @ 0x712820000] [warning] No accelerated colorspace conversion found from yuv420p to rgb24.
[swscaler @ 0x712810000] [swscaler @ 0x71370c000] [warning] No accelerated colorspace conversion found from yuv420p to rgb24.
[swscaler @ 0x712810000] [swscaler @ 0x71371c000] [warning] No accelerated colorspace conversion found from yuv420p to rgb24.
[swscaler @ 0x712810000] [swscaler @ 0x71372c000] [warning] No accelerated colorspace conversion found from yuv420p to rgb24.
[swscaler @ 0x712810000] [swscaler @ 0x71373c000] [warning] No accelerated colorspace conversion found from yuv420p to rgb24.
[swscaler @ 0x712810000] [swscaler @ 0x71374c000] [warning] No accelerated colorspace conversion found from yuv420p to rgb24.
[swscaler @ 0x712810000] [swscaler @ 0x712830000] [warning] No accelerated colorspace conversion found from yuv420p to rgb24.
[swscaler @ 0x712810000] [swscaler @ 0x712840000] [warning] No accelerated colorspace conversion found from yuv420p to rgb24.
[swscaler @ 0x712810000] [swscaler @ 0x71375c000] [warning] No accelerated colorspace conversion found from yuv420p to rgb24.
[swscaler @ 0x712810000] [swscaler @ 0x712850000] [warning] No accelerated colorspace conversion found from yuv420p to rgb24.
[swscaler @ 0x712810000] [swscaler @ 0x71376c000] [warning] No accelerated colorspace conversion found from yuv420p to rgb24.
[swscaler @ 0x712810000] [swscaler @ 0x71377c000] [warning] No accelerated colorspace conversion found from yuv420p to rgb24.
[Parsed_showinfo_1 @ 0x71486f900] [info] n:   0 pts:      0 pts_time:0       duration:    100 duration_time:0.0333667 fmt:yuv420p cl:left sar:1/1 s:320x240 i:P iskey:1 type:I checksum:A019BC0D plane_checksum:[A842E1DA E049E4D7 AF1CF53E] mean:[107 126 130] stdev:[43.1 5.0 7.3]
[Parsed_showinfo_1 @ 0x71486f900] [info] color_range:unknown color_space:unknown color_primaries:unknown color_trc:unknown
[info] Output #0, image2, to '/Users/admin/docs/911-worktrees/sherlock-wtc7-investigation/research/sherlock-wtc7-investigation/late-fire-video-lineage/run01-VID-WTC7-005/VID-WTC7-005/native/frame-%06d.png':
[info]   Metadata:
[info]     encoder         : Lavf61.7.100
[info]   Stream #0:0: Video: png, rgb24(pc, gbr/unknown/unknown, progressive), 320x240 [SAR 1:1 DAR 4:3], q=2-31, 200 kb/s, 29.97 fps, 2997 tbn (default)
[info]       Metadata:
[info]         encoder         : Lavc61.19.101 png
[Parsed_showinfo_1 @ 0x71486f900] [info] n:   1 pts:  45000 pts_time:15.015015 duration:    100 duration_time:0.0333667 fmt:yuv420p cl:left sar:1/1 s:320x240 i:P iskey:0 type:P checksum:8D8E5B30 plane_checksum:[8F604086 CB802220 8160F87B] mean:[123 127 130] stdev:[51.6 5.2 7.3]
[Parsed_showinfo_1 @ 0x71486f900] [info] color_range:unknown color_space:unknown color_primaries:unknown color_trc:unknown
[Parsed_showinfo_1 @ 0x71486f900] [info] n:   2 pts:  90000 pts_time:30.03003 duration:    100 duration_time:0.0333667 fmt:yuv420p cl:left sar:1/1 s:320x240 i:P iskey:1 type:I checksum:6B6940D0 plane_checksum:[53DA7844 9BDDDBDB 92FCEC93] mean:[116 126 129] stdev:[46.9 4.9 7.3]
[Parsed_showinfo_1 @ 0x71486f900] [info] color_range:unknown color_space:unknown color_primaries:unknown color_trc:unknown
[Parsed_showinfo_1 @ 0x71486f900] [info] n:   3 pts: 134900 pts_time:45.011678 duration:    100 duration_time:0.0333667 fmt:yuv420p cl:left sar:1/1 s:320x240 i:P iskey:0 type:P checksum:C04EEE0A plane_checksum:[A7E1125C AF3EF624 19D3E57B] mean:[123 126 129] stdev:[47.2 4.8 7.2]
[Parsed_showinfo_1 @ 0x71486f900] [info] color_range:unknown color_space:unknown color_primaries:unknown color_trc:unknown
[Parsed_showinfo_1 @ 0x71486f900] [info] n:   4 pts: 179900 pts_time:60.026693 duration:    100 duration_time:0.0333667 fmt:yuv420p cl:left sar:1/1 s:320x240 i:P iskey:0 type:P checksum:E09CBC4B plane_checksum:[A15B5D92 E148D015 E1AB8E95] mean:[88 122 135] stdev:[48.5 7.0 9.6]
[Parsed_showinfo_1 @ 0x71486f900] [info] color_range:unknown color_space:unknown color_primaries:unknown color_trc:unknown
[Parsed_showinfo_1 @ 0x71486f900] [info] n:   5 pts: 224800 pts_time:75.008342 duration:    100 duration_time:0.0333667 fmt:yuv420p cl:left sar:1/1 s:320x240 i:P iskey:0 type:P checksum:7594D91F plane_checksum:[22937569 2B9BD231 A24E9176] mean:[88 122 135] stdev:[48.9 7.0 9.7]
[Parsed_showinfo_1 @ 0x71486f900] [info] color_range:unknown color_space:unknown color_primaries:unknown color_trc:unknown
[Parsed_showinfo_1 @ 0x71486f900] [info] n:   6 pts: 269800 pts_time:90.023357 duration:    100 duration_time:0.0333667 fmt:yuv420p cl:left sar:1/1 s:320x240 i:P iskey:0 type:P checksum:A8108A27 plane_checksum:[7A5F84AB AD449360 184E720D] mean:[84 128 135] stdev:[45.1 18.5 19.0]
[Parsed_showinfo_1 @ 0x71486f900] [info] color_range:unknown color_space:unknown color_primaries:unknown color_trc:unknown
[Parsed_showinfo_1 @ 0x71486f900] [info] n:   7 pts: 314700 pts_time:105.005005 duration:    100 duration_time:0.0333667 fmt:yuv420p cl:left sar:1/1 s:320x240 i:P iskey:0 type:P checksum:1EF3E52F plane_checksum:[8D26C71E FA52B820 A39465E2] mean:[86 129 134] stdev:[47.2 19.5 19.3]
[Parsed_showinfo_1 @ 0x71486f900] [info] color_range:unknown color_space:unknown color_primaries:unknown color_trc:unknown
[Parsed_showinfo_1 @ 0x71486f900] [info] n:   8 pts: 359700 pts_time:120.02002 duration:    100 duration_time:0.0333667 fmt:yuv420p cl:left sar:1/1 s:320x240 i:P iskey:0 type:P checksum:3753FEF8 plane_checksum:[50814679 5138D73C FDEBE134] mean:[86 122 136] stdev:[48.4 12.1 18.2]
[Parsed_showinfo_1 @ 0x71486f900] [info] color_range:unknown color_space:unknown color_primaries:unknown color_trc:unknown
[Parsed_showinfo_1 @ 0x71486f900] [info] n:   9 pts: 404600 pts_time:135.001668 duration:    100 duration_time:0.0333667 fmt:yuv420p cl:left sar:1/1 s:320x240 i:P iskey:0 type:P checksum:B4BAFD4A plane_checksum:[0FF940D7 6660B858 1816041B] mean:[86 122 137] stdev:[48.0 11.5 17.3]
[Parsed_showinfo_1 @ 0x71486f900] [info] color_range:unknown color_space:unknown color_primaries:unknown color_trc:unknown
[Parsed_showinfo_1 @ 0x71486f900] [info] n:  10 pts: 449600 pts_time:150.016683 duration:    100 duration_time:0.0333667 fmt:yuv420p cl:left sar:1/1 s:320x240 i:P iskey:0 type:P checksum:AE703E1B plane_checksum:[44F99CB1 952ED4B3 A4D3CC99] mean:[87 122 136] stdev:[49.4 12.0 18.3]
[Parsed_showinfo_1 @ 0x71486f900] [info] color_range:unknown color_space:unknown color_primaries:unknown color_trc:unknown
[Parsed_showinfo_1 @ 0x71486f900] [info] n:  11 pts: 494600 pts_time:165.031698 duration:    100 duration_time:0.0333667 fmt:yuv420p cl:left sar:1/1 s:320x240 i:P iskey:0 type:P checksum:34CD9A3D plane_checksum:[16821D91 E067D697 57ABA606] mean:[85 122 135] stdev:[47.9 11.8 18.7]
[Parsed_showinfo_1 @ 0x71486f900] [info] color_range:unknown color_space:unknown color_primaries:unknown color_trc:unknown
[Parsed_showinfo_1 @ 0x71486f900] [info] n:  12 pts: 539500 pts_time:180.013347 duration:    100 duration_time:0.0333667 fmt:yuv420p cl:left sar:1/1 s:320x240 i:P iskey:0 type:P checksum:4038E059 plane_checksum:[0D5E4A2B ACA52AF0 BB636B3E] mean:[89 123 135] stdev:[51.1 14.0 20.5]
[Parsed_showinfo_1 @ 0x71486f900] [info] color_range:unknown color_space:unknown color_primaries:unknown color_trc:unknown
[Parsed_showinfo_1 @ 0x71486f900] [info] n:  13 pts: 584500 pts_time:195.028362 duration:    100 duration_time:0.0333667 fmt:yuv420p cl:left sar:1/1 s:320x240 i:P iskey:0 type:P checksum:CD9A5360 plane_checksum:[CFA4DF1A 5B70E53C 39948EEC] mean:[107 119 135] stdev:[50.8 7.8 7.8]
[Parsed_showinfo_1 @ 0x71486f900] [info] color_range:unknown color_space:unknown color_primaries:unknown color_trc:unknown
[Parsed_showinfo_1 @ 0x71486f900] [info] n:  14 pts: 629400 pts_time:210.01001 duration:    100 duration_time:0.0333667 fmt:yuv420p cl:left sar:1/1 s:320x240 i:P iskey:0 type:P checksum:E52BE9D7 plane_checksum:[B782CCB4 8F838472 725F98A2] mean:[110 125 132] stdev:[45.7 4.9 6.9]
[Parsed_showinfo_1 @ 0x71486f900] [info] color_range:unknown color_space:unknown color_primaries:unknown color_trc:unknown
[Parsed_showinfo_1 @ 0x71486f900] [info] n:  15 pts: 674400 pts_time:225.025025 duration:    100 duration_time:0.0333667 fmt:yuv420p cl:left sar:1/1 s:320x240 i:P iskey:1 type:I checksum:339CFABA plane_checksum:[03D52B31 D5D7593E 75E8764B] mean:[107 117 138] stdev:[55.6 9.7 9.2]
[Parsed_showinfo_1 @ 0x71486f900] [info] color_range:unknown color_space:unknown color_primaries:unknown color_trc:unknown
[Parsed_showinfo_1 @ 0x71486f900] [info] n:  16 pts: 719300 pts_time:240.006673 duration:    100 duration_time:0.0333667 fmt:yuv420p cl:left sar:1/1 s:320x240 i:P iskey:0 type:P checksum:FB3520E9 plane_checksum:[6EC6AD31 47A8DA45 A5CE9955] mean:[109 119 135] stdev:[50.7 7.8 7.9]
[Parsed_showinfo_1 @ 0x71486f900] [info] color_range:unknown color_space:unknown color_primaries:unknown color_trc:unknown
[Parsed_showinfo_1 @ 0x71486f900] [info] n:  17 pts: 764300 pts_time:255.021688 duration:    100 duration_time:0.0333667 fmt:yuv420p cl:left sar:1/1 s:320x240 i:P iskey:0 type:P checksum:DAC330F8 plane_checksum:[CC183720 1E455E0E 94559BBB] mean:[111 124 132] stdev:[46.2 5.0 6.9]
[Parsed_showinfo_1 @ 0x71486f900] [info] color_range:unknown color_space:unknown color_primaries:unknown color_trc:unknown
[Parsed_showinfo_1 @ 0x71486f900] [info] n:  18 pts: 809200 pts_time:270.003337 duration:    100 duration_time:0.0333667 fmt:yuv420p cl:left sar:1/1 s:320x240 i:P iskey:0 type:P checksum:0F53861E plane_checksum:[1BDBE50D 3CC34CDD 2A395425] mean:[103 117 138] stdev:[51.6 9.4 8.5]
[Parsed_showinfo_1 @ 0x71486f900] [info] color_range:unknown color_space:unknown color_primaries:unknown color_trc:unknown
[Parsed_showinfo_1 @ 0x71486f900] [info] n:  19 pts: 854200 pts_time:285.018352 duration:    100 duration_time:0.0333667 fmt:yuv420p cl:left sar:1/1 s:320x240 i:P iskey:0 type:P checksum:6FF17777 plane_checksum:[16A000EB 15D2BCBF 56C8B9BE] mean:[117 119 136] stdev:[53.0 7.7 8.0]
[Parsed_showinfo_1 @ 0x71486f900] [info] color_range:unknown color_space:unknown color_primaries:unknown color_trc:unknown
[Parsed_showinfo_1 @ 0x71486f900] [info] n:  20 pts: 899100 pts_time:300     duration:    100 duration_time:0.0333667 fmt:yuv420p cl:left sar:1/1 s:320x240 i:P iskey:0 type:P checksum:3CAFB96D plane_checksum:[0AD1C0E0 05B82D67 57FECB17] mean:[112 123 132] stdev:[45.6 5.2 6.8]
[Parsed_showinfo_1 @ 0x71486f900] [info] color_range:unknown color_space:unknown color_primaries:unknown color_trc:unknown
[Parsed_showinfo_1 @ 0x71486f900] [info] n:  21 pts: 944100 pts_time:315.015015 duration:    100 duration_time:0.0333667 fmt:yuv420p cl:left sar:1/1 s:320x240 i:P iskey:0 type:P checksum:7DD695FE plane_checksum:[AA472D5D D5E3D4AB 310593E7] mean:[119 126 132] stdev:[48.3 4.9 7.1]
[Parsed_showinfo_1 @ 0x71486f900] [info] color_range:unknown color_space:unknown color_primaries:unknown color_trc:unknown
[Parsed_showinfo_1 @ 0x71486f900] [info] n:  22 pts: 989100 pts_time:330.03003 duration:    100 duration_time:0.0333667 fmt:yuv420p cl:left sar:1/1 s:320x240 i:P iskey:0 type:P checksum:B0BA322C plane_checksum:[D8B87247 8E4807B8 B918B81E] mean:[90 130 129] stdev:[36.5 5.8 8.1]
[Parsed_showinfo_1 @ 0x71486f900] [info] color_range:unknown color_space:unknown color_primaries:unknown color_trc:unknown
[Parsed_showinfo_1 @ 0x71486f900] [info] n:  23 pts:1034000 pts_time:345.011678 duration:    100 duration_time:0.0333667 fmt:yuv420p cl:left sar:1/1 s:320x240 i:P iskey:0 type:P checksum:3FEAFD54 plane_checksum:[A609879D 2C401AD8 096A5ADF] mean:[98 127 131] stdev:[39.8 5.5 7.2]
[Parsed_showinfo_1 @ 0x71486f900] [info] color_range:unknown color_space:unknown color_primaries:unknown color_trc:unknown
[Parsed_showinfo_1 @ 0x71486f900] [info] n:  24 pts:1079000 pts_time:360.026693 duration:    100 duration_time:0.0333667 fmt:yuv420p cl:left sar:1/1 s:320x240 i:P iskey:0 type:P checksum:4648A7E0 plane_checksum:[6E5062F7 98F7DE12 08D566C8] mean:[145 105 138] stdev:[58.9 13.6 10.2]
[Parsed_showinfo_1 @ 0x71486f900] [info] color_range:unknown color_space:unknown color_primaries:unknown color_trc:unknown
[Parsed_showinfo_1 @ 0x71486f900] [info] n:  25 pts:1123900 pts_time:375.008342 duration:    100 duration_time:0.0333667 fmt:yuv420p cl:left sar:1/1 s:320x240 i:P iskey:0 type:P checksum:FDCF7988 plane_checksum:[72C3F5F4 F07B7016 D1A0136F] mean:[72 124 133] stdev:[40.2 7.6 11.2]
[Parsed_showinfo_1 @ 0x71486f900] [info] color_range:unknown color_space:unknown color_primaries:unknown color_trc:unknown
[Parsed_showinfo_1 @ 0x71486f900] [info] n:  26 pts:1168900 pts_time:390.023357 duration:    100 duration_time:0.0333667 fmt:yuv420p cl:left sar:1/1 s:320x240 i:P iskey:0 type:P checksum:5BD088CF plane_checksum:[3609499F 4B533765 9EB607CB] mean:[108 113 140] stdev:[49.9 15.7 8.1]
[Parsed_showinfo_1 @ 0x71486f900] [info] color_range:unknown color_space:unknown color_primaries:unknown color_trc:unknown
[Parsed_showinfo_1 @ 0x71486f900] [info] n:  27 pts:1213800 pts_time:405.005005 duration:    100 duration_time:0.0333667 fmt:yuv420p cl:left sar:1/1 s:320x240 i:P iskey:0 type:P checksum:0345031E plane_checksum:[C38D0C46 83F881B1 36B47518] mean:[102 114 145] stdev:[40.8 10.8 13.4]
[Parsed_showinfo_1 @ 0x71486f900] [info] color_range:unknown color_space:unknown color_primaries:unknown color_trc:unknown
[Parsed_showinfo_1 @ 0x71486f900] [info] n:  28 pts:1258800 pts_time:420.02002 duration:    100 duration_time:0.0333667 fmt:yuv420p cl:left sar:1/1 s:320x240 i:P iskey:1 type:I checksum:3ECF64B4 plane_checksum:[B243E707 5B9064AB 547318F3] mean:[72 124 133] stdev:[40.2 7.6 11.4]
[Parsed_showinfo_1 @ 0x71486f900] [info] color_range:unknown color_space:unknown color_primaries:unknown color_trc:unknown
[Parsed_showinfo_1 @ 0x71486f900] [info] n:  29 pts:1303700 pts_time:435.001668 duration:    100 duration_time:0.0333667 fmt:yuv420p cl:left sar:1/1 s:320x240 i:P iskey:0 type:P checksum:F6B09238 plane_checksum:[39BFA6C8 DE308ED1 45CA5C90] mean:[135 132 121] stdev:[58.7 5.1 8.9]
[Parsed_showinfo_1 @ 0x71486f900] [info] color_range:unknown color_space:unknown color_primaries:unknown color_trc:unknown
[Parsed_showinfo_1 @ 0x71486f900] [info] n:  30 pts:1348700 pts_time:450.016683 duration:    100 duration_time:0.0333667 fmt:yuv420p cl:left sar:1/1 s:320x240 i:P iskey:0 type:P checksum:C03D1F70 plane_checksum:[B134482B 7FF15C7F 170F7AB7] mean:[92 127 131] stdev:[37.8 7.2 10.5]
[Parsed_showinfo_1 @ 0x71486f900] [info] color_range:unknown color_space:unknown color_primaries:unknown color_trc:unknown
[Parsed_showinfo_1 @ 0x71486f900] [info] n:  31 pts:1393700 pts_time:465.031698 duration:    100 duration_time:0.0333667 fmt:yuv420p cl:left sar:1/1 s:320x240 i:P iskey:0 type:P checksum:83ED51D6 plane_checksum:[C378D26A 6DA1C376 0FDDBBD8] mean:[101 146 119] stdev:[40.9 13.5 12.1]
[Parsed_showinfo_1 @ 0x71486f900] [info] color_range:unknown color_space:unknown color_primaries:unknown color_trc:unknown
[Parsed_showinfo_1 @ 0x71486f900] [info] n:  32 pts:1438600 pts_time:480.013347 duration:    100 duration_time:0.0333667 fmt:yuv420p cl:left sar:1/1 s:320x240 i:P iskey:0 type:P checksum:241E1A12 plane_checksum:[878AA75F CBF98E2B 5D3DE46A] mean:[75 132 129] stdev:[39.9 8.4 9.6]
[Parsed_showinfo_1 @ 0x71486f900] [info] color_range:unknown color_space:unknown color_primaries:unknown color_trc:unknown
[Parsed_showinfo_1 @ 0x71486f900] [info] n:  33 pts:1483600 pts_time:495.028362 duration:    100 duration_time:0.0333667 fmt:yuv420p cl:left sar:1/1 s:320x240 i:P iskey:0 type:P checksum:65F13A1C plane_checksum:[E29D131C BFF2894D C8C39DA4] mean:[98 128 128] stdev:[48.9 10.7 10.6]
[Parsed_showinfo_1 @ 0x71486f900] [info] color_range:unknown color_space:unknown color_primaries:unknown color_trc:unknown
[Parsed_showinfo_1 @ 0x71486f900] [info] n:  34 pts:1528500 pts_time:510.01001 duration:    100 duration_time:0.0333667 fmt:yuv420p cl:left sar:1/1 s:320x240 i:P iskey:0 type:P checksum:69E483A9 plane_checksum:[DA5A72E9 CC5110D0 1110FFE1] mean:[108 126 130] stdev:[53.9 9.1 10.6]
[Parsed_showinfo_1 @ 0x71486f900] [info] color_range:unknown color_space:unknown color_primaries:unknown color_trc:unknown
[Parsed_showinfo_1 @ 0x71486f900] [info] n:  35 pts:1573500 pts_time:525.025025 duration:    100 duration_time:0.0333667 fmt:yuv420p cl:left sar:1/1 s:320x240 i:P iskey:0 type:P checksum:DD39641A plane_checksum:[58AD981F 969A2A40 10EBA1AC] mean:[105 130 132] stdev:[53.5 7.2 7.2]
[Parsed_showinfo_1 @ 0x71486f900] [info] color_range:unknown color_space:unknown color_primaries:unknown color_trc:unknown
[Parsed_showinfo_1 @ 0x71486f900] [info] n:  36 pts:1618400 pts_time:540.006673 duration:    100 duration_time:0.0333667 fmt:yuv420p cl:left sar:1/1 s:320x240 i:P iskey:0 type:P checksum:E0C6C6AF plane_checksum:[0CAC326F D1EE51F0 849E4250] mean:[86 127 127] stdev:[37.0 7.0 8.8]
[Parsed_showinfo_1 @ 0x71486f900] [info] color_range:unknown color_space:unknown color_primaries:unknown color_trc:unknown
[Parsed_showinfo_1 @ 0x71486f900] [info] n:  37 pts:1663400 pts_time:555.021688 duration:    100 duration_time:0.0333667 fmt:yuv420p cl:left sar:1/1 s:320x240 i:P iskey:0 type:P checksum:1CBA4A1D plane_checksum:[5B732FE5 92D96B75 3BFEAEB4] mean:[74 128 132] stdev:[31.2 4.9 6.8]
[Parsed_showinfo_1 @ 0x71486f900] [info] color_range:unknown color_space:unknown color_primaries:unknown color_trc:unknown
[Parsed_showinfo_1 @ 0x71486f900] [info] n:  38 pts:1708300 pts_time:570.003337 duration:    100 duration_time:0.0333667 fmt:yuv420p cl:left sar:1/1 s:320x240 i:P iskey:0 type:P checksum:D04EB44D plane_checksum:[58C1FA23 F1826AE4 CB284F37] mean:[89 128 124] stdev:[47.9 7.4 10.7]
[Parsed_showinfo_1 @ 0x71486f900] [info] color_range:unknown color_space:unknown color_primaries:unknown color_trc:unknown
[Parsed_showinfo_1 @ 0x71486f900] [info] n:  39 pts:1753300 pts_time:585.018352 duration:    100 duration_time:0.0333667 fmt:yuv420p cl:left sar:1/1 s:320x240 i:P iskey:0 type:P checksum:5463A9ED plane_checksum:[F8B72F13 BAD8950C CDBAE5BF] mean:[99 145 129] stdev:[39.4 14.5 8.5]
[Parsed_showinfo_1 @ 0x71486f900] [info] color_range:unknown color_space:unknown color_primaries:unknown color_trc:unknown
[Parsed_showinfo_1 @ 0x71486f900] [info] n:  40 pts:1798200 pts_time:600     duration:    100 duration_time:0.0333667 fmt:yuv420p cl:left sar:1/1 s:320x240 i:P iskey:0 type:P checksum:FD76BA09 plane_checksum:[D138EF87 F1AB4900 A5EA8173] mean:[87 114 131] stdev:[34.4 9.7 7.1]
[Parsed_showinfo_1 @ 0x71486f900] [info] color_range:unknown color_space:unknown color_primaries:unknown color_trc:unknown
[Parsed_showinfo_1 @ 0x71486f900] [info] n:  41 pts:1843200 pts_time:615.015015 duration:    100 duration_time:0.0333667 fmt:yuv420p cl:left sar:1/1 s:320x240 i:P iskey:1 type:I checksum:181BF78C plane_checksum:[EB33D923 EF4CD332 00534B28] mean:[66 126 131] stdev:[39.2 5.6 7.3]
[Parsed_showinfo_1 @ 0x71486f900] [info] color_range:unknown color_space:unknown color_primaries:unknown color_trc:unknown
[Parsed_showinfo_1 @ 0x71486f900] [info] n:  42 pts:1888200 pts_time:630.03003 duration:    100 duration_time:0.0333667 fmt:yuv420p cl:left sar:1/1 s:320x240 i:P iskey:0 type:P checksum:176C9AF1 plane_checksum:[9E610E9E 652CA2F7 D5F3E94D] mean:[83 128 129] stdev:[30.3 5.1 7.3]
[Parsed_showinfo_1 @ 0x71486f900] [info] color_range:unknown color_space:unknown color_primaries:unknown color_trc:unknown
[Parsed_showinfo_1 @ 0x71486f900] [info] n:  43 pts:1933100 pts_time:645.011678 duration:    100 duration_time:0.0333667 fmt:yuv420p cl:left sar:1/1 s:320x240 i:P iskey:0 type:P checksum:EAA48CA8 plane_checksum:[E86B3636 53853500 45222172] mean:[78 127 130] stdev:[29.5 4.9 7.1]
[Parsed_showinfo_1 @ 0x71486f900] [info] color_range:unknown color_space:unknown color_primaries:unknown color_trc:unknown
[Parsed_showinfo_1 @ 0x71486f900] [info] n:  44 pts:1978100 pts_time:660.026693 duration:    100 duration_time:0.0333667 fmt:yuv420p cl:left sar:1/1 s:320x240 i:P iskey:0 type:P checksum:76D8DC07 plane_checksum:[CB91738D D74236AA 7FD431D0] mean:[75 124 141] stdev:[43.1 5.3 8.3]
[Parsed_showinfo_1 @ 0x71486f900] [info] color_range:unknown color_space:unknown color_primaries:unknown color_trc:unknown
[Parsed_showinfo_1 @ 0x71486f900] [info] n:  45 pts:2023000 pts_time:675.008342 duration:    100 duration_time:0.0333667 fmt:yuv420p cl:left sar:1/1 s:320x240 i:P iskey:0 type:P checksum:96D84583 plane_checksum:[07988524 08B63014 2CC8903C] mean:[78 123 138] stdev:[47.8 6.0 8.7]
[Parsed_showinfo_1 @ 0x71486f900] [info] color_range:unknown color_space:unknown color_primaries:unknown color_trc:unknown
[Parsed_showinfo_1 @ 0x71486f900] [info] n:  46 pts:2068000 pts_time:690.023357 duration:    100 duration_time:0.0333667 fmt:yuv420p cl:left sar:1/1 s:320x240 i:P iskey:0 type:P checksum:586FCB03 plane_checksum:[FA7ABEFB 678E8699 32C78560] mean:[105 131 128] stdev:[52.3 17.6 10.6]
[Parsed_showinfo_1 @ 0x71486f900] [info] color_range:unknown color_space:unknown color_primaries:unknown color_trc:unknown
[Parsed_showinfo_1 @ 0x71486f900] [info] n:  47 pts:2112900 pts_time:705.005005 duration:    100 duration_time:0.0333667 fmt:yuv420p cl:left sar:1/1 s:320x240 i:P iskey:0 type:P checksum:7E8BCB51 plane_checksum:[9D28A46A 5D34B543 05097195] mean:[103 132 128] stdev:[51.7 17.8 10.7]
[Parsed_showinfo_1 @ 0x71486f900] [info] color_range:unknown color_space:unknown color_primaries:unknown color_trc:unknown
[Parsed_showinfo_1 @ 0x71486f900] [info] n:  48 pts:2157900 pts_time:720.02002 duration:    100 duration_time:0.0333667 fmt:yuv420p cl:left sar:1/1 s:320x240 i:P iskey:0 type:P checksum:529EF0A6 plane_checksum:[8F0E5FEB BFA26FF1 7F9420CA] mean:[81 121 130] stdev:[41.8 6.9 8.4]
[Parsed_showinfo_1 @ 0x71486f900] [info] color_range:unknown color_space:unknown color_primaries:unknown color_trc:unknown
[Parsed_showinfo_1 @ 0x71486f900] [info] n:  49 pts:2202800 pts_time:735.001668 duration:    100 duration_time:0.0333667 fmt:yuv420p cl:left sar:1/1 s:320x240 i:P iskey:0 type:P checksum:06286CA8 plane_checksum:[8E2ADAA8 975B42AF 84354F42] mean:[87 127 127] stdev:[38.4 6.9 8.8]
[Parsed_showinfo_1 @ 0x71486f900] [info] color_range:unknown color_space:unknown color_primaries:unknown color_trc:unknown
[Parsed_showinfo_1 @ 0x71486f900] [info] n:  50 pts:2247800 pts_time:750.016683 duration:    100 duration_time:0.0333667 fmt:yuv420p cl:left sar:1/1 s:320x240 i:P iskey:0 type:P checksum:7A234C9C plane_checksum:[7159CE47 EBDD0E96 3B596FB0] mean:[78 120 135] stdev:[35.9 7.6 7.1]
[Parsed_showinfo_1 @ 0x71486f900] [info] color_range:unknown color_space:unknown color_primaries:unknown color_trc:unknown
[Parsed_showinfo_1 @ 0x71486f900] [info] n:  51 pts:2292800 pts_time:765.031698 duration:    100 duration_time:0.0333667 fmt:yuv420p cl:left sar:1/1 s:320x240 i:P iskey:0 type:P checksum:416DA681 plane_checksum:[F4D7FD9F 98EBCA69 9741DE5B] mean:[75 129 129] stdev:[40.8 11.6 13.6]
[Parsed_showinfo_1 @ 0x71486f900] [info] color_range:unknown color_space:unknown color_primaries:unknown color_trc:unknown
[Parsed_showinfo_1 @ 0x71486f900] [info] n:  52 pts:2337700 pts_time:780.013347 duration:    100 duration_time:0.0333667 fmt:yuv420p cl:left sar:1/1 s:320x240 i:P iskey:0 type:P checksum:EF980272 plane_checksum:[3F586A25 3746AD8B 720AEAA4] mean:[75 129 129] stdev:[41.0 11.4 13.5]
[Parsed_showinfo_1 @ 0x71486f900] [info] color_range:unknown color_space:unknown color_primaries:unknown color_trc:unknown
[Parsed_showinfo_1 @ 0x71486f900] [info] n:  53 pts:2382700 pts_time:795.028362 duration:    100 duration_time:0.0333667 fmt:yuv420p cl:left sar:1/1 s:320x240 i:P iskey:0 type:P checksum:7FECA581 plane_checksum:[AE94E541 D2259D05 E084232C] mean:[80 128 130] stdev:[40.6 7.7 8.7]
[Parsed_showinfo_1 @ 0x71486f900] [info] color_range:unknown color_space:unknown color_primaries:unknown color_trc:unknown
[Parsed_showinfo_1 @ 0x71486f900] [info] n:  54 pts:2427600 pts_time:810.01001 duration:    100 duration_time:0.0333667 fmt:yuv420p cl:left sar:1/1 s:320x240 i:P iskey:1 type:I checksum:471197E9 plane_checksum:[015B0037 CD974508 B4BB52AA] mean:[67 127 131] stdev:[29.4 5.2 7.1]
[Parsed_showinfo_1 @ 0x71486f900] [info] color_range:unknown color_space:unknown color_primaries:unknown color_trc:unknown
[Parsed_showinfo_1 @ 0x71486f900] [info] n:  55 pts:2472600 pts_time:825.025025 duration:    100 duration_time:0.0333667 fmt:yuv420p cl:left sar:1/1 s:320x240 i:P iskey:0 type:P checksum:D52B2F68 plane_checksum:[ED47A5CF 184A8157 1E6E0833] mean:[71 125 133] stdev:[39.0 7.5 11.0]
[Parsed_showinfo_1 @ 0x71486f900] [info] color_range:unknown color_space:unknown color_primaries:unknown color_trc:unknown
[Parsed_showinfo_1 @ 0x71486f900] [info] n:  56 pts:2517500 pts_time:840.006673 duration:    100 duration_time:0.0333667 fmt:yuv420p cl:left sar:1/1 s:320x240 i:P iskey:0 type:P checksum:94169529 plane_checksum:[18D5C7D4 2CAC8403 14A14943] mean:[77 125 134] stdev:[39.9 8.5 10.4]
[Parsed_showinfo_1 @ 0x71486f900] [info] color_range:unknown color_space:unknown color_primaries:unknown color_trc:unknown
[Parsed_showinfo_1 @ 0x71486f900] [info] n:  57 pts:2562500 pts_time:855.021688 duration:    100 duration_time:0.0333667 fmt:yuv420p cl:left sar:1/1 s:320x240 i:P iskey:0 type:P checksum:212B5907 plane_checksum:[EAF22058 68BE7531 C2E9C36F] mean:[97 124 132] stdev:[54.0 7.6 9.5]
[Parsed_showinfo_1 @ 0x71486f900] [info] color_range:unknown color_space:unknown color_primaries:unknown color_trc:unknown
[Parsed_showinfo_1 @ 0x71486f900] [info] n:  58 pts:2607400 pts_time:870.003337 duration:    100 duration_time:0.0333667 fmt:yuv420p cl:left sar:1/1 s:320x240 i:P iskey:0 type:P checksum:AE306F53 plane_checksum:[DB382CF2 12CA6A24 0A80D82E] mean:[99 124 133] stdev:[53.8 7.6 9.6]
[Parsed_showinfo_1 @ 0x71486f900] [info] color_range:unknown color_space:unknown color_primaries:unknown color_trc:unknown
[Parsed_showinfo_1 @ 0x71486f900] [info] n:  59 pts:2652400 pts_time:885.018352 duration:    100 duration_time:0.0333667 fmt:yuv420p cl:left sar:1/1 s:320x240 i:P iskey:0 type:P checksum:7A7E6788 plane_checksum:[4CF51810 2A93783C 2AECD72D] mean:[102 128 129] stdev:[49.1 5.8 8.1]
[Parsed_showinfo_1 @ 0x71486f900] [info] color_range:unknown color_space:unknown color_primaries:unknown color_trc:unknown
[Parsed_showinfo_1 @ 0x71486f900] [info] n:  60 pts:2697300 pts_time:900     duration:    100 duration_time:0.0333667 fmt:yuv420p cl:left sar:1/1 s:320x240 i:P iskey:0 type:P checksum:27B1C8D1 plane_checksum:[EE95768D F3421EE5 F6B5335F] mean:[93 123 134] stdev:[53.2 8.2 9.8]
[Parsed_showinfo_1 @ 0x71486f900] [info] color_range:unknown color_space:unknown color_primaries:unknown color_trc:unknown
[Parsed_showinfo_1 @ 0x71486f900] [info] n:  61 pts:2742300 pts_time:915.015015 duration:    100 duration_time:0.0333667 fmt:yuv420p cl:left sar:1/1 s:320x240 i:P iskey:0 type:P checksum:5C69A937 plane_checksum:[33B15F9C 0420207C 9146291F] mean:[94 123 134] stdev:[52.8 8.2 9.8]
[Parsed_showinfo_1 @ 0x71486f900] [info] color_range:unknown color_space:unknown color_primaries:unknown color_trc:unknown
[Parsed_showinfo_1 @ 0x71486f900] [info] n:  62 pts:2787300 pts_time:930.03003 duration:    100 duration_time:0.0333667 fmt:yuv420p cl:left sar:1/1 s:320x240 i:P iskey:0 type:P checksum:82E9B8E7 plane_checksum:[C35C6D38 B953338D 44691822] mean:[95 124 133] stdev:[53.0 8.0 9.8]
[Parsed_showinfo_1 @ 0x71486f900] [info] color_range:unknown color_space:unknown color_primaries:unknown color_trc:unknown
[Parsed_showinfo_1 @ 0x71486f900] [info] n:  63 pts:2832200 pts_time:945.011678 duration:    100 duration_time:0.0333667 fmt:yuv420p cl:left sar:1/1 s:320x240 i:P iskey:0 type:P checksum:1BCD5435 plane_checksum:[17511F08 DA215445 C00EE0D9] mean:[98 124 133] stdev:[54.3 7.8 9.6]
[Parsed_showinfo_1 @ 0x71486f900] [info] color_range:unknown color_space:unknown color_primaries:unknown color_trc:unknown
[Parsed_showinfo_1 @ 0x71486f900] [info] n:  64 pts:2877200 pts_time:960.026693 duration:    100 duration_time:0.0333667 fmt:yuv420p cl:left sar:1/1 s:320x240 i:P iskey:0 type:P checksum:E09531F6 plane_checksum:[BB3AFE77 884D451B 0D41EE46] mean:[97 124 133] stdev:[54.1 8.0 9.8]
[Parsed_showinfo_1 @ 0x71486f900] [info] color_range:unknown color_space:unknown color_primaries:unknown color_trc:unknown
[Parsed_showinfo_1 @ 0x71486f900] [info] n:  65 pts:2922100 pts_time:975.008342 duration:    100 duration_time:0.0333667 fmt:yuv420p cl:left sar:1/1 s:320x240 i:P iskey:0 type:P checksum:6FFD36D6 plane_checksum:[CCA25CA1 D2857FE3 994B5A43] mean:[78 125 134] stdev:[39.5 8.3 10.4]
[Parsed_showinfo_1 @ 0x71486f900] [info] color_range:unknown color_space:unknown color_primaries:unknown color_trc:unknown
[Parsed_showinfo_1 @ 0x71486f900] [info] n:  66 pts:2967100 pts_time:990.023357 duration:    100 duration_time:0.0333667 fmt:yuv420p cl:left sar:1/1 s:320x240 i:P iskey:0 type:P checksum:1855D815 plane_checksum:[DD34AC9D 4C804D16 3E43DE53] mean:[98 124 133] stdev:[54.8 7.8 9.6]
[Parsed_showinfo_1 @ 0x71486f900] [info] color_range:unknown color_space:unknown color_primaries:unknown color_trc:unknown
[Parsed_showinfo_1 @ 0x71486f900] [info] n:  67 pts:3012000 pts_time:1005.005005 duration:    100 duration_time:0.0333667 fmt:yuv420p cl:left sar:1/1 s:320x240 i:P iskey:1 type:I checksum:C347DBEB plane_checksum:[2625A147 0FDC5267 D241E82E] mean:[97 124 133] stdev:[53.8 8.1 9.8]
[Parsed_showinfo_1 @ 0x71486f900] [info] color_range:unknown color_space:unknown color_primaries:unknown color_trc:unknown
[Parsed_showinfo_1 @ 0x71486f900] [info] n:  68 pts:3057000 pts_time:1020.02002 duration:    100 duration_time:0.0333667 fmt:yuv420p cl:left sar:1/1 s:320x240 i:P iskey:0 type:P checksum:A4C8E7D5 plane_checksum:[4705B29B 27F752EB FC26E240] mean:[97 124 133] stdev:[54.0 7.9 9.8]
[Parsed_showinfo_1 @ 0x71486f900] [info] color_range:unknown color_space:unknown color_primaries:unknown color_trc:unknown
[Parsed_showinfo_1 @ 0x71486f900] [info] n:  69 pts:3101900 pts_time:1035.001668 duration:    100 duration_time:0.0333667 fmt:yuv420p cl:left sar:1/1 s:320x240 i:P iskey:0 type:P checksum:EF19A3DC plane_checksum:[607ED442 17FF76F2 8FCD5899] mean:[77 124 134] stdev:[39.6 8.3 10.4]
[Parsed_showinfo_1 @ 0x71486f900] [info] color_range:unknown color_space:unknown color_primaries:unknown color_trc:unknown
[Parsed_showinfo_1 @ 0x71486f900] [info] n:  70 pts:3146900 pts_time:1050.016683 duration:    100 duration_time:0.0333667 fmt:yuv420p cl:left sar:1/1 s:320x240 i:P iskey:0 type:P checksum:2C426032 plane_checksum:[234B24D7 C5C26FAA 4C76CBA2] mean:[97 124 132] stdev:[53.8 7.7 9.6]
[Parsed_showinfo_1 @ 0x71486f900] [info] color_range:unknown color_space:unknown color_primaries:unknown color_trc:unknown
[Parsed_showinfo_1 @ 0x71486f900] [info] n:  71 pts:3191900 pts_time:1065.031698 duration:    100 duration_time:0.0333667 fmt:yuv420p cl:left sar:1/1 s:320x240 i:P iskey:0 type:P checksum:89215BBF plane_checksum:[12D82A84 BD545512 2F3EDC1A] mean:[97 124 133] stdev:[53.4 7.7 9.7]
[Parsed_showinfo_1 @ 0x71486f900] [info] color_range:unknown color_space:unknown color_primaries:unknown color_trc:unknown
[Parsed_showinfo_1 @ 0x71486f900] [info] n:  72 pts:3236800 pts_time:1080.013347 duration:    100 duration_time:0.0333667 fmt:yuv420p cl:left sar:1/1 s:320x240 i:P iskey:0 type:P checksum:C01237BB plane_checksum:[EB920100 4631533A 19A9E372] mean:[97 124 133] stdev:[54.3 7.9 9.7]
[Parsed_showinfo_1 @ 0x71486f900] [info] color_range:unknown color_space:unknown color_primaries:unknown color_trc:unknown
[Parsed_showinfo_1 @ 0x71486f900] [info] n:  73 pts:3281800 pts_time:1095.028362 duration:    100 duration_time:0.0333667 fmt:yuv420p cl:left sar:1/1 s:320x240 i:P iskey:0 type:P checksum:8445A978 plane_checksum:[61C68104 142A503D 0875D828] mean:[98 124 133] stdev:[54.6 7.9 9.7]
[Parsed_showinfo_1 @ 0x71486f900] [info] color_range:unknown color_space:unknown color_primaries:unknown color_trc:unknown
[Parsed_showinfo_1 @ 0x71486f900] [info] n:  74 pts:3326700 pts_time:1110.01001 duration:    100 duration_time:0.0333667 fmt:yuv420p cl:left sar:1/1 s:320x240 i:P iskey:0 type:P checksum:C23FD977 plane_checksum:[94BBA934 3B8A4737 5473E8FD] mean:[98 124 133] stdev:[54.8 7.9 9.7]
[Parsed_showinfo_1 @ 0x71486f900] [info] color_range:unknown color_space:unknown color_primaries:unknown color_trc:unknown
[Parsed_showinfo_1 @ 0x71486f900] [info] n:  75 pts:3371700 pts_time:1125.025025 duration:    100 duration_time:0.0333667 fmt:yuv420p cl:left sar:1/1 s:320x240 i:P iskey:0 type:P checksum:6A6ABD13 plane_checksum:[836F7F51 A3674401 F851F9B2] mean:[99 124 133] stdev:[54.4 7.8 9.7]
[Parsed_showinfo_1 @ 0x71486f900] [info] color_range:unknown color_space:unknown color_primaries:unknown color_trc:unknown
[Parsed_showinfo_1 @ 0x71486f900] [info] n:  76 pts:3416600 pts_time:1140.006673 duration:    100 duration_time:0.0333667 fmt:yuv420p cl:left sar:1/1 s:320x240 i:P iskey:0 type:P checksum:2B48D0D3 plane_checksum:[885B98C4 6EB757E0 FAE0E020] mean:[97 124 133] stdev:[54.1 7.9 9.7]
[Parsed_showinfo_1 @ 0x71486f900] [info] color_range:unknown color_space:unknown color_primaries:unknown color_trc:unknown
[Parsed_showinfo_1 @ 0x71486f900] [info] n:  77 pts:3461600 pts_time:1155.021688 duration:    100 duration_time:0.0333667 fmt:yuv420p cl:left sar:1/1 s:320x240 i:P iskey:0 type:P checksum:DF4B2382 plane_checksum:[B142F7D1 9E9353F0 D5DDD7A3] mean:[96 124 133] stdev:[54.1 7.8 9.7]
[Parsed_showinfo_1 @ 0x71486f900] [info] color_range:unknown color_space:unknown color_primaries:unknown color_trc:unknown
[Parsed_showinfo_1 @ 0x71486f900] [info] n:  78 pts:3506500 pts_time:1170.003337 duration:    100 duration_time:0.0333667 fmt:yuv420p cl:left sar:1/1 s:320x240 i:P iskey:0 type:P checksum:755233DD plane_checksum:[31DE0B30 34806015 BF3BC889] mean:[98 124 132] stdev:[54.9 7.8 9.7]
[Parsed_showinfo_1 @ 0x71486f900] [info] color_range:unknown color_space:unknown color_primaries:unknown color_trc:unknown
[Parsed_showinfo_1 @ 0x71486f900] [info] n:  79 pts:3551500 pts_time:1185.018352 duration:    100 duration_time:0.0333667 fmt:yuv420p cl:left sar:1/1 s:320x240 i:P iskey:0 type:P checksum:6711D650 plane_checksum:[F8EEB15B 68E35314 52DBD1D2] mean:[99 124 132] stdev:[54.8 7.8 9.8]
[Parsed_showinfo_1 @ 0x71486f900] [info] color_range:unknown color_space:unknown color_primaries:unknown color_trc:unknown
[Parsed_showinfo_1 @ 0x71486f900] [info] n:  80 pts:3596400 pts_time:1200    duration:    100 duration_time:0.0333667 fmt:yuv420p cl:left sar:1/1 s:320x240 i:P iskey:1 type:I checksum:E27FB0DC plane_checksum:[6EFC8C4B 1AE155B7 7F89CECB] mean:[98 124 132] stdev:[54.3 7.8 9.7]
[Parsed_showinfo_1 @ 0x71486f900] [info] color_range:unknown color_space:unknown color_primaries:unknown color_trc:unknown
[Parsed_showinfo_1 @ 0x71486f900] [info] n:  81 pts:3641400 pts_time:1215.015015 duration:    100 duration_time:0.0333667 fmt:yuv420p cl:left sar:1/1 s:320x240 i:P iskey:0 type:P checksum:150E03DE plane_checksum:[C9BE334A C6297DA2 C7E952E3] mean:[77 125 134] stdev:[39.5 8.3 10.3]
[Parsed_showinfo_1 @ 0x71486f900] [info] color_range:unknown color_space:unknown color_primaries:unknown color_trc:unknown
[Parsed_showinfo_1 @ 0x71486f900] [info] n:  82 pts:3686400 pts_time:1230.03003 duration:    100 duration_time:0.0333667 fmt:yuv420p cl:left sar:1/1 s:320x240 i:P iskey:1 type:I checksum:B2B2A3CC plane_checksum:[50A43090 EE325DD9 39631563] mean:[77 124 133] stdev:[44.8 7.3 10.5]
[Parsed_showinfo_1 @ 0x71486f900] [info] color_range:unknown color_space:unknown color_primaries:unknown color_trc:unknown
[Parsed_showinfo_1 @ 0x71486f900] [info] n:  83 pts:3731300 pts_time:1245.011678 duration:    100 duration_time:0.0333667 fmt:yuv420p cl:left sar:1/1 s:320x240 i:P iskey:0 type:P checksum:291D3CBA plane_checksum:[7E46B7C0 E6E26C8C 1366185F] mean:[71 124 133] stdev:[39.8 7.9 11.6]
[Parsed_showinfo_1 @ 0x71486f900] [info] color_range:unknown color_space:unknown color_primaries:unknown color_trc:unknown
[Parsed_showinfo_1 @ 0x71486f900] [info] n:  84 pts:3776300 pts_time:1260.026693 duration:    100 duration_time:0.0333667 fmt:yuv420p cl:left sar:1/1 s:320x240 i:P iskey:0 type:P checksum:85CAC966 plane_checksum:[FF593C53 8B0E5246 5B5B3ACD] mean:[76 124 130] stdev:[37.8 6.9 7.6]
[Parsed_showinfo_1 @ 0x71486f900] [info] color_range:unknown color_space:unknown color_primaries:unknown color_trc:unknown
[Parsed_showinfo_1 @ 0x71486f900] [info] n:  85 pts:3821200 pts_time:1275.008342 duration:    100 duration_time:0.0333667 fmt:yuv420p cl:left sar:1/1 s:320x240 i:P iskey:0 type:P checksum:3BFD7C29 plane_checksum:[9E390EFA 63C2B197 F0A5BB89] mean:[79 129 129] stdev:[40.2 5.7 7.7]
[Parsed_showinfo_1 @ 0x71486f900] [info] color_range:unknown color_space:unknown color_primaries:unknown color_trc:unknown
[Parsed_showinfo_1 @ 0x71486f900] [info] n:  86 pts:3866200 pts_time:1290.023357 duration:    100 duration_time:0.0333667 fmt:yuv420p cl:left sar:1/1 s:320x240 i:P iskey:0 type:P checksum:3CED8AAF plane_checksum:[C1D9ADA4 2B023B0B 0504A1F1] mean:[79 134 128] stdev:[39.9 11.2 10.5]
[Parsed_showinfo_1 @ 0x71486f900] [info] color_range:unknown color_space:unknown color_primaries:unknown color_trc:unknown
[Parsed_showinfo_1 @ 0x71486f900] [info] n:  87 pts:3911100 pts_time:1305.005005 duration:    100 duration_time:0.0333667 fmt:yuv420p cl:left sar:1/1 s:320x240 i:P iskey:0 type:P checksum:56060EEB plane_checksum:[43D7815E EA75DA16 71C5B359] mean:[76 122 132] stdev:[30.7 5.9 7.1]
[Parsed_showinfo_1 @ 0x71486f900] [info] color_range:unknown color_space:unknown color_primaries:unknown color_trc:unknown
[Parsed_showinfo_1 @ 0x71486f900] [info] n:  88 pts:3956100 pts_time:1320.02002 duration:    100 duration_time:0.0333667 fmt:yuv420p cl:left sar:1/1 s:320x240 i:P iskey:0 type:P checksum:268BE05A plane_checksum:[6793FFB1 60B1F223 7717EE68] mean:[73 126 129] stdev:[35.5 5.0 7.5]
[Parsed_showinfo_1 @ 0x71486f900] [info] color_range:unknown color_space:unknown color_primaries:unknown color_trc:unknown
[Parsed_showinfo_1 @ 0x71486f900] [info] n:  89 pts:4001000 pts_time:1335.001668 duration:    100 duration_time:0.0333667 fmt:yuv420p cl:left sar:1/1 s:320x240 i:P iskey:0 type:P checksum:39519056 plane_checksum:[D878D408 537A3C89 E8327FB6] mean:[78 127 131] stdev:[34.4 5.8 8.2]
[Parsed_showinfo_1 @ 0x71486f900] [info] color_range:unknown color_space:unknown color_primaries:unknown color_trc:unknown
[Parsed_showinfo_1 @ 0x71486f900] [info] n:  90 pts:4046000 pts_time:1350.016683 duration:    100 duration_time:0.0333667 fmt:yuv420p cl:left sar:1/1 s:320x240 i:P iskey:0 type:P checksum:D54277F3 plane_checksum:[F982B205 AE27152C E174B0B3] mean:[77 127 132] stdev:[34.1 5.8 8.1]
[Parsed_showinfo_1 @ 0x71486f900] [info] color_range:unknown color_space:unknown color_primaries:unknown color_trc:unknown
[Parsed_showinfo_1 @ 0x71486f900] [info] n:  91 pts:4091000 pts_time:1365.031698 duration:    100 duration_time:0.0333667 fmt:yuv420p cl:left sar:1/1 s:320x240 i:P iskey:0 type:P checksum:330FCF2A plane_checksum:[2EE2612D F6D33AAA 89203353] mean:[65 127 127] stdev:[37.7 6.5 8.9]
[Parsed_showinfo_1 @ 0x71486f900] [info] color_range:unknown color_space:unknown color_primaries:unknown color_trc:unknown
[Parsed_showinfo_1 @ 0x71486f900] [info] n:  92 pts:4135900 pts_time:1380.013347 duration:    100 duration_time:0.0333667 fmt:yuv420p cl:left sar:1/1 s:320x240 i:P iskey:0 type:P checksum:6BDB4B1B plane_checksum:[2E06F6D4 6E3B4A34 9B820A04] mean:[90 131 126] stdev:[50.6 6.0 8.1]
[Parsed_showinfo_1 @ 0x71486f900] [info] color_range:unknown color_space:unknown color_primaries:unknown color_trc:unknown
[Parsed_showinfo_1 @ 0x71486f900] [info] n:  93 pts:4180900 pts_time:1395.028362 duration:    100 duration_time:0.0333667 fmt:yuv420p cl:left sar:1/1 s:320x240 i:P iskey:0 type:P checksum:5C3A98D6 plane_checksum:[E8811290 D1BF9CE9 A9F8E94E] mean:[96 125 129] stdev:[46.0 5.0 7.4]
[Parsed_showinfo_1 @ 0x71486f900] [info] color_range:unknown color_space:unknown color_primaries:unknown color_trc:unknown
[Parsed_showinfo_1 @ 0x71486f900] [info] n:  94 pts:4225800 pts_time:1410.01001 duration:    100 duration_time:0.0333667 fmt:yuv420p cl:left sar:1/1 s:320x240 i:P iskey:0 type:P checksum:8E41E30F plane_checksum:[2FB0CC4F BECC6562 DDF9B14F] mean:[77 128 125] stdev:[36.4 8.7 10.8]
[Parsed_showinfo_1 @ 0x71486f900] [info] color_range:unknown color_space:unknown color_primaries:unknown color_trc:unknown
[Parsed_showinfo_1 @ 0x71486f900] [info] n:  95 pts:4270800 pts_time:1425.025025 duration:    100 duration_time:0.0333667 fmt:yuv420p cl:left sar:1/1 s:320x240 i:P iskey:1 type:I checksum:AAD6276F plane_checksum:[3802D92D DAC26E76 4D49DFAE] mean:[73 124 133] stdev:[39.7 5.6 8.6]
[Parsed_showinfo_1 @ 0x71486f900] [info] color_range:unknown color_space:unknown color_primaries:unknown color_trc:unknown
[Parsed_showinfo_1 @ 0x71486f900] [info] n:  96 pts:4315700 pts_time:1440.006673 duration:    100 duration_time:0.0333667 fmt:yuv420p cl:left sar:1/1 s:320x240 i:P iskey:0 type:P checksum:146EA7DE plane_checksum:[FEE8AC15 EF050C32 1400EF88] mean:[76 123 136] stdev:[44.3 7.1 12.0]
[Parsed_showinfo_1 @ 0x71486f900] [info] color_range:unknown color_space:unknown color_primaries:unknown color_trc:unknown
[Parsed_showinfo_1 @ 0x71486f900] [info] n:  97 pts:4360700 pts_time:1455.021688 duration:    100 duration_time:0.0333667 fmt:yuv420p cl:left sar:1/1 s:320x240 i:P iskey:0 type:P checksum:EC849FC3 plane_checksum:[85EA14F8 5BF49F1E 7CE1EB9E] mean:[82 128 129] stdev:[30.0 5.1 7.2]
[Parsed_showinfo_1 @ 0x71486f900] [info] color_range:unknown color_space:unknown color_primaries:unknown color_trc:unknown
[Parsed_showinfo_1 @ 0x71486f900] [info] n:  98 pts:4405600 pts_time:1470.003337 duration:    100 duration_time:0.0333667 fmt:yuv420p cl:left sar:1/1 s:320x240 i:P iskey:0 type:P checksum:75FC8C80 plane_checksum:[F5BEE2DC DFC0347F D2477516] mean:[73 127 131] stdev:[31.4 5.4 7.7]
[Parsed_showinfo_1 @ 0x71486f900] [info] color_range:unknown color_space:unknown color_primaries:unknown color_trc:unknown
[Parsed_showinfo_1 @ 0x71486f900] [info] n:  99 pts:4450600 pts_time:1485.018352 duration:    100 duration_time:0.0333667 fmt:yuv420p cl:left sar:1/1 s:320x240 i:P iskey:0 type:P checksum:638C07DF plane_checksum:[9976236B F6C80F56 7470D50F] mean:[78 120 139] stdev:[44.2 11.5 14.7]
[Parsed_showinfo_1 @ 0x71486f900] [info] color_range:unknown color_space:unknown color_primaries:unknown color_trc:unknown
[Parsed_showinfo_1 @ 0x71486f900] [info] n: 100 pts:4495500 pts_time:1500    duration:    100 duration_time:0.0333667 fmt:yuv420p cl:left sar:1/1 s:320x240 i:P iskey:0 type:P checksum:A53AAAEE plane_checksum:[52A582B5 149C7DEC 656AAA3E] mean:[74 121 139] stdev:[40.4 10.9 15.0]
[Parsed_showinfo_1 @ 0x71486f900] [info] color_range:unknown color_space:unknown color_primaries:unknown color_trc:unknown
[Parsed_showinfo_1 @ 0x71486f900] [info] n: 101 pts:4540500 pts_time:1515.015015 duration:    100 duration_time:0.0333667 fmt:yuv420p cl:left sar:1/1 s:320x240 i:P iskey:0 type:P checksum:19E79B26 plane_checksum:[1CC1D363 F8D47569 F8CF524B] mean:[92 118 141] stdev:[55.2 11.1 14.1]
[Parsed_showinfo_1 @ 0x71486f900] [info] color_range:unknown color_space:unknown color_primaries:unknown color_trc:unknown
[Parsed_showinfo_1 @ 0x71486f900] [info] n: 102 pts:4585500 pts_time:1530.03003 duration:    100 duration_time:0.0333667 fmt:yuv420p cl:left sar:1/1 s:320x240 i:P iskey:0 type:P checksum:32B9E010 plane_checksum:[0BE3CA7D 6AA8F640 8FA41F44] mean:[97 119 140] stdev:[58.9 10.6 14.2]
[Parsed_showinfo_1 @ 0x71486f900] [info] color_range:unknown color_space:unknown color_primaries:unknown color_trc:unknown
[Parsed_showinfo_1 @ 0x71486f900] [info] n: 103 pts:4630400 pts_time:1545.011678 duration:    100 duration_time:0.0333667 fmt:yuv420p cl:left sar:1/1 s:320x240 i:P iskey:0 type:P checksum:0A096B8C plane_checksum:[E0E0AF72 9F86B916 17A402F5] mean:[86 118 140] stdev:[51.8 10.9 14.5]
[Parsed_showinfo_1 @ 0x71486f900] [info] color_range:unknown color_space:unknown color_primaries:unknown color_trc:unknown
[Parsed_showinfo_1 @ 0x71486f900] [info] n: 104 pts:4675400 pts_time:1560.026693 duration:    100 duration_time:0.0333667 fmt:yuv420p cl:left sar:1/1 s:320x240 i:P iskey:0 type:P checksum:E7633D3D plane_checksum:[32232021 8EA3A27A 2DFE7A93] mean:[83 118 142] stdev:[49.9 10.6 13.7]
[Parsed_showinfo_1 @ 0x71486f900] [info] color_range:unknown color_space:unknown color_primaries:unknown color_trc:unknown
[Parsed_showinfo_1 @ 0x71486f900] [info] n: 105 pts:4720300 pts_time:1575.008342 duration:    100 duration_time:0.0333667 fmt:yuv420p cl:left sar:1/1 s:320x240 i:P iskey:0 type:P checksum:EA3ABEAC plane_checksum:[EB5C1EFC 4BF6693D 4CE83673] mean:[97 117 141] stdev:[58.3 10.8 14.0]
[Parsed_showinfo_1 @ 0x71486f900] [info] color_range:unknown color_space:unknown color_primaries:unknown color_trc:unknown
[Parsed_showinfo_1 @ 0x71486f900] [info] n: 106 pts:4765300 pts_time:1590.023357 duration:    100 duration_time:0.0333667 fmt:yuv420p cl:left sar:1/1 s:320x240 i:P iskey:0 type:P checksum:4B69FFEB plane_checksum:[0EC40B02 075695C2 40455F27] mean:[79 118 141] stdev:[42.4 10.6 13.8]
[Parsed_showinfo_1 @ 0x71486f900] [info] color_range:unknown color_space:unknown color_primaries:unknown color_trc:unknown
[Parsed_showinfo_1 @ 0x71486f900] [info] n: 107 pts:4810200 pts_time:1605.005005 duration:    100 duration_time:0.0333667 fmt:yuv420p cl:left sar:1/1 s:320x240 i:P iskey:0 type:P checksum:CDF776FD plane_checksum:[35AE6F70 32D98788 C6077FF6] mean:[75 118 142] stdev:[41.1 10.7 13.6]
[Parsed_showinfo_1 @ 0x71486f900] [info] color_range:unknown color_space:unknown color_primaries:unknown color_trc:unknown
[Parsed_showinfo_1 @ 0x71486f900] [info] n: 108 pts:4855200 pts_time:1620.02002 duration:    100 duration_time:0.0333667 fmt:yuv420p cl:left sar:1/1 s:320x240 i:P iskey:1 type:I checksum:A2D9EDA5 plane_checksum:[0D51CC64 B37595F7 550F8B3B] mean:[90 118 142] stdev:[51.9 10.6 13.6]
[Parsed_showinfo_1 @ 0x71486f900] [info] color_range:unknown color_space:unknown color_primaries:unknown color_trc:unknown
[Parsed_showinfo_1 @ 0x71486f900] [info] n: 109 pts:4900100 pts_time:1635.001668 duration:    100 duration_time:0.0333667 fmt:yuv420p cl:left sar:1/1 s:320x240 i:P iskey:0 type:P checksum:521FE4CF plane_checksum:[98658DF2 C9578BB9 AB47CB15] mean:[81 121 139] stdev:[44.0 11.3 15.3]
[Parsed_showinfo_1 @ 0x71486f900] [info] color_range:unknown color_space:unknown color_primaries:unknown color_trc:unknown
[Parsed_showinfo_1 @ 0x71486f900] [info] n: 110 pts:4945100 pts_time:1650.016683 duration:    100 duration_time:0.0333667 fmt:yuv420p cl:left sar:1/1 s:320x240 i:P iskey:0 type:P checksum:591BE678 plane_checksum:[3237AB6D EE46A63B 53DD94C1] mean:[78 122 138] stdev:[44.3 11.5 15.4]
[Parsed_showinfo_1 @ 0x71486f900] [info] color_range:unknown color_space:unknown color_primaries:unknown color_trc:unknown
[Parsed_showinfo_1 @ 0x71486f900] [info] n: 111 pts:4990100 pts_time:1665.031698 duration:    100 duration_time:0.0333667 fmt:yuv420p cl:left sar:1/1 s:320x240 i:P iskey:0 type:P checksum:16E9F924 plane_checksum:[1DA1BBD3 6EB1ABCC BE349176] mean:[78 122 138] stdev:[44.4 11.4 15.4]
[Parsed_showinfo_1 @ 0x71486f900] [info] color_range:unknown color_space:unknown color_primaries:unknown color_trc:unknown
[Parsed_showinfo_1 @ 0x71486f900] [info] n: 112 pts:5035000 pts_time:1680.013347 duration:    100 duration_time:0.0333667 fmt:yuv420p cl:left sar:1/1 s:320x240 i:P iskey:0 type:P checksum:3CBB1277 plane_checksum:[B2EDD9DF A020AF54 25A08926] mean:[78 122 138] stdev:[44.4 11.5 15.5]
[Parsed_showinfo_1 @ 0x71486f900] [info] color_range:unknown color_space:unknown color_primaries:unknown color_trc:unknown
[Parsed_showinfo_1 @ 0x71486f900] [info] n: 113 pts:5080000 pts_time:1695.028362 duration:    100 duration_time:0.0333667 fmt:yuv420p cl:left sar:1/1 s:320x240 i:P iskey:0 type:P checksum:61CA5364 plane_checksum:[8EE1F085 8EE587DE B44CDAE3] mean:[79 121 139] stdev:[43.3 11.3 15.3]
[Parsed_showinfo_1 @ 0x71486f900] [info] color_range:unknown color_space:unknown color_primaries:unknown color_trc:unknown
[Parsed_showinfo_1 @ 0x71486f900] [info] n: 114 pts:5124900 pts_time:1710.01001 duration:    100 duration_time:0.0333667 fmt:yuv420p cl:left sar:1/1 s:320x240 i:P iskey:0 type:P checksum:F9081154 plane_checksum:[F28BD1FE 924DB774 47B587C4] mean:[77 122 138] stdev:[43.3 11.5 15.3]
[Parsed_showinfo_1 @ 0x71486f900] [info] color_range:unknown color_space:unknown color_primaries:unknown color_trc:unknown
[Parsed_showinfo_1 @ 0x71486f900] [info] n: 115 pts:5169900 pts_time:1725.025025 duration:    100 duration_time:0.0333667 fmt:yuv420p cl:left sar:1/1 s:320x240 i:P iskey:0 type:P checksum:3407BA3D plane_checksum:[2CC9BE63 200B60AA E48C9B21] mean:[88 121 139] stdev:[48.8 10.8 15.1]
[Parsed_showinfo_1 @ 0x71486f900] [info] color_range:unknown color_space:unknown color_primaries:unknown color_trc:unknown
[Parsed_showinfo_1 @ 0x71486f900] [info] n: 116 pts:5214800 pts_time:1740.006673 duration:    100 duration_time:0.0333667 fmt:yuv420p cl:left sar:1/1 s:320x240 i:P iskey:0 type:P checksum:A44F6C65 plane_checksum:[25367BCE D26268FC 16DA878C] mean:[88 121 138] stdev:[48.7 10.7 15.1]
[Parsed_showinfo_1 @ 0x71486f900] [info] color_range:unknown color_space:unknown color_primaries:unknown color_trc:unknown
[Parsed_showinfo_1 @ 0x71486f900] [info] n: 117 pts:5259800 pts_time:1755.021688 duration:    100 duration_time:0.0333667 fmt:yuv420p cl:left sar:1/1 s:320x240 i:P iskey:0 type:P checksum:12BBCF8E plane_checksum:[1FE0CE18 C0E75FD7 6BD4A190] mean:[86 121 139] stdev:[46.6 10.7 15.1]
[Parsed_showinfo_1 @ 0x71486f900] [info] color_range:unknown color_space:unknown color_primaries:unknown color_trc:unknown
[Parsed_showinfo_1 @ 0x71486f900] [info] n: 118 pts:5304700 pts_time:1770.003337 duration:    100 duration_time:0.0333667 fmt:yuv420p cl:left sar:1/1 s:320x240 i:P iskey:0 type:P checksum:BE5F9ADF plane_checksum:[B3EA13DB 28676899 42B81E6B] mean:[72 124 133] stdev:[39.8 7.6 11.5]
[Parsed_showinfo_1 @ 0x71486f900] [info] color_range:unknown color_space:unknown color_primaries:unknown color_trc:unknown
[Parsed_showinfo_1 @ 0x71486f900] [info] n: 119 pts:5349700 pts_time:1785.018352 duration:    100 duration_time:0.0333667 fmt:yuv420p cl:left sar:1/1 s:320x240 i:P iskey:0 type:P checksum:820899C5 plane_checksum:[66BEAE7A AA9C4AFA 6F39A042] mean:[67 124 132] stdev:[42.6 8.0 8.4]
[Parsed_showinfo_1 @ 0x71486f900] [info] color_range:unknown color_space:unknown color_primaries:unknown color_trc:unknown
[Parsed_showinfo_1 @ 0x71486f900] [info] n: 120 pts:5394600 pts_time:1800    duration:    100 duration_time:0.0333667 fmt:yuv420p cl:left sar:1/1 s:320x240 i:P iskey:0 type:P checksum:3E0BFBE0 plane_checksum:[F0C62438 01F9446B B714933D] mean:[68 124 132] stdev:[42.6 8.0 8.4]
[Parsed_showinfo_1 @ 0x71486f900] [info] color_range:unknown color_space:unknown color_primaries:unknown color_trc:unknown
[Parsed_showinfo_1 @ 0x71486f900] [info] n: 121 pts:5439600 pts_time:1815.015015 duration:    100 duration_time:0.0333667 fmt:yuv420p cl:left sar:1/1 s:320x240 i:P iskey:1 type:I checksum:B7222754 plane_checksum:[D3CF4EA6 606642D8 1DAC95C7] mean:[68 124 132] stdev:[42.5 8.0 8.4]
[Parsed_showinfo_1 @ 0x71486f900] [info] color_range:unknown color_space:unknown color_primaries:unknown color_trc:unknown
[Parsed_showinfo_1 @ 0x71486f900] [info] n: 122 pts:5484600 pts_time:1830.03003 duration:    100 duration_time:0.0333667 fmt:yuv420p cl:left sar:1/1 s:320x240 i:P iskey:0 type:P checksum:4E7D10E2 plane_checksum:[ABE82CD5 814A4E50 00E595AE] mean:[68 124 132] stdev:[42.5 8.0 8.3]
[Parsed_showinfo_1 @ 0x71486f900] [info] color_range:unknown color_space:unknown color_primaries:unknown color_trc:unknown
[Parsed_showinfo_1 @ 0x71486f900] [info] n: 123 pts:5529500 pts_time:1845.011678 duration:    100 duration_time:0.0333667 fmt:yuv420p cl:left sar:1/1 s:320x240 i:P iskey:0 type:P checksum:09CD2A31 plane_checksum:[CB8E4EB3 971543C3 C65797AC] mean:[68 124 132] stdev:[42.5 8.0 8.4]
[Parsed_showinfo_1 @ 0x71486f900] [info] color_range:unknown color_space:unknown color_primaries:unknown color_trc:unknown
[Parsed_showinfo_1 @ 0x71486f900] [info] n: 124 pts:5574500 pts_time:1860.026693 duration:    100 duration_time:0.0333667 fmt:yuv420p cl:left sar:1/1 s:320x240 i:P iskey:0 type:P checksum:F3D6D10E plane_checksum:[4954EE00 3D6B499D FE369962] mean:[66 124 132] stdev:[42.4 8.1 8.4]
[Parsed_showinfo_1 @ 0x71486f900] [info] color_range:unknown color_space:unknown color_primaries:unknown color_trc:unknown
[Parsed_showinfo_1 @ 0x71486f900] [info] n: 125 pts:5619400 pts_time:1875.008342 duration:    100 duration_time:0.0333667 fmt:yuv420p cl:left sar:1/1 s:320x240 i:P iskey:0 type:P checksum:DC436BF9 plane_checksum:[8E958C40 E2EE45D6 34CA99D4] mean:[68 124 132] stdev:[42.6 8.0 8.4]
[Parsed_showinfo_1 @ 0x71486f900] [info] color_range:unknown color_space:unknown color_primaries:unknown color_trc:unknown
[Parsed_showinfo_1 @ 0x71486f900] [info] n: 126 pts:5664400 pts_time:1890.023357 duration:    100 duration_time:0.0333667 fmt:yuv420p cl:left sar:1/1 s:320x240 i:P iskey:0 type:P checksum:5AA51F83 plane_checksum:[646D3F39 BE194670 A0A299CB] mean:[68 124 132] stdev:[42.5 8.1 8.4]
[Parsed_showinfo_1 @ 0x71486f900] [info] color_range:unknown color_space:unknown color_primaries:unknown color_trc:unknown
[Parsed_showinfo_1 @ 0x71486f900] [info] n: 127 pts:5709300 pts_time:1905.005005 duration:    100 duration_time:0.0333667 fmt:yuv420p cl:left sar:1/1 s:320x240 i:P iskey:0 type:P checksum:7A8445D7 plane_checksum:[0226678C E73A473B 78B49701] mean:[68 124 132] stdev:[42.7 8.0 8.4]
[Parsed_showinfo_1 @ 0x71486f900] [info] color_range:unknown color_space:unknown color_primaries:unknown color_trc:unknown
[Parsed_showinfo_1 @ 0x71486f900] [info] n: 128 pts:5754300 pts_time:1920.02002 duration:    100 duration_time:0.0333667 fmt:yuv420p cl:left sar:1/1 s:320x240 i:P iskey:0 type:P checksum:610A6D14 plane_checksum:[6AECD105 B19319B6 65F5824A] mean:[72 123 135] stdev:[37.4 6.7 10.1]
[Parsed_showinfo_1 @ 0x71486f900] [info] color_range:unknown color_space:unknown color_primaries:unknown color_trc:unknown
[Parsed_showinfo_1 @ 0x71486f900] [info] n: 129 pts:5799200 pts_time:1935.001668 duration:    100 duration_time:0.0333667 fmt:yuv420p cl:left sar:1/1 s:320x240 i:P iskey:0 type:P checksum:70606569 plane_checksum:[F6618D33 9AEC3FB6 B9A19871] mean:[68 124 132] stdev:[42.6 8.1 8.4]
[Parsed_showinfo_1 @ 0x71486f900] [info] color_range:unknown color_space:unknown color_primaries:unknown color_trc:unknown
[Parsed_showinfo_1 @ 0x71486f900] [info] n: 130 pts:5844200 pts_time:1950.016683 duration:    100 duration_time:0.0333667 fmt:yuv420p cl:left sar:1/1 s:320x240 i:P iskey:0 type:P checksum:291C29F0 plane_checksum:[CE244937 A1B44577 ED2A9B33] mean:[68 124 132] stdev:[42.5 8.0 8.4]
[Parsed_showinfo_1 @ 0x71486f900] [info] color_range:unknown color_space:unknown color_primaries:unknown color_trc:unknown
[Parsed_showinfo_1 @ 0x71486f900] [info] n: 131 pts:5889200 pts_time:1965.031698 duration:    100 duration_time:0.0333667 fmt:yuv420p cl:left sar:1/1 s:320x240 i:P iskey:0 type:P checksum:BD9B16E8 plane_checksum:[413AA1AB A2621398 3C9D6196] mean:[70 123 134] stdev:[36.8 6.4 9.6]
[Parsed_showinfo_1 @ 0x71486f900] [info] color_range:unknown color_space:unknown color_primaries:unknown color_trc:unknown
[Parsed_showinfo_1 @ 0x71486f900] [info] n: 132 pts:5934100 pts_time:1980.013347 duration:    100 duration_time:0.0333667 fmt:yuv420p cl:left sar:1/1 s:320x240 i:P iskey:0 type:P checksum:135AAEEC plane_checksum:[284C1C3F 3BBA1431 193D7E7C] mean:[46 127 131] stdev:[28.8 6.1 8.0]
[Parsed_showinfo_1 @ 0x71486f900] [info] color_range:unknown color_space:unknown color_primaries:unknown color_trc:unknown
[Parsed_showinfo_1 @ 0x71486f900] [info] n: 133 pts:5979100 pts_time:1995.028362 duration:    100 duration_time:0.0333667 fmt:yuv420p cl:left sar:1/1 s:320x240 i:P iskey:0 type:P checksum:FEF17F38 plane_checksum:[EAABEC19 52461C17 C7EB76F9] mean:[47 127 131] stdev:[29.6 6.0 7.9]
[Parsed_showinfo_1 @ 0x71486f900] [info] color_range:unknown color_space:unknown color_primaries:unknown color_trc:unknown
[Parsed_showinfo_1 @ 0x71486f900] [info] n: 134 pts:6024000 pts_time:2010.01001 duration:    100 duration_time:0.0333667 fmt:yuv420p cl:left sar:1/1 s:320x240 i:P iskey:1 type:I checksum:CF3A62E2 plane_checksum:[BB4CD5B5 B7D91657 182176C7] mean:[47 127 131] stdev:[29.6 6.0 7.9]
[Parsed_showinfo_1 @ 0x71486f900] [info] color_range:unknown color_space:unknown color_primaries:unknown color_trc:unknown
[Parsed_showinfo_1 @ 0x71486f900] [info] n: 135 pts:6069000 pts_time:2025.025025 duration:    100 duration_time:0.0333667 fmt:yuv420p cl:left sar:1/1 s:320x240 i:P iskey:0 type:P checksum:EABB5420 plane_checksum:[D3C3CBBB 005E15EC 013D726A] mean:[47 127 131] stdev:[29.5 6.0 7.9]
[Parsed_showinfo_1 @ 0x71486f900] [info] color_range:unknown color_space:unknown color_primaries:unknown color_trc:unknown
[Parsed_showinfo_1 @ 0x71486f900] [info] n: 136 pts:6113900 pts_time:2040.006673 duration:    100 duration_time:0.0333667 fmt:yuv420p cl:left sar:1/1 s:320x240 i:P iskey:0 type:P checksum:A1EEF500 plane_checksum:[E36E6485 13D5125C 04467E1F] mean:[46 127 131] stdev:[29.2 6.2 8.0]
[Parsed_showinfo_1 @ 0x71486f900] [info] color_range:unknown color_space:unknown color_primaries:unknown color_trc:unknown
[Parsed_showinfo_1 @ 0x71486f900] [info] n: 137 pts:6158900 pts_time:2055.021688 duration:    100 duration_time:0.0333667 fmt:yuv420p cl:left sar:1/1 s:320x240 i:P iskey:0 type:P checksum:4A4AB2FD plane_checksum:[75C21E7D 8B4D18F4 157A7B8C] mean:[46 127 131] stdev:[28.9 6.2 8.0]
[Parsed_showinfo_1 @ 0x71486f900] [info] color_range:unknown color_space:unknown color_primaries:unknown color_trc:unknown
[Parsed_showinfo_1 @ 0x71486f900] [info] n: 138 pts:6203800 pts_time:2070.003337 duration:    100 duration_time:0.0333667 fmt:yuv420p cl:left sar:1/1 s:320x240 i:P iskey:0 type:P checksum:4A19E97C plane_checksum:[B0F55DFF 23510FE1 A0A27B9C] mean:[46 126 131] stdev:[29.1 6.2 8.0]
[Parsed_showinfo_1 @ 0x71486f900] [info] color_range:unknown color_space:unknown color_primaries:unknown color_trc:unknown
[Parsed_showinfo_1 @ 0x71486f900] [info] n: 139 pts:6248800 pts_time:2085.018352 duration:    100 duration_time:0.0333667 fmt:yuv420p cl:left sar:1/1 s:320x240 i:P iskey:0 type:P checksum:80A4D454 plane_checksum:[6F7F45C8 D0D614ED DFC8799F] mean:[46 127 131] stdev:[29.2 6.1 8.0]
[Parsed_showinfo_1 @ 0x71486f900] [info] color_range:unknown color_space:unknown color_primaries:unknown color_trc:unknown
[Parsed_showinfo_1 @ 0x71486f900] [info] n: 140 pts:6293700 pts_time:2100    duration:    100 duration_time:0.0333667 fmt:yuv420p cl:left sar:1/1 s:320x240 i:P iskey:0 type:P checksum:5817A392 plane_checksum:[954E8A49 F610FF7F AEE519BB] mean:[69 123 133] stdev:[35.3 5.0 9.3]
[Parsed_showinfo_1 @ 0x71486f900] [info] color_range:unknown color_space:unknown color_primaries:unknown color_trc:unknown
[Parsed_showinfo_1 @ 0x71486f900] [info] n: 141 pts:6338700 pts_time:2115.015015 duration:    100 duration_time:0.0333667 fmt:yuv420p cl:left sar:1/1 s:320x240 i:P iskey:0 type:P checksum:08B2F551 plane_checksum:[882763E7 D10912F4 17DE7E76] mean:[46 127 131] stdev:[29.2 6.2 8.0]
[Parsed_showinfo_1 @ 0x71486f900] [info] color_range:unknown color_space:unknown color_primaries:unknown color_trc:unknown
[Parsed_showinfo_1 @ 0x71486f900] [info] n: 142 pts:6383700 pts_time:2130.03003 duration:    100 duration_time:0.0333667 fmt:yuv420p cl:left sar:1/1 s:320x240 i:P iskey:0 type:P checksum:1FE0D192 plane_checksum:[7BE14623 E2451287 F89578E8] mean:[46 127 131] stdev:[29.2 6.1 7.9]
[Parsed_showinfo_1 @ 0x71486f900] [info] color_range:unknown color_space:unknown color_primaries:unknown color_trc:unknown
[Parsed_showinfo_1 @ 0x71486f900] [info] n: 143 pts:6428600 pts_time:2145.011678 duration:    100 duration_time:0.0333667 fmt:yuv420p cl:left sar:1/1 s:320x240 i:P iskey:0 type:P checksum:D681F41C plane_checksum:[3F4959DD 4D4C2165 8C2078DA] mean:[46 127 131] stdev:[29.1 6.1 7.9]
[Parsed_showinfo_1 @ 0x71486f900] [info] color_range:unknown color_space:unknown color_primaries:unknown color_trc:unknown
[Parsed_showinfo_1 @ 0x71486f900] [info] n: 144 pts:6473600 pts_time:2160.026693 duration:    100 duration_time:0.0333667 fmt:yuv420p cl:left sar:1/1 s:320x240 i:P iskey:0 type:P checksum:9BD415AF plane_checksum:[4954121D EA9862B1 3DD2A0D2] mean:[67 124 132] stdev:[37.0 6.2 10.8]
[Parsed_showinfo_1 @ 0x71486f900] [info] color_range:unknown color_space:unknown color_primaries:unknown color_trc:unknown
[Parsed_showinfo_1 @ 0x71486f900] [info] n: 145 pts:6518500 pts_time:2175.008342 duration:    100 duration_time:0.0333667 fmt:yuv420p cl:left sar:1/1 s:320x240 i:P iskey:0 type:P checksum:28C6A5DC plane_checksum:[8FA75A29 905F3964 A1CA124F] mean:[108 113 140] stdev:[50.0 15.7 8.2]
[Parsed_showinfo_1 @ 0x71486f900] [info] color_range:unknown color_space:unknown color_primaries:unknown color_trc:unknown
[Parsed_showinfo_1 @ 0x71486f900] [info] n: 146 pts:6563500 pts_time:2190.023357 duration:    100 duration_time:0.0333667 fmt:yuv420p cl:left sar:1/1 s:320x240 i:P iskey:0 type:P checksum:CA8491B2 plane_checksum:[531B1D16 BF176FBA 6B7C04E2] mean:[72 124 133] stdev:[40.2 7.7 11.3]
[Parsed_showinfo_1 @ 0x71486f900] [info] color_range:unknown color_space:unknown color_primaries:unknown color_trc:unknown
[Parsed_showinfo_1 @ 0x71486f900] [info] n: 147 pts:6608400 pts_time:2205.005005 duration:    100 duration_time:0.0333667 fmt:yuv420p cl:left sar:1/1 s:320x240 i:P iskey:1 type:I checksum:1FDF6A14 plane_checksum:[667FF6B5 D33A6CDA A2C40676] mean:[72 124 133] stdev:[40.1 7.5 11.3]
[Parsed_showinfo_1 @ 0x71486f900] [info] color_range:unknown color_space:unknown color_primaries:unknown color_trc:unknown
[Parsed_showinfo_1 @ 0x71486f900] [info] n: 148 pts:6653400 pts_time:2220.02002 duration:    100 duration_time:0.0333667 fmt:yuv420p cl:left sar:1/1 s:320x240 i:P iskey:0 type:P checksum:D9552E14 plane_checksum:[C015A358 DBA57167 F2131946] mean:[139 135 116] stdev:[60.8 11.0 15.8]
[Parsed_showinfo_1 @ 0x71486f900] [info] color_range:unknown color_space:unknown color_primaries:unknown color_trc:unknown
[Parsed_showinfo_1 @ 0x71486f900] [info] n: 149 pts:6698300 pts_time:2235.001668 duration:    100 duration_time:0.0333667 fmt:yuv420p cl:left sar:1/1 s:320x240 i:P iskey:0 type:P checksum:9D192B89 plane_checksum:[96B5E334 6C81FB42 AE0D4CF5] mean:[129 133 117] stdev:[62.9 8.7 12.3]
[Parsed_showinfo_1 @ 0x71486f900] [info] color_range:unknown color_space:unknown color_primaries:unknown color_trc:unknown
[Parsed_showinfo_1 @ 0x71486f900] [info] n: 150 pts:6743300 pts_time:2250.016683 duration:    100 duration_time:0.0333667 fmt:yuv420p cl:left sar:1/1 s:320x240 i:P iskey:0 type:P checksum:7EAA54CF plane_checksum:[8AF46E06 41091B78 C6A6CB42] mean:[137 130 119] stdev:[60.0 6.1 12.4]
[Parsed_showinfo_1 @ 0x71486f900] [info] color_range:unknown color_space:unknown color_primaries:unknown color_trc:unknown
[Parsed_showinfo_1 @ 0x71486f900] [info] n: 151 pts:6788300 pts_time:2265.031698 duration:    100 duration_time:0.0333667 fmt:yuv420p cl:left sar:1/1 s:320x240 i:P iskey:0 type:P checksum:D4DB11E9 plane_checksum:[D517C5BF 22251C32 07472FE9] mean:[93 133 127] stdev:[41.2 8.2 8.6]
[Parsed_showinfo_1 @ 0x71486f900] [info] color_range:unknown color_space:unknown color_primaries:unknown color_trc:unknown
[Parsed_showinfo_1 @ 0x71486f900] [info] n: 152 pts:6833200 pts_time:2280.013347 duration:    100 duration_time:0.0333667 fmt:yuv420p cl:left sar:1/1 s:320x240 i:P iskey:0 type:P checksum:08F10537 plane_checksum:[8A24D884 141ED82A 9F0D546B] mean:[89 136 124] stdev:[33.1 7.6 9.4]
[Parsed_showinfo_1 @ 0x71486f900] [info] color_range:unknown color_space:unknown color_primaries:unknown color_trc:unknown
[Parsed_showinfo_1 @ 0x71486f900] [info] n: 153 pts:6878200 pts_time:2295.028362 duration:    100 duration_time:0.0333667 fmt:yuv420p cl:left sar:1/1 s:320x240 i:P iskey:0 type:P checksum:B0422077 plane_checksum:[7C1A3D16 F4A33A07 3664A94B] mean:[75 127 129] stdev:[41.9 6.0 8.5]
[Parsed_showinfo_1 @ 0x71486f900] [info] color_range:unknown color_space:unknown color_primaries:unknown color_trc:unknown
[Parsed_showinfo_1 @ 0x71486f900] [info] n: 154 pts:6923100 pts_time:2310.01001 duration:    100 duration_time:0.0333667 fmt:yuv420p cl:left sar:1/1 s:320x240 i:P iskey:0 type:P checksum:F06EBA36 plane_checksum:[FC24DEC2 DCB04F33 781E8C32] mean:[70 131 128] stdev:[37.0 7.9 9.4]
[Parsed_showinfo_1 @ 0x71486f900] [info] color_range:unknown color_space:unknown color_primaries:unknown color_trc:unknown
[Parsed_showinfo_1 @ 0x71486f900] [info] n: 155 pts:6968100 pts_time:2325.025025 duration:    100 duration_time:0.0333667 fmt:yuv420p cl:left sar:1/1 s:320x240 i:P iskey:0 type:P checksum:CCAF5B0F plane_checksum:[D8109B64 05F26B13 98F05489] mean:[100 121 134] stdev:[49.3 10.1 10.3]
[Parsed_showinfo_1 @ 0x71486f900] [info] color_range:unknown color_space:unknown color_primaries:unknown color_trc:unknown
[Parsed_showinfo_1 @ 0x71486f900] [info] n: 156 pts:7013000 pts_time:2340.006673 duration:    100 duration_time:0.0333667 fmt:yuv420p cl:left sar:1/1 s:320x240 i:P iskey:0 type:P checksum:1634DB95 plane_checksum:[A37A7BFF 43BF9079 94CECF0E] mean:[100 128 129] stdev:[51.7 9.8 10.1]
[Parsed_showinfo_1 @ 0x71486f900] [info] color_range:unknown color_space:unknown color_primaries:unknown color_trc:unknown
[Parsed_showinfo_1 @ 0x71486f900] [info] n: 157 pts:7058000 pts_time:2355.021688 duration:    100 duration_time:0.0333667 fmt:yuv420p cl:left sar:1/1 s:320x240 i:P iskey:0 type:P checksum:2EA17D84 plane_checksum:[EDCCF98B 50CB3109 71AA52E1] mean:[106 127 131] stdev:[50.1 7.4 8.8]
[Parsed_showinfo_1 @ 0x71486f900] [info] color_range:unknown color_space:unknown color_primaries:unknown color_trc:unknown
[Parsed_showinfo_1 @ 0x71486f900] [info] n: 158 pts:7102900 pts_time:2370.003337 duration:    100 duration_time:0.0333667 fmt:yuv420p cl:left sar:1/1 s:320x240 i:P iskey:0 type:P checksum:86D883C7 plane_checksum:[0A534141 CF14802D F750C24A] mean:[78 131 115] stdev:[35.2 6.4 13.9]
[Parsed_showinfo_1 @ 0x71486f900] [info] color_range:unknown color_space:unknown color_primaries:unknown color_trc:unknown
[Parsed_showinfo_1 @ 0x71486f900] [info] n: 159 pts:7147900 pts_time:2385.018352 duration:    100 duration_time:0.0333667 fmt:yuv420p cl:left sar:1/1 s:320x240 i:P iskey:0 type:P checksum:66AFCDA0 plane_checksum:[524956B1 816EBA1B C7C1BCC5] mean:[101 129 129] stdev:[37.9 5.7 7.5]
[Parsed_showinfo_1 @ 0x71486f900] [info] color_range:unknown color_space:unknown color_primaries:unknown color_trc:unknown
[Parsed_showinfo_1 @ 0x71486f900] [info] n: 160 pts:7192800 pts_time:2400    duration:    100 duration_time:0.0333667 fmt:yuv420p cl:left sar:1/1 s:320x240 i:P iskey:1 type:I checksum:EE2198B4 plane_checksum:[27010B76 D43F8DEA 6C4FFF45] mean:[104 118 136] stdev:[49.3 7.0 6.9]
[Parsed_showinfo_1 @ 0x71486f900] [info] color_range:unknown color_space:unknown color_primaries:unknown color_trc:unknown
[Parsed_showinfo_1 @ 0x71486f900] [info] n: 161 pts:7237800 pts_time:2415.015015 duration:    100 duration_time:0.0333667 fmt:yuv420p cl:left sar:1/1 s:320x240 i:P iskey:0 type:P checksum:1945144A plane_checksum:[7EA10561 0CEFB685 6F195855] mean:[68 125 127] stdev:[31.1 5.0 8.3]
[Parsed_showinfo_1 @ 0x71486f900] [info] color_range:unknown color_space:unknown color_primaries:unknown color_trc:unknown
[Parsed_showinfo_1 @ 0x71486f900] [info] n: 162 pts:7282800 pts_time:2430.03003 duration:    100 duration_time:0.0333667 fmt:yuv420p cl:left sar:1/1 s:320x240 i:P iskey:1 type:I checksum:35D48F2C plane_checksum:[3C8CD4F1 1BF57DB3 BDC63C79] mean:[97 128 134] stdev:[50.4 9.8 8.9]
[Parsed_showinfo_1 @ 0x71486f900] [info] color_range:unknown color_space:unknown color_primaries:unknown color_trc:unknown
[Parsed_showinfo_1 @ 0x71486f900] [info] n: 163 pts:7327700 pts_time:2445.011678 duration:    100 duration_time:0.0333667 fmt:yuv420p cl:left sar:1/1 s:320x240 i:P iskey:0 type:P checksum:59B68C05 plane_checksum:[97501042 7C4C26ED F0FB54D6] mean:[108 144 121] stdev:[42.3 11.5 10.6]
[Parsed_showinfo_1 @ 0x71486f900] [info] color_range:unknown color_space:unknown color_primaries:unknown color_trc:unknown
[Parsed_showinfo_1 @ 0x71486f900] [info] n: 164 pts:7372700 pts_time:2460.026693 duration:    100 duration_time:0.0333667 fmt:yuv420p cl:left sar:1/1 s:320x240 i:P iskey:0 type:P checksum:60E2E2C6 plane_checksum:[5962D523 116013BF D694F9D5] mean:[87 127 126] stdev:[37.0 6.5 9.1]
[Parsed_showinfo_1 @ 0x71486f900] [info] color_range:unknown color_space:unknown color_primaries:unknown color_trc:unknown
[Parsed_showinfo_1 @ 0x71486f900] [info] n: 165 pts:7417600 pts_time:2475.008342 duration:    100 duration_time:0.0333667 fmt:yuv420p cl:left sar:1/1 s:320x240 i:P iskey:0 type:P checksum:D28D2FD0 plane_checksum:[7751B557 ED502037 8F155A33] mean:[104 120 131] stdev:[44.5 7.9 7.5]
[Parsed_showinfo_1 @ 0x71486f900] [info] color_range:unknown color_space:unknown color_primaries:unknown color_trc:unknown
[Parsed_showinfo_1 @ 0x71486f900] [info] n: 166 pts:7462600 pts_time:2490.023357 duration:    100 duration_time:0.0333667 fmt:yuv420p cl:left sar:1/1 s:320x240 i:P iskey:0 type:P checksum:640E6D10 plane_checksum:[8180F5C2 935C5FDB 64521764] mean:[151 124 130] stdev:[61.5 4.9 7.1]
[Parsed_showinfo_1 @ 0x71486f900] [info] color_range:unknown color_space:unknown color_primaries:unknown color_trc:unknown
[out#0/image2 @ 0x71486c300] [info] video:15101KiB audio:0KiB subtitle:0KiB other streams:0KiB global headers:0KiB muxing overhead: unknown
[info] frame=  167 fps= 52 q=-0.0 Lsize=N/A time=00:00:00.00 bitrate=N/A speed=   0x    
